                                     G D M A
                                 by Anthony Stone

               Distributed Multipoles from Gaussian wavefunctions

                             version 2.3.3 (6b8e81e)
              Compiled with gfortran on 29 May 2025 at 12:54:22

Starting at 10:42:50 on 24 Mar 2026 


Using SCF density matrix from file f4-6-311Gdp.fchk


                         Distributed Multipole Analysis

Standard DMA for products of primitives with exponent greater than 4.00000
Using 80-point Euler-MacLaurin radial quadrature
Using 590-point Lebedev quadrature
Becke smoothing parameter = 3

Positions and radii in angstrom
Multipole moments in atomic units, ea_0^k for rank k

C          x =  1.501855  y = -0.114647  z =  0.645840 angstrom
           Maximum rank =  2   Radius =  0.650 angstrom
                   Q00  =  -0.019652
|Q1| =   0.166762  Q10  =   0.076293  Q11c =  -0.142197  Q11s =   0.042058
|Q2| =   0.176311  Q20  =   0.040111  Q21c =   0.002347  Q21s =   0.024844
                   Q22c =   0.162387  Q22s =  -0.049842

C          x = -0.754833  y =  0.503674  z = -4.267599 angstrom
           Maximum rank =  2   Radius =  0.650 angstrom
                   Q00  =   0.335097
|Q1| =   0.727797  Q10  =   0.065894  Q11c =  -0.651500  Q11s =   0.317639
|Q2| =   0.604233  Q20  =   0.130872  Q21c =   0.059971  Q21s =  -0.069700
                   Q22c =   0.357821  Q22s =  -0.459870

C          x = -0.126661  y = -0.097449  z = -1.630979 angstrom
           Maximum rank =  2   Radius =  0.650 angstrom
                   Q00  =   0.344653
|Q1| =   0.725573  Q10  =   0.267192  Q11c =  -0.671690  Q11s =  -0.062429
|Q2| =   0.616047  Q20  =   0.172844  Q21c =  -0.122607  Q21s =  -0.148939
                   Q22c =   0.557536  Q22s =   0.039716

H          x =  1.702219  y = -1.141152  z = -1.254505 angstrom
           Maximum rank =  2   Radius =  0.350 angstrom
                   Q00  =   0.053685
|Q1| =   0.154940  Q10  =   0.065923  Q11c =  -0.099784  Q11s =   0.098508
|Q2| =   0.099933  Q20  =  -0.020280  Q21c =   0.069083  Q21s =   0.044343
                   Q22c =  -0.035502  Q22s =  -0.039700

H          x =  1.911376  y =  0.583439  z = -1.334278 angstrom
           Maximum rank =  2   Radius =  0.350 angstrom
                   Q00  =   0.052006
|Q1| =   0.153922  Q10  =   0.071256  Q11c =  -0.118468  Q11s =  -0.067676
|Q2| =   0.102406  Q20  =   0.026370  Q21c =   0.040552  Q21s =  -0.048296
                   Q22c =  -0.022267  Q22s =   0.072930

C          x =  3.649807  y = -0.950246  z =  2.193682 angstrom
           Maximum rank =  2   Radius =  0.650 angstrom
                   Q00  =  -0.059672
|Q1| =   0.141275  Q10  =   0.107544  Q11c =  -0.087169  Q11s =  -0.028187
|Q2| =   0.167510  Q20  =   0.153863  Q21c =  -0.028490  Q21s =  -0.059641
                   Q22c =   0.004093  Q22s =   0.000348

H          x =  1.061826  y =  0.815584  z = -3.202151 angstrom
           Maximum rank =  2   Radius =  0.350 angstrom
                   Q00  =   0.055544
|Q1| =   0.158033  Q10  =   0.028534  Q11c =  -0.144955  Q11s =  -0.056109
|Q2| =   0.105592  Q20  =  -0.000607  Q21c =   0.060893  Q21s =  -0.045420
                   Q22c =  -0.015906  Q22s =   0.071593

H          x =  3.610348  y =  0.201547  z =  0.366189 angstrom
           Maximum rank =  2   Radius =  0.350 angstrom
                   Q00  =   0.048188
|Q1| =   0.151126  Q10  =   0.084834  Q11c =  -0.102391  Q11s =  -0.071823
|Q2| =   0.101152  Q20  =  -0.041916  Q21c =   0.025349  Q21s =  -0.083432
                   Q22c =  -0.013134  Q22s =   0.026437

H          x =  0.705755  y = -0.867225  z = -3.458119 angstrom
           Maximum rank =  2   Radius =  0.350 angstrom
                   Q00  =   0.057921
|Q1| =   0.158122  Q10  =   0.057090  Q11c =  -0.107426  Q11s =   0.101009
|Q2| =   0.091547  Q20  =   0.018225  Q21c =   0.008486  Q21s =  -0.010319
                   Q22c =  -0.072358  Q22s =  -0.051326

H          x =  3.141279  y = -1.463827  z =  0.191089 angstrom
           Maximum rank =  2   Radius =  0.350 angstrom
                   Q00  =   0.046465
|Q1| =   0.151121  Q10  =   0.104222  Q11c =  -0.058954  Q11s =   0.092194
|Q2| =   0.114688  Q20  =   0.012556  Q21c =   0.079071  Q21s =   0.050350
                   Q22c =  -0.053860  Q22s =  -0.036159

C          x =  0.491544  y = -0.864765  z =  1.515040 angstrom
           Maximum rank =  2   Radius =  0.650 angstrom
                   Q00  =   0.021170
|Q1| =   0.206278  Q10  =  -0.108351  Q11c =  -0.148027  Q11s =   0.094334
|Q2| =   0.644063  Q20  =  -0.205178  Q21c =  -0.439819  Q21s =   0.023443
                   Q22c =  -0.357476  Q22s =   0.225700

C          x = -2.157646  y = -0.106777  z = -4.250862 angstrom
           Maximum rank =  2   Radius =  0.650 angstrom
                   Q00  =   0.754664
|Q1| =   0.640060  Q10  =   0.067208  Q11c =  -0.367162  Q11s =   0.519953
|Q2| =   0.778184  Q20  =  -0.276715  Q21c =   0.131351  Q21s =  -0.088503
                   Q22c =  -0.142877  Q22s =   0.695341

C          x =  3.240073  y = -2.331774  z =  2.708687 angstrom
           Maximum rank =  2   Radius =  0.650 angstrom
                   Q00  =  -0.060630
|Q1| =   0.108884  Q10  =   0.078194  Q11c =  -0.061123  Q11s =   0.044781
|Q2| =   1.168117  Q20  =   0.228870  Q21c =  -0.563561  Q21s =   0.141213
                   Q22c =  -0.965352  Q22s =   0.206562

C          x = -0.940903  y = -1.377952  z = -1.426403 angstrom
           Maximum rank =  2   Radius =  0.650 angstrom
                   Q00  =   0.630941
|Q1| =   0.706131  Q10  =   0.271433  Q11c =  -0.534030  Q11s =   0.373840
|Q2| =   0.804557  Q20  =  -0.432524  Q21c =  -0.030952  Q21s =   0.092371
                   Q22c =  -0.651256  Q22s =   0.163125

C          x =  2.779599  y = -2.256483  z =  4.033260 angstrom
           Maximum rank =  2   Radius =  0.650 angstrom
                   Q00  =  -0.036125
|Q1| =   0.116226  Q10  =  -0.102261  Q11c =   0.031533  Q11s =   0.045354
|Q2| =   1.213160  Q20  =   0.264910  Q21c =  -0.548816  Q21s =  -0.035918
                   Q22c =  -1.001518  Q22s =   0.309922

C          x = -2.186143  y = -1.093500  z = -0.846619 angstrom
           Maximum rank =  2   Radius =  0.650 angstrom
                   Q00  =   0.850105
|Q1| =   0.593007  Q10  =  -0.259881  Q11c =   0.518079  Q11s =  -0.125355
|Q2| =   0.902095  Q20  =  -0.350379  Q21c =   0.147708  Q21s =  -0.078930
                   Q22c =  -0.658428  Q22s =   0.478993

C          x = -3.137296  y =  0.903262  z = -4.255348 angstrom
           Maximum rank =  2   Radius =  0.650 angstrom
                   Q00  =   0.751420
|Q1| =   0.652144  Q10  =  -0.003976  Q11c =   0.525859  Q11s =  -0.385679
|Q2| =   0.833421  Q20  =  -0.371532  Q21c =   0.030302  Q21s =   0.039694
                   Q22c =   0.118511  Q22s =   0.734857

C          x = -0.164082  y =  0.023834  z =  2.387577 angstrom
           Maximum rank =  2   Radius =  0.650 angstrom
                   Q00  =  -0.002271
|Q1| =   0.169431  Q10  =  -0.167897  Q11c =   0.018572  Q11s =  -0.013125
|Q2| =   0.910553  Q20  =  -0.154192  Q21c =  -0.776369  Q21s =   0.004510
                   Q22c =  -0.342646  Q22s =   0.291814

C          x =  0.350374  y =  1.376837  z =  2.161875 angstrom
           Maximum rank =  2   Radius =  0.650 angstrom
                   Q00  =  -0.002093
|Q1| =   0.157224  Q10  =  -0.146274  Q11c =  -0.007541  Q11s =  -0.057154
|Q2| =   0.897961  Q20  =  -0.299391  Q21c =  -0.612185  Q21s =   0.287642
                   Q22c =  -0.488212  Q22s =   0.144361

C          x = -2.469753  y =  2.208510  z = -4.255348 angstrom
           Maximum rank =  2   Radius =  0.650 angstrom
                   Q00  =   0.747173
|Q1| =   0.648337  Q10  =   0.004825  Q11c =   0.616135  Q11s =  -0.201731
|Q2| =   0.833673  Q20  =  -0.370515  Q21c =  -0.024477  Q21s =  -0.028819
                   Q22c =  -0.735573  Q22s =   0.123413

C          x = -2.279828  y =  0.353336  z = -0.636583 angstrom
           Maximum rank =  2   Radius =  0.650 angstrom
                   Q00  =   0.981185
|Q1| =   0.728406  Q10  =  -0.221314  Q11c =   0.568298  Q11s =   0.398288
|Q2| =   0.830558  Q20  =  -0.191439  Q21c =   0.021076  Q21s =   0.342528
                   Q22c =  -0.502331  Q22s =  -0.532044

C          x =  2.840373  y = -0.857678  z =  4.467931 angstrom
           Maximum rank =  2   Radius =  0.650 angstrom
                   Q00  =  -0.036861
|Q1| =   0.115584  Q10  =  -0.109551  Q11c =   0.031887  Q11s =   0.018481
|Q2| =   1.217309  Q20  =   0.481925  Q21c =  -0.541515  Q21s =   0.302692
                   Q22c =  -0.902666  Q22s =   0.223433

C          x = -1.090599  y =  0.957284  z = -1.085755 angstrom
           Maximum rank =  2   Radius =  0.650 angstrom
                   Q00  =   0.814523
|Q1| =   0.727936  Q10  =   0.171062  Q11c =  -0.606577  Q11s =  -0.364271
|Q2| =   0.682513  Q20  =  -0.183996  Q21c =  -0.081070  Q21s =   0.215141
                   Q22c =  -0.485215  Q22s =  -0.379048

C          x =  3.334043  y = -0.074810  z =  3.408063 angstrom
           Maximum rank =  2   Radius =  0.650 angstrom
                   Q00  =  -0.056779
|Q1| =   0.088987  Q10  =   0.032203  Q11c =  -0.054313  Q11s =  -0.062704
|Q2| =   1.184120  Q20  =   0.314089  Q21c =  -0.507016  Q21s =   0.226089
                   Q22c =  -0.952942  Q22s =   0.295310

C          x = -1.081166  y =  1.998699  z = -4.255348 angstrom
           Maximum rank =  2   Radius =  0.650 angstrom
                   Q00  =   0.730254
|Q1| =   0.684281  Q10  =   0.007794  Q11c =  -0.684210  Q11s =  -0.006071
|Q2| =   0.862158  Q20  =  -0.382001  Q21c =  -0.010056  Q21s =  -0.043827
                   Q22c =  -0.684072  Q22s =   0.356953

C          x =  1.322948  y =  1.319091  z =  1.152691 angstrom
           Maximum rank =  2   Radius =  0.650 angstrom
                   Q00  =  -0.047681
|Q1| =   0.129935  Q10  =   0.051223  Q11c =  -0.110009  Q11s =  -0.046449
|Q2| =   0.975737  Q20  =  -0.314650  Q21c =  -0.703902  Q21s =   0.150801
                   Q22c =  -0.500909  Q22s =   0.289706

C          x =  1.983046  y =  2.472294  z =  0.750356 angstrom
           Maximum rank =  2   Radius =  0.650 angstrom
                   Q00  =  -0.068197
|Q1| =   0.156691  Q10  =   0.077903  Q11c =  -0.122748  Q11s =  -0.058447
|Q2| =   1.299914  Q20  =  -0.315535  Q21c =  -1.080510  Q21s =   0.223148
                   Q22c =  -0.512958  Q22s =   0.331346

C          x = -0.211156  y =  3.079276  z = -4.312723 angstrom
           Maximum rank =  2   Radius =  0.650 angstrom
                   Q00  =   0.326448
|Q1| =   0.641284  Q10  =  -0.008418  Q11c =  -0.640443  Q11s =   0.031737
|Q2| =   0.899234  Q20  =  -0.784575  Q21c =  -0.100540  Q21s =  -0.058123
                   Q22c =   0.418059  Q22s =  -0.069315

C          x =  3.568402  y =  1.280770  z =  3.598705 angstrom
           Maximum rank =  2   Radius =  0.650 angstrom
                   Q00  =  -0.038043
|Q1| =   0.114731  Q10  =   0.023692  Q11c =  -0.064016  Q11s =  -0.092217
|Q2| =   1.170493  Q20  =   0.416214  Q21c =  -0.518317  Q21s =   0.098310
                   Q22c =  -0.852977  Q22s =   0.436958

C          x = -0.943595  y =  2.335793  z = -1.005355 angstrom
           Maximum rank =  2   Radius =  0.650 angstrom
                   Q00  =   0.261372
|Q1| =   0.511342  Q10  =   0.028141  Q11c =  -0.414307  Q11s =  -0.298377
|Q2| =   0.718500  Q20  =  -0.395474  Q21c =  -0.458550  Q21s =  -0.215923
                   Q22c =  -0.023986  Q22s =   0.319962

C          x =  1.666159  y =  3.689047  z =  1.359435 angstrom
           Maximum rank =  2   Radius =  0.650 angstrom
                   Q00  =  -0.044789
|Q1| =   0.104043  Q10  =   0.013535  Q11c =  -0.050224  Q11s =  -0.090107
|Q2| =   1.279108  Q20  =  -0.321485  Q21c =  -1.026532  Q21s =   0.220502
                   Q22c =  -0.555727  Q22s =   0.348630

C          x = -0.732569  y =  4.374984  z = -4.344852 angstrom
           Maximum rank =  2   Radius =  0.650 angstrom
                   Q00  =   0.341547
|Q1| =   0.604221  Q10  =   0.017083  Q11c =  -0.371934  Q11s =  -0.475875
|Q2| =   0.898778  Q20  =  -0.684864  Q21c =  -0.061086  Q21s =  -0.087078
                   Q22c =  -0.142209  Q22s =   0.554280

C          x = -1.978766  y =  3.104907  z = -0.473438 angstrom
           Maximum rank =  2   Radius =  0.650 angstrom
                   Q00  =   0.194531
|Q1| =   0.447069  Q10  =  -0.100480  Q11c =  -0.022942  Q11s =  -0.435026
|Q2| =   0.906050  Q20  =  -0.594991  Q21c =  -0.429713  Q21s =   0.051613
                   Q22c =  -0.514635  Q22s =   0.121434

C          x =  3.274749  y =  1.858211  z =  4.835368 angstrom
           Maximum rank =  2   Radius =  0.650 angstrom
                   Q00  =  -0.034011
|Q1| =   0.084010  Q10  =  -0.034378  Q11c =  -0.009837  Q11s =  -0.076020
|Q2| =   1.199277  Q20  =   0.384499  Q21c =  -0.510432  Q21s =   0.171026
                   Q22c =  -0.902877  Q22s =   0.430636

C          x = -3.155567  y =  2.501999  z = -0.025502 angstrom
           Maximum rank =  2   Radius =  0.650 angstrom
                   Q00  =   0.247130
|Q1| =   0.504571  Q10  =  -0.190072  Q11c =   0.338035  Q11s =  -0.322795
|Q2| =   0.928863  Q20  =  -0.546724  Q21c =  -0.575766  Q21s =   0.297913
                   Q22c =  -0.035950  Q22s =  -0.377266

C          x =  2.760763  y =  1.084249  z =  5.877528 angstrom
           Maximum rank =  2   Radius =  0.650 angstrom
                   Q00  =  -0.031408
|Q1| =   0.076497  Q10  =  -0.067337  Q11c =   0.014046  Q11s =  -0.033472
|Q2| =   1.225965  Q20  =   0.525725  Q21c =  -0.578535  Q21s =   0.212438
                   Q22c =  -0.855345  Q22s =   0.339344

C          x =  0.695954  y =  3.744854  z =  2.361992 angstrom
           Maximum rank =  2   Radius =  0.650 angstrom
                   Q00  =  -0.036013
|Q1| =   0.100094  Q10  =  -0.042157  Q11c =   0.001939  Q11s =  -0.090762
|Q2| =   1.257611  Q20  =  -0.285855  Q21c =  -1.008976  Q21s =   0.326006
                   Q22c =  -0.572833  Q22s =   0.217767

C          x = -2.113164  y =  4.582758  z = -4.326258 angstrom
           Maximum rank =  2   Radius =  0.650 angstrom
                   Q00  =   0.343378
|Q1| =   0.598469  Q10  =   0.016551  Q11c =   0.213781  Q11s =  -0.558738
|Q2| =   0.897131  Q20  =  -0.683676  Q21c =   0.006762  Q21s =  -0.075693
                   Q22c =  -0.426177  Q22s =  -0.387335

C          x =  0.032065  y =  2.589365  z =  2.769805 angstrom
           Maximum rank =  2   Radius =  0.650 angstrom
                   Q00  =  -0.014954
|Q1| =   0.138875  Q10  =  -0.105375  Q11c =   0.038040  Q11s =  -0.082070
|Q2| =   1.119931  Q20  =  -0.223823  Q21c =  -0.931182  Q21s =   0.280396
                   Q22c =  -0.449222  Q22s =   0.237963

C          x = -2.991081  y =  3.501085  z = -4.285915 angstrom
           Maximum rank =  2   Radius =  0.650 angstrom
                   Q00  =   0.355819
|Q1| =   0.610451  Q10  =   0.001994  Q11c =   0.584801  Q11s =  -0.175083
|Q2| =   0.829751  Q20  =  -0.709607  Q21c =   0.017652  Q21s =  -0.049529
                   Q22c =   0.404495  Q22s =  -0.136246

C          x =  2.545259  y = -0.280731  z =  5.702630 angstrom
           Maximum rank =  2   Radius =  0.650 angstrom
                   Q00  =  -0.021660
|Q1| =   0.107496  Q10  =  -0.101685  Q11c =   0.034716  Q11s =  -0.003211
|Q2| =   1.229620  Q20  =   0.497348  Q21c =  -0.584122  Q21s =   0.078765
                   Q22c =  -0.889453  Q22s =   0.355080

C          x = -3.314533  y =  1.120979  z = -0.104540 angstrom
           Maximum rank =  2   Radius =  0.650 angstrom
                   Q00  =   0.433020
|Q1| =   0.705100  Q10  =  -0.269684  Q11c =   0.635606  Q11s =   0.142975
|Q2| =   0.741745  Q20  =  -0.405019  Q21c =  -0.483800  Q21s =  -0.032617
                   Q22c =   0.268507  Q22s =   0.280931

H          x = -4.229957  y =  0.653241  z =  0.240730 angstrom
           Maximum rank =  2   Radius =  0.350 angstrom
                   Q00  =   0.076670
|Q1| =   0.131160  Q10  =  -0.052769  Q11c =   0.117003  Q11s =   0.026992
|Q2| =   0.120642  Q20  =  -0.066971  Q21c =  -0.066442  Q21s =  -0.014123
                   Q22c =   0.027788  Q22s =   0.068433

H          x =  2.162584  y = -0.883509  z =  6.519043 angstrom
           Maximum rank =  2   Radius =  0.350 angstrom
                   Q00  =   0.047621
|Q1| =   0.117448  Q10  =  -0.101803  Q11c =   0.031834  Q11s =   0.049160
|Q2| =   0.168386  Q20  =   0.061643  Q21c =  -0.089570  Q21s =  -0.073462
                   Q22c =  -0.081777  Q22s =   0.066685

H          x = -0.719172  y =  2.638375  z =  3.550075 angstrom
           Maximum rank =  2   Radius =  0.350 angstrom
                   Q00  =   0.060490
|Q1| =   0.118104  Q10  =  -0.089743  Q11c =   0.071619  Q11s =  -0.027666
|Q2| =   0.129889  Q20  =   0.017589  Q21c =  -0.124865  Q21s =   0.010018
                   Q22c =   0.026936  Q22s =   0.012017

H          x = -4.062643  y =  3.667941  z = -4.280492 angstrom
           Maximum rank =  2   Radius =  0.350 angstrom
                   Q00  =   0.070835
|Q1| =   0.128234  Q10  =   0.011950  Q11c =   0.119422  Q11s =  -0.045163
|Q2| =   0.137728  Q20  =  -0.109903  Q21c =  -0.005925  Q21s =  -0.004591
                   Q22c =   0.081102  Q22s =  -0.016021

H          x =  0.457934  y =  4.695391  z =  2.826690 angstrom
           Maximum rank =  2   Radius =  0.350 angstrom
                   Q00  =   0.042845
|Q1| =   0.116239  Q10  =  -0.050099  Q11c =   0.019314  Q11s =  -0.103095
|Q2| =   0.164400  Q20  =  -0.039991  Q21c =  -0.062575  Q21s =   0.097237
                   Q22c =  -0.103427  Q22s =  -0.036882

H          x = -2.504549  y =  5.593790  z = -4.350610 angstrom
           Maximum rank =  2   Radius =  0.350 angstrom
                   Q00  =   0.053975
|Q1| =   0.124364  Q10  =   0.009732  Q11c =   0.042026  Q11s =  -0.116643
|Q2| =   0.166255  Q20  =  -0.118432  Q21c =  -0.001334  Q21s =  -0.006947
                   Q22c =  -0.085522  Q22s =  -0.079061

H          x =  2.535960  y =  1.548002  z =  6.831736 angstrom
           Maximum rank =  2   Radius =  0.350 angstrom
                   Q00  =   0.037211
|Q1| =   0.115103  Q10  =  -0.103767  Q11c =   0.015662  Q11s =  -0.047285
|Q2| =   0.186316  Q20  =   0.118646  Q21c =  -0.078857  Q21s =   0.097825
                   Q22c =  -0.069574  Q22s =  -0.002887

H          x = -3.951025  y =  3.114212  z =  0.385385 angstrom
           Maximum rank =  2   Radius =  0.350 angstrom
                   Q00  =   0.055364
|Q1| =   0.124548  Q10  =  -0.050064  Q11c =   0.089772  Q11s =  -0.070334
|Q2| =   0.147866  Q20  =  -0.066154  Q21c =  -0.084922  Q21s =   0.051500
                   Q22c =   0.015546  Q22s =  -0.085921

H          x =  2.175685  y =  4.595563  z =  1.051290 angstrom
           Maximum rank =  2   Radius =  0.350 angstrom
                   Q00  =   0.042158
|Q1| =   0.117003  Q10  =   0.025079  Q11c =  -0.056784  Q11s =  -0.099178
|Q2| =   0.163137  Q20  =  -0.055775  Q21c =  -0.072082  Q21s =  -0.046405
                   Q22c =  -0.076526  Q22s =   0.101476

H          x = -0.060891  y =  5.225288  z = -4.388081 angstrom
           Maximum rank =  2   Radius =  0.350 angstrom
                   Q00  =   0.053805
|Q1| =   0.124861  Q10  =   0.012707  Q11c =  -0.073730  Q11s =  -0.099963
|Q2| =   0.163998  Q20  =  -0.116805  Q21c =  -0.001674  Q21s =  -0.011689
                   Q22c =  -0.024660  Q22s =   0.111823

H          x = -1.865359  y =  4.180646  z = -0.408808 angstrom
           Maximum rank =  2   Radius =  0.350 angstrom
                   Q00  =   0.071020
|Q1| =   0.120456  Q10  =  -0.026919  Q11c =   0.003994  Q11s =  -0.117342
|Q2| =   0.116183  Q20  =  -0.052024  Q21c =  -0.009827  Q21s =  -0.000778
                   Q22c =  -0.098224  Q22s =   0.032356

H          x =  3.443929  y =  2.918496  z =  4.984806 angstrom
           Maximum rank =  2   Radius =  0.350 angstrom
                   Q00  =   0.044664
|Q1| =   0.115380  Q10  =  -0.033997  Q11c =  -0.034195  Q11s =  -0.104821
|Q2| =   0.169040  Q20  =  -0.035517  Q21c =  -0.011068  Q21s =   0.023070
                   Q22c =  -0.156620  Q22s =   0.046136

H          x =  2.739184  y =  2.443244  z = -0.028635 angstrom
           Maximum rank =  2   Radius =  0.350 angstrom
                   Q00  =   0.057607
|Q1| =   0.123876  Q10  =   0.076293  Q11c =  -0.094708  Q11s =  -0.023559
|Q2| =   0.119265  Q20  =   0.026030  Q21c =  -0.112710  Q21s =   0.023476
                   Q22c =   0.016035  Q22s =  -0.005904

H          x =  0.864169  y =  2.931515  z = -4.332689 angstrom
           Maximum rank =  2   Radius =  0.350 angstrom
                   Q00  =   0.067884
|Q1| =   0.132606  Q10  =   0.019383  Q11c =  -0.130945  Q11s =  -0.007885
|Q2| =   0.129776  Q20  =  -0.099823  Q21c =   0.009728  Q21s =  -0.017012
                   Q22c =   0.073771  Q22s =  -0.032418

H          x = -0.039956  y =  2.822251  z = -1.347055 angstrom
           Maximum rank =  2   Radius =  0.350 angstrom
                   Q00  =   0.104035
|Q1| =   0.113967  Q10  =   0.011488  Q11c =  -0.096177  Q11s =  -0.060053
|Q2| =   0.079851  Q20  =   0.009475  Q21c =  -0.006192  Q21s =  -0.050556
                   Q22c =   0.033482  Q22s =   0.050706

H          x =  3.962495  y =  1.896950  z =  2.799801 angstrom
           Maximum rank =  2   Radius =  0.350 angstrom
                   Q00  =   0.067368
|Q1| =   0.116773  Q10  =   0.049230  Q11c =  -0.083308  Q11s =  -0.065361
|Q2| =   0.140759  Q20  =   0.071346  Q21c =  -0.031155  Q21s =  -0.097560
                   Q22c =  -0.061390  Q22s =   0.021578

C          x = -4.492938  y =  0.580846  z = -4.307546 angstrom
           Maximum rank =  2   Radius =  0.650 angstrom
                   Q00  =   0.353426
|Q1| =   0.610647  Q10  =   0.003998  Q11c =   0.481563  Q11s =  -0.375461
|Q2| =   0.831459  Q20  =  -0.710290  Q21c =   0.057453  Q21s =   0.017243
                   Q22c =  -0.004654  Q22s =  -0.428008

C          x = -1.125790  y = -0.435774  z =  3.285818 angstrom
           Maximum rank =  2   Radius =  0.650 angstrom
                   Q00  =  -0.017741
|Q1| =   0.142580  Q10  =  -0.117281  Q11c =   0.080607  Q11s =  -0.008758
|Q2| =   1.180166  Q20  =  -0.185035  Q21c =  -1.016144  Q21s =   0.189981
                   Q22c =  -0.502660  Q22s =   0.192994

C          x =  2.391657  y = -3.408860  z =  4.715163 angstrom
           Maximum rank =  2   Radius =  0.650 angstrom
                   Q00  =  -0.020133
|Q1| =   0.106494  Q10  =  -0.081084  Q11c =   0.037137  Q11s =   0.058200
|Q2| =   1.213075  Q20  =   0.458038  Q21c =  -0.632432  Q21s =   0.041283
                   Q22c =  -0.901973  Q22s =   0.215690

C          x = -3.092153  y = -2.117118  z = -0.577415 angstrom
           Maximum rank =  2   Radius =  0.650 angstrom
                   Q00  =   0.598075
|Q1| =   0.826474  Q10  =  -0.348121  Q11c =   0.744049  Q11s =  -0.090898
|Q2| =   0.622149  Q20  =  -0.216079  Q21c =  -0.414089  Q21s =   0.077925
                   Q22c =   0.357588  Q22s =  -0.186997

C          x = -4.864925  y = -0.760007  z = -4.370336 angstrom
           Maximum rank =  2   Radius =  0.650 angstrom
                   Q00  =   0.345196
|Q1| =   0.599788  Q10  =   0.034444  Q11c =   0.581470  Q11s =   0.143013
|Q2| =   0.879078  Q20  =  -0.666168  Q21c =   0.093013  Q21s =   0.033497
                   Q22c =   0.497930  Q22s =   0.267004

C          x = -1.428851  y = -1.794561  z =  3.310014 angstrom
           Maximum rank =  2   Radius =  0.650 angstrom
                   Q00  =  -0.024828
|Q1| =   0.107766  Q10  =  -0.081645  Q11c =   0.062905  Q11s =   0.031473
|Q2| =   1.192760  Q20  =  -0.176703  Q21c =  -1.043819  Q21s =   0.150156
                   Q22c =  -0.460022  Q22s =   0.260243

C          x =  2.476727  y = -4.639014  z =  4.065652 angstrom
           Maximum rank =  2   Radius =  0.650 angstrom
                   Q00  =  -0.034407
|Q1| =   0.076246  Q10  =  -0.027793  Q11c =   0.025901  Q11s =   0.066107
|Q2| =   1.244446  Q20  =   0.357963  Q21c =  -0.655648  Q21s =  -0.041006
                   Q22c =  -0.968758  Q22s =   0.224634

C          x = -2.744064  y = -3.428748  z = -0.894711 angstrom
           Maximum rank =  2   Radius =  0.650 angstrom
                   Q00  =   0.434465
|Q1| =   0.693358  Q10  =  -0.091367  Q11c =   0.370335  Q11s =   0.579007
|Q2| =   0.814502  Q20  =  -0.486060  Q21c =  -0.239115  Q21s =  -0.103207
                   Q22c =  -0.221900  Q22s =   0.556858

C          x = -3.893873  y = -1.762947  z = -4.391956 angstrom
           Maximum rank =  2   Radius =  0.650 angstrom
                   Q00  =   0.356777
|Q1| =   0.601811  Q10  =   0.067805  Q11c =   0.199801  Q11s =   0.563612
|Q2| =   0.819589  Q20  =  -0.599153  Q21c =   0.126300  Q21s =   0.032544
                   Q22c =  -0.476859  Q22s =   0.261413

C          x = -0.777917  y = -2.679477  z =  2.448497 angstrom
           Maximum rank =  2   Radius =  0.650 angstrom
                   Q00  =  -0.006142
|Q1| =   0.158674  Q10  =  -0.122480  Q11c =  -0.006723  Q11s =   0.100652
|Q2| =   0.941309  Q20  =  -0.111245  Q21c =  -0.748707  Q21s =   0.174332
                   Q22c =  -0.469608  Q22s =   0.249403

C          x =  2.951713  y = -4.717348  z =  2.754999 angstrom
           Maximum rank =  2   Radius =  0.650 angstrom
                   Q00  =  -0.038095
|Q1| =   0.081714  Q10  =   0.031369  Q11c =   0.009396  Q11s =   0.074866
|Q2| =   1.248759  Q20  =   0.323526  Q21c =  -0.668362  Q21s =   0.137217
                   Q22c =  -0.985450  Q22s =   0.134464

C          x = -1.506109  y = -3.713648  z = -1.474222 angstrom
           Maximum rank =  2   Radius =  0.650 angstrom
                   Q00  =   0.233734
|Q1| =   0.509019  Q10  =   0.129163  Q11c =  -0.167710  Q11s =   0.462916
|Q2| =   0.985531  Q20  =  -0.656036  Q21c =  -0.431509  Q21s =   0.329825
                   Q22c =  -0.445400  Q22s =  -0.217998

C          x =  3.338853  y = -3.561726  z =  2.072045 angstrom
           Maximum rank =  2   Radius =  0.650 angstrom
                   Q00  =  -0.053107
|Q1| =   0.124055  Q10  =   0.108194  Q11c =  -0.017601  Q11s =   0.058085
|Q2| =   1.297025  Q20  =   0.374005  Q21c =  -0.772898  Q21s =   0.134811
                   Q22c =  -0.952587  Q22s =   0.139383

C          x = -0.598598  y = -2.685818  z = -1.742305 angstrom
           Maximum rank =  2   Radius =  0.650 angstrom
                   Q00  =   0.151263
|Q1| =   0.491490  Q10  =   0.197448  Q11c =  -0.414192  Q11s =   0.176129
|Q2| =   1.121509  Q20  =  -0.756912  Q21c =  -0.785038  Q21s =   0.236441
                   Q22c =   0.068628  Q22s =  -0.089261

C          x = -2.536742  y = -1.440041  z = -4.337820 angstrom
           Maximum rank =  2   Radius =  0.650 angstrom
                   Q00  =   0.371340
|Q1| =   0.597741  Q10  =   0.124271  Q11c =  -0.371637  Q11s =   0.451372
|Q2| =   0.708542  Q20  =  -0.508744  Q21c =   0.144735  Q21s =  -0.121722
                   Q22c =  -0.113723  Q22s =  -0.441037

C          x =  0.184111  y = -2.218519  z =  1.549568 angstrom
           Maximum rank =  2   Radius =  0.650 angstrom
                   Q00  =   0.013144
|Q1| =   0.192993  Q10  =  -0.073495  Q11c =  -0.130803  Q11s =   0.121389
|Q2| =   0.696895  Q20  =  -0.171731  Q21c =  -0.520617  Q21s =   0.196295
                   Q22c =  -0.317207  Q22s =   0.214425

H          x =  3.711102  y = -3.637162  z =  1.055041 angstrom
           Maximum rank =  2   Radius =  0.350 angstrom
                   Q00  =   0.051320
|Q1| =   0.121931  Q10  =   0.102449  Q11c =  -0.056017  Q11s =   0.035122
|Q2| =   0.146113  Q20  =   0.112924  Q21c =  -0.081661  Q21s =  -0.002680
                   Q22c =  -0.043752  Q22s =   0.002701

H          x =  0.361115  y = -2.921518  z = -2.192653 angstrom
           Maximum rank =  2   Radius =  0.350 angstrom
                   Q00  =   0.067053
|Q1| =   0.130776  Q10  =   0.055176  Q11c =  -0.104390  Q11s =   0.056220
|Q2| =   0.113002  Q20  =  -0.053703  Q21c =  -0.078719  Q21s =   0.011126
                   Q22c =   0.057999  Q22s =  -0.014182

H          x =  0.677137  y = -2.920475  z =  0.890669 angstrom
           Maximum rank =  2   Radius =  0.350 angstrom
                   Q00  =   0.093125
|Q1| =   0.108272  Q10  =   0.043494  Q11c =  -0.056465  Q11s =   0.081504
|Q2| =   0.082173  Q20  =   0.019655  Q21c =   0.004038  Q21s =   0.063306
                   Q22c =   0.003685  Q22s =  -0.048256

H          x = -1.796917  y = -2.231062  z = -4.351186 angstrom
           Maximum rank =  2   Radius =  0.350 angstrom
                   Q00  =   0.094780
|Q1| =   0.131955  Q10  =   0.065234  Q11c =  -0.068565  Q11s =   0.091954
|Q2| =   0.117581  Q20  =  -0.048646  Q21c =   0.037117  Q21s =  -0.053354
                   Q22c =  -0.013720  Q22s =  -0.083942

H          x = -4.194944  y = -2.802897  z = -4.446909 angstrom
           Maximum rank =  2   Radius =  0.350 angstrom
                   Q00  =   0.065647
|Q1| =   0.126099  Q10  =   0.033676  Q11c =   0.048474  Q11s =   0.111433
|Q2| =   0.143368  Q20  =  -0.093240  Q21c =   0.024311  Q21s =  -0.008644
                   Q22c =  -0.095011  Q22s =   0.046561

H          x = -1.019983  y = -3.735365  z =  2.476036 angstrom
           Maximum rank =  2   Radius =  0.350 angstrom
                   Q00  =   0.063415
|Q1| =   0.115975  Q10  =  -0.029855  Q11c =   0.030046  Q11s =   0.107963
|Q2| =   0.119865  Q20  =  -0.050199  Q21c =  -0.000487  Q21s =   0.008784
                   Q22c =  -0.099646  Q22s =   0.042906

H          x =  3.023761  y = -5.682326  z =  2.265445 angstrom
           Maximum rank =  2   Radius =  0.350 angstrom
                   Q00  =   0.038151
|Q1| =   0.115171  Q10  =   0.043987  Q11c =  -0.016106  Q11s =   0.105214
|Q2| =   0.181714  Q20  =  -0.000615  Q21c =  -0.039241  Q21s =   0.100527
                   Q22c =  -0.146112  Q22s =  -0.005039

H          x = -1.247426  y = -4.738693  z = -1.716522 angstrom
           Maximum rank =  2   Radius =  0.350 angstrom
                   Q00  =   0.053372
|Q1| =   0.124096  Q10  =   0.028541  Q11c =  -0.027051  Q11s =   0.117701
|Q2| =   0.153355  Q20  =  -0.087438  Q21c =  -0.036854  Q21s =   0.054129
                   Q22c =  -0.095591  Q22s =  -0.049461

H          x = -5.915202  y = -1.027155  z = -4.411149 angstrom
           Maximum rank =  2   Radius =  0.350 angstrom
                   Q00  =   0.054899
|Q1| =   0.125223  Q10  =   0.013835  Q11c =   0.120764  Q11s =   0.030092
|Q2| =   0.162484  Q20  =  -0.116701  Q21c =   0.010559  Q21s =   0.001026
                   Q22c =   0.098648  Q22s =   0.054203

H          x = -2.174363  y = -2.169011  z =  4.003112 angstrom
           Maximum rank =  2   Radius =  0.350 angstrom
                   Q00  =   0.044237
|Q1| =   0.117678  Q10  =  -0.079645  Q11c =   0.077475  Q11s =   0.038763
|Q2| =   0.157668  Q20  =   0.005360  Q21c =  -0.137572  Q21s =  -0.039885
                   Q22c =   0.018241  Q22s =   0.063095

H          x =  2.178631  y = -5.543737  z =  4.583893 angstrom
           Maximum rank =  2   Radius =  0.350 angstrom
                   Q00  =   0.037545
|Q1| =   0.114514  Q10  =  -0.055717  Q11c =   0.022862  Q11s =   0.097398
|Q2| =   0.186588  Q20  =  -0.000185  Q21c =  -0.070498  Q21s =  -0.094527
                   Q22c =  -0.127170  Q22s =   0.068831

H          x = -3.439779  y = -4.235212  z = -0.690471 angstrom
           Maximum rank =  2   Radius =  0.350 angstrom
                   Q00  =   0.060704
|Q1| =   0.127416  Q10  =  -0.021421  Q11c =   0.075804  Q11s =   0.100148
|Q2| =   0.148855  Q20  =  -0.084824  Q21c =  -0.047983  Q21s =  -0.026346
                   Q22c =  -0.020133  Q22s =   0.107522

H          x = -5.248334  y =  1.359105  z = -4.308720 angstrom
           Maximum rank =  2   Radius =  0.350 angstrom
                   Q00  =   0.069372
|Q1| =   0.129010  Q10  =   0.011484  Q11c =   0.106378  Q11s =  -0.072079
|Q2| =   0.139705  Q20  =  -0.112271  Q21c =   0.003029  Q21s =   0.007576
                   Q22c =  -0.012279  Q22s =  -0.081825

H          x = -1.629452  y =  0.250918  z =  3.957213 angstrom
           Maximum rank =  2   Radius =  0.350 angstrom
                   Q00  =   0.056868
|Q1| =   0.119559  Q10  =  -0.086179  Q11c =   0.062546  Q11s =  -0.054364
|Q2| =   0.136074  Q20  =  -0.006250  Q21c =  -0.089314  Q21s =   0.078705
                   Q22c =  -0.048215  Q22s =  -0.044509

H          x =  2.030268  y = -3.354773  z =  5.736236 angstrom
           Maximum rank =  2   Radius =  0.350 angstrom
                   Q00  =   0.049420
|Q1| =   0.116974  Q10  =  -0.112208  Q11c =   0.029154  Q11s =   0.015567
|Q2| =   0.164692  Q20  =   0.116456  Q21c =  -0.103073  Q21s =   0.021708
                   Q22c =  -0.049024  Q22s =   0.007935

H          x = -4.055590  y = -1.901563  z = -0.129190 angstrom
           Maximum rank =  2   Radius =  0.350 angstrom
                   Q00  =   0.084782
|Q1| =   0.132058  Q10  =  -0.056862  Q11c =   0.119185  Q11s =   0.001018
|Q2| =   0.111226  Q20  =  -0.048933  Q21c =  -0.077419  Q21s =   0.020024
                   Q22c =   0.048810  Q22s =  -0.034636

C          x = -0.074629  y =  0.158745  z = -5.621278 angstrom
           Maximum rank =  2   Radius =  0.650 angstrom
                   Q00  =   0.077568
|Q1| =   0.201070  Q10  =   0.071172  Q11c =  -0.168487  Q11s =   0.083519
|Q2| =   0.321172  Q20  =  -0.033503  Q21c =  -0.194688  Q21s =   0.100109
                   Q22c =   0.144082  Q22s =  -0.182604

H          x = -0.685408  y =  0.506451  z = -6.456658 angstrom
           Maximum rank =  2   Radius =  0.350 angstrom
                   Q00  =   0.107058
|Q1| =   0.163629  Q10  =   0.150408  Q11c =  -0.059200  Q11s =   0.025443
|Q2| =   0.166091  Q20  =  -0.012594  Q21c =   0.087866  Q21s =  -0.049536
                   Q22c =   0.071886  Q22s =  -0.109935

H          x =  0.907670  y =  0.634610  z = -5.694583 angstrom
           Maximum rank =  2   Radius =  0.350 angstrom
                   Q00  =   0.037381
|Q1| =   0.144290  Q10  =   0.061032  Q11c =  -0.129755  Q11s =  -0.016071
|Q2| =   0.134311  Q20  =  -0.062522  Q21c =  -0.013019  Q21s =   0.010009
                   Q22c =   0.063258  Q22s =   0.099293

H          x =  0.060700  y = -0.921604  z = -5.720527 angstrom
           Maximum rank =  2   Radius =  0.350 angstrom
                   Q00  =   0.040574
|Q1| =   0.142961  Q10  =   0.066028  Q11c =  -0.062994  Q11s =   0.110045
|Q2| =   0.138770  Q20  =  -0.064441  Q21c =  -0.018474  Q21s =   0.002658
                   Q22c =  -0.120924  Q22s =  -0.011561

C          x =  2.995401  y = -0.581507  z =  0.821964 angstrom
           Maximum rank =  2   Radius =  0.650 angstrom
                   Q00  =   0.001772
|Q1| =   0.036327  Q10  =   0.023173  Q11c =  -0.027687  Q11s =   0.004009
|Q2| =   0.264175  Q20  =  -0.034230  Q21c =   0.182796  Q21s =  -0.106427
                   Q22c =   0.078554  Q22s =  -0.133059

C          x =  0.252744  y =  0.080521  z = -3.148882 angstrom
           Maximum rank =  2   Radius =  0.650 angstrom
                   Q00  =   0.068465
|Q1| =   0.181511  Q10  =   0.048264  Q11c =  -0.173404  Q11s =   0.023407
|Q2| =   0.281113  Q20  =   0.143723  Q21c =  -0.012776  Q21s =  -0.186814
                   Q22c =   0.129520  Q22s =  -0.080806

C          x =  1.270989  y = -0.196121  z = -0.910526 angstrom
           Maximum rank =  2   Radius =  0.650 angstrom
                   Q00  =   0.040594
|Q1| =   0.135764  Q10  =   0.030412  Q11c =  -0.132313  Q11s =   0.000455
|Q2| =   0.285534  Q20  =   0.060273  Q21c =   0.165063  Q21s =   0.040206
                   Q22c =   0.212294  Q22s =   0.062973

C          x =  5.185819  y = -0.947056  z =  1.959724 angstrom
           Maximum rank =  2   Radius =  0.650 angstrom
                   Q00  =   0.020575
|Q1| =   0.064493  Q10  =   0.041868  Q11c =  -0.047823  Q11s =  -0.010924
|Q2| =   0.168802  Q20  =  -0.073126  Q21c =  -0.093697  Q21s =   0.016951
                   Q22c =   0.116795  Q22s =   0.020953

H          x =  5.454606  y = -1.615830  z =  1.136785 angstrom
           Maximum rank =  2   Radius =  0.350 angstrom
                   Q00  =   0.027469
|Q1| =   0.138301  Q10  =   0.090109  Q11c =  -0.088034  Q11s =   0.057076
|Q2| =   0.146865  Q20  =   0.038292  Q21c =  -0.038712  Q21s =   0.130505
                   Q22c =  -0.031885  Q22s =  -0.023586

H          x =  5.535898  y =  0.058444  z =  1.711260 angstrom
           Maximum rank =  2   Radius =  0.350 angstrom
                   Q00  =   0.029475
|Q1| =   0.136414  Q10  =   0.041086  Q11c =  -0.096738  Q11s =  -0.086963
|Q2| =   0.150449  Q20  =  -0.084270  Q21c =  -0.022099  Q21s =  -0.047431
                   Q22c =  -0.099708  Q22s =   0.053420

H          x =  5.710784  y = -1.281537  z =  2.856579 angstrom
           Maximum rank =  2   Radius =  0.350 angstrom
                   Q00  =   0.044487
|Q1| =   0.131074  Q10  =  -0.056871  Q11c =  -0.115294  Q11s =   0.025562
|Q2| =   0.147498  Q20  =   0.090887  Q21c =   0.076177  Q21s =  -0.078882
                   Q22c =   0.025599  Q22s =  -0.028541

Ac         x = -1.599814  y =  3.290884  z = -4.296739 angstrom
           Maximum rank =  2   Radius =  0.650 angstrom
                   Q00  =  -0.963527
|Q1| =   0.038643  Q10  =   0.002753  Q11c =  -0.005667  Q11s =  -0.038126
|Q2| =   0.460407  Q20  =   0.458034  Q21c =   0.010624  Q21s =   0.022281
                   Q22c =  -0.037668  Q22s =   0.012305

A1         x = -1.586348  y =  3.322632  z = -3.297333 angstrom
           Maximum rank =  2   Radius =  0.650 angstrom
                   Q00  =  -0.713132
|Q1| =   0.215438  Q10  =  -0.161441  Q11c =  -0.051286  Q11s =  -0.133116
|Q2| =   0.528672  Q20  =   0.450381  Q21c =  -0.085314  Q21s =  -0.197021
                   Q22c =  -0.154837  Q22s =   0.081124

A-1        x = -1.613281  y =  3.259136  z = -5.296144 angstrom
           Maximum rank =  2   Radius =  0.650 angstrom
                   Q00  =  -0.630399
|Q1| =   0.111106  Q10  =   0.021870  Q11c =  -0.024968  Q11s =  -0.106033
|Q2| =   0.642265  Q20  =   0.610486  Q21c =   0.058474  Q21s =   0.102627
                   Q22c =  -0.145165  Q22s =   0.069189

Bc         x = -1.920138  y =  1.101473  z = -4.256899 angstrom
           Maximum rank =  2   Radius =  0.650 angstrom
                   Q00  =  -1.101963
|Q1| =   0.022373  Q10  =   0.001322  Q11c =  -0.020656  Q11s =   0.008492
|Q2| =   0.387206  Q20  =   0.381266  Q21c =   0.001439  Q21s =  -0.002498
                   Q22c =  -0.040888  Q22s =   0.053707

B1         x = -1.916209  y =  1.101008  z = -3.256907 angstrom
           Maximum rank =  2   Radius =  0.650 angstrom
                   Q00  =  -0.637465
|Q1| =   0.081556  Q10  =   0.026995  Q11c =  -0.058073  Q11s =  -0.050500
|Q2| =   0.515333  Q20  =   0.462955  Q21c =  -0.109395  Q21s =  -0.105879
                   Q22c =  -0.167069  Q22s =  -0.012301

B-1        x = -1.924067  y =  1.101939  z = -5.256891 angstrom
           Maximum rank =  2   Radius =  0.650 angstrom
                   Q00  =  -0.697287
|Q1| =   0.172001  Q10  =   0.104501  Q11c =  -0.123517  Q11s =   0.058373
|Q2| =   0.466996  Q20  =   0.312746  Q21c =   0.244418  Q21s =  -0.117207
                   Q22c =  -0.127149  Q22s =   0.175018

Cc         x = -3.513902  y = -0.430944  z = -4.318976 angstrom
           Maximum rank =  2   Radius =  0.650 angstrom
                   Q00  =  -0.960719
|Q1| =   0.040101  Q10  =   0.005874  Q11c =   0.030604  Q11s =   0.025237
|Q2| =   0.459463  Q20  =   0.456031  Q21c =  -0.018438  Q21s =  -0.036126
                   Q22c =  -0.000476  Q22s =   0.038684

C1         x = -3.545834  y = -0.474661  z = -3.320443 angstrom
           Maximum rank =  2   Radius =  0.650 angstrom
                   Q00  =  -0.635987
|Q1| =   0.148192  Q10  =  -0.025042  Q11c =   0.140259  Q11s =   0.040756
|Q2| =   0.573810  Q20  =   0.523848  Q21c =   0.218013  Q21s =  -0.048310
                   Q22c =  -0.045146  Q22s =   0.054219

C-1        x = -3.481970  y = -0.387227  z = -5.317510 angstrom
           Maximum rank =  2   Radius =  0.650 angstrom
                   Q00  =  -0.628742
|Q1| =   0.113641  Q10  =   0.023505  Q11c =   0.075218  Q11s =   0.081878
|Q2| =   0.639733  Q20  =   0.602404  Q21c =  -0.066001  Q21s =  -0.122064
                   Q22c =  -0.019269  Q22s =   0.163525

Dc         x = -2.156823  y =  1.453878  z = -0.571547 angstrom
           Maximum rank =  2   Radius =  0.650 angstrom
                   Q00  =  -0.997488
|Q1| =   0.040563  Q10  =  -0.014137  Q11c =   0.019085  Q11s =  -0.032883
|Q2| =   0.437341  Q20  =   0.327366  Q21c =   0.278837  Q21s =  -0.057689
                   Q22c =   0.029807  Q22s =  -0.046177

D1         x = -1.760475  y =  1.356495  z =  0.341374 angstrom
           Maximum rank =  2   Radius =  0.650 angstrom
                   Q00  =  -0.695898
|Q1| =   0.171857  Q10  =  -0.158673  Q11c =   0.011067  Q11s =  -0.065080
|Q2| =   0.480193  Q20  =   0.213880  Q21c =   0.353311  Q21s =  -0.117570
                   Q22c =  -0.028729  Q22s =  -0.212989

D-1        x = -2.553172  y =  1.551260  z = -1.484468 angstrom
           Maximum rank =  2   Radius =  0.650 angstrom
                   Q00  =  -0.639888
|Q1| =   0.159234  Q10  =  -0.049615  Q11c =   0.133325  Q11s =  -0.071541
|Q2| =   0.598706  Q20  =   0.558873  Q21c =   0.189876  Q21s =   0.043606
                   Q22c =  -0.090017  Q22s =  -0.007210

Ec         x = -1.324826  y = -0.251656  z = -1.125268 angstrom
           Maximum rank =  2   Radius =  0.650 angstrom
                   Q00  =  -1.095760
|Q1| =   0.031103  Q10  =   0.010921  Q11c =  -0.027902  Q11s =   0.008340
|Q2| =   0.382729  Q20  =   0.273122  Q21c =   0.259039  Q21s =  -0.051150
                   Q22c =  -0.013531  Q22s =  -0.044557

E1         x = -0.926234  y = -0.358724  z = -0.214411 angstrom
           Maximum rank =  2   Radius =  0.650 angstrom
                   Q00  =  -0.729038
|Q1| =   0.187349  Q10  =  -0.125715  Q11c =  -0.126811  Q11s =   0.056694
|Q2| =   0.287160  Q20  =   0.178708  Q21c =   0.189864  Q21s =   0.048433
                   Q22c =  -0.105285  Q22s =  -0.032325

E-1        x = -1.723419  y = -0.144587  z = -2.036124 angstrom
           Maximum rank =  2   Radius =  0.650 angstrom
                   Q00  =  -0.653821
|Q1| =   0.121460  Q10  =   0.048916  Q11c =  -0.065012  Q11s =   0.090184
|Q2| =   0.479210  Q20  =   0.196260  Q21c =   0.365278  Q21s =  -0.230253
                   Q22c =  -0.053745  Q22s =  -0.042318

Fc         x = -2.093874  y = -2.346192  z = -1.043873 angstrom
           Maximum rank =  2   Radius =  0.650 angstrom
                   Q00  =  -1.001865
|Q1| =   0.037325  Q10  =  -0.001227  Q11c =   0.011873  Q11s =   0.035365
|Q2| =   0.430763  Q20  =   0.315288  Q21c =   0.275938  Q21s =  -0.088364
                   Q22c =   0.045775  Q22s =  -0.010229

F1         x = -1.695187  y = -2.460740  z = -0.133968 angstrom
           Maximum rank =  2   Radius =  0.650 angstrom
                   Q00  =  -0.753204
|Q1| =   0.252290  Q10  =  -0.211559  Q11c =  -0.013012  Q11s =   0.136834
|Q2| =   0.443065  Q20  =   0.245671  Q21c =   0.336690  Q21s =   0.069933
                   Q22c =  -0.024033  Q22s =   0.130858

F-1        x = -2.492560  y = -2.231644  z = -1.953779 angstrom
           Maximum rank =  2   Radius =  0.650 angstrom
                   Q00  =  -0.727660
|Q1| =   0.212179  Q10  =   0.130821  Q11c =   0.103011  Q11s =   0.131509
|Q2| =   0.581582  Q20  =   0.239700  Q21c =   0.369838  Q21s =  -0.354120
                   Q22c =  -0.081082  Q22s =  -0.109661

Total multipoles referred to origin at
           x =   0.000000,  y =    0.000000,  z =    0.000000 angstrom
                   Q00  =   0.000180
|Q1| =   0.170332  Q10  =  -0.098812  Q11c =   0.137267  Q11s =  -0.020174
|Q2| =  28.617106  Q20  = -14.986168  Q21c = -21.156488  Q21s =   5.573718
                   Q22c =  -9.649812  Q22s =   4.750930

CPU time used:     23m30.234s          Total:     23m30.234s

Finished at 11:06:22 on 24 Mar 2026 
