                                     G D M A
                                 by Anthony Stone

               Distributed Multipoles from Gaussian wavefunctions

                             version 2.3.3 (6b8e81e)
              Compiled with gfortran on 29 May 2025 at 12:54:22

Starting at 10:10:54 on 24 Mar 2026 


Using SCF density matrix from file f1-6-31+Gstar.fchk


                         Distributed Multipole Analysis

Standard DMA for products of primitives with exponent greater than 4.00000
Using 80-point Euler-MacLaurin radial quadrature
Using 590-point Lebedev quadrature
Becke smoothing parameter = 3

Positions and radii in angstrom
Multipole moments in atomic units, ea_0^k for rank k

C          x = -0.000146  y =  1.417323  z = -0.000020 angstrom
           Maximum rank =  2   Radius =  0.650 angstrom
                   Q00  =   0.304810
|Q1| =   0.737187  Q10  =  -0.000009  Q11c =   0.000063  Q11s =  -0.737187
|Q2| =   0.576569  Q20  =   0.074212  Q21c =   0.000017  Q21s =  -0.000052
                   Q22c =  -0.571773  Q22s =  -0.000031

C          x =  1.181638  y =  0.446710  z = -0.000046 angstrom
           Maximum rank =  2   Radius =  0.650 angstrom
                   Q00  =   0.723875
|Q1| =   0.682324  Q10  =   0.000016  Q11c =  -0.312537  Q11s =  -0.606536
|Q2| =   0.870049  Q20  =  -0.414917  Q21c =  -0.000003  Q21s =   0.000002
                   Q22c =   0.689381  Q22s =  -0.331034

C          x =  0.734974  y = -0.890886  z = -0.000024 angstrom
           Maximum rank =  2   Radius =  0.650 angstrom
                   Q00  =   0.735933
|Q1| =   0.652006  Q11c =   0.103320  Q11s =   0.643767
|Q2| =   0.859710  Q20  =  -0.423803  Q21c =  -0.000006  Q22c =   0.530351
                   Q22s =  -0.527466

C          x = -0.734789  y = -0.891006  z = -0.000023 angstrom
           Maximum rank =  2   Radius =  0.650 angstrom
                   Q00  =   0.735859
|Q1| =   0.652059  Q10  =  -0.000008  Q11c =  -0.103325  Q11s =   0.643820
|Q2| =   0.859693  Q20  =  -0.423819  Q21s =  -0.000001  Q22c =   0.530226
                   Q22s =   0.527550

C          x = -1.181628  y =  0.446525  z = -0.000012 angstrom
           Maximum rank =  2   Radius =  0.650 angstrom
                   Q00  =   0.723976
|Q1| =   0.682230  Q10  =  -0.000002  Q11c =   0.312544  Q11s =  -0.606427
|Q2| =   0.869971  Q20  =  -0.414964  Q21c =  -0.000001  Q21s =  -0.000002
                   Q22c =   0.689186  Q22s =   0.331175

C          x = -2.544651  y =  0.729871  z = -0.000035 angstrom
           Maximum rank =  2   Radius =  0.650 angstrom
                   Q00  =   0.330691
|Q1| =   0.615582  Q10  =   0.000001  Q11c =   0.251920  Q11s =  -0.561673
|Q2| =   0.922820  Q20  =  -0.799508  Q21c =   0.000028  Q21s =  -0.000034
                   Q22c =  -0.332452  Q22s =  -0.319153

C          x = -3.463951  y = -0.328647  z = -0.000035 angstrom
           Maximum rank =  2   Radius =  0.650 angstrom
                   Q00  =   0.334016
|Q1| =   0.595950  Q10  =  -0.000005  Q11c =   0.584988  Q11s =  -0.113776
|Q2| =   0.945892  Q20  =  -0.730418  Q21c =   0.000041  Q21s =  -0.000026
                   Q22c =   0.556848  Q22s =  -0.226098

C          x = -3.018690  y = -1.656702  z =  0.000007 angstrom
           Maximum rank =  2   Radius =  0.650 angstrom
                   Q00  =   0.332884
|Q1| =   0.592696  Q10  =  -0.000009  Q11c =   0.394988  Q11s =   0.441897
|Q2| =   0.945043  Q20  =  -0.729345  Q21c =   0.000014  Q21s =   0.000003
                   Q22c =  -0.066868  Q22s =   0.597237

C          x = -1.650626  y = -1.947311  z = -0.000011 angstrom
           Maximum rank =  2   Radius =  0.650 angstrom
                   Q00  =   0.342763
|Q1| =   0.599472  Q10  =  -0.000005  Q11c =  -0.111948  Q11s =   0.588926
|Q2| =   0.895608  Q20  =  -0.769936  Q21c =  -0.000010  Q21s =  -0.000023
                   Q22c =  -0.370306  Q22s =  -0.268676

H          x = -1.310782  y = -2.980434  z =  0.000002 angstrom
           Maximum rank =  2   Radius =  0.350 angstrom
                   Q00  =   0.072218
|Q1| =   0.137313  Q10  =  -0.000001  Q11c =  -0.018141  Q11s =   0.136110
|Q2| =   0.150803  Q20  =  -0.131847  Q21s =  -0.000004  Q22c =  -0.049605
                   Q22s =  -0.053825

H          x = -3.742479  y = -2.467983  z = -0.000006 angstrom
           Maximum rank =  2   Radius =  0.350 angstrom
                   Q00  =   0.059948
|Q1| =   0.133840  Q10  =  -0.000001  Q11c =   0.090821  Q11s =   0.098309
|Q2| =   0.171038  Q20  =  -0.135939  Q21c =   0.000003  Q21s =   0.000001
                   Q22c =  -0.012974  Q22s =   0.102986

H          x = -4.530389  y = -0.117155  z = -0.000070 angstrom
           Maximum rank =  2   Radius =  0.350 angstrom
                   Q00  =   0.059470
|Q1| =   0.134381  Q10  =   0.000002  Q11c =   0.132245  Q11s =  -0.023868
|Q2| =   0.171393  Q20  =  -0.136696  Q21c =   0.000011  Q21s =  -0.000005
                   Q22c =   0.095209  Q22s =  -0.040314

H          x = -2.901934  y =  1.757658  z = -0.000065 angstrom
           Maximum rank =  2   Radius =  0.350 angstrom
                   Q00  =   0.069937
|Q1| =   0.140991  Q10  =   0.000002  Q11c =   0.066360  Q11s =  -0.124398
|Q2| =   0.142063  Q20  =  -0.122890  Q21c =   0.000002  Q21s =  -0.000010
                   Q22c =  -0.059573  Q22s =  -0.039128

C          x =  1.650781  y = -1.947219  z =  0.000012 angstrom
           Maximum rank =  2   Radius =  0.650 angstrom
                   Q00  =   0.342757
|Q1| =   0.599440  Q10  =  -0.000015  Q11c =   0.111877  Q11s =   0.588907
|Q2| =   0.895634  Q20  =  -0.769953  Q21c =  -0.000008  Q21s =  -0.000040
                   Q22c =  -0.370220  Q22s =   0.268831

C          x =  3.018837  y = -1.656590  z = -0.000004 angstrom
           Maximum rank =  2   Radius =  0.650 angstrom
                   Q00  =   0.332850
|Q1| =   0.592646  Q10  =  -0.000010  Q11c =  -0.394958  Q11s =   0.441857
|Q2| =   0.945060  Q20  =  -0.729360  Q21c =   0.000008  Q21s =  -0.000032
                   Q22c =  -0.066749  Q22s =  -0.597258

C          x =  3.463971  y = -0.328500  z = -0.000038 angstrom
           Maximum rank =  2   Radius =  0.650 angstrom
                   Q00  =   0.334059
|Q1| =   0.596008  Q10  =  -0.000002  Q11c =  -0.585042  Q11s =  -0.113804
|Q2| =   0.945849  Q20  =  -0.730386  Q21c =  -0.000040  Q21s =  -0.000023
                   Q22c =   0.556806  Q22s =   0.226129

C          x =  2.544668  y =  0.730017  z = -0.000061 angstrom
           Maximum rank =  2   Radius =  0.650 angstrom
                   Q00  =   0.330691
|Q1| =   0.615611  Q10  =  -0.000004  Q11c =  -0.251857  Q11s =  -0.561734
|Q2| =   0.922821  Q20  =  -0.799488  Q21c =  -0.000028  Q21s =  -0.000112
                   Q22c =  -0.332362  Q22s =   0.319302

H          x =  2.902073  y =  1.757764  z = -0.000129 angstrom
           Maximum rank =  2   Radius =  0.350 angstrom
                   Q00  =   0.069933
|Q1| =   0.140989  Q10  =   0.000006  Q11c =  -0.066353  Q11s =  -0.124399
|Q2| =   0.142062  Q20  =  -0.122888  Q21c =  -0.000008  Q21s =  -0.000016
                   Q22c =  -0.059563  Q22s =   0.039145

H          x =  4.530399  y = -0.116948  z = -0.000071 angstrom
           Maximum rank =  2   Radius =  0.350 angstrom
                   Q00  =   0.059468
|Q1| =   0.134387  Q10  =   0.000002  Q11c =  -0.132249  Q11s =  -0.023877
|Q2| =   0.171389  Q20  =  -0.136696  Q21c =  -0.000009  Q21s =  -0.000005
                   Q22c =   0.095198  Q22s =   0.040321

H          x =  3.742730  y = -2.467777  z =  0.000012 angstrom
           Maximum rank =  2   Radius =  0.350 angstrom
                   Q00  =   0.059952
|Q1| =   0.133834  Q10  =  -0.000002  Q11c =  -0.090819  Q11s =   0.098302
|Q2| =   0.171039  Q20  =  -0.135936  Q21c =   0.000001  Q21s =  -0.000006
                   Q22c =  -0.012946  Q22s =  -0.102996

H          x =  1.310774  y = -2.980281  z =  0.000037 angstrom
           Maximum rank =  2   Radius =  0.350 angstrom
                   Q00  =   0.072224
|Q1| =   0.137313  Q10  =  -0.000003  Q11c =   0.018130  Q11s =   0.136111
|Q2| =   0.150802  Q20  =  -0.131845  Q21c =  -0.000002  Q21s =  -0.000007
                   Q22c =  -0.049582  Q22s =   0.053851

C          x = -0.000182  y =  2.306284  z = -1.265164 angstrom
           Maximum rank =  2   Radius =  0.650 angstrom
                   Q00  =   0.050123
|Q1| =   0.165762  Q10  =   0.058493  Q11c =   0.000053  Q11s =  -0.155099
|Q2| =   0.301779  Q20  =  -0.061719  Q21c =   0.000091  Q21s =  -0.179017
                   Q22c =  -0.234977  Q22s =  -0.000060

H          x = -0.000644  y =  1.697349  z = -2.175507 angstrom
           Maximum rank =  2   Radius =  0.350 angstrom
                   Q00  =   0.095159
|Q1| =   0.157882  Q10  =   0.146713  Q11c =   0.000049  Q11s =  -0.058328
|Q2| =   0.159862  Q20  =   0.011872  Q21c =   0.000080  Q21s =   0.107234
                   Q22c =  -0.117966  Q22s =   0.000067

H          x = -0.886443  y =  2.951961  z = -1.284339 angstrom
           Maximum rank =  2   Radius =  0.350 angstrom
                   Q00  =   0.038296
|Q1| =   0.149000  Q10  =   0.044407  Q11c =   0.079847  Q11s =  -0.117701
|Q2| =   0.138680  Q20  =  -0.072425  Q21c =  -0.014688  Q21s =  -0.025958
                   Q22c =   0.052299  Q22s =  -0.101794

H          x =  0.886534  y =  2.951308  z = -1.284740 angstrom
           Maximum rank =  2   Radius =  0.350 angstrom
                   Q00  =   0.038312
|Q1| =   0.149005  Q10  =   0.044457  Q11c =  -0.079877  Q11s =  -0.117668
|Q2| =   0.138695  Q20  =  -0.072475  Q21c =   0.014617  Q21s =  -0.026040
                   Q22c =   0.052499  Q22s =   0.101665

C          x = -0.000128  y =  2.305979  z =  1.265367 angstrom
           Maximum rank =  2   Radius =  0.650 angstrom
                   Q00  =   0.050146
|Q1| =   0.165817  Q10  =  -0.058507  Q11c =   0.000063  Q11s =  -0.155152
|Q2| =   0.301840  Q20  =  -0.061743  Q21c =  -0.000067  Q21s =   0.179092
                   Q22c =  -0.234992  Q22s =  -0.000093

H          x =  0.886707  y =  2.950832  z =  1.285167 angstrom
           Maximum rank =  2   Radius =  0.350 angstrom
                   Q00  =   0.038314
|Q1| =   0.149011  Q10  =  -0.044487  Q11c =  -0.079887  Q11s =  -0.117658
|Q2| =   0.138691  Q20  =  -0.072477  Q21c =  -0.014578  Q21s =   0.026067
                   Q22c =   0.052555  Q22s =   0.101628

H          x = -0.886274  y =  2.951809  z =  1.284673 angstrom
           Maximum rank =  2   Radius =  0.350 angstrom
                   Q00  =   0.038295
|Q1| =   0.149001  Q10  =  -0.044427  Q11c =   0.079835  Q11s =  -0.117703
|Q2| =   0.138669  Q20  =  -0.072406  Q21c =   0.014661  Q21s =   0.025961
                   Q22c =   0.052256  Q22s =  -0.101819

H          x = -0.000731  y =  1.696809  z =  2.175556 angstrom
           Maximum rank =  2   Radius =  0.350 angstrom
                   Q00  =   0.095192
|Q1| =   0.157897  Q10  =  -0.146729  Q11c =   0.000062  Q11s =  -0.058328
|Q2| =   0.159869  Q20  =   0.011802  Q21c =  -0.000101  Q21s =  -0.107215
                   Q22c =  -0.117999  Q22s =   0.000094

Ac         x = -2.099055  y = -0.607878  z = -0.000018 angstrom
           Maximum rank =  2   Radius =  0.650 angstrom
                   Q00  =  -0.966236
|Q1| =   0.037691  Q10  =   0.000001  Q11c =   0.035831  Q11s =   0.011692
|Q2| =   0.470435  Q20  =   0.468768  Q21c =  -0.000002  Q21s =   0.000008
                   Q22c =   0.032106  Q22s =   0.023121

A1         x = -2.099057  y = -0.607869  z =  0.999982 angstrom
           Maximum rank =  2   Radius =  0.650 angstrom
                   Q00  =  -0.621830
|Q1| =   0.113852  Q10  =  -0.024652  Q11c =   0.107264  Q11s =   0.029136
|Q2| =   0.622012  Q20  =   0.591167  Q21c =   0.115455  Q21s =   0.013618
                   Q22c =   0.131926  Q22s =   0.080632

A-1        x = -2.099054  y = -0.607887  z = -1.000018 angstrom
           Maximum rank =  2   Radius =  0.650 angstrom
                   Q00  =  -0.621829
|Q1| =   0.113855  Q10  =   0.024645  Q11c =   0.107268  Q11s =   0.029141
|Q2| =   0.622021  Q20  =   0.591173  Q21c =  -0.115468  Q21s =  -0.013615
                   Q22c =   0.131922  Q22s =   0.080637

Bc         x =  0.000010  y =  0.105733  z = -0.000025 angstrom
           Maximum rank =  2   Radius =  0.650 angstrom
                   Q00  =  -1.110468
|Q1| =   0.024279  Q10  =   0.000002  Q11c =  -0.000004  Q11s =  -0.024279
|Q2| =   0.394167  Q20  =   0.387996  Q21c =   0.000007  Q21s =   0.000005
                   Q22c =   0.069472  Q22s =  -0.000011

B1         x =  0.000021  y =  0.105733  z =  0.999975 angstrom
           Maximum rank =  2   Radius =  0.650 angstrom
                   Q00  =  -0.671050
|Q1| =   0.143454  Q10  =  -0.079426  Q11c =   0.000033  Q11s =  -0.119460
|Q2| =   0.482292  Q20  =   0.340022  Q21c =   0.000075  Q21s =  -0.257884
                   Q22c =   0.224691  Q22s =   0.000061

B-1        x = -0.000001  y =  0.105733  z = -1.000025 angstrom
           Maximum rank =  2   Radius =  0.650 angstrom
                   Q00  =  -0.670998
|Q1| =   0.143395  Q10  =   0.079365  Q11c =   0.000025  Q11s =  -0.119429
|Q2| =   0.482358  Q20  =   0.340099  Q21c =  -0.000047  Q21s =   0.257884
                   Q22c =   0.224717  Q22s =   0.000056

Cc         x =  2.099144  y = -0.607744  z = -0.000027 angstrom
           Maximum rank =  2   Radius =  0.650 angstrom
                   Q00  =  -0.966239
|Q1| =   0.037689  Q10  =   0.000001  Q11c =  -0.035830  Q11s =   0.011690
|Q2| =   0.470435  Q20  =   0.468768  Q21c =   0.000002  Q21s =   0.000021
                   Q22c =   0.032135  Q22s =  -0.023084

C1         x =  2.099146  y = -0.607720  z =  0.999973 angstrom
           Maximum rank =  2   Radius =  0.650 angstrom
                   Q00  =  -0.621826
|Q1| =   0.113854  Q10  =  -0.024642  Q11c =  -0.107269  Q11s =   0.029134
|Q2| =   0.622023  Q20  =   0.591175  Q21c =  -0.115468  Q21s =   0.013651
                   Q22c =   0.131923  Q22s =  -0.080632

C-1        x =  2.099142  y = -0.607769  z = -1.000027 angstrom
           Maximum rank =  2   Radius =  0.650 angstrom
                   Q00  =  -0.621825
|Q1| =   0.113852  Q10  =   0.024636  Q11c =  -0.107268  Q11s =   0.029138
|Q2| =   0.622032  Q20  =   0.591186  Q21c =   0.115477  Q21s =  -0.013613
                   Q22c =   0.131914  Q22s =  -0.080630

Total multipoles referred to origin at
           x =   0.000000,  y =    0.000000,  z =    0.000000 angstrom
                   Q00  =  -0.000146
|Q1| =   0.204724  Q10  =  -0.000017  Q11c =   0.000047  Q11s =   0.204724
|Q2| =   9.948341  Q20  =  -9.890760  Q21c =   0.000034  Q21s =  -0.000455
                   Q22c =  -1.068812  Q22s =  -0.000631

CPU time used:      1m34.516s          Total:      1m34.516s

Finished at 10:12:29 on 24 Mar 2026 
