                                     G D M A
                                 by Anthony Stone

               Distributed Multipoles from Gaussian wavefunctions

                             version 2.3.3 (6b8e81e)
              Compiled with gfortran on 29 May 2025 at 12:54:22

Starting at 10:36:46 on 24 Mar 2026 


Using SCF density matrix from file f3-6-311Gdp.fchk


                         Distributed Multipole Analysis

Standard DMA for products of primitives with exponent greater than 4.00000
Using 80-point Euler-MacLaurin radial quadrature
Using 590-point Lebedev quadrature
Becke smoothing parameter = 3

Positions and radii in angstrom
Multipole moments in atomic units, ea_0^k for rank k

C          x =  0.645812  y = -0.504203  z = -0.352056 angstrom
           Maximum rank =  2   Radius =  0.650 angstrom
                   Q00  =   0.345413
|Q1| =   0.720462  Q10  =   0.267184  Q11c =  -0.519693  Q11s =   0.421424
|Q2| =   0.608727  Q20  =   0.166610  Q21c =  -0.205924  Q21s =  -0.025007
                   Q22c =   0.075310  Q22s =  -0.542299

C          x =  1.425506  y = -2.022361  z =  1.831481 angstrom
           Maximum rank =  2   Radius =  0.650 angstrom
                   Q00  =  -0.038454
|Q1| =   0.179504  Q10  =   0.029930  Q11c =  -0.169464  Q11s =   0.051068
|Q2| =   0.156772  Q20  =   0.015968  Q21c =  -0.093422  Q21s =  -0.099771
                   Q22c =   0.032555  Q22s =  -0.067682

H          x =  2.610823  y = -0.921999  z =  0.398209 angstrom
           Maximum rank =  2   Radius =  0.350 angstrom
                   Q00  =   0.058269
|Q1| =   0.152900  Q10  =   0.015135  Q11c =  -0.151192  Q11s =  -0.017034
|Q2| =   0.108540  Q20  =  -0.038230  Q21c =   0.022443  Q21s =  -0.066766
                   Q22c =  -0.014929  Q22s =   0.071659

H          x =  1.813707  y = -2.329014  z = -0.242772 angstrom
           Maximum rank =  2   Radius =  0.350 angstrom
                   Q00  =   0.051548
|Q1| =   0.155891  Q10  =   0.082240  Q11c =  -0.070919  Q11s =   0.111845
|Q2| =   0.103725  Q20  =   0.049467  Q21c =   0.007222  Q21s =   0.009592
                   Q22c =  -0.089937  Q22s =  -0.008884

C          x =  0.678809  y =  0.379354  z = -2.978525 angstrom
           Maximum rank =  2   Radius =  0.650 angstrom
                   Q00  =   0.334528
|Q1| =   0.726487  Q10  =   0.066778  Q11c =  -0.210029  Q11s =   0.692252
|Q2| =   0.603662  Q20  =   0.125859  Q21c =  -0.015607  Q21s =  -0.095243
                   Q22c =  -0.491562  Q22s =  -0.312440

H          x =  3.227668  y = -3.256843  z =  1.618893 angstrom
           Maximum rank =  2   Radius =  0.350 angstrom
                   Q00  =   0.028650
|Q1| =   0.138790  Q10  =   0.047548  Q11c =  -0.098898  Q11s =   0.084978
|Q2| =   0.143534  Q20  =   0.020336  Q21c =  -0.041528  Q21s =   0.116530
                   Q22c =  -0.030638  Q22s =  -0.062818

H          x =  0.655178  y = -1.627979  z = -2.178453 angstrom
           Maximum rank =  2   Radius =  0.350 angstrom
                   Q00  =   0.060595
|Q1| =   0.155835  Q10  =   0.060535  Q11c =  -0.003477  Q11s =   0.143555
|Q2| =   0.100613  Q20  =   0.013921  Q21c =  -0.005580  Q21s =  -0.018537
                   Q22c =  -0.048441  Q22s =   0.084899

H          x =  3.511243  y = -1.705819  z =  2.427616 angstrom
           Maximum rank =  2   Radius =  0.350 angstrom
                   Q00  =   0.032756
|Q1| =   0.136199  Q10  =  -0.023747  Q11c =  -0.126443  Q11s =  -0.044706
|Q2| =   0.150973  Q20  =  -0.091936  Q21c =   0.023512  Q21s =   0.012886
                   Q22c =  -0.044764  Q22s =   0.107786

H          x =  2.709288  y = -3.025149  z =  3.296090 angstrom
           Maximum rank =  2   Radius =  0.350 angstrom
                   Q00  =   0.045200
|Q1| =   0.131524  Q10  =  -0.097915  Q11c =  -0.060673  Q11s =   0.063482
|Q2| =   0.146670  Q20  =   0.092263  Q21c =  -0.041501  Q21s =  -0.105230
                   Q22c =   0.001028  Q22s =   0.014239

H          x =  2.134949  y = -0.753933  z = -1.909590 angstrom
           Maximum rank =  2   Radius =  0.350 angstrom
                   Q00  =   0.057440
|Q1| =   0.158465  Q10  =   0.026563  Q11c =  -0.141540  Q11s =   0.066122
|Q2| =   0.102473  Q20  =   0.000720  Q21c =  -0.003006  Q21s =  -0.076087
                   Q22c =   0.067451  Q22s =   0.012344

C          x =  0.716282  y =  0.923847  z =  0.192386 angstrom
           Maximum rank =  2   Radius =  0.650 angstrom
                   Q00  =   0.749306
|Q1| =   0.653366  Q10  =   0.133072  Q11c =  -0.627429  Q11s =   0.124546
|Q2| =   0.795113  Q20  =  -0.192102  Q21c =   0.099480  Q21s =   0.204970
                   Q22c =  -0.376263  Q22s =   0.633892

C          x =  1.557086  y =  1.632036  z = -2.959518 angstrom
           Maximum rank =  2   Radius =  0.650 angstrom
                   Q00  =   0.729485
|Q1| =   0.685478  Q10  =   0.008276  Q11c =  -0.468800  Q11s =   0.500037
|Q2| =   0.865263  Q20  =  -0.385689  Q21c =  -0.038288  Q21s =  -0.016223
                   Q22c =   0.411410  Q22s =   0.654933

C          x =  0.837580  y = -1.088260  z =  2.890554 angstrom
           Maximum rank =  2   Radius =  0.650 angstrom
                   Q00  =   0.020234
|Q1| =   0.241584  Q10  =  -0.157695  Q11c =  -0.171713  Q11s =   0.063323
|Q2| =   0.761308  Q20  =  -0.083497  Q21c =  -0.415244  Q21s =   0.435912
                   Q22c =  -0.270122  Q22s =   0.370413

C          x =  0.770110  y =  2.795436  z = -2.959518 angstrom
           Maximum rank =  2   Radius =  0.650 angstrom
                   Q00  =   0.747281
|Q1| =   0.647421  Q10  =   0.006901  Q11c =   0.269235  Q11s =  -0.588743
|Q2| =   0.831260  Q20  =  -0.368873  Q21c =  -0.033847  Q21s =   0.006805
                   Q22c =   0.180837  Q22s =   0.721825

C          x = -0.306169  y = -1.661442  z =  3.476519 angstrom
           Maximum rank =  2   Radius =  0.650 angstrom
                   Q00  =  -0.011716
|Q1| =   0.156810  Q10  =  -0.144114  Q11c =   0.046566  Q11s =   0.040648
|Q2| =   1.008271  Q20  =  -0.032782  Q21c =  -0.659873  Q21s =   0.639877
                   Q22c =  -0.199337  Q22s =   0.361836

C          x = -0.541997  y =  1.342254  z =  0.657310 angstrom
           Maximum rank =  2   Radius =  0.650 angstrom
                   Q00  =   0.755390
|Q1| =   0.648950  Q10  =  -0.245395  Q11c =   0.529920  Q11s =  -0.283023
|Q2| =   0.821557  Q20  =  -0.277072  Q21c =   0.184289  Q21s =   0.342188
                   Q22c =  -0.517149  Q22s =   0.423898

C          x = -1.501566  y =  0.253516  z =  0.456482 angstrom
           Maximum rank =  2   Radius =  0.650 angstrom
                   Q00  =   0.754355
|Q1| =   0.645630  Q10  =  -0.287670  Q11c =   0.389946  Q11s =  -0.426645
|Q2| =   0.823735  Q20  =  -0.399916  Q21c =   0.017754  Q21s =  -0.073069
                   Q22c =   0.405324  Q22s =   0.590478

C          x = -0.559502  y = -2.959971  z =  2.844783 angstrom
           Maximum rank =  2   Radius =  0.650 angstrom
                   Q00  =  -0.009543
|Q1| =   0.152801  Q10  =  -0.121356  Q11c =   0.040246  Q11s =   0.083673
|Q2| =   0.977317  Q20  =  -0.319906  Q21c =  -0.571657  Q21s =   0.405787
                   Q22c =  -0.220031  Q22s =   0.559411

C          x = -0.642129  y =  2.401697  z = -2.959518 angstrom
           Maximum rank =  2   Radius =  0.650 angstrom
                   Q00  =   0.750614
|Q1| =   0.651983  Q10  =  -0.002436  Q11c =   0.072856  Q11s =  -0.647895
|Q2| =   0.834761  Q20  =  -0.376176  Q21c =   0.041864  Q21s =   0.006733
                   Q22c =   0.722580  Q22s =  -0.177196

C          x =  0.431757  y = -3.184892  z =  1.875430 angstrom
           Maximum rank =  2   Radius =  0.650 angstrom
                   Q00  =  -0.054432
|Q1| =   0.129929  Q10  =   0.046405  Q11c =  -0.086942  Q11s =   0.084672
|Q2| =   1.129889  Q20  =  -0.356440  Q21c =  -0.666307  Q21s =   0.619494
                   Q22c =  -0.301137  Q22s =   0.480810

C          x = -0.720501  y =  0.996747  z = -2.954323 angstrom
           Maximum rank =  2   Radius =  0.650 angstrom
                   Q00  =   0.756760
|Q1| =   0.635899  Q10  =   0.072247  Q11c =   0.132036  Q11s =   0.617830
|Q2| =   0.774543  Q20  =  -0.278786  Q21c =   0.015896  Q21s =  -0.168561
                   Q22c =   0.696890  Q22s =   0.088736

C          x = -0.831576  y = -0.833702  z = -0.129651 angstrom
           Maximum rank =  2   Radius =  0.650 angstrom
                   Q00  =   0.731952
|Q1| =   0.674988  Q10  =   0.277630  Q11c =  -0.226192  Q11s =   0.572161
|Q2| =   0.841151  Q20  =  -0.408295  Q21c =   0.083964  Q21s =  -0.015112
                   Q22c =   0.206300  Q22s =   0.700709

C          x = -1.531235  y = -1.989167  z = -0.452396 angstrom
           Maximum rank =  2   Radius =  0.650 angstrom
                   Q00  =   0.321984
|Q1| =   0.648815  Q10  =   0.294659  Q11c =  -0.238224  Q11s =   0.526676
|Q2| =   0.866719  Q20  =  -0.541108  Q21c =  -0.268808  Q21s =   0.545403
                   Q22c =  -0.147370  Q22s =  -0.258774

C          x = -1.958046  y =  0.370679  z = -3.027768 angstrom
           Maximum rank =  2   Radius =  0.650 angstrom
                   Q00  =   0.377087
|Q1| =   0.586643  Q10  =   0.134932  Q11c =   0.082913  Q11s =   0.564862
|Q2| =   0.728270  Q20  =  -0.500153  Q21c =   0.016389  Q21s =  -0.240102
                   Q22c =  -0.447348  Q22s =   0.148950

C          x =  0.451914  y = -4.374140  z =  1.158910 angstrom
           Maximum rank =  2   Radius =  0.650 angstrom
                   Q00  =  -0.049644
|Q1| =   0.126861  Q10  =   0.095392  Q11c =  -0.049241  Q11s =   0.067597
|Q2| =   1.299663  Q20  =  -0.381010  Q21c =  -0.917463  Q21s =   0.680626
                   Q22c =  -0.225664  Q22s =   0.433637

C          x = -2.898032  y = -2.060670  z = -0.175985 angstrom
           Maximum rank =  2   Radius =  0.650 angstrom
                   Q00  =   0.338855
|Q1| =   0.619893  Q10  =   0.137101  Q11c =   0.322851  Q11s =   0.511114
|Q2| =   0.888776  Q20  =  -0.554976  Q21c =   0.021564  Q21s =   0.427304
                   Q22c =  -0.190572  Q22s =   0.512401

C          x = -0.537818  y = -5.331411  z =  1.396389 angstrom
           Maximum rank =  2   Radius =  0.650 angstrom
                   Q00  =  -0.035974
|Q1| =   0.082251  Q10  =   0.042616  Q11c =   0.013023  Q11s =   0.069135
|Q2| =   1.247031  Q20  =  -0.341221  Q21c =  -0.828462  Q21s =   0.668243
                   Q22c =  -0.289986  Q22s =   0.470814

C          x = -3.115818  y =  1.149595  z = -3.074349 angstrom
           Maximum rank =  2   Radius =  0.650 angstrom
                   Q00  =   0.355542
|Q1| =   0.603309  Q10  =   0.054844  Q11c =   0.552496  Q11s =   0.236054
|Q2| =   0.834476  Q20  =  -0.625409  Q21c =   0.110787  Q21s =  -0.066419
                   Q22c =   0.294870  Q22s =   0.448977

C          x = -1.532460  y = -5.099498  z =  2.348598 angstrom
           Maximum rank =  2   Radius =  0.650 angstrom
                   Q00  =  -0.032917
|Q1| =   0.079357  Q10  =  -0.001752  Q11c =   0.053501  Q11s =   0.058584
|Q2| =   1.239591  Q20  =  -0.349892  Q21c =  -0.853008  Q21s =   0.531844
                   Q22c =  -0.209045  Q22s =   0.599984

C          x = -3.036668  y =  2.543427  z = -3.057772 angstrom
           Maximum rank =  2   Radius =  0.650 angstrom
                   Q00  =   0.345158
|Q1| =   0.599024  Q10  =   0.030302  Q11c =   0.499306  Q11s =  -0.329552
|Q2| =   0.881014  Q20  =  -0.668464  Q21c =   0.077261  Q21s =  -0.041232
                   Q22c =   0.227914  Q22s =  -0.519354

C          x = -3.559234  y = -0.981883  z =  0.414525 angstrom
           Maximum rank =  2   Radius =  0.650 angstrom
                   Q00  =   0.344220
|Q1| =   0.606781  Q10  =  -0.111442  Q11c =   0.595229  Q11s =   0.038290
|Q2| =   0.881141  Q20  =  -0.551590  Q21c =  -0.338796  Q21s =   0.182419
                   Q22c =   0.556217  Q22s =   0.121329

C          x = -2.865589  y =  0.183465  z =  0.733239 angstrom
           Maximum rank =  2   Radius =  0.650 angstrom
                   Q00  =   0.354337
|Q1| =   0.618931  Q10  =  -0.266597  Q11c =   0.365073  Q11s =  -0.422757
|Q2| =   0.808212  Q20  =  -0.458034  Q21c =  -0.335328  Q21s =   0.504644
                   Q22c =  -0.129961  Q22s =  -0.243744

C          x = -1.798481  y =  3.179510  z = -3.005128 angstrom
           Maximum rank =  2   Radius =  0.650 angstrom
                   Q00  =   0.352908
|Q1| =   0.609872  Q10  =   0.004340  Q11c =   0.050264  Q11s =  -0.607782
|Q2| =   0.833628  Q20  =  -0.712468  Q21c =   0.047052  Q21s =  -0.031405
                   Q22c =  -0.427334  Q22s =   0.038873

C          x = -1.547541  y = -3.914448  z =  3.082214 angstrom
           Maximum rank =  2   Radius =  0.650 angstrom
                   Q00  =  -0.014842
|Q1| =   0.117861  Q10  =  -0.057708  Q11c =   0.082309  Q11s =   0.061531
|Q2| =   1.149998  Q20  =  -0.231628  Q21c =  -0.852230  Q21s =   0.513786
                   Q22c =  -0.190201  Q22s =   0.492336

H          x = -2.317874  y = -3.743040  z =  3.826110 angstrom
           Maximum rank =  2   Radius =  0.350 angstrom
                   Q00  =   0.052249
|Q1| =   0.118144  Q10  =  -0.085632  Q11c =   0.080938  Q11s =   0.008619
|Q2| =   0.158637  Q20  =   0.004909  Q21c =  -0.143529  Q21s =   0.060927
                   Q22c =   0.028628  Q22s =   0.003055

H          x = -1.738921  y =  4.262466  z = -3.007390 angstrom
           Maximum rank =  2   Radius =  0.350 angstrom
                   Q00  =   0.069147
|Q1| =   0.128924  Q10  =   0.011333  Q11c =   0.019138  Q11s =  -0.126991
|Q2| =   0.140148  Q20  =  -0.112727  Q21c =   0.007290  Q21s =   0.002676
                   Q22c =  -0.080750  Q22s =   0.018792

H          x = -3.383947  y =  1.023118  z =  1.182782 angstrom
           Maximum rank =  2   Radius =  0.350 angstrom
                   Q00  =   0.075377
|Q1| =   0.128191  Q10  =  -0.057459  Q11c =   0.082428  Q11s =  -0.079605
|Q2| =   0.120758  Q20  =  -0.056423  Q21c =  -0.043019  Q21s =   0.076724
                   Q22c =  -0.036304  Q22s =  -0.048412

H          x = -4.620772  y = -1.052291  z =  0.625258 angstrom
           Maximum rank =  2   Radius =  0.350 angstrom
                   Q00  =   0.056769
|Q1| =   0.125262  Q10  =  -0.023658  Q11c =   0.122563  Q11s =   0.010447
|Q2| =   0.152978  Q20  =  -0.090718  Q21c =  -0.056780  Q21s =   0.016528
                   Q22c =   0.106544  Q22s =   0.017993

H          x = -3.945439  y =  3.134183  z = -3.093095 angstrom
           Maximum rank =  2   Radius =  0.350 angstrom
                   Q00  =   0.054697
|Q1| =   0.124998  Q10  =   0.012587  Q11c =   0.104044  Q11s =  -0.068124
|Q2| =   0.163447  Q20  =  -0.117785  Q21c =   0.006720  Q21s =  -0.006223
                   Q22c =   0.046288  Q22s =  -0.103030

H          x = -2.294532  y = -5.851005  z =  2.523156 angstrom
           Maximum rank =  2   Radius =  0.350 angstrom
                   Q00  =   0.037994
|Q1| =   0.114641  Q10  =  -0.022110  Q11c =   0.073972  Q11s =   0.084746
|Q2| =   0.186728  Q20  =  -0.084573  Q21c =  -0.076839  Q21s =   0.005968
                   Q22c =  -0.007599  Q22s =   0.147368

H          x = -3.446879  y = -2.964869  z = -0.413663 angstrom
           Maximum rank =  2   Radius =  0.350 angstrom
                   Q00  =   0.061856
|Q1| =   0.124269  Q10  =   0.034179  Q11c =   0.073606  Q11s =   0.094111
|Q2| =   0.142855  Q20  =  -0.085420  Q21c =   0.017148  Q21s =   0.049932
                   Q22c =  -0.053167  Q22s =   0.086585

H          x = -0.531054  y = -6.262865  z =  0.841042 angstrom
           Maximum rank =  2   Radius =  0.350 angstrom
                   Q00  =   0.037514
|Q1| =   0.115139  Q10  =   0.051014  Q11c =  -0.002342  Q11s =   0.103195
|Q2| =   0.186358  Q20  =  -0.029833  Q21c =  -0.052175  Q21s =   0.140992
                   Q22c =  -0.102346  Q22s =   0.027638

H          x = -4.084848  y =  0.665742  z = -3.118853 angstrom
           Maximum rank =  2   Radius =  0.350 angstrom
                   Q00  =   0.065739
|Q1| =   0.125276  Q10  =   0.031089  Q11c =   0.115047  Q11s =   0.038623
|Q2| =   0.145537  Q20  =  -0.097290  Q21c =   0.009001  Q21s =  -0.025781
                   Q22c =   0.052300  Q22s =   0.090746

H          x = -1.031754  y = -2.839178  z = -0.902635 angstrom
           Maximum rank =  2   Radius =  0.350 angstrom
                   Q00  =   0.082495
|Q1| =   0.125661  Q10  =   0.073663  Q11c =  -0.031045  Q11s =   0.096957
|Q2| =   0.103555  Q20  =  -0.050141  Q21c =  -0.030603  Q21s =   0.026067
                   Q22c =  -0.041415  Q22s =  -0.069845

H          x =  1.223269  y = -4.569355  z =  0.420312 angstrom
           Maximum rank =  2   Radius =  0.350 angstrom
                   Q00  =   0.051941
|Q1| =   0.122087  Q10  =   0.072647  Q11c =  -0.082582  Q11s =   0.052990
|Q2| =   0.150673  Q20  =   0.004994  Q21c =  -0.143299  Q21s =   0.036343
                   Q22c =   0.024709  Q22s =   0.014543

H          x = -2.038193  y = -0.709554  z = -3.035530 angstrom
           Maximum rank =  2   Radius =  0.350 angstrom
                   Q00  =   0.104486
|Q1| =   0.131443  Q10  =   0.077192  Q11c =   0.017738  Q11s =   0.104900
|Q2| =   0.127657  Q20  =  -0.040058  Q21c =  -0.020447  Q21s =  -0.079413
                   Q22c =  -0.085258  Q22s =   0.026424

C          x = -0.709547  y =  2.608185  z =  1.215342 angstrom
           Maximum rank =  2   Radius =  0.650 angstrom
                   Q00  =   0.354018
|Q1| =   0.621647  Q10  =  -0.236506  Q11c =   0.514518  Q11s =  -0.256480
|Q2| =   0.818654  Q20  =  -0.499548  Q21c =  -0.380084  Q21s =   0.368046
                   Q22c =   0.337131  Q22s =  -0.164521

C          x =  1.367651  y =  4.054785  z = -2.984057 angstrom
           Maximum rank =  2   Radius =  0.650 angstrom
                   Q00  =   0.355985
|Q1| =   0.609590  Q10  =   0.003238  Q11c =   0.266571  Q11s =  -0.548206
|Q2| =   0.824843  Q20  =  -0.703092  Q21c =  -0.026500  Q21s =  -0.043121
                   Q22c =  -0.168008  Q22s =  -0.394003

C          x = -0.973644  y = -1.015341  z =  4.516354 angstrom
           Maximum rank =  2   Radius =  0.650 angstrom
                   Q00  =  -0.016226
|Q1| =   0.121339  Q10  =  -0.093934  Q11c =   0.075996  Q11s =  -0.011145
|Q2| =   1.190892  Q20  =  -0.108122  Q21c =  -0.816837  Q21s =   0.610127
                   Q22c =  -0.102225  Q22s =   0.597165

C          x =  0.393156  y =  3.454148  z =  1.311036 angstrom
           Maximum rank =  2   Radius =  0.650 angstrom
                   Q00  =   0.345646
|Q1| =   0.609163  Q10  =  -0.256237  Q11c =   0.063136  Q11s =  -0.549032
|Q2| =   0.875013  Q20  =  -0.426256  Q21c =  -0.171819  Q21s =   0.606874
                   Q22c =  -0.427794  Q22s =  -0.055937

C          x =  2.758348  y =  4.142306  z = -3.016729 angstrom
           Maximum rank =  2   Radius =  0.650 angstrom
                   Q00  =   0.343293
|Q1| =   0.597987  Q10  =   0.012911  Q11c =  -0.266174  Q11s =  -0.535326
|Q2| =   0.898109  Q20  =  -0.684635  Q21c =  -0.045924  Q21s =  -0.048586
                   Q22c =  -0.351402  Q22s =   0.458173

C          x = -0.483212  y =  0.204535  z =  4.976634 angstrom
           Maximum rank =  2   Radius =  0.650 angstrom
                   Q00  =  -0.027005
|Q1| =   0.086501  Q10  =  -0.070806  Q11c =   0.035695  Q11s =  -0.034565
|Q2| =   1.212554  Q20  =  -0.071489  Q21c =  -0.828198  Q21s =   0.705803
                   Q22c =  -0.110729  Q22s =   0.518503

C          x =  1.646594  y =  3.037962  z =  0.857887 angstrom
           Maximum rank =  2   Radius =  0.650 angstrom
                   Q00  =   0.352526
|Q1| =   0.609547  Q10  =  -0.099991  Q11c =  -0.465281  Q11s =  -0.380871
|Q2| =   0.828402  Q20  =  -0.464084  Q21c =  -0.134687  Q21s =   0.243735
                   Q22c =   0.171993  Q22s =   0.603115

C          x =  3.541413  y =  2.986311  z = -3.033574 angstrom
           Maximum rank =  2   Radius =  0.650 angstrom
                   Q00  =   0.341587
|Q1| =   0.602269  Q10  =   0.013498  Q11c =  -0.600156  Q11s =  -0.048560
|Q2| =   0.901842  Q20  =  -0.687278  Q21c =  -0.088925  Q21s =  -0.009686
                   Q22c =   0.568966  Q22s =   0.096149

C          x =  0.663857  y =  0.764613  z =  4.411077 angstrom
           Maximum rank =  2   Radius =  0.650 angstrom
                   Q00  =  -0.014022
|Q1| =   0.112592  Q10  =  -0.102908  Q11c =  -0.016472  Q11s =  -0.042608
|Q2| =   1.092995  Q20  =  -0.053272  Q21c =  -0.663614  Q21s =   0.583689
                   Q22c =  -0.175780  Q22s =   0.616299

C          x =  2.941693  y =  1.724543  z = -3.008722 angstrom
           Maximum rank =  2   Radius =  0.650 angstrom
                   Q00  =   0.326800
|Q1| =   0.639170  Q10  =  -0.010301  Q11c =  -0.408763  Q11s =   0.491268
|Q2| =   0.905962  Q20  =  -0.791999  Q21c =  -0.101203  Q21s =   0.036045
                   Q22c =  -0.099924  Q22s =  -0.414704

C          x =  1.331745  y =  0.118185  z =  3.369267 angstrom
           Maximum rank =  2   Radius =  0.650 angstrom
                   Q00  =   0.024849
|Q1| =   0.216220  Q10  =  -0.146073  Q11c =  -0.154481  Q11s =   0.039363
|Q2| =   0.840893  Q20  =  -0.066199  Q21c =  -0.525852  Q21s =   0.354021
                   Q22c =  -0.203201  Q22s =   0.509487

C          x =  1.812890  y =  1.769385  z =  0.298676 angstrom
           Maximum rank =  2   Radius =  0.650 angstrom
                   Q00  =   0.353858
|Q1| =   0.622791  Q10  =   0.065489  Q11c =  -0.591372  Q11s =   0.184008
|Q2| =   0.763272  Q20  =  -0.300205  Q21c =  -0.549906  Q21s =   0.249698
                   Q22c =   0.356900  Q22s =  -0.018387

H          x =  3.561641  y =  0.833535  z = -3.028534 angstrom
           Maximum rank =  2   Radius =  0.350 angstrom
                   Q00  =   0.067432
|Q1| =   0.132214  Q10  =   0.016362  Q11c =  -0.095043  Q11s =   0.090442
|Q2| =   0.134226  Q20  =  -0.104954  Q21c =  -0.009210  Q21s =  -0.016763
                   Q22c =  -0.039259  Q22s =  -0.071374

H          x =  2.216916  y =  0.569909  z =  2.938213 angstrom
           Maximum rank =  2   Radius =  0.350 angstrom
                   Q00  =   0.092439
|Q1| =   0.128836  Q10  =  -0.026725  Q11c =  -0.125794  Q11s =  -0.007759
|Q2| =   0.135697  Q20  =  -0.004339  Q21c =  -0.083650  Q21s =  -0.076371
                   Q22c =  -0.013700  Q22s =   0.073330

H          x =  2.790865  y =  1.465790  z = -0.056448 angstrom
           Maximum rank =  2   Radius =  0.350 angstrom
                   Q00  =   0.097414
|Q1| =   0.129118  Q10  =  -0.014867  Q11c =  -0.121660  Q11s =   0.040611
|Q2| =   0.104410  Q20  =  -0.000783  Q21c =  -0.093187  Q21s =  -0.010675
                   Q22c =   0.043787  Q22s =  -0.013625

H          x =  2.496168  y =  3.707358  z =  0.931588 angstrom
           Maximum rank =  2   Radius =  0.350 angstrom
                   Q00  =   0.068498
|Q1| =   0.125195  Q10  =  -0.037883  Q11c =  -0.090772  Q11s =  -0.077453
|Q2| =   0.135070  Q20  =  -0.060289  Q21c =  -0.024341  Q21s =   0.020661
                   Q22c =   0.032598  Q22s =   0.111925

H          x =  4.622091  y =  3.068768  z = -3.070986 angstrom
           Maximum rank =  2   Radius =  0.350 angstrom
                   Q00  =   0.053161
|Q1| =   0.124716  Q10  =   0.009777  Q11c =  -0.123668  Q11s =  -0.012834
|Q2| =   0.167709  Q20  =  -0.120795  Q21c =  -0.010195  Q21s =  -0.004467
                   Q22c =   0.114622  Q22s =   0.016518

H          x =  1.038141  y =  1.712800  z =  4.779817 angstrom
           Maximum rank =  2   Radius =  0.350 angstrom
                   Q00  =   0.052031
|Q1| =   0.117768  Q10  =  -0.071995  Q11c =  -0.042333  Q11s =  -0.083029
|Q2| =   0.159647  Q20  =  -0.035582  Q21c =  -0.016182  Q21s =   0.070507
                   Q22c =  -0.090550  Q22s =   0.103869

H          x =  0.278431  y =  4.443004  z =  1.741423 angstrom
           Maximum rank =  2   Radius =  0.350 angstrom
                   Q00  =   0.057774
|Q1| =   0.125522  Q10  =  -0.053997  Q11c =   0.011210  Q11s =  -0.112759
|Q2| =   0.150803  Q20  =  -0.062202  Q21c =  -0.027924  Q21s =   0.100720
                   Q22c =  -0.088039  Q22s =  -0.014042

H          x =  3.236680  y =  5.115337  z = -3.036593 angstrom
           Maximum rank =  2   Radius =  0.350 angstrom
                   Q00  =   0.053848
|Q1| =   0.124216  Q10  =   0.008368  Q11c =  -0.057616  Q11s =  -0.109727
|Q2| =   0.167587  Q20  =  -0.119692  Q21c =  -0.006390  Q21s =  -0.002683
                   Q22c =  -0.072378  Q22s =   0.092047

H          x = -0.991268  y =  0.719935  z =  5.784314 angstrom
           Maximum rank =  2   Radius =  0.350 angstrom
                   Q00  =   0.039267
|Q1| =   0.115754  Q10  =  -0.093635  Q11c =   0.047860  Q11s =  -0.048382
|Q2| =   0.181481  Q20  =   0.035390  Q21c =  -0.129452  Q21s =   0.119941
                   Q22c =  -0.009851  Q22s =  -0.021034

H          x = -1.679568  y =  2.930683  z =  1.577079 angstrom
           Maximum rank =  2   Radius =  0.350 angstrom
                   Q00  =   0.075235
|Q1| =   0.128158  Q10  =  -0.051960  Q11c =   0.100255  Q11s =  -0.060609
|Q2| =   0.121188  Q20  =  -0.064149  Q21c =  -0.058893  Q21s =   0.039999
                   Q22c =   0.068365  Q22s =  -0.028799

H          x =  0.764225  y =  4.955911  z = -2.979086 angstrom
           Maximum rank =  2   Radius =  0.350 angstrom
                   Q00  =   0.070957
|Q1| =   0.128143  Q10  =   0.011883  Q11c =   0.047598  Q11s =  -0.118380
|Q2| =   0.137798  Q20  =  -0.109792  Q21c =  -0.007151  Q21s =   0.001110
                   Q22c =  -0.022748  Q22s =  -0.079777

H          x = -1.856299  y = -1.455679  z =  4.967313 angstrom
           Maximum rank =  2   Radius =  0.350 angstrom
                   Q00  =   0.050294
|Q1| =   0.118813  Q10  =  -0.071541  Q11c =   0.087335  Q11s =   0.037028
|Q2| =   0.161566  Q20  =  -0.039269  Q21c =  -0.107712  Q21s =   0.011986
                   Q22c =   0.038632  Q22s =   0.106412

C          x =  1.045070  y = -0.653921  z = -1.865774 angstrom
           Maximum rank =  2   Radius =  0.650 angstrom
                   Q00  =   0.064627
|Q1| =   0.184934  Q10  =   0.046530  Q11c =  -0.104945  Q11s =   0.144990
|Q2| =   0.273488  Q20  =   0.140399  Q21c =  -0.149998  Q21s =  -0.121587
                   Q22c =  -0.076001  Q22s =  -0.109659

C          x =  2.806594  y = -2.535394  z =  2.325269 angstrom
           Maximum rank =  2   Radius =  0.650 angstrom
                   Q00  =   0.023417
|Q1| =   0.069099  Q10  =   0.010432  Q11c =  -0.067310  Q11s =   0.011628
|Q2| =   0.172996  Q20  =  -0.091092  Q21c =   0.058615  Q21s =   0.004984
                   Q22c =   0.106173  Q22s =  -0.083046

C          x =  1.653410  y = -1.452960  z =  0.394870 angstrom
           Maximum rank =  2   Radius =  0.650 angstrom
                   Q00  =   0.039912
|Q1| =   0.144619  Q10  =   0.031563  Q11c =  -0.114890  Q11s =   0.081967
|Q2| =   0.269981  Q20  =   0.005238  Q21c =   0.018573  Q21s =  -0.166550
                   Q22c =  -0.066481  Q22s =  -0.200895

C          x =  0.884205  y = -0.346249  z = -4.337103 angstrom
           Maximum rank =  2   Radius =  0.650 angstrom
                   Q00  =   0.078634
|Q1| =   0.202077  Q10  =   0.072781  Q11c =  -0.053693  Q11s =   0.180707
|Q2| =   0.320772  Q20  =  -0.031310  Q21c =  -0.060317  Q21s =   0.210834
                   Q22c =  -0.193457  Q22s =  -0.128063

H          x =  1.899543  y = -0.746224  z = -4.413726 angstrom
           Maximum rank =  2   Radius =  0.350 angstrom
                   Q00  =   0.037539
|Q1| =   0.144137  Q10  =   0.061168  Q11c =  -0.100149  Q11s =   0.083690
|Q2| =   0.133165  Q20  =  -0.062985  Q21c =  -0.003665  Q21s =   0.016541
                   Q22c =   0.092238  Q22s =  -0.070505

H          x =  0.180816  y = -1.176812  z = -4.440107 angstrom
           Maximum rank =  2   Radius =  0.350 angstrom
                   Q00  =   0.041431
|Q1| =   0.142215  Q10  =   0.067149  Q11c =   0.037742  Q11s =   0.119548
|Q2| =   0.139531  Q20  =  -0.064140  Q21c =  -0.010655  Q21s =   0.014433
                   Q22c =  -0.002315  Q22s =   0.122588

H          x =  0.725398  y =  0.343423  z = -5.168341 angstrom
           Maximum rank =  2   Radius =  0.350 angstrom
                   Q00  =   0.107378
|Q1| =   0.163766  Q10  =   0.150834  Q11c =  -0.021447  Q11s =   0.060070
|Q2| =   0.166024  Q20  =  -0.013654  Q21c =   0.022768  Q21s =  -0.097060
                   Q22c =  -0.116152  Q22s =  -0.062827

Ac         x =  2.156049  y =  2.889235  z = -2.993685 angstrom
           Maximum rank =  2   Radius =  0.650 angstrom
                   Q00  =  -0.963665
|Q1| =   0.038553  Q10  =   0.002437  Q11c =  -0.031898  Q11s =  -0.021516
|Q2| =   0.460578  Q20  =   0.458448  Q21c =   0.019293  Q21s =   0.005290
                   Q22c =   0.015193  Q22s =   0.036423

A1         x =  2.183090  y =  2.898042  z = -1.994090 angstrom
           Maximum rank =  2   Radius =  0.650 angstrom
                   Q00  =  -0.709791
|Q1| =   0.211484  Q10  =  -0.154743  Q11c =  -0.137149  Q11s =  -0.044388
|Q2| =   0.542070  Q20  =   0.455828  Q21c =  -0.227533  Q21s =  -0.045489
                   Q22c =   0.101340  Q22s =   0.148156

A-1        x =  2.129008  y =  2.880428  z = -3.993281 angstrom
           Maximum rank =  2   Radius =  0.650 angstrom
                   Q00  =  -0.630333
|Q1| =   0.110341  Q10  =   0.021364  Q11c =  -0.094313  Q11s =  -0.053138
|Q2| =   0.641820  Q20  =   0.611715  Q21c =   0.109025  Q21s =   0.023424
                   Q22c =   0.080018  Q22s =   0.137479

Bc         x =  0.328674  y =  1.641053  z = -2.962279 angstrom
           Maximum rank =  2   Radius =  0.650 angstrom
                   Q00  =  -1.102157
|Q1| =   0.022362  Q10  =   0.001255  Q11c =  -0.007647  Q11s =   0.020976
|Q2| =   0.387006  Q20  =   0.381070  Q21c =  -0.000284  Q21s =  -0.004092
                   Q22c =   0.056651  Q22s =   0.036512

B1         x =  0.331795  y =  1.635792  z = -1.962298 angstrom
           Maximum rank =  2   Radius =  0.650 angstrom
                   Q00  =  -0.646240
|Q1| =   0.076801  Q10  =   0.011067  Q11c =  -0.074935  Q11s =   0.012679
|Q2| =   0.498630  Q20  =   0.442639  Q21c =  -0.148073  Q21s =   0.014382
                   Q22c =   0.003824  Q22s =   0.174803

B-1        x =  0.325554  y =  1.646315  z = -3.962260 angstrom
           Maximum rank =  2   Radius =  0.650 angstrom
                   Q00  =  -0.698652
|Q1| =   0.172598  Q10  =   0.106434  Q11c =  -0.040490  Q11s =   0.129701
|Q2| =   0.464348  Q20  =   0.310623  Q21c =   0.079573  Q21s =  -0.258839
                   Q22c =   0.182420  Q22s =   0.111918

Cc         x = -1.878606  y =  1.773609  z = -3.013142 angstrom
           Maximum rank =  2   Radius =  0.650 angstrom
                   Q00  =  -0.960797
|Q1| =   0.040187  Q10  =   0.005397  Q11c =   0.039464  Q11s =  -0.005334
|Q2| =   0.459414  Q20  =   0.456548  Q21c =  -0.032757  Q21s =  -0.009219
                   Q22c =   0.038173  Q22s =  -0.003168

C1         x = -1.924386  y =  1.769486  z = -2.014199 angstrom
           Maximum rank =  2   Radius =  0.650 angstrom
                   Q00  =  -0.640445
|Q1| =   0.155049  Q10  =  -0.037664  Q11c =   0.133346  Q11s =  -0.069573
|Q2| =   0.561814  Q20  =   0.511801  Q21c =   0.144372  Q21s =  -0.173510
                   Q22c =   0.051956  Q22s =   0.006819

C-1        x = -1.832827  y =  1.777732  z = -4.012085 angstrom
           Maximum rank =  2   Radius =  0.650 angstrom
                   Q00  =  -0.628757
|Q1| =   0.112709  Q10  =   0.022829  Q11c =   0.110372  Q11s =  -0.000079
|Q2| =   0.639058  Q20  =   0.604416  Q21c =  -0.125833  Q21s =  -0.031542
                   Q22c =   0.161900  Q22s =   0.006013

Dc         x =  0.552896  y =  2.189296  z =  0.755439 angstrom
           Maximum rank =  2   Radius =  0.650 angstrom
                   Q00  =  -0.961350
|Q1| =   0.040139  Q10  =  -0.014661  Q11c =  -0.013471  Q11s =  -0.034853
|Q2| =   0.459531  Q20  =   0.335597  Q21c =   0.159404  Q21s =  -0.260613
                   Q22c =  -0.062857  Q22s =  -0.035552

D1         x =  0.758291  y =  1.816189  z =  1.660206 angstrom
           Maximum rank =  2   Radius =  0.650 angstrom
                   Q00  =  -0.742943
|Q1| =   0.261876  Q10  =  -0.233478  Q11c =  -0.118151  Q11s =  -0.010368
|Q2| =   0.436877  Q20  =   0.193367  Q21c =   0.085144  Q21s =  -0.291083
                   Q22c =  -0.225808  Q22s =   0.102485

D-1        x =  0.347501  y =  2.562403  z = -0.149328 angstrom
           Maximum rank =  2   Radius =  0.650 angstrom
                   Q00  =  -0.637438
|Q1| =   0.158664  Q10  =  -0.035279  Q11c =   0.009988  Q11s =  -0.154369
|Q2| =   0.598523  Q20  =   0.556547  Q21c =   0.154390  Q21s =  -0.143965
                   Q22c =  -0.005191  Q22s =   0.062424

Ec         x = -0.302609  y =  0.236342  z =  0.164894 angstrom
           Maximum rank =  2   Radius =  0.650 angstrom
                   Q00  =  -1.101872
|Q1| =   0.022119  Q10  =   0.007115  Q11c =  -0.015311  Q11s =   0.014290
|Q2| =   0.386765  Q20  =   0.272964  Q21c =   0.152792  Q21s =  -0.224102
                   Q22c =  -0.037476  Q22s =   0.010331

E1         x = -0.086341  y = -0.120958  z =  1.073500 angstrom
           Maximum rank =  2   Radius =  0.650 angstrom
                   Q00  =  -0.747776
|Q1| =   0.190340  Q10  =  -0.155922  Q11c =  -0.073595  Q11s =   0.080631
|Q2| =   0.299099  Q20  =   0.143406  Q21c =   0.139931  Q21s =  -0.177010
                   Q22c =  -0.072292  Q22s =   0.112940

E-1        x = -0.518877  y =  0.593642  z = -0.743712 angstrom
           Maximum rank =  2   Radius =  0.650 angstrom
                   Q00  =  -0.665917
|Q1| =   0.087149  Q10  =   0.043722  Q11c =   0.014833  Q11s =   0.073914
|Q2| =   0.484615  Q20  =   0.198152  Q21c =   0.108126  Q21s =  -0.424376
                   Q22c =  -0.014620  Q22s =   0.059898

Fc         x = -2.197871  y = -0.904740  z =  0.141036 angstrom
           Maximum rank =  2   Radius =  0.650 angstrom
                   Q00  =  -0.962939
|Q1| =   0.039281  Q10  =   0.000703  Q11c =   0.033889  Q11s =   0.019850
|Q2| =   0.460164  Q20  =   0.328924  Q21c =   0.153467  Q21s =  -0.280468
                   Q22c =  -0.023824  Q22s =  -0.027882

F1         x = -1.996234  y = -1.274970  z =  1.047828 angstrom
           Maximum rank =  2   Radius =  0.650 angstrom
                   Q00  =  -0.690368
|Q1| =   0.176766  Q10  =  -0.119717  Q11c =   0.065397  Q11s =   0.112416
|Q2| =   0.483576  Q20  =   0.297669  Q21c =   0.277786  Q21s =  -0.252200
                   Q22c =   0.062294  Q22s =   0.024267

F-1        x = -2.399508  y = -0.534510  z = -0.765757 angstrom
           Maximum rank =  2   Radius =  0.650 angstrom
                   Q00  =  -0.723815
|Q1| =   0.231530  Q10  =   0.184138  Q11c =   0.132973  Q11s =   0.044917
|Q2| =   0.543027  Q20  =   0.198365  Q21c =   0.053899  Q21s =  -0.476144
                   Q22c =  -0.112507  Q22s =   0.115125

Total multipoles referred to origin at
           x =   0.000000,  y =    0.000000,  z =    0.000000 angstrom
                   Q00  =  -0.000045
|Q1| =   0.163927  Q10  =  -0.064733  Q11c =   0.118855  Q11s =  -0.092495
|Q2| =  23.377143  Q20  = -17.535741  Q21c =  -8.628252  Q21s =  12.306951
                   Q22c =   1.082953  Q22s =   3.450800

CPU time used:     14m 1.233s          Total:     14m 1.233s

Finished at 10:50:49 on 24 Mar 2026 
