                                     G D M A
                                 by Anthony Stone

               Distributed Multipoles from Gaussian wavefunctions

                             version 2.3.3 (6b8e81e)
              Compiled with gfortran on 29 May 2025 at 12:54:22

Starting at 10:34:21 on 21 Aug 2026 


Using SCF density matrix from file f4.fchk


                         Distributed Multipole Analysis

Standard DMA for products of primitives with exponent greater than 4.00000
Using 80-point Euler-MacLaurin radial quadrature
Using 590-point Lebedev quadrature
Becke smoothing parameter = 3

Positions and radii in angstrom
Multipole moments in atomic units, ea_0^k for rank k

C          x =  0.510161  y =  0.195167  z = -1.668597 angstrom
           Maximum rank =  2   Radius =  0.650 angstrom
                   Q00  =   0.344810
|Q1| =   0.732414  Q10  =   0.148992  Q11c =  -0.712551  Q11s =   0.080637
|Q2| =   0.582043  Q20  =   0.172034  Q21c =  -0.053950  Q21s =   0.090162
                   Q22c =   0.535811  Q22s =  -0.105099

C          x =  3.085302  y =  0.521824  z =  3.029024 angstrom
           Maximum rank =  2   Radius =  0.650 angstrom
                   Q00  =  -0.062175
|Q1| =   0.155245  Q10  =   0.063009  Q11c =  -0.141088  Q11s =   0.015001
|Q2| =   0.125505  Q20  =   0.061421  Q21c =  -0.086040  Q21s =   0.023865
                   Q22c =   0.063141  Q22s =  -0.004450

C          x =  1.534113  y =  0.014436  z =  0.853657 angstrom
           Maximum rank =  2   Radius =  0.650 angstrom
                   Q00  =  -0.015034
|Q1| =   0.190019  Q10  =   0.029087  Q11c =  -0.185207  Q11s =  -0.030977
|Q2| =   0.199560  Q20  =   0.052582  Q21c =   0.091255  Q21s =  -0.022814
                   Q22c =   0.165850  Q22s =   0.026554

H          x =  2.405370  y = -0.629477  z = -1.001066 angstrom
           Maximum rank =  2   Radius =  0.350 angstrom
                   Q00  =   0.057348
|Q1| =   0.157125  Q10  =   0.048595  Q11c =  -0.128380  Q11s =   0.076455
|Q2| =   0.082398  Q20  =   0.022883  Q21c =   0.007747  Q21s =   0.024170
                   Q22c =  -0.025048  Q22s =  -0.070669

H          x =  2.280483  y =  1.109964  z = -0.866867 angstrom
           Maximum rank =  2   Radius =  0.350 angstrom
                   Q00  =   0.059172
|Q1| =   0.157905  Q10  =   0.034091  Q11c =  -0.118950  Q11s =  -0.098095
|Q2| =   0.081661  Q20  =  -0.006754  Q21c =   0.040983  Q21s =  -0.033880
                   Q22c =  -0.039162  Q22s =   0.047558

C          x =  0.217845  y = -0.183115  z = -4.345769 angstrom
           Maximum rank =  2   Radius =  0.650 angstrom
                   Q00  =   0.330791
|Q1| =   0.737504  Q10  =   0.046590  Q11c =  -0.701557  Q11s =  -0.222618
|Q2| =   0.577689  Q20  =   0.139407  Q21c =   0.035630  Q21s =   0.052535
                   Q22c =   0.451863  Q22s =   0.325700

H          x =  3.294435  y =  1.272095  z =  1.034380 angstrom
           Maximum rank =  2   Radius =  0.350 angstrom
                   Q00  =   0.052459
|Q1| =   0.153866  Q10  =   0.072252  Q11c =  -0.091603  Q11s =  -0.100317
|Q2| =   0.092532  Q20  =   0.023954  Q21c =   0.026893  Q21s =  -0.040659
                   Q22c =  -0.059799  Q22s =   0.045122

H          x =  1.696992  y =  0.988042  z = -3.281398 angstrom
           Maximum rank =  2   Radius =  0.350 angstrom
                   Q00  =   0.062349
|Q1| =   0.160186  Q10  =   0.035044  Q11c =  -0.122794  Q11s =  -0.096711
|Q2| =   0.076686  Q20  =   0.005026  Q21c =  -0.006886  Q21s =   0.012017
                   Q22c =  -0.045680  Q22s =   0.059808

H          x =  3.615626  y = -0.443338  z =  1.163665 angstrom
           Maximum rank =  2   Radius =  0.350 angstrom
                   Q00  =   0.052403
|Q1| =   0.153617  Q10  =   0.056521  Q11c =  -0.121016  Q11s =   0.075885
|Q2| =   0.086259  Q20  =  -0.014677  Q21c =   0.017344  Q21s =   0.063764
                   Q22c =  -0.010362  Q22s =  -0.052452

H          x =  1.857782  y = -0.743834  z = -3.088214 angstrom
           Maximum rank =  2   Radius =  0.350 angstrom
                   Q00  =   0.061548
|Q1| =   0.160871  Q10  =   0.010844  Q11c =  -0.143027  Q11s =   0.072837
|Q2| =   0.083423  Q20  =   0.001018  Q21c =   0.037870  Q21s =   0.020241
                   Q22c =  -0.025052  Q22s =  -0.066984

C          x = -0.564584  y = -0.846283  z = -1.365379 angstrom
           Maximum rank =  2   Radius =  0.650 angstrom
                   Q00  =   0.749820
|Q1| =   0.640860  Q10  =   0.047047  Q11c =  -0.524950  Q11s =   0.364577
|Q2| =   0.757500  Q20  =  -0.220425  Q21c =  -0.059248  Q21s =  -0.093990
                   Q22c =  -0.568163  Q22s =   0.435965

C          x =  2.343083  y = -0.495478  z =  3.892960 angstrom
           Maximum rank =  2   Radius =  0.650 angstrom
                   Q00  =  -0.056930
|Q1| =   0.102103  Q10  =   0.002833  Q11c =  -0.083562  Q11s =   0.058603
|Q2| =   1.081553  Q20  =  -0.302714  Q21c =  -0.815714  Q21s =  -0.209821
                   Q22c =  -0.600972  Q22s =  -0.086836

C          x = -0.318096  y = -1.612944  z = -4.387316 angstrom
           Maximum rank =  2   Radius =  0.650 angstrom
                   Q00  =   0.726546
|Q1| =   0.688054  Q10  =   0.004710  Q11c =  -0.679914  Q11s =   0.105416
|Q2| =   0.856104  Q20  =  -0.378307  Q21c =  -0.003964  Q21s =   0.033647
                   Q22c =  -0.753438  Q22s =  -0.144848

C          x =  1.106267  y = -1.411777  z =  1.198603 angstrom
           Maximum rank =  2   Radius =  0.650 angstrom
                   Q00  =  -0.038889
|Q1| =   0.144879  Q10  =   0.017144  Q11c =  -0.132418  Q11s =   0.056226
|Q2| =   0.865147  Q20  =  -0.615329  Q21c =  -0.498412  Q21s =  -0.075955
                   Q22c =  -0.312927  Q22s =  -0.133202

C          x = -1.725594  y = -1.618872  z = -4.397761 angstrom
           Maximum rank =  2   Radius =  0.650 angstrom
                   Q00  =   0.753190
|Q1| =   0.635266  Q10  =   0.051422  Q11c =   0.623414  Q11s =   0.110789
|Q2| =   0.786774  Q20  =  -0.307072  Q21c =  -0.092242  Q21s =   0.023760
                   Q22c =  -0.711402  Q22s =   0.097749

C          x = -0.122648  y = -1.411493  z =  1.882349 angstrom
           Maximum rank =  2   Radius =  0.650 angstrom
                   Q00  =   0.025104
|Q1| =   0.202631  Q10  =  -0.196464  Q11c =  -0.001882  Q11s =   0.049577
|Q2| =   0.701233  Q20  =  -0.508055  Q21c =  -0.359601  Q21s =  -0.131378
                   Q22c =  -0.287706  Q22s =   0.065264

C          x =  1.398310  y =  0.148232  z =  4.715639 angstrom
           Maximum rank =  2   Radius =  0.650 angstrom
                   Q00  =  -0.035196
|Q1| =   0.115628  Q10  =  -0.090978  Q11c =   0.071243  Q11s =  -0.004151
|Q2| =   1.074197  Q20  =  -0.263462  Q21c =  -0.882773  Q21s =  -0.255603
                   Q22c =  -0.486650  Q22s =   0.055102

C          x = -1.793333  y = -0.218050  z = -1.087026 angstrom
           Maximum rank =  2   Radius =  0.650 angstrom
                   Q00  =   0.752132
|Q1| =   0.652669  Q10  =  -0.167018  Q11c =   0.604428  Q11s =  -0.180965
|Q2| =   0.812336  Q20  =  -0.340879  Q21c =  -0.054812  Q21s =  -0.204465
                   Q22c =  -0.376811  Q22s =   0.597407

C          x = -1.617907  y =  1.233023  z = -1.188470 angstrom
           Maximum rank =  2   Radius =  0.650 angstrom
                   Q00  =   0.756934
|Q1| =   0.636395  Q10  =  -0.193255  Q11c =   0.606273  Q11s =   0.009187
|Q2| =   0.784155  Q20  =  -0.339003  Q21c =   0.117290  Q21s =   0.054375
                   Q22c =  -0.598675  Q22s =  -0.353342

C          x =  1.488622  y =  1.594567  z =  4.492199 angstrom
           Maximum rank =  2   Radius =  0.650 angstrom
                   Q00  =  -0.034516
|Q1| =   0.115570  Q10  =  -0.084959  Q11c =   0.071050  Q11s =  -0.033017
|Q2| =   1.085514  Q20  =  -0.342804  Q21c =  -0.831791  Q21s =   0.034350
                   Q22c =  -0.570339  Q22s =  -0.206114

C          x = -0.570889  y = -0.024368  z =  2.029461 angstrom
           Maximum rank =  2   Radius =  0.650 angstrom
                   Q00  =   0.009420
|Q1| =   0.192296  Q10  =  -0.179367  Q11c =   0.067752  Q11s =   0.014656
|Q2| =   0.788457  Q20  =  -0.433424  Q21c =  -0.603091  Q21s =   0.033804
                   Q22c =  -0.169845  Q22s =  -0.200246

C          x = -2.195714  y = -0.230004  z = -4.397761 angstrom
           Maximum rank =  2   Radius =  0.650 angstrom
                   Q00  =   0.747801
|Q1| =   0.650462  Q10  =   0.020176  Q11c =   0.578560  Q11s =   0.296582
|Q2| =   0.813744  Q20  =  -0.360277  Q21c =   0.016597  Q21s =  -0.069262
                   Q22c =  -0.106844  Q22s =  -0.718256

C          x =  0.381427  y =  0.827496  z =  1.438358 angstrom
           Maximum rank =  2   Radius =  0.650 angstrom
                   Q00  =   0.044789
|Q1| =   0.257195  Q10  =  -0.191336  Q11c =  -0.148767  Q11s =  -0.086071
|Q2| =   0.508528  Q20  =  -0.335186  Q21c =  -0.261619  Q21s =   0.046386
                   Q22c =  -0.245974  Q22s =  -0.123090

C          x = -1.076714  y =  0.625329  z = -4.397761 angstrom
           Maximum rank =  2   Radius =  0.650 angstrom
                   Q00  =   0.749455
|Q1| =   0.652238  Q10  =   0.075769  Q11c =  -0.450489  Q11s =  -0.465546
|Q2| =   0.785095  Q20  =  -0.263187  Q21c =   0.112254  Q21s =   0.065106
                   Q22c =  -0.347158  Q22s =  -0.640116

C          x =  2.482201  y =  1.834847  z =  3.524593 angstrom
           Maximum rank =  2   Radius =  0.650 angstrom
                   Q00  =  -0.057724
|Q1| =   0.120756  Q10  =   0.032438  Q11c =  -0.101523  Q11s =  -0.056770
|Q2| =   1.073312  Q20  =  -0.382541  Q21c =  -0.805030  Q21s =  -0.044866
                   Q22c =  -0.595867  Q22s =  -0.022723

C          x = -0.278985  y =  1.496596  z = -1.528401 angstrom
           Maximum rank =  2   Radius =  0.650 angstrom
                   Q00  =   0.727754
|Q1| =   0.688962  Q10  =   0.154715  Q11c =  -0.628720  Q11s =  -0.235464
|Q2| =   0.850324  Q20  =  -0.368641  Q21c =   0.038265  Q21s =  -0.006929
                   Q22c =  -0.748103  Q22s =  -0.161193

C          x =  0.163933  y =  2.800835  z = -1.691771 angstrom
           Maximum rank =  2   Radius =  0.650 angstrom
                   Q00  =   0.296994
|Q1| =   0.657306  Q10  =   0.151493  Q11c =  -0.610462  Q11s =  -0.190886
|Q2| =   0.928347  Q20  =  -0.736089  Q21c =  -0.423101  Q21s =  -0.079056
                   Q22c =   0.314057  Q22s =   0.190010

C          x =  2.808884  y =  3.132813  z =  3.158432 angstrom
           Maximum rank =  2   Radius =  0.650 angstrom
                   Q00  =  -0.057527
|Q1| =   0.123037  Q10  =   0.078613  Q11c =  -0.058630  Q11s =  -0.074301
|Q2| =   1.195420  Q20  =  -0.426112  Q21c =  -1.024819  Q21s =  -0.062633
                   Q22c =  -0.436837  Q22s =   0.049540

C          x = -1.248296  y =  2.000314  z = -4.485092 angstrom
           Maximum rank =  2   Radius =  0.650 angstrom
                   Q00  =   0.376973
|Q1| =   0.592528  Q10  =   0.156178  Q11c =  -0.432537  Q11s =  -0.373644
|Q2| =   0.651217  Q20  =  -0.431821  Q21c =   0.107794  Q21s =   0.127306
                   Q22c =   0.016818  Q22s =   0.457717

C          x =  0.195316  y =  2.203108  z =  1.459709 angstrom
           Maximum rank =  2   Radius =  0.650 angstrom
                   Q00  =   0.043784
|Q1| =   0.251367  Q10  =  -0.177692  Q11c =  -0.151519  Q11s =  -0.093020
|Q2| =   0.532336  Q20  =  -0.326949  Q21c =  -0.321803  Q21s =  -0.190279
                   Q22c =  -0.170210  Q22s =  -0.088038

C          x = -0.740187  y =  3.853542  z = -1.511444 angstrom
           Maximum rank =  2   Radius =  0.650 angstrom
                   Q00  =   0.324755
|Q1| =   0.611478  Q10  =   0.066483  Q11c =  -0.186346  Q11s =  -0.578585
|Q2| =   0.899851  Q20  =  -0.644722  Q21c =  -0.179833  Q21s =  -0.146042
                   Q22c =  -0.485461  Q22s =   0.323613

C          x =  2.115287  y =  4.199147  z =  3.742490 angstrom
           Maximum rank =  2   Radius =  0.650 angstrom
                   Q00  =  -0.046425
|Q1| =   0.078441  Q10  =   0.021853  Q11c =  -0.002543  Q11s =  -0.075292
|Q2| =   1.156143  Q20  =  -0.414339  Q21c =  -0.926430  Q21s =  -0.055265
                   Q22c =  -0.548569  Q22s =   0.052293

C          x = -0.947409  y =  2.727259  z =  2.063577 angstrom
           Maximum rank =  2   Radius =  0.650 angstrom
                   Q00  =  -0.001264
|Q1| =   0.188694  Q10  =  -0.160271  Q11c =   0.024933  Q11s =  -0.096422
|Q2| =   0.814863  Q20  =  -0.396073  Q21c =  -0.639356  Q21s =  -0.093999
                   Q22c =  -0.285768  Q22s =  -0.088618

C          x = -2.543142  y =  2.524504  z = -4.514370 angstrom
           Maximum rank =  2   Radius =  0.650 angstrom
                   Q00  =   0.353972
|Q1| =   0.593449  Q10  =   0.086329  Q11c =   0.122063  Q11s =  -0.574308
|Q2| =   0.780092  Q20  =  -0.526551  Q21c =   0.134427  Q21s =  -0.017468
                   Q22c =  -0.549298  Q22s =  -0.105753

C          x = -1.896439  y =  1.879435  z =  2.645406 angstrom
           Maximum rank =  2   Radius =  0.650 angstrom
                   Q00  =  -0.035034
|Q1| =   0.114349  Q10  =  -0.069868  Q11c =   0.084892  Q11s =  -0.031426
|Q2| =   1.121536  Q20  =  -0.670228  Q21c =  -0.872426  Q21s =  -0.056828
                   Q22c =  -0.172773  Q22s =  -0.120128

C          x = -3.654551  y =  1.675997  z = -4.471722 angstrom
           Maximum rank =  2   Radius =  0.650 angstrom
                   Q00  =   0.336486
|Q1| =   0.600501  Q10  =   0.024337  Q11c =   0.555539  Q11s =  -0.226683
|Q2| =   0.866989  Q20  =  -0.645120  Q21c =   0.079732  Q21s =  -0.040913
                   Q22c =   0.401911  Q22s =  -0.407341

C          x = -2.070633  y =  3.591670  z = -1.172322 angstrom
           Maximum rank =  2   Radius =  0.650 angstrom
                   Q00  =   0.329505
|Q1| =   0.614984  Q10  =  -0.080901  Q11c =   0.382313  Q11s =  -0.474866
|Q2| =   0.900136  Q20  =  -0.654679  Q21c =  -0.235176  Q21s =   0.096121
                   Q22c =  -0.117089  Q22s =  -0.550802

C          x =  1.110592  y =  3.959157  z =  4.684557 angstrom
           Maximum rank =  2   Radius =  0.650 angstrom
                   Q00  =  -0.044017
|Q1| =   0.076961  Q10  =  -0.016968  Q11c =   0.037273  Q11s =  -0.065160
|Q2| =   1.149389  Q20  =  -0.339958  Q21c =  -0.965217  Q21s =   0.080616
                   Q22c =  -0.504897  Q22s =  -0.111620

C          x = -2.519032  y =  2.278870  z = -1.009382 angstrom
           Maximum rank =  2   Radius =  0.650 angstrom
                   Q00  =   0.348190
|Q1| =   0.620520  Q10  =  -0.184054  Q11c =   0.592484  Q11s =   0.011489
|Q2| =   0.758126  Q20  =  -0.568499  Q21c =  -0.319774  Q21s =   0.001967
                   Q22c =   0.348514  Q22s =   0.166860

C          x =  0.793001  y =  2.654596  z =  5.069796 angstrom
           Maximum rank =  2   Radius =  0.650 angstrom
                   Q00  =  -0.028308
|Q1| =   0.108526  Q10  =  -0.064229  Q11c =   0.070472  Q11s =  -0.051829
|Q2| =   1.098079  Q20  =  -0.245767  Q21c =  -0.976246  Q21s =  -0.050211
                   Q22c =  -0.430789  Q22s =  -0.064963

C          x = -3.488996  y =  0.291441  z = -4.422668 angstrom
           Maximum rank =  2   Radius =  0.650 angstrom
                   Q00  =   0.340318
|Q1| =   0.608697  Q10  =  -0.003439  Q11c =   0.533868  Q11s =   0.292377
|Q2| =   0.820543  Q20  =  -0.692934  Q21c =   0.051287  Q21s =  -0.021224
                   Q22c =   0.116670  Q22s =   0.420047

C          x = -1.714324  y =  0.497085  z =  2.634090 angstrom
           Maximum rank =  2   Radius =  0.650 angstrom
                   Q00  =  -0.030638
|Q1| =   0.153276  Q10  =  -0.093489  Q11c =   0.121453  Q11s =   0.001550
|Q2| =   1.136890  Q20  =  -0.685419  Q21c =  -0.873584  Q21s =  -0.089618
                   Q22c =  -0.224779  Q22s =  -0.031830

H          x = -2.448897  y = -0.161915  z =  3.088593 angstrom
           Maximum rank =  2   Radius =  0.350 angstrom
                   Q00  =   0.066410
|Q1| =   0.128875  Q10  =  -0.065425  Q11c =   0.096842  Q11s =   0.054315
|Q2| =   0.109059  Q20  =  -0.042906  Q21c =  -0.064643  Q21s =  -0.040067
                   Q22c =  -0.010265  Q22s =   0.064525

H          x = -4.352732  y = -0.367644  z = -4.406374 angstrom
           Maximum rank =  2   Radius =  0.350 angstrom
                   Q00  =   0.078144
|Q1| =   0.137428  Q10  =   0.014724  Q11c =   0.123231  Q11s =   0.059022
|Q2| =   0.114516  Q20  =  -0.088274  Q21c =  -0.001230  Q21s =  -0.010857
                   Q22c =   0.010666  Q22s =   0.071333

H          x = -3.553573  y =  2.079737  z = -0.745860 angstrom
           Maximum rank =  2   Radius =  0.350 angstrom
                   Q00  =   0.087911
|Q1| =   0.137152  Q10  =  -0.038807  Q11c =   0.131499  Q11s =  -0.003562
|Q2| =   0.088012  Q20  =  -0.048008  Q21c =  -0.037810  Q21s =  -0.005385
                   Q22c =   0.055104  Q22s =   0.030762

H          x =  0.012773  y =  2.472202  z =  5.803361 angstrom
           Maximum rank =  2   Radius =  0.350 angstrom
                   Q00  =   0.059610
|Q1| =   0.125686  Q10  =  -0.098740  Q11c =   0.077760  Q11s =  -0.000922
|Q2| =   0.132416  Q20  =  -0.000766  Q21c =  -0.126632  Q21s =  -0.024562
                   Q22c =   0.019080  Q22s =   0.023028

H          x = -2.763148  y =  4.417521  z = -1.034381 angstrom
           Maximum rank =  2   Radius =  0.350 angstrom
                   Q00  =   0.066201
|Q1| =   0.133925  Q10  =  -0.017244  Q11c =   0.080428  Q11s =  -0.105687
|Q2| =   0.125073  Q20  =  -0.074911  Q21c =  -0.023835  Q21s =   0.019518
                   Q22c =  -0.016154  Q22s =  -0.093923

H          x =  0.575049  y =  4.795732  z =  5.124877 angstrom
           Maximum rank =  2   Radius =  0.350 angstrom
                   Q00  =   0.046737
|Q1| =   0.122575  Q10  =  -0.056941  Q11c =   0.049508  Q11s =  -0.096599
|Q2| =   0.156519  Q20  =  -0.047755  Q21c =  -0.086619  Q21s =   0.067080
                   Q22c =  -0.057227  Q22s =  -0.083306

H          x = -4.655247  y =  2.099213  z = -4.484640 angstrom
           Maximum rank =  2   Radius =  0.350 angstrom
                   Q00  =   0.064110
|Q1| =   0.133389  Q10  =   0.015506  Q11c =   0.122485  Q11s =  -0.050495
|Q2| =   0.135068  Q20  =  -0.093279  Q21c =   0.003797  Q21s =   0.001499
                   Q22c =   0.067719  Q22s =  -0.070283

H          x = -2.782006  y =  2.302939  z =  3.111668 angstrom
           Maximum rank =  2   Radius =  0.350 angstrom
                   Q00  =   0.053871
|Q1| =   0.126734  Q10  =  -0.059443  Q11c =   0.101896  Q11s =  -0.046319
|Q2| =   0.128519  Q20  =  -0.044386  Q21c =  -0.090313  Q21s =   0.028124
                   Q22c =   0.041074  Q22s =  -0.062549

H          x = -0.406052  y =  4.880121  z = -1.634972 angstrom
           Maximum rank =  2   Radius =  0.350 angstrom
                   Q00  =   0.063720
|Q1| =   0.134087  Q10  =   0.015054  Q11c =  -0.037845  Q11s =  -0.127751
|Q2| =   0.128712  Q20  =  -0.079595  Q21c =  -0.015836  Q21s =  -0.022092
                   Q22c =  -0.078747  Q22s =   0.057372

H          x =  2.358492  y =  5.220043  z =  3.461153 angstrom
           Maximum rank =  2   Radius =  0.350 angstrom
                   Q00  =   0.046057
|Q1| =   0.122722  Q10  =   0.020091  Q11c =  -0.033352  Q11s =  -0.116382
|Q2| =   0.156173  Q20  =  -0.062282  Q21c =  -0.056479  Q21s =  -0.053738
                   Q22c =  -0.111436  Q22s =   0.044891

H          x = -1.097363  y =  3.801675  z =  2.080289 angstrom
           Maximum rank =  2   Radius =  0.350 angstrom
                   Q00  =   0.076229
|Q1| =   0.124198  Q10  =  -0.025025  Q11c =   0.030121  Q11s =  -0.117863
|Q2| =   0.094767  Q20  =  -0.031662  Q21c =   0.006924  Q21s =  -0.004632
                   Q22c =  -0.087376  Q22s =  -0.016562

H          x = -2.685713  y =  3.600115  z = -4.553859 angstrom
           Maximum rank =  2   Radius =  0.350 angstrom
                   Q00  =   0.075701
|Q1| =   0.134671  Q10  =   0.037596  Q11c =   0.030619  Q11s =  -0.125640
|Q2| =   0.118193  Q20  =  -0.068369  Q21c =   0.019271  Q21s =   0.007150
                   Q22c =  -0.092614  Q22s =  -0.017185

H          x =  1.198617  y =  3.010688  z = -1.954635 angstrom
           Maximum rank =  2   Radius =  0.350 angstrom
                   Q00  =   0.077712
|Q1| =   0.141912  Q10  =   0.034186  Q11c =  -0.126863  Q11s =  -0.053630
|Q2| =   0.093948  Q20  =  -0.057811  Q21c =  -0.039209  Q21s =  -0.003537
                   Q22c =   0.060625  Q22s =   0.016088

H          x =  3.583272  y =  3.325411  z =  2.419389 angstrom
           Maximum rank =  2   Radius =  0.350 angstrom
                   Q00  =   0.057640
|Q1| =   0.129941  Q10  =   0.069543  Q11c =  -0.099675  Q11s =  -0.045972
|Q2| =   0.125771  Q20  =   0.010765  Q21c =  -0.122743  Q21s =  -0.012571
                   Q22c =   0.013837  Q22s =   0.016944

H          x =  0.922899  y =  2.869166  z =  1.013941 angstrom
           Maximum rank =  2   Radius =  0.350 angstrom
                   Q00  =   0.105059
|Q1| =   0.120080  Q10  =   0.022087  Q11c =  -0.086723  Q11s =  -0.080065
|Q2| =   0.071477  Q20  =   0.022657  Q21c =   0.011544  Q21s =  -0.042670
                   Q22c =   0.008708  Q22s =   0.050653

H          x = -0.392829  y =  2.667584  z = -4.497884 angstrom
           Maximum rank =  2   Radius =  0.350 angstrom
                   Q00  =   0.097304
|Q1| =   0.142333  Q10  =   0.058026  Q11c =  -0.095404  Q11s =  -0.088259
|Q2| =   0.089259  Q20  =  -0.036546  Q21c =   0.023445  Q21s =   0.033962
                   Q22c =   0.005850  Q22s =   0.069959

C          x =  0.588196  y = -0.588904  z =  5.579034 angstrom
           Maximum rank =  2   Radius =  0.650 angstrom
                   Q00  =  -0.031818
|Q1| =   0.112155  Q10  =  -0.074516  Q11c =   0.081066  Q11s =   0.021319
|Q2| =   1.140582  Q20  =  -0.242808  Q21c =  -1.001157  Q21s =  -0.113556
                   Q22c =  -0.448847  Q22s =  -0.159053

C          x = -2.926230  y = -0.972905  z = -0.784251 angstrom
           Maximum rank =  2   Radius =  0.650 angstrom
                   Q00  =   0.335485
|Q1| =   0.624248  Q10  =  -0.144450  Q11c =   0.576394  Q11s =  -0.191286
|Q2| =   0.819014  Q20  =  -0.629554  Q21c =  -0.344576  Q21s =   0.033699
                   Q22c =   0.208751  Q22s =  -0.333166

C          x = -2.427543  y = -2.822208  z = -4.418217 angstrom
           Maximum rank =  2   Radius =  0.650 angstrom
                   Q00  =   0.349855
|Q1| =   0.602740  Q10  =   0.025969  Q11c =   0.593258  Q11s =   0.103278
|Q2| =   0.767272  Q20  =  -0.623328  Q21c =   0.003236  Q21s =   0.081913
                   Q22c =   0.439812  Q22s =  -0.003758

C          x = -0.701334  y = -2.609072  z =  2.293231 angstrom
           Maximum rank =  2   Radius =  0.650 angstrom
                   Q00  =  -0.007842
|Q1| =   0.170508  Q10  =  -0.131263  Q11c =   0.052869  Q11s =   0.095120
|Q2| =   0.915684  Q20  =  -0.563221  Q21c =  -0.672296  Q21s =  -0.189257
                   Q22c =  -0.167600  Q22s =  -0.073276

C          x =  0.746895  y = -1.974160  z =  5.630855 angstrom
           Maximum rank =  2   Radius =  0.650 angstrom
                   Q00  =  -0.040355
|Q1| =   0.076556  Q10  =  -0.047271  Q11c =   0.044436  Q11s =   0.040642
|Q2| =   1.127800  Q20  =  -0.238875  Q21c =  -0.980293  Q21s =  -0.249195
                   Q22c =  -0.432629  Q22s =  -0.068059

C          x = -2.820898  y = -2.363127  z = -0.765015 angstrom
           Maximum rank =  2   Radius =  0.650 angstrom
                   Q00  =   0.335723
|Q1| =   0.614075  Q10  =  -0.140032  Q11c =   0.497091  Q11s =   0.332236
|Q2| =   0.856514  Q20  =  -0.575401  Q21c =  -0.341914  Q21s =  -0.146545
                   Q22c =   0.169068  Q22s =   0.485351

C          x = -1.710554  y = -4.020681  z = -4.445414 angstrom
           Maximum rank =  2   Radius =  0.650 angstrom
                   Q00  =   0.332911
|Q1| =   0.598827  Q10  =   0.010215  Q11c =   0.287978  Q11s =   0.524937
|Q2| =   0.890973  Q20  =  -0.666430  Q21c =   0.019939  Q21s =   0.093106
                   Q22c =  -0.304100  Q22s =   0.498158

C          x = -0.041553  y = -3.808246  z =  2.014433 angstrom
           Maximum rank =  2   Radius =  0.650 angstrom
                   Q00  =  -0.045767
|Q1| =   0.108346  Q10  =  -0.035784  Q11c =   0.014050  Q11s =   0.101296
|Q2| =   1.158376  Q20  =  -0.745597  Q21c =  -0.810506  Q21s =  -0.190255
                   Q22c =  -0.304632  Q22s =  -0.001225

C          x =  1.714169  y = -2.609514  z =  4.844903 angstrom
           Maximum rank =  2   Radius =  0.650 angstrom
                   Q00  =  -0.042113
|Q1| =   0.080641  Q10  =  -0.025792  Q11c =   0.001849  Q11s =   0.076383
|Q2| =   1.083339  Q20  =  -0.324988  Q21c =  -0.847196  Q21s =  -0.212452
                   Q22c =  -0.517480  Q22s =  -0.193244

C          x = -1.601513  y = -2.988616  z = -1.047601 angstrom
           Maximum rank =  2   Radius =  0.650 angstrom
                   Q00  =   0.348377
|Q1| =   0.614780  Q10  =  -0.095439  Q11c =  -0.000865  Q11s =   0.607326
|Q2| =   0.767933  Q20  =  -0.462801  Q21c =  -0.210036  Q21s =   0.075226
                   Q22c =  -0.563513  Q22s =  -0.090646

C          x = -0.312623  y = -4.014305  z = -4.461140 angstrom
           Maximum rank =  2   Radius =  0.650 angstrom
                   Q00  =   0.330498
|Q1| =   0.597665  Q10  =   0.011669  Q11c =  -0.296825  Q11s =   0.518615
|Q2| =   0.891133  Q20  =  -0.659704  Q21c =  -0.047320  Q21s =   0.087056
                   Q22c =  -0.300401  Q22s =  -0.508773

C          x =  1.180477  y = -3.808402  z =  1.335974 angstrom
           Maximum rank =  2   Radius =  0.650 angstrom
                   Q00  =  -0.052379
|Q1| =   0.105532  Q10  =   0.003035  Q11c =  -0.045935  Q11s =   0.094962
|Q2| =   1.191257  Q20  =  -0.786675  Q21c =  -0.815843  Q21s =  -0.098148
                   Q22c =  -0.308035  Q22s =  -0.173546

C          x =  0.391188  y = -2.804681  z = -4.434139 angstrom
           Maximum rank =  2   Radius =  0.650 angstrom
                   Q00  =   0.315422
|Q1| =   0.630828  Q10  =  -0.012803  Q11c =  -0.627441  Q11s =   0.064016
|Q2| =   0.888456  Q20  =  -0.763537  Q21c =  -0.085778  Q21s =   0.059058
                   Q22c =   0.439317  Q22s =  -0.050213

C          x =  1.760932  y = -2.603477  z =  0.924430 angstrom
           Maximum rank =  2   Radius =  0.650 angstrom
                   Q00  =  -0.072320
|Q1| =   0.164455  Q10  =   0.046103  Q11c =  -0.139795  Q11s =   0.073331
|Q2| =   1.206601  Q20  =  -0.787105  Q21c =  -0.867531  Q21s =  -0.103264
                   Q22c =  -0.227168  Q22s =  -0.146538

C          x =  2.521919  y = -1.869717  z =  3.977437 angstrom
           Maximum rank =  2   Radius =  0.650 angstrom
                   Q00  =  -0.040411
|Q1| =   0.111991  Q10  =   0.003179  Q11c =  -0.070575  Q11s =   0.086897
|Q2| =   1.053438  Q20  =  -0.279576  Q21c =  -0.876390  Q21s =  -0.155434
                   Q22c =  -0.429344  Q22s =  -0.234551

C          x = -0.470104  y = -2.231290  z = -1.350224 angstrom
           Maximum rank =  2   Radius =  0.650 angstrom
                   Q00  =   0.369094
|Q1| =   0.604636  Q10  =  -0.026311  Q11c =  -0.525371  Q11s =   0.298124
|Q2| =   0.622284  Q20  =  -0.307333  Q21c =  -0.296298  Q21s =   0.265524
                   Q22c =   0.140895  Q22s =  -0.338581

H          x =  1.478820  y = -2.806349  z = -4.437379 angstrom
           Maximum rank =  2   Radius =  0.350 angstrom
                   Q00  =   0.073919
|Q1| =   0.140570  Q10  =   0.017000  Q11c =  -0.137388  Q11s =   0.024397
|Q2| =   0.111419  Q20  =  -0.083897  Q21c =   0.008230  Q21s =   0.010670
                   Q22c =   0.071954  Q22s =   0.004052

H          x =  2.711804  y = -2.609744  z =  0.395744 angstrom
           Maximum rank =  2   Radius =  0.350 angstrom
                   Q00  =   0.064756
|Q1| =   0.132610  Q10  =   0.053550  Q11c =  -0.118135  Q11s =   0.027603
|Q2| =   0.101478  Q20  =  -0.025884  Q21c =  -0.085745  Q21s =  -0.009324
                   Q22c =   0.046308  Q22s =   0.006657

H          x =  0.467365  y = -2.726625  z = -1.568217 angstrom
           Maximum rank =  2   Radius =  0.350 angstrom
                   Q00  =   0.113765
|Q1| =   0.127534  Q10  =   0.004818  Q11c =  -0.109044  Q11s =   0.065962
|Q2| =   0.066804  Q20  =   0.019818  Q21c =   0.005127  Q21s =   0.029350
                   Q22c =   0.026829  Q22s =  -0.049624

H          x =  3.255291  y = -2.374057  z =  3.356919 angstrom
           Maximum rank =  2   Radius =  0.350 angstrom
                   Q00  =   0.071611
|Q1| =   0.127442  Q10  =   0.028006  Q11c =  -0.106774  Q11s =   0.063691
|Q2| =   0.109454  Q20  =   0.017606  Q21c =  -0.078671  Q21s =   0.059576
                   Q22c =  -0.008404  Q22s =  -0.043142

H          x =  1.828484  y = -3.688020  z =  4.895693 angstrom
           Maximum rank =  2   Radius =  0.350 angstrom
                   Q00  =   0.055247
|Q1| =   0.123085  Q10  =  -0.033729  Q11c =  -0.024571  Q11s =   0.115795
|Q2| =   0.138703  Q20  =  -0.056677  Q21c =  -0.028211  Q21s =  -0.001928
                   Q22c =  -0.120919  Q22s =  -0.024599

H          x = -1.531011  y = -4.071179  z = -1.032680 angstrom
           Maximum rank =  2   Radius =  0.350 angstrom
                   Q00  =   0.086946
|Q1| =   0.131695  Q10  =  -0.018239  Q11c =   0.009507  Q11s =   0.130079
|Q2| =   0.090547  Q20  =  -0.028745  Q21c =  -0.001763  Q21s =   0.004705
                   Q22c =  -0.083006  Q22s =  -0.021385

H          x =  0.230949  y = -4.954524  z = -4.493450 angstrom
           Maximum rank =  2   Radius =  0.350 angstrom
                   Q00  =   0.061299
|Q1| =   0.132337  Q10  =   0.013379  Q11c =  -0.063204  Q11s =   0.115496
|Q2| =   0.141145  Q20  =  -0.096664  Q21c =  -0.001290  Q21s =   0.007790
                   Q22c =  -0.050482  Q22s =  -0.089259

H          x =  1.682038  y = -4.749294  z =  1.126376 angstrom
           Maximum rank =  2   Radius =  0.350 angstrom
                   Q00  =   0.050512
|Q1| =   0.125368  Q10  =   0.017219  Q11c =  -0.057571  Q11s =   0.110028
|Q2| =   0.137727  Q20  =  -0.071460  Q21c =  -0.044363  Q21s =   0.030651
                   Q22c =  -0.062297  Q22s =  -0.084105

H          x =  0.119193  y = -2.564358  z =  6.292919 angstrom
           Maximum rank =  2   Radius =  0.350 angstrom
                   Q00  =   0.046945
|Q1| =   0.123327  Q10  =  -0.085076  Q11c =   0.061531  Q11s =   0.064697
|Q2| =   0.154368  Q20  =  -0.005831  Q21c =  -0.118553  Q21s =  -0.074960
                   Q22c =  -0.017832  Q22s =   0.061675

H          x = -3.693490  y = -2.966901  z = -0.530446 angstrom
           Maximum rank =  2   Radius =  0.350 angstrom
                   Q00  =   0.066977
|Q1| =   0.135133  Q10  =  -0.032526  Q11c =   0.109206  Q11s =   0.072643
|Q2| =   0.119482  Q20  =  -0.067938  Q21c =  -0.042735  Q21s =  -0.022237
                   Q22c =   0.028000  Q22s =   0.080966

H          x = -2.244404  y = -4.966913  z = -4.459417 angstrom
           Maximum rank =  2   Radius =  0.350 angstrom
                   Q00  =   0.062945
|Q1| =   0.132392  Q10  =   0.013097  Q11c =   0.060910  Q11s =   0.116817
|Q2| =   0.139185  Q20  =  -0.094636  Q21c =  -0.002935  Q21s =   0.005553
                   Q22c =  -0.051983  Q22s =   0.087607

H          x = -0.482615  y = -4.750327  z =  2.328414 angstrom
           Maximum rank =  2   Radius =  0.350 angstrom
                   Q00  =   0.052813
|Q1| =   0.125290  Q10  =  -0.037870  Q11c =   0.043632  Q11s =   0.111174
|Q2| =   0.134379  Q20  =  -0.062846  Q21c =  -0.045555  Q21s =  -0.054102
                   Q22c =  -0.064660  Q22s =   0.070177

H          x = -0.151967  y = -0.094291  z =  6.202105 angstrom
           Maximum rank =  2   Radius =  0.350 angstrom
                   Q00  =   0.056953
|Q1| =   0.126017  Q10  =  -0.090714  Q11c =   0.078679  Q11s =  -0.038221
|Q2| =   0.138062  Q20  =  -0.020320  Q21c =  -0.113811  Q21s =   0.035139
                   Q22c =  -0.006121  Q22s =  -0.066507

H          x = -3.873380  y = -0.486338  z = -0.568354 angstrom
           Maximum rank =  2   Radius =  0.350 angstrom
                   Q00  =   0.081986
|Q1| =   0.138265  Q10  =  -0.035056  Q11c =   0.129509  Q11s =  -0.033405
|Q2| =   0.098398  Q20  =  -0.063162  Q21c =  -0.034796  Q21s =   0.008809
                   Q22c =   0.027782  Q22s =  -0.060270

H          x = -3.513797  y = -2.831204  z = -4.407705 angstrom
           Maximum rank =  2   Radius =  0.350 angstrom
                   Q00  =   0.081574
|Q1| =   0.137497  Q10  =   0.019981  Q11c =   0.133071  Q11s =   0.028256
|Q2| =   0.107726  Q20  =  -0.079665  Q21c =  -0.006595  Q21s =   0.005373
                   Q22c =   0.071803  Q22s =  -0.005500

H          x = -1.650683  y = -2.613357  z =  2.820574 angstrom
           Maximum rank =  2   Radius =  0.350 angstrom
                   Q00  =   0.072902
|Q1| =   0.128060  Q10  =  -0.070018  Q11c =   0.104275  Q11s =   0.024966
|Q2| =   0.097083  Q20  =  -0.023624  Q21c =  -0.075681  Q21s =  -0.002715
                   Q22c =   0.055340  Q22s =  -0.008341

C          x =  4.597980  y =  0.487063  z =  3.342394 angstrom
           Maximum rank =  2   Radius =  0.650 angstrom
                   Q00  =   0.004563
|Q1| =   0.066781  Q10  =   0.017594  Q11c =  -0.064123  Q11s =   0.006200
|Q2| =   0.159963  Q20  =  -0.095768  Q21c =   0.003580  Q21s =  -0.013500
                   Q22c =   0.126767  Q22s =  -0.012316

H          x =  4.772785  y =  0.676962  z =  4.405437 angstrom
           Maximum rank =  2   Radius =  0.350 angstrom
                   Q00  =   0.047161
|Q1| =   0.131159  Q10  =  -0.099500  Q11c =  -0.084389  Q11s =  -0.013453
|Q2| =   0.139978  Q20  =   0.128835  Q21c =   0.022117  Q21s =   0.047196
                   Q22c =   0.016702  Q22s =  -0.000158

H          x =  5.133485  y =  1.248877  z =  2.764064 angstrom
           Maximum rank =  2   Radius =  0.350 angstrom
                   Q00  =   0.031453
|Q1| =   0.137883  Q10  =   0.045798  Q11c =  -0.110839  Q11s =  -0.068035
|Q2| =   0.141574  Q20  =  -0.023889  Q21c =  -0.054219  Q21s =  -0.101060
                   Q22c =  -0.021895  Q22s =   0.076422

H          x =  5.022404  y = -0.491495  z =  3.091831 angstrom
           Maximum rank =  2   Radius =  0.350 angstrom
                   Q00  =   0.032968
|Q1| =   0.136220  Q10  =   0.016557  Q11c =  -0.102195  Q11s =   0.088532
|Q2| =   0.144712  Q20  =  -0.081374  Q21c =  -0.013988  Q21s =   0.055196
                   Q22c =  -0.076691  Q22s =  -0.072082

C          x =  1.122673  y =  0.070406  z = -3.100989 angstrom
           Maximum rank =  2   Radius =  0.650 angstrom
                   Q00  =   0.063363
|Q1| =   0.204797  Q10  =   0.028649  Q11c =  -0.202103  Q11s =  -0.016597
|Q2| =   0.246609  Q20  =   0.097259  Q21c =  -0.019452  Q21s =   0.139101
                   Q22c =   0.169858  Q22s =   0.052702

C          x =  2.923812  y =  0.344489  z =  1.487949 angstrom
           Maximum rank =  2   Radius =  0.650 angstrom
                   Q00  =  -0.004624
|Q1| =   0.057659  Q10  =   0.021916  Q11c =  -0.052941  Q11s =  -0.006437
|Q2| =   0.197945  Q20  =   0.070580  Q21c =   0.144337  Q21s =   0.092806
                   Q22c =   0.041959  Q22s =   0.054719

C          x =  1.730662  y =  0.177455  z = -0.689893 angstrom
           Maximum rank =  2   Radius =  0.650 angstrom
                   Q00  =   0.034238
|Q1| =   0.154843  Q10  =   0.010051  Q11c =  -0.154483  Q11s =   0.003250
|Q2| =   0.237466  Q20  =   0.079646  Q21c =   0.112326  Q21s =  -0.073274
                   Q22c =   0.167040  Q22s =  -0.064486

C          x =  1.072484  y =  0.094441  z = -5.602804 angstrom
           Maximum rank =  2   Radius =  0.650 angstrom
                   Q00  =   0.051708
|Q1| =   0.181638  Q10  =   0.062921  Q11c =  -0.162240  Q11s =  -0.052070
|Q2| =   0.296765  Q20  =  -0.049118  Q21c =  -0.177240  Q21s =  -0.058990
                   Q22c =   0.185058  Q22s =   0.128519

H          x =  1.980703  y = -0.519334  z = -5.600015 angstrom
           Maximum rank =  2   Radius =  0.350 angstrom
                   Q00  =   0.040636
|Q1| =   0.143416  Q10  =   0.047620  Q11c =  -0.129989  Q11s =   0.037463
|Q2| =   0.130648  Q20  =  -0.064927  Q21c =  -0.010099  Q21s =  -0.013612
                   Q22c =   0.038458  Q22s =  -0.105295

H          x =  1.373150  y =  1.147350  z = -5.641221 angstrom
           Maximum rank =  2   Radius =  0.350 angstrom
                   Q00  =   0.043208
|Q1| =   0.142162  Q10  =   0.053094  Q11c =  -0.080173  Q11s =  -0.104705
|Q2| =   0.134193  Q20  =  -0.066683  Q21c =  -0.022578  Q21s =   0.003313
                   Q22c =  -0.102222  Q22s =   0.050903

H          x =  0.505206  y = -0.135650  z = -6.509409 angstrom
           Maximum rank =  2   Radius =  0.350 angstrom
                   Q00  =   0.098206
|Q1| =   0.155845  Q10  =   0.142946  Q11c =  -0.060153  Q11s =  -0.015350
|Q2| =   0.151260  Q20  =   0.019286  Q21c =   0.094844  Q21s =   0.038454
                   Q22c =   0.083773  Q22s =   0.070822

Ac         x = -2.367901  y =  1.147930  z = -4.448227 angstrom
           Maximum rank =  2   Radius =  0.650 angstrom
                   Q00  =  -0.962774
|Q1| =   0.040789  Q10  =   0.006867  Q11c =   0.027991  Q11s =  -0.028863
|Q2| =   0.465041  Q20  =   0.461990  Q21c =   0.001771  Q21s =   0.036452
                   Q22c =  -0.012520  Q22s =  -0.036596

A1         x = -2.376262  y =  1.191532  z = -3.449213 angstrom
           Maximum rank =  2   Radius =  0.650 angstrom
                   Q00  =  -0.650253
|Q1| =   0.181079  Q10  =  -0.043121  Q11c =   0.171643  Q11s =  -0.038328
|Q2| =   0.580097  Q20  =   0.479061  Q21c =   0.300284  Q21s =   0.063553
                   Q22c =  -0.109116  Q22s =  -0.029947

A-1        x = -2.359541  y =  1.104327  z = -5.447241 angstrom
           Maximum rank =  2   Radius =  0.650 angstrom
                   Q00  =  -0.612106
|Q1| =   0.107865  Q10  =  -0.007882  Q11c =   0.063825  Q11s =  -0.086598
|Q2| =   0.656298  Q20  =   0.630294  Q21c =  -0.031293  Q21s =   0.106308
                   Q22c =  -0.054191  Q22s =  -0.135054

Bc         x = -1.019654  y = -0.603921  z = -4.385272 angstrom
           Maximum rank =  2   Radius =  0.650 angstrom
                   Q00  =  -1.106951
|Q1| =   0.023185  Q10  =   0.004379  Q11c =  -0.022197  Q11s =  -0.005067
|Q2| =   0.392076  Q20  =   0.385997  Q21c =  -0.013823  Q21s =   0.001132
                   Q22c =  -0.054940  Q22s =  -0.038982

B1         x = -1.037977  y = -0.606754  z = -3.385443 angstrom
           Maximum rank =  2   Radius =  0.650 angstrom
                   Q00  =  -0.641555
|Q1| =   0.104589  Q10  =   0.028993  Q11c =  -0.067692  Q11s =   0.074269
|Q2| =   0.510748  Q20  =   0.429771  Q21c =  -0.125826  Q21s =   0.132970
                   Q22c =  -0.189779  Q22s =   0.081432

B-1        x = -1.001331  y = -0.601088  z = -5.385100 angstrom
           Maximum rank =  2   Radius =  0.650 angstrom
                   Q00  =  -0.669023
|Q1| =   0.146519  Q10  =   0.063072  Q11c =  -0.125864  Q11s =  -0.040595
|Q2| =   0.514090  Q20  =   0.373226  Q21c =   0.259008  Q21s =   0.085823
                   Q22c =  -0.180344  Q22s =  -0.134224

Cc         x = -1.017203  y = -2.815614  z = -4.423996 angstrom
           Maximum rank =  2   Radius =  0.650 angstrom
                   Q00  =  -0.965620
|Q1| =   0.040099  Q10  =   0.003604  Q11c =  -0.001342  Q11s =   0.039914
|Q2| =   0.466545  Q20  =   0.464529  Q21c =   0.001432  Q21s =  -0.016079
                   Q22c =  -0.040192  Q22s =  -0.001169

C1         x = -1.012674  y = -2.840874  z = -3.424325 angstrom
           Maximum rank =  2   Radius =  0.650 angstrom
                   Q00  =  -0.736571
|Q1| =   0.245959  Q10  =  -0.160623  Q11c =  -0.072250  Q11s =   0.171686
|Q2| =   0.598708  Q20  =   0.492883  Q21c =  -0.164905  Q21s =   0.259047
                   Q22c =  -0.119912  Q22s =  -0.082703

C-1        x = -1.021733  y = -2.790354  z = -5.423667 angstrom
           Maximum rank =  2   Radius =  0.650 angstrom
                   Q00  =  -0.613738
|Q1| =   0.107829  Q10  =  -0.008990  Q11c =  -0.006865  Q11s =   0.107234
|Q2| =   0.658569  Q20  =   0.635886  Q21c =   0.024616  Q21s =  -0.087631
                   Q22c =  -0.144308  Q22s =  -0.015901

Dc         x = -1.177135  y =  2.542422  z = -1.350298 angstrom
           Maximum rank =  2   Radius =  0.650 angstrom
                   Q00  =  -0.964877
|Q1| =   0.040498  Q10  =  -0.001521  Q11c =   0.006464  Q11s =  -0.039950
|Q2| =   0.466268  Q20  =   0.420858  Q21c =   0.196980  Q21s =   0.035811
                   Q22c =  -0.012747  Q22s =  -0.006177

D1         x = -0.938077  y =  2.581941  z = -0.380097 angstrom
           Maximum rank =  2   Radius =  0.650 angstrom
                   Q00  =  -0.787545
|Q1| =   0.292703  Q10  =  -0.252313  Q11c =  -0.056454  Q11s =  -0.137208
|Q2| =   0.457965  Q20  =   0.352858  Q21c =   0.212357  Q21s =  -0.126147
                   Q22c =  -0.125652  Q22s =  -0.091796

D-1        x = -1.416192  y =  2.502902  z = -2.320499 angstrom
           Maximum rank =  2   Radius =  0.650 angstrom
                   Q00  =  -0.733365
|Q1| =   0.251642  Q10  =   0.172207  Q11c =  -0.008063  Q11s =  -0.183312
|Q2| =   0.623615  Q20  =   0.365058  Q21c =   0.349017  Q21s =   0.333921
                   Q22c =  -0.092608  Q22s =   0.117198

Ec         x = -0.748929  y =  0.372091  z = -1.367574 angstrom
           Maximum rank =  2   Radius =  0.650 angstrom
                   Q00  =  -1.105810
|Q1| =   0.022025  Q10  =   0.001678  Q11c =  -0.021952  Q11s =   0.000645
|Q2| =   0.391576  Q20  =   0.349138  Q21c =   0.168925  Q21s =   0.022313
                   Q22c =  -0.044189  Q22s =   0.021169

E1         x = -0.510705  y =  0.410730  z = -0.397133 angstrom
           Maximum rank =  2   Radius =  0.650 angstrom
                   Q00  =  -0.779947
|Q1| =   0.208206  Q10  =  -0.191870  Q11c =  -0.078506  Q11s =  -0.019306
|Q2| =   0.317046  Q20  =   0.235314  Q21c =   0.161343  Q21s =  -0.028333
                   Q22c =  -0.133303  Q22s =   0.023266

E-1        x = -0.987154  y =  0.333451  z = -2.338015 angstrom
           Maximum rank =  2   Radius =  0.650 angstrom
                   Q00  =  -0.647817
|Q1| =   0.104494  Q10  =  -0.007410  Q11c =  -0.060596  Q11s =  -0.084808
|Q2| =   0.512592  Q20  =   0.341904  Q21c =   0.287812  Q21s =   0.204493
                   Q22c =  -0.119187  Q22s =  -0.083625

Fc         x = -1.696110  y = -1.603378  z = -1.066582 angstrom
           Maximum rank =  2   Radius =  0.650 angstrom
                   Q00  =  -0.961488
|Q1| =   0.041378  Q10  =  -0.010055  Q11c =   0.021706  Q11s =   0.033762
|Q2| =   0.464241  Q20  =   0.424086  Q21c =   0.185170  Q21s =   0.015901
                   Q22c =  -0.002431  Q22s =   0.033528

F1         x = -1.457516  y = -1.573420  z = -0.095925 angstrom
           Maximum rank =  2   Radius =  0.650 angstrom
                   Q00  =  -0.730636
|Q1| =   0.221792  Q10  =  -0.194309  Q11c =   0.004081  Q11s =   0.106859
|Q2| =   0.472976  Q20  =   0.345304  Q21c =   0.268574  Q21s =   0.114110
                   Q22c =  -0.057012  Q22s =   0.126759

F-1        x = -1.934704  y = -1.633335  z = -2.037240 angstrom
           Maximum rank =  2   Radius =  0.650 angstrom
                   Q00  =  -0.651861
|Q1| =   0.185925  Q10  =   0.008065  Q11c =   0.169292  Q11s =   0.076439
|Q2| =   0.576365  Q20  =   0.551017  Q21c =  -0.056656  Q21s =  -0.021605
                   Q22c =  -0.157719  Q22s =  -0.004934

Total multipoles referred to origin at
           x =   0.000000,  y =    0.000000,  z =    0.000000 angstrom
                   Q00  =  -0.000011
|Q1| =   0.211561  Q10  =  -0.077328  Q11c =   0.195986  Q11s =   0.019176
|Q2| =  32.310615  Q20  = -25.664121  Q21c = -18.931825  Q21s =  -3.609760
                   Q22c =  -3.456352  Q22s =  -1.392126

CPU time used:     16m52.848s          Total:     16m52.848s

Finished at 10:51:15 on 21 Aug 2026 
