                                     G D M A
                                 by Anthony Stone

               Distributed Multipoles from Gaussian wavefunctions

                             version 2.3.3 (6b8e81e)
              Compiled with gfortran on 29 May 2025 at 12:54:22

Starting at 11:18:47 on 24 Mar 2026 


Using SCF density matrix from file f1-def2TZVP.fchk


                         Distributed Multipole Analysis

Standard DMA for products of primitives with exponent greater than 4.00000
Using 80-point Euler-MacLaurin radial quadrature
Using 590-point Lebedev quadrature
Becke smoothing parameter = 3

Positions and radii in angstrom
Multipole moments in atomic units, ea_0^k for rank k

C          x =  0.000045  y =  1.412551  z =  0.000077 angstrom
           Maximum rank =  2   Radius =  0.650 angstrom
                   Q00  =   0.515911
|Q1| =   0.940064  Q10  =  -0.000035  Q11c =  -0.114495  Q11s =  -0.933066
|Q2| =   0.690228  Q20  =   0.254074  Q21c =   0.000006  Q21s =   0.000055
                   Q22c =  -0.621878  Q22s =   0.158522

C          x = -1.177926  y =  0.443999  z =  0.000055 angstrom
           Maximum rank =  2   Radius =  0.650 angstrom
                   Q00  =   0.970215
|Q1| =   0.740754  Q10  =  -0.000029  Q11c =   0.533799  Q11s =  -0.513590
|Q2| =   0.930709  Q20  =  -0.176781  Q21c =   0.000025  Q21s =  -0.000014
                   Q22c =   0.776408  Q22s =   0.481827

C          x = -0.732661  y = -0.887036  z = -0.000040 angstrom
           Maximum rank =  2   Radius =  0.650 angstrom
                   Q00  =   0.640071
|Q1| =   0.651209  Q10  =   0.000038  Q11c =  -0.240967  Q11s =   0.604986
|Q2| =   0.791200  Q20  =  -0.493114  Q21c =   0.000013  Q21s =   0.000021
                   Q22c =   0.430097  Q22s =   0.444805

C          x =  0.732611  y = -0.887082  z = -0.000049 angstrom
           Maximum rank =  2   Radius =  0.650 angstrom
                   Q00  =   0.545565
|Q1| =   0.542498  Q10  =   0.000034  Q11c =   0.257745  Q11s =   0.477359
|Q2| =   0.890885  Q20  =  -0.566432  Q21c =  -0.000012  Q21s =   0.000017
                   Q22c =   0.562370  Q22s =  -0.395691

C          x =  1.177914  y =  0.443936  z =  0.000048 angstrom
           Maximum rank =  2   Radius =  0.650 angstrom
                   Q00  =   0.637217
|Q1| =   0.559154  Q10  =  -0.000030  Q11c =  -0.222190  Q11s =  -0.513113
|Q2| =   0.948863  Q20  =  -0.461365  Q21c =  -0.000027  Q21s =   0.000005
                   Q22c =   0.666302  Q22s =  -0.493481

C          x =  2.534410  y =  0.725252  z =  0.000087 angstrom
           Maximum rank =  2   Radius =  0.650 angstrom
                   Q00  =   0.340098
|Q1| =   0.614683  Q10  =  -0.000042  Q11c =  -0.249057  Q11s =  -0.561965
|Q2| =   0.879967  Q20  =  -0.752651  Q21c =   0.000036  Q21s =   0.000122
                   Q22c =  -0.332171  Q22s =   0.312284

C          x =  3.448231  y = -0.328146  z =  0.000020 angstrom
           Maximum rank =  2   Radius =  0.650 angstrom
                   Q00  =   0.345241
|Q1| =   0.598195  Q10  =  -0.000013  Q11c =  -0.587117  Q11s =  -0.114588
|Q2| =   0.906467  Q20  =  -0.681577  Q21c =   0.000041  Q21s =   0.000050
                   Q22c =   0.553779  Q22s =   0.224641

C          x =  3.005208  y = -1.649000  z = -0.000081 angstrom
           Maximum rank =  2   Radius =  0.650 angstrom
                   Q00  =   0.343670
|Q1| =   0.594504  Q10  =   0.000029  Q11c =  -0.395313  Q11s =   0.444030
|Q2| =   0.907235  Q20  =  -0.682190  Q21c =  -0.000029  Q21s =   0.000081
                   Q22c =  -0.067223  Q22s =  -0.594284

C          x =  1.644511  y = -1.938239  z = -0.000116 angstrom
           Maximum rank =  2   Radius =  0.650 angstrom
                   Q00  =   0.348508
|Q1| =   0.595905  Q10  =   0.000044  Q11c =   0.123714  Q11s =   0.582922
|Q2| =   0.860220  Q20  =  -0.719659  Q21c =   0.000027  Q21s =   0.000117
                   Q22c =  -0.378199  Q22s =   0.281133

H          x =  1.306580  y = -2.967398  z = -0.000190 angstrom
           Maximum rank =  2   Radius =  0.350 angstrom
                   Q00  =   0.063048
|Q1| =   0.127795  Q10  =   0.000009  Q11c =   0.017397  Q11s =   0.126605
|Q2| =   0.162794  Q20  =  -0.138619  Q21c =   0.000005  Q21s =   0.000022
                   Q22c =  -0.061909  Q22s =   0.058769

H          x =  3.726662  y = -2.456487  z = -0.000128 angstrom
           Maximum rank =  2   Radius =  0.350 angstrom
                   Q00  =   0.051330
|Q1| =   0.124519  Q10  =   0.000006  Q11c =  -0.084159  Q11s =   0.091773
|Q2| =   0.181019  Q20  =  -0.137080  Q21c =  -0.000005  Q21s =   0.000016
                   Q22c =  -0.013523  Q22s =  -0.117450

H          x =  4.510494  y = -0.118267  z =  0.000052 angstrom
           Maximum rank =  2   Radius =  0.350 angstrom
                   Q00  =   0.051006
|Q1| =   0.124889  Q10  =  -0.000003  Q11c =  -0.122868  Q11s =  -0.022374
|Q2| =   0.181330  Q20  =  -0.137824  Q21c =   0.000009  Q21s =   0.000010
                   Q22c =   0.108909  Q22s =   0.044988

H          x =  2.892041  y =  1.748361  z =  0.000166 angstrom
           Maximum rank =  2   Radius =  0.350 angstrom
                   Q00  =   0.061990
|Q1| =   0.132276  Q10  =  -0.000009  Q11c =  -0.063236  Q11s =  -0.116182
|Q2| =   0.153174  Q20  =  -0.129434  Q21c =   0.000004  Q21s =   0.000024
                   Q22c =  -0.066001  Q22s =   0.048507

C          x = -1.644528  y = -1.938220  z = -0.000113 angstrom
           Maximum rank =  2   Radius =  0.650 angstrom
                   Q00  =   0.351395
|Q1| =   0.599848  Q10  =   0.000044  Q11c =  -0.121266  Q11s =   0.587462
|Q2| =   0.857325  Q20  =  -0.717544  Q21c =  -0.000025  Q21s =   0.000120
                   Q22c =  -0.380483  Q22s =  -0.274535

C          x = -3.005228  y = -1.648998  z = -0.000082 angstrom
           Maximum rank =  2   Radius =  0.650 angstrom
                   Q00  =   0.344245
|Q1| =   0.595473  Q10  =   0.000028  Q11c =   0.396181  Q11s =   0.444554
|Q2| =   0.906602  Q20  =  -0.681462  Q21c =   0.000038  Q21s =   0.000092
                   Q22c =  -0.066707  Q22s =   0.594211

C          x = -3.448227  y = -0.328137  z =  0.000023 angstrom
           Maximum rank =  2   Radius =  0.650 angstrom
                   Q00  =   0.346449
|Q1| =   0.599845  Q10  =  -0.000012  Q11c =   0.589033  Q11s =  -0.113373
|Q2| =   0.904424  Q20  =  -0.680276  Q21c =  -0.000036  Q21s =   0.000050
                   Q22c =   0.553072  Q22s =  -0.222078

C          x = -2.534425  y =  0.725279  z =  0.000092 angstrom
           Maximum rank =  2   Radius =  0.650 angstrom
                   Q00  =   0.350934
|Q1| =   0.623727  Q10  =  -0.000035  Q11c =   0.271454  Q11s =  -0.561559
|Q2| =   0.867405  Q20  =  -0.754372  Q21c =  -0.000031  Q21s =   0.000147
                   Q22c =  -0.303664  Q22s =  -0.301833

H          x = -2.892133  y =  1.748363  z =  0.000180 angstrom
           Maximum rank =  2   Radius =  0.350 angstrom
                   Q00  =   0.064067
|Q1| =   0.133584  Q10  =  -0.000010  Q11c =   0.065228  Q11s =  -0.116576
|Q2| =   0.150752  Q20  =  -0.127431  Q21c =  -0.000007  Q21s =   0.000023
                   Q22c =  -0.064217  Q22s =  -0.048619

H          x = -4.510489  y = -0.118243  z =  0.000052 angstrom
           Maximum rank =  2   Radius =  0.350 angstrom
                   Q00  =   0.051360
|Q1| =   0.125052  Q10  =  -0.000003  Q11c =   0.123085  Q11s =  -0.022095
|Q2| =   0.180682  Q20  =  -0.137340  Q21c =  -0.000007  Q21s =   0.000011
                   Q22c =   0.108544  Q22s =  -0.044744

H          x = -3.726711  y = -2.456458  z = -0.000140 angstrom
           Maximum rank =  2   Radius =  0.350 angstrom
                   Q00  =   0.051505
|Q1| =   0.124617  Q10  =   0.000006  Q11c =   0.084235  Q11s =   0.091835
|Q2| =   0.180701  Q20  =  -0.136729  Q21c =   0.000008  Q21s =   0.000019
                   Q22c =  -0.013481  Q22s =   0.117373

H          x = -1.306503  y = -2.967346  z = -0.000190 angstrom
           Maximum rank =  2   Radius =  0.350 angstrom
                   Q00  =   0.063272
|Q1| =   0.128120  Q10  =   0.000010  Q11c =  -0.017668  Q11s =   0.126896
|Q2| =   0.162337  Q20  =  -0.137910  Q21c =  -0.000005  Q21s =   0.000022
                   Q22c =  -0.062523  Q22s =  -0.058524

C          x =  0.000035  y =  2.297627  z =  1.261511 angstrom
           Maximum rank =  2   Radius =  0.650 angstrom
                   Q00  =   0.104338
|Q1| =   0.224066  Q10  =  -0.059849  Q11c =  -0.019037  Q11s =  -0.215085
|Q2| =   0.372861  Q20  =  -0.103782  Q21c =  -0.003040  Q21s =   0.180315
                   Q22c =  -0.303812  Q22s =   0.058564

H          x =  0.000148  y =  1.689928  z =  2.167136 angstrom
           Maximum rank =  2   Radius =  0.350 angstrom
                   Q00  =   0.102233
|Q1| =   0.168162  Q10  =  -0.150448  Q11c =  -0.009184  Q11s =  -0.074561
|Q2| =   0.162620  Q20  =   0.010602  Q21c =   0.000449  Q21s =  -0.106897
                   Q22c =  -0.121302  Q22s =   0.013849

H          x =  0.882718  y =  2.940036  z =  1.281139 angstrom
           Maximum rank =  2   Radius =  0.350 angstrom
                   Q00  =   0.033179
|Q1| =   0.144640  Q10  =  -0.045340  Q11c =  -0.075313  Q11s =  -0.114860
|Q2| =   0.148043  Q20  =  -0.076291  Q21c =  -0.013658  Q21s =   0.026415
                   Q22c =   0.052528  Q22s =   0.111593

H          x = -0.882765  y =  2.939868  z =  1.281221 angstrom
           Maximum rank =  2   Radius =  0.350 angstrom
                   Q00  =   0.034776
|Q1| =   0.145847  Q10  =  -0.045545  Q11c =   0.074339  Q11s =  -0.116923
|Q2| =   0.146131  Q20  =  -0.076097  Q21c =   0.013886  Q21s =   0.026170
                   Q22c =   0.051090  Q22s =  -0.109890

C          x =  0.000019  y =  2.297560  z = -1.261430 angstrom
           Maximum rank =  2   Radius =  0.650 angstrom
                   Q00  =   0.104368
|Q1| =   0.224121  Q10  =   0.059843  Q11c =  -0.019046  Q11s =  -0.215143
|Q2| =   0.372919  Q20  =  -0.103843  Q21c =   0.003071  Q21s =  -0.180327
                   Q22c =  -0.303847  Q22s =   0.058611

H          x = -0.882875  y =  2.939671  z = -1.281259 angstrom
           Maximum rank =  2   Radius =  0.350 angstrom
                   Q00  =   0.034780
|Q1| =   0.145850  Q10  =   0.045554  Q11c =   0.074345  Q11s =  -0.116918
|Q2| =   0.146130  Q20  =  -0.076104  Q21c =  -0.013861  Q21s =  -0.026188
                   Q22c =   0.051132  Q22s =  -0.109863

H          x =  0.882614  y =  2.940088  z = -1.281032 angstrom
           Maximum rank =  2   Radius =  0.350 angstrom
                   Q00  =   0.033178
|Q1| =   0.144640  Q10  =   0.045339  Q11c =  -0.075305  Q11s =  -0.114867
|Q2| =   0.148036  Q20  =  -0.076281  Q21c =   0.013661  Q21s =  -0.026402
                   Q22c =   0.052489  Q22s =   0.111612

H          x =  0.000287  y =  1.689797  z = -2.167013 angstrom
           Maximum rank =  2   Radius =  0.350 angstrom
                   Q00  =   0.102254
|Q1| =   0.168173  Q10  =   0.150455  Q11c =  -0.009201  Q11s =  -0.074571
|Q2| =   0.162618  Q20  =   0.010576  Q21c =  -0.000476  Q21s =   0.106893
                   Q22c =  -0.121308  Q22s =   0.013821

Ac         x = -2.090498  y = -0.605518  z = -0.000011 angstrom
           Maximum rank =  2   Radius =  0.650 angstrom
                   Q00  =  -0.969307
|Q1| =   0.040230  Q10  =   0.000001  Q11c =   0.036615  Q11s =   0.016667
|Q2| =   0.455555  Q20  =   0.453627  Q21c =   0.000009  Q21s =  -0.000060
                   Q22c =   0.028107  Q22s =   0.031031

A1         x = -2.090490  y = -0.605592  z =  0.999989 angstrom
           Maximum rank =  2   Radius =  0.650 angstrom
                   Q00  =  -0.626215
|Q1| =   0.118584  Q10  =  -0.016870  Q11c =   0.109325  Q11s =   0.042727
|Q2| =   0.627571  Q20  =   0.596916  Q21c =   0.111232  Q21s =   0.031875
                   Q22c =   0.110854  Q22s =   0.108903

A-1        x = -2.090507  y = -0.605445  z = -1.000011 angstrom
           Maximum rank =  2   Radius =  0.650 angstrom
                   Q00  =  -0.626216
|Q1| =   0.118584  Q10  =   0.016877  Q11c =   0.109326  Q11s =   0.042723
|Q2| =   0.627567  Q20  =   0.596906  Q21c =  -0.111200  Q21s =  -0.032036
                   Q22c =   0.110853  Q22s =   0.108918

Bc         x = -0.183157  y =  0.353362  z =  0.000035 angstrom
           Maximum rank =  2   Radius =  0.650 angstrom
                   Q00  =  -1.151570
|Q1| =   0.030719  Q10  =  -0.000002  Q11c =  -0.030712  Q11s =  -0.000636
|Q2| =   0.371945  Q20  =   0.363563  Q21s =  -0.000040  Q22c =   0.061761
                   Q22s =   0.048480

B1         x = -0.183157  y =  0.353310  z =  1.000035 angstrom
           Maximum rank =  2   Radius =  0.650 angstrom
                   Q00  =  -0.728436
|Q1| =   0.212945  Q10  =  -0.107932  Q11c =  -0.006587  Q11s =  -0.183447
|Q2| =   0.456930  Q20  =   0.322790  Q21c =  -0.034468  Q21s =  -0.273850
                   Q22c =   0.163730  Q22s =   0.040027

B-1        x = -0.183157  y =  0.353415  z = -0.999965 angstrom
           Maximum rank =  2   Radius =  0.650 angstrom
                   Q00  =  -0.728485
|Q1| =   0.212979  Q10  =   0.107960  Q11c =  -0.006607  Q11s =  -0.183470
|Q2| =   0.456854  Q20  =   0.322780  Q21c =   0.034499  Q21s =   0.273739
                   Q22c =   0.163717  Q22s =   0.040020

Cc         x =  2.090480  y = -0.605546  z = -0.000015 angstrom
           Maximum rank =  2   Radius =  0.650 angstrom
                   Q00  =  -0.977415
|Q1| =   0.026992  Q11c =  -0.025249  Q11s =   0.009544
|Q2| =   0.462325  Q20  =   0.461393  Q21c =  -0.000010  Q21s =  -0.000059
                   Q22c =   0.022338  Q22s =  -0.019034

C1         x =  2.090469  y = -0.605618  z =  0.999985 angstrom
           Maximum rank =  2   Radius =  0.650 angstrom
                   Q00  =  -0.639362
|Q1| =   0.093176  Q10  =  -0.024326  Q11c =  -0.086303  Q11s =   0.025337
|Q2| =   0.632911  Q20  =   0.614138  Q21c =  -0.087902  Q21s =   0.007659
                   Q22c =   0.103971  Q22s =  -0.069396

C-1        x =  2.090491  y = -0.605474  z = -1.000015 angstrom
           Maximum rank =  2   Radius =  0.650 angstrom
                   Q00  =  -0.639364
|Q1| =   0.093175  Q10  =   0.024333  Q11c =  -0.086301  Q11s =   0.025329
|Q2| =   0.632902  Q20  =   0.614131  Q21c =   0.087861  Q21s =  -0.007812
                   Q22c =   0.103973  Q22s =  -0.069402

Total multipoles referred to origin at
           x =   0.000000,  y =    0.000000,  z =    0.000000 angstrom
                   Q00  =  -0.000166
|Q1| =   0.195361  Q10  =  -0.000002  Q11c =   0.000075  Q11s =   0.195361
|Q2| =   9.304829  Q20  =  -9.248816  Q21c =   0.000036  Q21s =   0.001193
                   Q22c =  -1.019432  Q22s =   0.000214

CPU time used:      4m16.541s          Total:      4m16.541s

Finished at 11:23:04 on 24 Mar 2026 
