                                     G D M A
                                 by Anthony Stone

               Distributed Multipoles from Gaussian wavefunctions

                             version 2.3.3 (6b8e81e)
              Compiled with gfortran on 29 May 2025 at 12:54:22

Starting at 10:21:13 on 21 Aug 2026 


Using SCF density matrix from file f3.fchk


                         Distributed Multipole Analysis

Standard DMA for products of primitives with exponent greater than 4.00000
Using 80-point Euler-MacLaurin radial quadrature
Using 590-point Lebedev quadrature
Becke smoothing parameter = 3

Positions and radii in angstrom
Multipole moments in atomic units, ea_0^k for rank k

C          x = -0.894270  y = -0.607061  z = -0.291531 angstrom
           Maximum rank =  2   Radius =  0.650 angstrom
                   Q00  =   0.344154
|Q1| =   0.729911  Q10  =   0.166830  Q11c =   0.593992  Q11s =   0.390015
|Q2| =   0.585440  Q20  =   0.174122  Q21c =   0.023525  Q21s =   0.104234
                   Q22c =   0.221706  Q22s =   0.501847

C          x = -0.441768  y = -0.748578  z = -2.966982 angstrom
           Maximum rank =  2   Radius =  0.650 angstrom
                   Q00  =   0.330288
|Q1| =   0.736970  Q10  =   0.055451  Q11c =   0.727442  Q11s =   0.104299
|Q2| =   0.578428  Q20  =   0.139000  Q21c =  -0.050063  Q21s =   0.014393
                   Q22c =   0.539277  Q22s =   0.147395

H          x = -2.287872  y = -0.354615  z = -1.907367 angstrom
           Maximum rank =  2   Radius =  0.350 angstrom
                   Q00  =   0.063844
|Q1| =   0.158708  Q10  =   0.036881  Q11c =   0.151007  Q11s =  -0.032016
|Q2| =   0.084045  Q20  =   0.004807  Q21c =  -0.004523  Q21s =   0.017657
                   Q22c =   0.016620  Q22s =  -0.080200

H          x = -1.697988  y = -1.995322  z = -1.754009 angstrom
           Maximum rank =  2   Radius =  0.350 angstrom
                   Q00  =   0.062736
|Q1| =   0.160459  Q10  =   0.015031  Q11c =   0.095022  Q11s =   0.128421
|Q2| =   0.082589  Q20  =   0.000534  Q21c =  -0.043616  Q21s =   0.011188
                   Q22c =  -0.064084  Q22s =   0.026198

C          x = -2.004674  y = -0.912342  z =  2.169383 angstrom
           Maximum rank =  2   Radius =  0.650 angstrom
                   Q00  =  -0.035397
|Q1| =   0.210542  Q10  =  -0.016631  Q11c =   0.136949  Q11s =   0.159049
|Q2| =   0.163613  Q20  =  -0.003281  Q21c =  -0.079054  Q21s =   0.040991
                   Q22c =   0.007269  Q22s =   0.137025

H          x = -1.870431  y = -1.775799  z = -4.269526 angstrom
           Maximum rank =  2   Radius =  0.350 angstrom
                   Q00  =   0.040659
|Q1| =   0.143345  Q10  =   0.051062  Q11c =   0.100136  Q11s =   0.088957
|Q2| =   0.130269  Q20  =  -0.065491  Q21c =   0.018766  Q21s =  -0.000210
                   Q22c =  -0.058005  Q22s =   0.094680

H          x = -1.732604  y = -2.374792  z =  0.596724 angstrom
           Maximum rank =  2   Radius =  0.350 angstrom
                   Q00  =   0.061369
|Q1| =   0.155663  Q10  =   0.012703  Q11c =   0.030869  Q11s =   0.152042
|Q2| =   0.091504  Q20  =  -0.019232  Q21c =  -0.056953  Q21s =   0.016070
                   Q22c =  -0.049387  Q22s =  -0.045410

H          x = -2.046321  y = -0.010047  z = -4.256387 angstrom
           Maximum rank =  2   Radius =  0.350 angstrom
                   Q00  =   0.043678
|Q1| =   0.141688  Q10  =   0.052597  Q11c =   0.116681  Q11s =  -0.060783
|Q2| =   0.134651  Q20  =  -0.065229  Q21c =   0.015630  Q21s =   0.016644
                   Q22c =  -0.023416  Q22s =  -0.113166

H          x = -0.698547  y = -0.761369  z = -5.135065 angstrom
           Maximum rank =  2   Radius =  0.350 angstrom
                   Q00  =   0.098420
|Q1| =   0.155870  Q10  =   0.143853  Q11c =   0.059506  Q11s =   0.007789
|Q2| =   0.151307  Q20  =   0.016981  Q21c =  -0.100506  Q21s =  -0.010669
                   Q22c =   0.108530  Q22s =   0.024727

H          x = -2.927437  y = -1.144765  z =  0.246295 angstrom
           Maximum rank =  2   Radius =  0.350 angstrom
                   Q00  =   0.056971
|Q1| =   0.157804  Q10  =   0.052990  Q11c =   0.146175  Q11s =   0.026965
|Q2| =   0.085013  Q20  =   0.028111  Q21c =   0.019924  Q21s =  -0.002554
                   Q22c =   0.068927  Q22s =  -0.035813

C          x = -0.776187  y =  0.901390  z = -0.085288 angstrom
           Maximum rank =  2   Radius =  0.650 angstrom
                   Q00  =   0.728099
|Q1| =   0.676159  Q10  =   0.168941  Q11c =   0.651658  Q11s =   0.063179
|Q2| =   0.832092  Q20  =  -0.381138  Q21c =  -0.074522  Q21s =   0.027017
                   Q22c =  -0.544653  Q22s =  -0.494145

C          x = -2.639130  y =  0.459805  z =  2.386822 angstrom
           Maximum rank =  2   Radius =  0.650 angstrom
                   Q00  =  -0.045611
|Q1| =   0.155728  Q10  =  -0.007038  Q11c =   0.142714  Q11s =   0.061922
|Q2| =   1.023268  Q20  =  -0.735572  Q21c =   0.467199  Q21s =   0.402932
                   Q22c =   0.069552  Q22s =  -0.347196

C          x =  0.373271  y =  0.542810  z = -2.966982 angstrom
           Maximum rank =  2   Radius =  0.650 angstrom
                   Q00  =   0.750990
|Q1| =   0.650714  Q10  =   0.078028  Q11c =   0.605419  Q11s =  -0.225407
|Q2| =   0.782610  Q20  =  -0.260072  Q21c =  -0.133763  Q21s =   0.056427
                   Q22c =  -0.712011  Q22s =   0.129634

C          x = -1.755934  y =  1.315651  z =  3.071806 angstrom
           Maximum rank =  2   Radius =  0.650 angstrom
                   Q00  =   0.025903
|Q1| =   0.206801  Q10  =  -0.195188  Q11c =   0.054846  Q11s =  -0.040746
|Q2| =   0.720192  Q20  =  -0.517292  Q21c =   0.270540  Q21s =   0.274239
                   Q22c =  -0.128563  Q22s =  -0.293527

C          x =  1.752652  y =  0.258790  z = -2.966982 angstrom
           Maximum rank =  2   Radius =  0.650 angstrom
                   Q00  =   0.747551
|Q1| =   0.649842  Q10  =   0.019418  Q11c =  -0.649375  Q11s =   0.015182
|Q2| =   0.812258  Q20  =  -0.362252  Q21c =   0.031841  Q21s =  -0.019690
                   Q22c =  -0.629054  Q22s =   0.362527

C          x =  0.536277  y =  1.249310  z =  0.283436 angstrom
           Maximum rank =  2   Radius =  0.650 angstrom
                   Q00  =   0.756513
|Q1| =   0.638560  Q10  =  -0.214633  Q11c =  -0.543608  Q11s =  -0.257256
|Q2| =   0.789349  Q20  =  -0.351277  Q21c =  -0.136240  Q21s =   0.040755
                   Q22c =  -0.639410  Q22s =  -0.265722

C          x =  1.348366  y =  0.030293  z =  0.330982 angstrom
           Maximum rank =  2   Radius =  0.650 angstrom
                   Q00  =   0.751367
|Q1| =   0.650835  Q10  =  -0.179605  Q11c =  -0.458069  Q11s =  -0.426030
|Q2| =   0.807412  Q20  =  -0.339417  Q21c =   0.128271  Q21s =  -0.160955
                   Q22c =   0.243871  Q22s =  -0.659452

C          x =  1.932684  y = -1.195716  z = -3.014081 angstrom
           Maximum rank =  2   Radius =  0.650 angstrom
                   Q00  =   0.753072
|Q1| =   0.635059  Q10  =   0.041717  Q11c =  -0.609886  Q11s =  -0.172040
|Q2| =   0.786485  Q20  =  -0.303234  Q21c =   0.055034  Q21s =   0.085776
                   Q22c =  -0.364211  Q22s =  -0.619332

C          x = -0.525833  y =  0.574038  z =  3.366886 angstrom
           Maximum rank =  2   Radius =  0.650 angstrom
                   Q00  =   0.009847
|Q1| =   0.195059  Q10  =  -0.184844  Q11c =  -0.018394  Q11s =  -0.059518
|Q2| =   0.827804  Q20  =  -0.417123  Q21c =   0.592603  Q21s =   0.331332
                   Q22c =   0.106850  Q22s =  -0.197208

C          x =  0.662276  y = -1.801926  z = -3.031219 angstrom
           Maximum rank =  2   Radius =  0.650 angstrom
                   Q00  =   0.726019
|Q1| =   0.688598  Q10  =   0.020730  Q11c =   0.566863  Q11s =   0.390388
|Q2| =   0.857910  Q20  =  -0.378200  Q21c =  -0.023857  Q21s =   0.069850
                   Q22c =  -0.580630  Q22s =  -0.500394

C          x = -0.660648  y = -0.737961  z =  2.873063 angstrom
           Maximum rank =  2   Radius =  0.650 angstrom
                   Q00  =   0.041252
|Q1| =   0.305179  Q10  =  -0.233261  Q11c =   0.096605  Q11s =   0.171438
|Q2| =   0.628909  Q20  =  -0.342510  Q21c =   0.406750  Q21s =   0.150917
                   Q22c =   0.044731  Q22s =  -0.296632

C          x =  0.531082  y = -1.067676  z =  0.005325 angstrom
           Maximum rank =  2   Radius =  0.650 angstrom
                   Q00  =   0.750794
|Q1| =   0.653671  Q10  =   0.060331  Q11c =   0.314266  Q11s =   0.569985
|Q2| =   0.782725  Q20  =  -0.205833  Q21c =   0.084755  Q21s =  -0.015864
                   Q22c =   0.017905  Q22s =  -0.750023

C          x =  1.050648  y = -2.354587  z =  0.006953 angstrom
           Maximum rank =  2   Radius =  0.650 angstrom
                   Q00  =   0.359268
|Q1| =   0.622007  Q10  =  -0.041056  Q11c =   0.357937  Q11s =   0.507038
|Q2| =   0.724033  Q20  =  -0.351894  Q21c =   0.268944  Q21s =   0.455952
                   Q22c =  -0.215414  Q22s =   0.271603

C          x =  0.341193  y = -1.673938  z =  3.092162 angstrom
           Maximum rank =  2   Radius =  0.650 angstrom
                   Q00  =   0.043150
|Q1| =   0.256618  Q10  =  -0.196426  Q11c =   0.085205  Q11s =   0.141456
|Q2| =   0.642720  Q20  =  -0.413251  Q21c =   0.316039  Q21s =   0.293618
                   Q22c =  -0.069174  Q22s =  -0.226794

C          x =  0.541729  y = -3.181511  z = -3.119860 angstrom
           Maximum rank =  2   Radius =  0.650 angstrom
                   Q00  =   0.315637
|Q1| =   0.629416  Q10  =  -0.000799  Q11c =   0.536150  Q11s =   0.329707
|Q2| =   0.895778  Q20  =  -0.764546  Q21c =   0.073485  Q21s =   0.125137
                   Q22c =   0.236568  Q22s =   0.375319

C          x =  2.401138  y = -2.542826  z =  0.310806 angstrom
           Maximum rank =  2   Radius =  0.650 angstrom
                   Q00  =   0.350969
|Q1| =   0.602561  Q10  =  -0.080350  Q11c =  -0.256099  Q11s =   0.539479
|Q2| =   0.794630  Q20  =  -0.459743  Q21c =   0.166697  Q21s =   0.188435
                   Q22c =  -0.430523  Q22s =  -0.414038

C          x =  1.701582  y = -3.964273  z = -3.162020 angstrom
           Maximum rank =  2   Radius =  0.650 angstrom
                   Q00  =   0.330573
|Q1| =   0.595745  Q10  =   0.029247  Q11c =   0.041955  Q11s =   0.593546
|Q2| =   0.895405  Q20  =  -0.656530  Q21c =   0.011733  Q21s =   0.145532
                   Q22c =  -0.585419  Q22s =   0.081768

C          x =  1.505301  y = -1.281670  z =  3.757867 angstrom
           Maximum rank =  2   Radius =  0.650 angstrom
                   Q00  =   0.006054
|Q1| =   0.167992  Q10  =  -0.158548  Q11c =  -0.040986  Q11s =   0.037467
|Q2| =   0.837183  Q20  =  -0.389458  Q21c =   0.565756  Q21s =   0.344022
                   Q22c =  -0.085049  Q22s =  -0.321766

C          x =  2.963329  y = -3.363404  z = -3.120272 angstrom
           Maximum rank =  2   Radius =  0.650 angstrom
                   Q00  =   0.332386
|Q1| =   0.598045  Q10  =   0.015709  Q11c =  -0.486875  Q11s =   0.346935
|Q2| =   0.895491  Q20  =  -0.667013  Q21c =  -0.065155  Q21s =   0.100354
                   Q22c =   0.203692  Q22s =  -0.548809

C          x =  1.655026  y =  0.032544  z =  4.213588 angstrom
           Maximum rank =  2   Radius =  0.650 angstrom
                   Q00  =  -0.032280
|Q1| =   0.092458  Q10  =  -0.058322  Q11c =  -0.066350  Q11s =  -0.027290
|Q2| =   1.099941  Q20  =  -0.594195  Q21c =   0.770812  Q21s =   0.479920
                   Q22c =  -0.015101  Q22s =  -0.179168

C          x =  3.216854  y = -1.449592  z =  0.620652 angstrom
           Maximum rank =  2   Radius =  0.650 angstrom
                   Q00  =   0.333478
|Q1| =   0.614704  Q10  =  -0.152603  Q11c =  -0.588626  Q11s =   0.089960
|Q2| =   0.879816  Q20  =  -0.594199  Q21c =   0.376465  Q21s =   0.049281
                   Q22c =   0.495017  Q22s =  -0.178346

C          x =  2.694925  y = -0.155473  z =  0.637804 angstrom
           Maximum rank =  2   Radius =  0.650 angstrom
                   Q00  =   0.337980
|Q1| =   0.625111  Q10  =  -0.163938  Q11c =  -0.430326  Q11s =  -0.422738
|Q2| =   0.820577  Q20  =  -0.618501  Q21c =   0.308775  Q21s =   0.219470
                   Q22c =  -0.132044  Q22s =   0.360359

C          x =  0.636277  y =  0.968069  z =  4.029868 angstrom
           Maximum rank =  2   Radius =  0.650 angstrom
                   Q00  =  -0.024372
|Q1| =   0.130636  Q10  =  -0.075040  Q11c =  -0.079079  Q11s =  -0.071981
|Q2| =   1.112093  Q20  =  -0.614165  Q21c =   0.714023  Q21s =   0.530115
                   Q22c =  -0.125056  Q22s =  -0.230355

C          x =  3.087944  y = -1.973858  z = -3.050407 angstrom
           Maximum rank =  2   Radius =  0.650 angstrom
                   Q00  =   0.349211
|Q1| =   0.602611  Q10  =   0.014942  Q11c =  -0.579315  Q11s =  -0.165260
|Q2| =   0.770947  Q20  =  -0.623194  Q21c =  -0.020806  Q21s =   0.099217
                   Q22c =   0.274076  Q22s =   0.347264

H          x =  4.070125  y = -1.510592  z = -3.019967 angstrom
           Maximum rank =  2   Radius =  0.350 angstrom
                   Q00  =   0.081398
|Q1| =   0.137364  Q10  =   0.017746  Q11c =  -0.132225  Q11s =  -0.032720
|Q2| =   0.108376  Q20  =  -0.079690  Q21c =   0.006208  Q21s =   0.011581
                   Q22c =   0.040705  Q22s =   0.059710

H          x =  0.747362  y =  1.984651  z =  4.397242 angstrom
           Maximum rank =  2   Radius =  0.350 angstrom
                   Q00  =   0.060684
|Q1| =   0.128096  Q10  =  -0.069428  Q11c =  -0.025839  Q11s =  -0.104502
|Q2| =   0.131305  Q20  =  -0.064462  Q21c =   0.042383  Q21s =   0.068540
                   Q22c =  -0.081154  Q22s =  -0.002371

H          x =  3.326785  y =  0.691039  z =  0.891100 angstrom
           Maximum rank =  2   Radius =  0.350 angstrom
                   Q00  =   0.084089
|Q1| =   0.137388  Q10  =  -0.037032  Q11c =  -0.100335  Q11s =  -0.086239
|Q2| =   0.095404  Q20  =  -0.056906  Q21c =   0.030030  Q21s =   0.026695
                   Q22c =  -0.029168  Q22s =   0.058296

H          x =  4.266298  y = -1.610196  z =  0.852309 angstrom
           Maximum rank =  2   Radius =  0.350 angstrom
                   Q00  =   0.066821
|Q1| =   0.134364  Q10  =  -0.033837  Q11c =  -0.128304  Q11s =   0.021141
|Q2| =   0.123462  Q20  =  -0.068524  Q21c =   0.049095  Q21s =   0.006741
                   Q22c =   0.084944  Q22s =  -0.029599

H          x =  2.570331  y =  0.324912  z =  4.720920 angstrom
           Maximum rank =  2   Radius =  0.350 angstrom
                   Q00  =   0.049914
|Q1| =   0.124588  Q10  =  -0.073476  Q11c =  -0.096085  Q11s =  -0.029853
|Q2| =   0.148930  Q20  =  -0.049328  Q21c =   0.109758  Q21s =   0.049859
                   Q22c =   0.063196  Q22s =   0.034933

H          x =  3.855462  y = -3.983017  z = -3.147995 angstrom
           Maximum rank =  2   Radius =  0.350 angstrom
                   Q00  =   0.062537
|Q1| =   0.132230  Q10  =   0.013746  Q11c =  -0.105472  Q11s =   0.078560
|Q2| =   0.140912  Q20  =  -0.095900  Q21c =  -0.001331  Q21s =   0.010715
                   Q22c =   0.036906  Q22s =  -0.095816

H          x =  2.822047  y = -3.543487  z =  0.290203 angstrom
           Maximum rank =  2   Radius =  0.350 angstrom
                   Q00  =   0.079279
|Q1| =   0.134450  Q10  =  -0.029504  Q11c =  -0.057873  Q11s =   0.117716
|Q2| =   0.108746  Q20  =  -0.043661  Q21c =   0.011565  Q21s =   0.027159
                   Q22c =  -0.069216  Q22s =  -0.065247

H          x =  1.620865  y = -5.045790  z = -3.228179 angstrom
           Maximum rank =  2   Radius =  0.350 angstrom
                   Q00  =   0.060559
|Q1| =   0.132156  Q10  =   0.015347  Q11c =   0.007062  Q11s =   0.131071
|Q2| =   0.144480  Q20  =  -0.099668  Q21c =   0.000003  Q21s =   0.017351
                   Q22c =  -0.101939  Q22s =   0.015748

H          x =  2.305818  y = -1.999811  z =  3.906842 angstrom
           Maximum rank =  2   Radius =  0.350 angstrom
                   Q00  =   0.064223
|Q1| =   0.127444  Q10  =  -0.059547  Q11c =  -0.080559  Q11s =   0.078781
|Q2| =   0.128217  Q20  =  -0.053591  Q21c =   0.030186  Q21s =   0.011593
                   Q22c =   0.006662  Q22s =  -0.111704

H          x =  0.427809  y = -3.207219  z = -0.244518 angstrom
           Maximum rank =  2   Radius =  0.350 angstrom
                   Q00  =   0.102541
|Q1| =   0.140130  Q10  =  -0.017457  Q11c =   0.076331  Q11s =   0.116213
|Q2| =   0.080778  Q20  =  -0.002939  Q21c =   0.007908  Q21s =   0.063687
                   Q22c =  -0.021086  Q22s =   0.044197

H          x = -0.437113  y = -3.654997  z = -3.145487 angstrom
           Maximum rank =  2   Radius =  0.350 angstrom
                   Q00  =   0.073330
|Q1| =   0.140341  Q10  =   0.018001  Q11c =   0.112744  Q11s =   0.081611
|Q2| =   0.114968  Q20  =  -0.087532  Q21c =  -0.007332  Q21s =   0.011868
                   Q22c =   0.049050  Q22s =   0.054364

H          x =  0.243515  y = -2.689797  z =  2.723965 angstrom
           Maximum rank =  2   Radius =  0.350 angstrom
                   Q00  =   0.086847
|Q1| =   0.136112  Q10  =  -0.022293  Q11c =   0.028676  Q11s =   0.131176
|Q2| =   0.100285  Q20  =  -0.015054  Q21c =  -0.010169  Q21s =   0.081466
                   Q22c =  -0.054649  Q22s =  -0.010193

C          x =  0.874851  y =  2.579110  z =  0.526029 angstrom
           Maximum rank =  2   Radius =  0.650 angstrom
                   Q00  =   0.344354
|Q1| =   0.618995  Q10  =  -0.198362  Q11c =  -0.532352  Q11s =  -0.245779
|Q2| =   0.770746  Q20  =  -0.560564  Q21c =   0.321413  Q21s =   0.176811
                   Q22c =   0.345632  Q22s =   0.160583

C          x = -2.126210  y =  2.626708  z =  3.364185 angstrom
           Maximum rank =  2   Radius =  0.650 angstrom
                   Q00  =  -0.005455
|Q1| =   0.147259  Q10  =  -0.098326  Q11c =   0.034769  Q11s =  -0.103962
|Q2| =   0.937188  Q20  =  -0.561085  Q21c =   0.475261  Q21s =   0.551117
                   Q22c =  -0.000640  Q22s =  -0.184123

C          x =  2.690816  y =  1.290629  z = -2.945263 angstrom
           Maximum rank =  2   Radius =  0.650 angstrom
                   Q00  =   0.339954
|Q1| =   0.608448  Q10  =  -0.006296  Q11c =  -0.607607  Q11s =   0.031348
|Q2| =   0.820463  Q20  =  -0.694562  Q21c =  -0.031100  Q21s =  -0.013351
                   Q22c =   0.401386  Q22s =  -0.168779

C          x = -0.109361  y =  3.559393  z =  0.392481 angstrom
           Maximum rank =  2   Radius =  0.650 angstrom
                   Q00  =   0.331803
|Q1| =   0.612241  Q10  =  -0.101547  Q11c =  -0.137042  Q11s =  -0.588002
|Q2| =   0.885577  Q20  =  -0.618216  Q21c =   0.174444  Q21s =   0.272123
                   Q22c =  -0.496836  Q22s =   0.225227

C          x = -3.393608  y =  3.071220  z =  2.980333 angstrom
           Maximum rank =  2   Radius =  0.650 angstrom
                   Q00  =  -0.040810
|Q1| =   0.083720  Q10  =  -0.005232  Q11c =   0.038283  Q11s =  -0.074271
|Q2| =   1.141415  Q20  =  -0.765960  Q21c =   0.508992  Q21s =   0.596222
                   Q22c =  -0.091994  Q22s =  -0.305151

C          x =  2.238076  y =  2.610410  z = -2.944684 angstrom
           Maximum rank =  2   Radius =  0.650 angstrom
                   Q00  =   0.336935
|Q1| =   0.600189  Q10  =   0.004091  Q11c =  -0.401728  Q11s =  -0.445898
|Q2| =   0.866025  Q20  =  -0.647708  Q21c =  -0.023222  Q21s =  -0.018946
                   Q22c =  -0.070909  Q22s =   0.569690

C          x = -1.410698  y =  3.215353  z =  0.012089 angstrom
           Maximum rank =  2   Radius =  0.650 angstrom
                   Q00  =   0.324462
|Q1| =   0.617069  Q10  =   0.052308  Q11c =   0.422677  Q11s =  -0.446522
|Q2| =   0.885380  Q20  =  -0.639653  Q21c =   0.208788  Q21s =  -0.021231
                   Q22c =  -0.032279  Q22s =  -0.574156

C          x = -4.280026  y =  2.213722  z =  2.321725 angstrom
           Maximum rank =  2   Radius =  0.650 angstrom
                   Q00  =  -0.043231
|Q1| =   0.081096  Q10  =   0.023427  Q11c =   0.068415  Q11s =  -0.036704
|Q2| =   1.156661  Q20  =  -0.805872  Q21c =   0.586508  Q21s =   0.496833
                   Q22c =   0.101449  Q22s =  -0.295482

C          x =  0.868504  y =  2.893183  z = -2.984478 angstrom
           Maximum rank =  2   Radius =  0.650 angstrom
                   Q00  =   0.355167
|Q1| =   0.592008  Q10  =   0.066040  Q11c =   0.137617  Q11s =  -0.571991
|Q2| =   0.780361  Q20  =  -0.530303  Q21c =  -0.129204  Q21s =  -0.017209
                   Q22c =  -0.424013  Q22s =  -0.361892

C          x = -3.904598  y =  0.898433  z =  2.023716 angstrom
           Maximum rank =  2   Radius =  0.650 angstrom
                   Q00  =  -0.052875
|Q1| =   0.129708  Q10  =   0.062558  Q11c =   0.112066  Q11s =   0.018757
|Q2| =   1.197836  Q20  =  -0.858635  Q21c =   0.607764  Q21s =   0.543514
                   Q22c =   0.070851  Q22s =  -0.166593

C          x = -0.069812  y =  1.858123  z = -3.004151 angstrom
           Maximum rank =  2   Radius =  0.650 angstrom
                   Q00  =   0.376231
|Q1| =   0.591229  Q10  =   0.152320  Q11c =   0.550259  Q11s =  -0.153509
|Q2| =   0.656238  Q20  =  -0.433710  Q21c =  -0.157919  Q21s =   0.083245
                   Q22c =   0.371659  Q22s =  -0.269343

C          x = -1.746980  y =  1.881958  z = -0.234031 angstrom
           Maximum rank =  2   Radius =  0.650 angstrom
                   Q00  =   0.308074
|Q1| =   0.645583  Q10  =   0.193692  Q11c =   0.610122  Q11s =   0.083738
|Q2| =   0.857857  Q20  =  -0.673286  Q21c =   0.346003  Q21s =   0.105253
                   Q22c =   0.355804  Q22s =   0.158784

H          x = -4.595825  y =  0.238127  z =  1.504890 angstrom
           Maximum rank =  2   Radius =  0.350 angstrom
                   Q00  =   0.058205
|Q1| =   0.130375  Q10  =   0.045395  Q11c =   0.104196  Q11s =   0.063876
|Q2| =   0.129132  Q20  =  -0.048403  Q21c =   0.071437  Q21s =   0.083469
                   Q22c =  -0.000345  Q22s =   0.047559

H          x = -1.130109  y =  2.087828  z = -3.013613 angstrom
           Maximum rank =  2   Radius =  0.350 angstrom
                   Q00  =   0.098813
|Q1| =   0.141285  Q10  =   0.058847  Q11c =   0.122312  Q11s =  -0.039220
|Q2| =   0.092072  Q20  =  -0.035365  Q21c =  -0.039804  Q21s =   0.021752
                   Q22c =   0.060411  Q22s =  -0.038980

H          x = -2.762326  y =  1.622439  z = -0.516637 angstrom
           Maximum rank =  2   Radius =  0.350 angstrom
                   Q00  =   0.089397
|Q1| =   0.135133  Q10  =   0.055350  Q11c =   0.122944  Q11s =   0.009052
|Q2| =   0.083769  Q20  =  -0.039632  Q21c =   0.002680  Q21s =   0.014821
                   Q22c =   0.065204  Q22s =   0.031115

H          x = -2.170005  y =  3.986274  z = -0.077614 angstrom
           Maximum rank =  2   Radius =  0.350 angstrom
                   Q00  =   0.071779
|Q1| =   0.131939  Q10  =   0.022912  Q11c =   0.081172  Q11s =  -0.101460
|Q2| =   0.116332  Q20  =  -0.069743  Q21c =   0.002015  Q21s =  -0.008795
                   Q22c =   0.007627  Q22s =  -0.092356

H          x = -5.266880  y =  2.570474  z =  2.039914 angstrom
           Maximum rank =  2   Radius =  0.350 angstrom
                   Q00  =   0.045581
|Q1| =   0.122791  Q10  =   0.021292  Q11c =   0.114265  Q11s =  -0.039595
|Q2| =   0.159950  Q20  =  -0.086227  Q21c =   0.079408  Q21s =   0.008811
                   Q22c =   0.077980  Q22s =  -0.075397

H          x =  0.529394  y =  3.924565  z = -2.983207 angstrom
           Maximum rank =  2   Radius =  0.350 angstrom
                   Q00  =   0.076691
|Q1| =   0.134110  Q10  =   0.033322  Q11c =   0.025757  Q11s =  -0.127325
|Q2| =   0.118242  Q20  =  -0.068091  Q21c =  -0.024493  Q21s =   0.006345
                   Q22c =  -0.070055  Q22s =  -0.061620

H          x =  0.137694  y =  4.600185  z =  0.583551 angstrom
           Maximum rank =  2   Radius =  0.350 angstrom
                   Q00  =   0.065860
|Q1| =   0.134060  Q10  =  -0.023412  Q11c =  -0.027991  Q11s =  -0.128998
|Q2| =   0.125153  Q20  =  -0.075797  Q21c =   0.011247  Q21s =   0.040206
                   Q22c =  -0.080881  Q22s =   0.040415

H          x = -3.695615  y =  4.091464  z =  3.200529 angstrom
           Maximum rank =  2   Radius =  0.350 angstrom
                   Q00  =   0.047650
|Q1| =   0.123097  Q10  =  -0.034514  Q11c =   0.043365  Q11s =  -0.109914
|Q2| =   0.156011  Q20  =  -0.090816  Q21c =   0.011008  Q21s =   0.066201
                   Q22c =  -0.086374  Q22s =  -0.064248

H          x =  2.955235  y =  3.426324  z = -2.919850 angstrom
           Maximum rank =  2   Radius =  0.350 angstrom
                   Q00  =   0.064205
|Q1| =   0.133243  Q10  =   0.010836  Q11c =  -0.088432  Q11s =  -0.099076
|Q2| =   0.135221  Q20  =  -0.093364  Q21c =   0.000844  Q21s =   0.007365
                   Q22c =  -0.012833  Q22s =   0.096686

H          x =  1.888140  y =  2.849490  z =  0.809103 angstrom
           Maximum rank =  2   Radius =  0.350 angstrom
                   Q00  =   0.085141
|Q1| =   0.137951  Q10  =  -0.045031  Q11c =  -0.115357  Q11s =  -0.060791
|Q2| =   0.093025  Q20  =  -0.053018  Q21c =   0.041435  Q21s =   0.012418
                   Q22c =   0.058706  Q22s =   0.022918

H          x = -1.440929  y =  3.295461  z =  3.877393 angstrom
           Maximum rank =  2   Radius =  0.350 angstrom
                   Q00  =   0.064440
|Q1| =   0.128413  Q10  =  -0.080670  Q11c =  -0.051697  Q11s =  -0.085496
|Q2| =   0.124209  Q20  =  -0.047709  Q21c =   0.071182  Q21s =   0.070708
                   Q22c =   0.008891  Q22s =   0.054828

H          x =  3.755094  y =  1.071995  z = -2.929333 angstrom
           Maximum rank =  2   Radius =  0.350 angstrom
                   Q00  =   0.077994
|Q1| =   0.137524  Q10  =   0.013821  Q11c =  -0.136825  Q11s =  -0.000795
|Q2| =   0.114432  Q20  =  -0.088513  Q21c =   0.006027  Q21s =  -0.006128
                   Q22c =   0.062335  Q22s =  -0.036064

C          x = -1.922382  y = -1.296043  z =  0.661244 angstrom
           Maximum rank =  2   Radius =  0.650 angstrom
                   Q00  =   0.033611
|Q1| =   0.159536  Q10  =   0.010851  Q11c =   0.125998  Q11s =   0.097255
|Q2| =   0.224914  Q20  =   0.039839  Q21c =  -0.136551  Q21s =   0.009742
                   Q22c =   0.104001  Q22s =   0.139434

C          x = -1.318856  y = -0.829093  z = -4.236558 angstrom
           Maximum rank =  2   Radius =  0.650 angstrom
                   Q00  =   0.052235
|Q1| =   0.182006  Q10  =   0.065429  Q11c =   0.168388  Q11s =   0.022153
|Q2| =   0.296936  Q20  =  -0.044508  Q21c =   0.189422  Q21s =   0.021171
                   Q22c =   0.215498  Q22s =   0.058495

C          x = -1.378822  y = -0.945055  z = -1.737391 angstrom
           Maximum rank =  2   Radius =  0.650 angstrom
                   Q00  =   0.061136
|Q1| =   0.208409  Q10  =   0.029853  Q11c =   0.191991  Q11s =   0.075384
|Q2| =   0.236890  Q20  =   0.103888  Q21c =  -0.034335  Q21s =   0.123690
                   Q22c =   0.136156  Q22s =   0.101526

C          x = -2.844721  y = -1.997676  z =  2.879354 angstrom
           Maximum rank =  2   Radius =  0.650 angstrom
                   Q00  =   0.007524
|Q1| =   0.072529  Q10  =  -0.005099  Q11c =   0.041147  Q11s =   0.059510
|Q2| =   0.165893  Q20  =  -0.073871  Q21c =  -0.045334  Q21s =  -0.076890
                   Q22c =  -0.028048  Q22s =   0.115368

H          x = -3.831056  y = -2.095095  z =  2.411136 angstrom
           Maximum rank =  2   Radius =  0.350 angstrom
                   Q00  =   0.032531
|Q1| =   0.138521  Q10  =   0.018568  Q11c =   0.125917  Q11s =   0.054664
|Q2| =   0.139305  Q20  =  -0.037077  Q21c =   0.092832  Q21s =  -0.009499
                   Q22c =   0.093443  Q22s =   0.024326

H          x = -2.344209  y = -2.970808  z =  2.825181 angstrom
           Maximum rank =  2   Radius =  0.350 angstrom
                   Q00  =   0.035857
|Q1| =   0.136278  Q10  =  -0.020523  Q11c =  -0.004105  Q11s =   0.134661
|Q2| =   0.144391  Q20  =  -0.086478  Q21c =  -0.024905  Q21s =   0.002603
                   Q22c =  -0.055397  Q22s =  -0.098359

H          x = -2.988385  y = -1.741816  z =  3.933192 angstrom
           Maximum rank =  2   Radius =  0.350 angstrom
                   Q00  =   0.048149
|Q1| =   0.131745  Q10  =  -0.117319  Q11c =   0.051548  Q11s =   0.030589
|Q2| =   0.138895  Q20  =   0.117747  Q21c =  -0.029564  Q21s =   0.064112
                   Q22c =  -0.018570  Q22s =   0.009913

Ac         x =  1.814924  y = -2.580113  z = -3.082975 angstrom
           Maximum rank =  2   Radius =  0.650 angstrom
                   Q00  =  -0.965704
|Q1| =   0.040041  Q10  =   0.004504  Q11c =  -0.016096  Q11s =   0.036386
|Q2| =   0.466646  Q20  =   0.463268  Q21c =  -0.000913  Q21s =  -0.038561
                   Q22c =  -0.026741  Q22s =  -0.030626

A1         x =  1.814979  y = -2.634733  z = -2.084468 angstrom
           Maximum rank =  2   Radius =  0.650 angstrom
                   Q00  =  -0.737745
|Q1| =   0.249673  Q10  =  -0.161618  Q11c =  -0.008024  Q11s =   0.190136
|Q2| =   0.592183  Q20  =   0.495027  Q21c =   0.031091  Q21s =   0.290401
                   Q22c =  -0.133115  Q22s =  -0.051087

A-1        x =  1.814868  y = -2.525494  z = -4.081482 angstrom
           Maximum rank =  2   Radius =  0.650 angstrom
                   Q00  =  -0.613715
|Q1| =   0.107552  Q10  =  -0.006202  Q11c =  -0.040198  Q11s =   0.099564
|Q2| =   0.658360  Q20  =   0.630518  Q21c =   0.004231  Q21s =  -0.119637
                   Q22c =  -0.105459  Q22s =  -0.102134

Bc         x =  0.855823  y = -0.588924  z = -2.989248 angstrom
           Maximum rank =  2   Radius =  0.650 angstrom
                   Q00  =  -1.107070
|Q1| =   0.023204  Q10  =   0.004660  Q11c =   0.022193  Q11s =   0.004917
|Q2| =   0.391974  Q20  =   0.385865  Q21c =   0.005628  Q21s =  -0.012822
                   Q22c =  -0.064761  Q22s =  -0.019023

B1         x =  0.865611  y = -0.616481  z = -1.989676 angstrom
           Maximum rank =  2   Radius =  0.650 angstrom
                   Q00  =  -0.645679
|Q1| =   0.105069  Q10  =   0.026143  Q11c =   0.032525  Q11s =   0.096427
|Q2| =   0.506629  Q20  =   0.432784  Q21c =   0.050603  Q21s =   0.153208
                   Q22c =  -0.048668  Q22s =  -0.202407

B-1        x =  0.846035  y = -0.561367  z = -3.988820 angstrom
           Maximum rank =  2   Radius =  0.650 angstrom
                   Q00  =  -0.669714
|Q1| =   0.146688  Q10  =   0.065521  Q11c =   0.130322  Q11s =   0.015506
|Q2| =   0.513023  Q20  =   0.366734  Q21c =  -0.278554  Q21s =  -0.049190
                   Q22c =  -0.215241  Q22s =  -0.048562

Cc         x =  1.308918  y =  1.575657  z = -2.968755 angstrom
           Maximum rank =  2   Radius =  0.650 angstrom
                   Q00  =  -0.962825
|Q1| =   0.040866  Q10  =   0.005190  Q11c =  -0.012609  Q11s =  -0.038524
|Q2| =   0.465067  Q20  =   0.462934  Q21c =  -0.022790  Q21s =   0.001219
                   Q22c =  -0.035613  Q22s =   0.013789

C1         x =  1.290464  y =  1.578481  z = -1.968930 angstrom
           Maximum rank =  2   Radius =  0.650 angstrom
                   Q00  =  -0.648760
|Q1| =   0.180504  Q10  =  -0.046429  Q11c =  -0.135145  Q11s =  -0.110281
|Q2| =   0.579031  Q20  =   0.470894  Q21c =  -0.301052  Q21s =  -0.110333
                   Q22c =  -0.092270  Q22s =  -0.047071

C-1        x =  1.327371  y =  1.572832  z = -3.968581 angstrom
           Maximum rank =  2   Radius =  0.650 angstrom
                   Q00  =  -0.612199
|Q1| =   0.107038  Q10  =  -0.012062  Q11c =  -0.019773  Q11s =  -0.104502
|Q2| =   0.656363  Q20  =   0.636727  Q21c =  -0.024918  Q21s =   0.070121
                   Q22c =  -0.134741  Q22s =   0.041208

Dc         x =  1.873835  y = -1.256643  z =  0.318753 angstrom
           Maximum rank =  2   Radius =  0.650 angstrom
                   Q00  =  -0.962216
|Q1| =   0.041187  Q10  =  -0.010129  Q11c =  -0.033451  Q11s =   0.021789
|Q2| =   0.464780  Q20  =   0.419458  Q21c =  -0.178483  Q21s =  -0.085019
                   Q22c =   0.025951  Q22s =  -0.017795

D1         x =  1.638776  y = -1.359369  z =  1.285291 angstrom
           Maximum rank =  2   Radius =  0.650 angstrom
                   Q00  =  -0.780693
|Q1| =   0.294474  Q10  =  -0.268358  Q11c =  -0.024967  Q11s =   0.118642
|Q2| =   0.442830  Q20  =   0.302291  Q21c =  -0.260194  Q21s =   0.021261
                   Q22c =   0.092911  Q22s =  -0.167131

D-1        x =  2.108894  y = -1.153918  z = -0.647784 angstrom
           Maximum rank =  2   Radius =  0.650 angstrom
                   Q00  =  -0.652163
|Q1| =   0.185359  Q10  =   0.007244  Q11c =  -0.185198  Q11s =  -0.002684
|Q2| =   0.574743  Q20  =   0.551306  Q21c =   0.051334  Q21s =  -0.021653
                   Q22c =  -0.095681  Q22s =  -0.118877

Ec         x =  0.149054  y =  0.101251  z =  0.048585 angstrom
           Maximum rank =  2   Radius =  0.650 angstrom
                   Q00  =  -1.106009
|Q1| =   0.021948  Q10  =   0.002265  Q11c =   0.019256  Q11s =   0.010286
|Q2| =   0.391307  Q20  =   0.341754  Q21c =  -0.167039  Q21s =  -0.081614
                   Q22c =  -0.011046  Q22s =  -0.040499

E1         x = -0.087589  y = -0.013485  z =  1.013383 angstrom
           Maximum rank =  2   Radius =  0.650 angstrom
                   Q00  =  -0.781566
|Q1| =   0.211905  Q10  =  -0.194527  Q11c =   0.065227  Q11s =   0.052998
|Q2| =   0.312361  Q20  =   0.217783  Q21c =  -0.162600  Q21s =  -0.063874
                   Q22c =  -0.023188  Q22s =  -0.138144

E-1        x =  0.385697  y =  0.215987  z = -0.916214 angstrom
           Maximum rank =  2   Radius =  0.650 angstrom
                   Q00  =  -0.648981
|Q1| =   0.106315  Q10  =  -0.003574  Q11c =   0.094508  Q11s =  -0.048563
|Q2| =   0.506749  Q20  =   0.328514  Q21c =  -0.359015  Q21s =   0.032590
                   Q22c =  -0.135636  Q22s =  -0.022847

Fc         x = -0.438683  y =  2.231085  z =  0.149119 angstrom
           Maximum rank =  2   Radius =  0.650 angstrom
                   Q00  =  -0.964508
|Q1| =   0.040587  Q10  =  -0.002651  Q11c =   0.011086  Q11s =  -0.038953
|Q2| =   0.465924  Q20  =   0.408786  Q21c =  -0.206218  Q21s =  -0.085591
                   Q22c =  -0.011044  Q22s =   0.002343

F1         x = -0.686919  y =  2.119403  z =  1.111359 angstrom
           Maximum rank =  2   Radius =  0.650 angstrom
                   Q00  =  -0.735959
|Q1| =   0.226596  Q10  =  -0.186314  Q11c =   0.086626  Q11s =  -0.095544
|Q2| =   0.467982  Q20  =   0.341986  Q21c =  -0.194924  Q21s =  -0.229478
                   Q22c =  -0.103145  Q22s =  -0.027550

F-1        x = -0.190446  y =  2.342766  z = -0.813121 angstrom
           Maximum rank =  2   Radius =  0.650 angstrom
                   Q00  =  -0.732714
|Q1| =   0.249104  Q10  =   0.168419  Q11c =   0.076690  Q11s =  -0.166752
|Q2| =   0.613199  Q20  =   0.356973  Q21c =  -0.463619  Q21s =   0.116137
                   Q22c =   0.041939  Q22s =  -0.135626

Total multipoles referred to origin at
           x =   0.000000,  y =    0.000000,  z =    0.000000 angstrom
                   Q00  =  -0.000023
|Q1| =   0.191958  Q10  =  -0.050196  Q11c =  -0.153448  Q11s =  -0.103836
|Q2| =  24.984199  Q20  = -22.253813  Q21c =  10.514360  Q21s =   4.214048
                   Q22c =  -0.786481  Q22s =  -0.222447

CPU time used:     10m16.172s          Total:     10m16.172s

Finished at 10:31:30 on 21 Aug 2026 
