                                     G D M A
                                 by Anthony Stone

               Distributed Multipoles from Gaussian wavefunctions

                             version 2.3.3 (6b8e81e)
              Compiled with gfortran on 29 May 2025 at 12:54:22

Starting at 10:36:46 on 24 Mar 2026 


Using SCF density matrix from file f1-6-311Gdp.fchk


                         Distributed Multipole Analysis

Standard DMA for products of primitives with exponent greater than 4.00000
Using 80-point Euler-MacLaurin radial quadrature
Using 590-point Lebedev quadrature
Becke smoothing parameter = 3

Positions and radii in angstrom
Multipole moments in atomic units, ea_0^k for rank k

C          x =  0.000147  y =  1.414795  z =  0.000029 angstrom
           Maximum rank =  2   Radius =  0.650 angstrom
                   Q00  =   0.307019
|Q1| =   0.738224  Q10  =   0.000005  Q11c =  -0.000064  Q11s =  -0.738224
|Q2| =   0.583354  Q20  =   0.092553  Q21c =   0.000015  Q21s =   0.000057
                   Q22c =  -0.575965  Q22s =   0.000025

C          x = -1.180259  y =  0.445129  z =  0.000050 angstrom
           Maximum rank =  2   Radius =  0.650 angstrom
                   Q00  =   0.726849
|Q1| =   0.682304  Q10  =  -0.000018  Q11c =   0.308672  Q11s =  -0.608491
|Q2| =   0.875948  Q20  =  -0.416541  Q21c =   0.000003  Q21s =  -0.000001
                   Q22c =   0.695319  Q22s =   0.332130

C          x = -0.733997  y = -0.888640  z =  0.000019 angstrom
           Maximum rank =  2   Radius =  0.650 angstrom
                   Q00  =   0.738771
|Q1| =   0.651828  Q10  =   0.000004  Q11c =  -0.106084  Q11s =   0.643138
|Q2| =   0.864152  Q20  =  -0.425950  Q21c =  -0.000002  Q21s =   0.000003
                   Q22c =   0.531449  Q22s =   0.531872

C          x =  0.733816  y = -0.888758  z =  0.000023 angstrom
           Maximum rank =  2   Radius =  0.650 angstrom
                   Q00  =   0.738698
|Q1| =   0.651882  Q10  =   0.000009  Q11c =   0.106087  Q11s =   0.643192
|Q2| =   0.864136  Q20  =  -0.425963  Q21c =  -0.000003  Q21s =   0.000005
                   Q22c =   0.531329  Q22s =  -0.531955

C          x =  1.180249  y =  0.444946  z =  0.000022 angstrom
           Maximum rank =  2   Radius =  0.650 angstrom
                   Q00  =   0.726951
|Q1| =   0.682211  Q10  =  -0.000004  Q11c =  -0.308679  Q11s =  -0.608382
|Q2| =   0.875869  Q20  =  -0.416580  Q21c =  -0.000004  Q21s =   0.000001
                   Q22c =   0.695129  Q22s =  -0.332272

C          x =  2.539290  y =  0.727305  z =  0.000039 angstrom
           Maximum rank =  2   Radius =  0.650 angstrom
                   Q00  =   0.340330
|Q1| =   0.613755  Q10  =  -0.000004  Q11c =  -0.247207  Q11s =  -0.561769
|Q2| =   0.889762  Q20  =  -0.765419  Q21c =   0.000021  Q21s =   0.000043
                   Q22c =  -0.318092  Q22s =   0.323462

C          x =  3.454780  y = -0.328214  z =  0.000032 angstrom
           Maximum rank =  2   Radius =  0.650 angstrom
                   Q00  =   0.345183
|Q1| =   0.592495  Q10  =   0.000005  Q11c =  -0.581620  Q11s =  -0.112999
|Q2| =   0.907152  Q20  =  -0.689152  Q21c =   0.000033  Q21s =   0.000025
                   Q22c =   0.546542  Q22s =   0.222006

C          x =  3.010901  y = -1.651446  z = -0.000015 angstrom
           Maximum rank =  2   Radius =  0.650 angstrom
                   Q00  =   0.344004
|Q1| =   0.589594  Q10  =   0.000011  Q11c =  -0.392706  Q11s =   0.439776
|Q2| =   0.907602  Q20  =  -0.689925  Q21c =   0.000005  Q21s =   0.000009
                   Q22c =  -0.065218  Q22s =  -0.586081

C          x =  1.647611  y = -1.941721  z = -0.000000 angstrom
           Maximum rank =  2   Radius =  0.650 angstrom
                   Q00  =   0.353049
|Q1| =   0.596363  Q10  =   0.000008  Q11c =   0.113945  Q11s =   0.585376
|Q2| =   0.861905  Q20  =  -0.734798  Q21c =  -0.000008  Q21s =   0.000035
                   Q22c =  -0.368232  Q22s =   0.259531

H          x =  1.309043  y = -2.972071  z = -0.000024 angstrom
           Maximum rank =  2   Radius =  0.350 angstrom
                   Q00  =   0.064626
|Q1| =   0.126541  Q10  =   0.000002  Q11c =   0.016793  Q11s =   0.125422
|Q2| =   0.159449  Q20  =  -0.133463  Q21s =   0.000007  Q22c =  -0.065404
                   Q22s =   0.057741

H          x =  3.733239  y = -2.460031  z = -0.000009 angstrom
           Maximum rank =  2   Radius =  0.350 angstrom
                   Q00  =   0.051852
|Q1| =   0.122665  Q10  =   0.000002  Q11c =  -0.083130  Q11s =   0.090201
|Q2| =   0.179304  Q20  =  -0.132504  Q21c =   0.000002  Q22c =  -0.013954
                   Q22s =  -0.119991

H          x =  4.518432  y = -0.118095  z =  0.000064 angstrom
           Maximum rank =  2   Radius =  0.350 angstrom
                   Q00  =   0.051509
|Q1| =   0.122897  Q10  =  -0.000002  Q11c =  -0.120935  Q11s =  -0.021874
|Q2| =   0.179490  Q20  =  -0.132867  Q21c =   0.000010  Q21s =   0.000005
                   Q22c =   0.111449  Q22s =   0.046281

H          x =  2.895848  y =  1.752182  z =  0.000069 angstrom
           Maximum rank =  2   Radius =  0.350 angstrom
                   Q00  =   0.062167
|Q1| =   0.130756  Q10  =  -0.000003  Q11c =  -0.061167  Q11s =  -0.115567
|Q2| =   0.153014  Q20  =  -0.126771  Q21c =   0.000003  Q21s =   0.000009
                   Q22c =  -0.066956  Q22s =   0.053473

C          x = -1.647757  y = -1.941634  z = -0.000027 angstrom
           Maximum rank =  2   Radius =  0.650 angstrom
                   Q00  =   0.353042
|Q1| =   0.596329  Q10  =   0.000020  Q11c =  -0.113875  Q11s =   0.585355
|Q2| =   0.861937  Q20  =  -0.734823  Q21c =  -0.000008  Q21s =   0.000054
                   Q22c =  -0.368143  Q22s =  -0.259696

C          x = -3.011040  y = -1.651342  z = -0.000011 angstrom
           Maximum rank =  2   Radius =  0.650 angstrom
                   Q00  =   0.343969
|Q1| =   0.589545  Q10  =   0.000015  Q11c =   0.392676  Q11s =   0.439737
|Q2| =   0.907622  Q20  =  -0.689945  Q21c =   0.000014  Q21s =   0.000042
                   Q22c =  -0.065110  Q22s =   0.586101

C          x = -3.454797  y = -0.328078  z =  0.000036 angstrom
           Maximum rank =  2   Radius =  0.650 angstrom
                   Q00  =   0.345225
|Q1| =   0.592555  Q11c =   0.581676  Q11s =  -0.113025
|Q2| =   0.907109  Q20  =  -0.689120  Q21c =  -0.000036  Q21s =   0.000027
                   Q22c =   0.546500  Q22s =  -0.222032

C          x = -2.539308  y =  0.727445  z =  0.000070 angstrom
           Maximum rank =  2   Radius =  0.650 angstrom
                   Q00  =   0.340331
|Q1| =   0.613783  Q10  =  -0.000002  Q11c =   0.247147  Q11s =  -0.561826
|Q2| =   0.889765  Q20  =  -0.765400  Q21c =  -0.000028  Q21s =   0.000121
                   Q22c =  -0.317996  Q22s =  -0.323610

H          x = -2.895997  y =  1.752278  z =  0.000146 angstrom
           Maximum rank =  2   Radius =  0.350 angstrom
                   Q00  =   0.062164
|Q1| =   0.130753  Q10  =  -0.000006  Q11c =   0.061158  Q11s =  -0.115568
|Q2| =   0.153019  Q20  =  -0.126772  Q21c =  -0.000008  Q21s =   0.000020
                   Q22c =  -0.066944  Q22s =  -0.053498

H          x = -4.518442  y = -0.117902  z =  0.000069 angstrom
           Maximum rank =  2   Radius =  0.350 angstrom
                   Q00  =   0.051508
|Q1| =   0.122902  Q10  =  -0.000002  Q11c =   0.120938  Q11s =  -0.021881
|Q2| =   0.179486  Q20  =  -0.132868  Q21c =  -0.000009  Q21s =   0.000006
                   Q22c =   0.111439  Q22s =  -0.046290

H          x = -3.733479  y = -2.459836  z = -0.000035 angstrom
           Maximum rank =  2   Radius =  0.350 angstrom
                   Q00  =   0.051856
|Q1| =   0.122660  Q10  =   0.000003  Q11c =   0.083127  Q11s =   0.090196
|Q2| =   0.179306  Q20  =  -0.132503  Q21c =   0.000003  Q21s =   0.000008
                   Q22c =  -0.013922  Q22s =   0.120000

H          x = -1.309014  y = -2.971919  z = -0.000061 angstrom
           Maximum rank =  2   Radius =  0.350 angstrom
                   Q00  =   0.064631
|Q1| =   0.126542  Q10  =   0.000004  Q11c =  -0.016779  Q11s =   0.125425
|Q2| =   0.159448  Q20  =  -0.133462  Q21c =  -0.000002  Q21s =   0.000010
                   Q22c =  -0.065376  Q22s =  -0.057772

C          x =  0.000170  y =  2.300349  z =  1.264892 angstrom
           Maximum rank =  2   Radius =  0.650 angstrom
                   Q00  =   0.068513
|Q1| =   0.163655  Q10  =  -0.054436  Q11c =  -0.000047  Q11s =  -0.154337
|Q2| =   0.311361  Q20  =  -0.059029  Q21c =   0.000096  Q21s =   0.186024
                   Q22c =  -0.242603  Q22s =   0.000049

H          x =  0.000502  y =  1.690360  z =  2.170782 angstrom
           Maximum rank =  2   Radius =  0.350 angstrom
                   Q00  =   0.090132
|Q1| =   0.155679  Q10  =  -0.142339  Q11c =  -0.000034  Q11s =  -0.063051
|Q2| =   0.165886  Q20  =   0.018171  Q21c =   0.000062  Q21s =  -0.111063
                   Q22c =  -0.121873  Q22s =  -0.000048

H          x =  0.884203  y =  2.943919  z =  1.285443 angstrom
           Maximum rank =  2   Radius =  0.350 angstrom
                   Q00  =   0.032359
|Q1| =   0.141780  Q10  =  -0.043311  Q11c =  -0.074396  Q11s =  -0.112654
|Q2| =   0.149393  Q20  =  -0.078151  Q21c =  -0.011105  Q21s =   0.029055
                   Q22c =   0.050204  Q22s =   0.112795

H          x = -0.884202  y =  2.943429  z =  1.285694 angstrom
           Maximum rank =  2   Radius =  0.350 angstrom
                   Q00  =   0.032371
|Q1| =   0.141787  Q10  =  -0.043347  Q11c =   0.074416  Q11s =  -0.112636
|Q2| =   0.149396  Q20  =  -0.078184  Q21c =   0.011064  Q21s =   0.029109
                   Q22c =   0.050360  Q22s =  -0.112697

C          x =  0.000125  y =  2.300051  z = -1.265070 angstrom
           Maximum rank =  2   Radius =  0.650 angstrom
                   Q00  =   0.068535
|Q1| =   0.163714  Q10  =   0.054449  Q11c =  -0.000054  Q11s =  -0.154394
|Q2| =   0.311423  Q20  =  -0.059053  Q21c =  -0.000081  Q21s =  -0.186103
                   Q22c =  -0.242616  Q22s =   0.000070

H          x = -0.884308  y =  2.943044  z = -1.286047 angstrom
           Maximum rank =  2   Radius =  0.350 angstrom
                   Q00  =   0.032373
|Q1| =   0.141792  Q10  =   0.043370  Q11c =   0.074419  Q11s =  -0.112632
|Q2| =   0.149390  Q20  =  -0.078179  Q21c =  -0.011028  Q21s =  -0.029130
                   Q22c =   0.050395  Q22s =  -0.112675

H          x =  0.884105  y =  2.943686  z = -1.285803 angstrom
           Maximum rank =  2   Radius =  0.350 angstrom
                   Q00  =   0.032358
|Q1| =   0.141781  Q10  =   0.043333  Q11c =  -0.074388  Q11s =  -0.112652
|Q2| =   0.149388  Q20  =  -0.078138  Q21c =   0.011067  Q21s =  -0.029071
                   Q22c =   0.050187  Q22s =   0.112804

H          x =  0.000486  y =  1.689830  z = -2.170808 angstrom
           Maximum rank =  2   Radius =  0.350 angstrom
                   Q00  =   0.090167
|Q1| =   0.155697  Q10  =   0.142358  Q11c =  -0.000037  Q11s =  -0.063054
|Q2| =   0.165891  Q20  =   0.018097  Q21c =  -0.000066  Q21s =   0.111045
                   Q22c =  -0.121907  Q22s =  -0.000055

Ac         x = -2.094526  y = -0.606186  z =  0.000023 angstrom
           Maximum rank =  2   Radius =  0.650 angstrom
                   Q00  =  -0.964457
|Q1| =   0.037313  Q10  =  -0.000001  Q11c =   0.035472  Q11s =   0.011577
|Q2| =   0.460915  Q20  =   0.459221  Q21c =   0.000002  Q21s =  -0.000028
                   Q22c =   0.031955  Q22s =   0.023184

A1         x = -2.094524  y = -0.606220  z =  1.000023 angstrom
           Maximum rank =  2   Radius =  0.650 angstrom
                   Q00  =  -0.629613
|Q1| =   0.107848  Q10  =  -0.015785  Q11c =   0.102941  Q11s =   0.028022
|Q2| =   0.647644  Q20  =   0.624106  Q21c =   0.084691  Q21s =   0.005215
                   Q22c =   0.129657  Q22s =   0.076967

A-1        x = -2.094527  y = -0.606153  z = -0.999977 angstrom
           Maximum rank =  2   Radius =  0.650 angstrom
                   Q00  =  -0.629614
|Q1| =   0.107849  Q10  =   0.015792  Q11c =   0.102943  Q11s =   0.028017
|Q2| =   0.647635  Q20  =   0.624095  Q21c =  -0.084679  Q21s =  -0.005272
                   Q22c =   0.129670  Q22s =   0.076968

Bc         x = -0.000009  y =  0.105494  z =  0.000029 angstrom
           Maximum rank =  2   Radius =  0.650 angstrom
                   Q00  =  -1.106090
|Q1| =   0.024954  Q10  =  -0.000002  Q11c =   0.000004  Q11s =  -0.024954
|Q2| =   0.387621  Q20  =   0.381331  Q21c =   0.000005  Q21s =  -0.000008
                   Q22c =   0.069545  Q22s =   0.000012

B1         x = -0.000001  y =  0.105489  z =  1.000029 angstrom
           Maximum rank =  2   Radius =  0.650 angstrom
                   Q00  =  -0.678585
|Q1| =   0.149763  Q10  =  -0.083366  Q11c =  -0.000022  Q11s =  -0.124414
|Q2| =   0.496897  Q20  =   0.348943  Q21c =  -0.000044  Q21s =  -0.272272
                   Q22c =   0.225860  Q22s =  -0.000050

B-1        x = -0.000017  y =  0.105499  z = -0.999971 angstrom
           Maximum rank =  2   Radius =  0.650 angstrom
                   Q00  =  -0.678640
|Q1| =   0.149822  Q10  =   0.083427  Q11c =  -0.000025  Q11s =  -0.124445
|Q2| =   0.496821  Q20  =   0.348863  Q21c =   0.000060  Q21s =   0.272260
                   Q22c =   0.225831  Q22s =  -0.000048

Cc         x =  2.094440  y = -0.606314  z =  0.000017 angstrom
           Maximum rank =  2   Radius =  0.650 angstrom
                   Q00  =  -0.964455
|Q1| =   0.037315  Q11c =  -0.035473  Q11s =   0.011579
|Q2| =   0.460914  Q20  =   0.459220  Q21c =  -0.000001  Q21s =  -0.000013
                   Q22c =   0.031924  Q22s =  -0.023221

C1         x =  2.094441  y = -0.606330  z =  1.000017 angstrom
           Maximum rank =  2   Radius =  0.650 angstrom
                   Q00  =  -0.629615
|Q1| =   0.107850  Q10  =  -0.015792  Q11c =  -0.102941  Q11s =   0.028024
|Q2| =   0.647634  Q20  =   0.624095  Q21c =  -0.084681  Q21s =   0.005215
                   Q22c =   0.129661  Q22s =  -0.076978

C-1        x =  2.094440  y = -0.606299  z = -0.999983 angstrom
           Maximum rank =  2   Radius =  0.650 angstrom
                   Q00  =  -0.629617
|Q1| =   0.107849  Q10  =   0.015799  Q11c =  -0.102940  Q11s =   0.028020
|Q2| =   0.647627  Q20  =   0.624088  Q21c =   0.084673  Q21s =  -0.005235
                   Q22c =   0.129667  Q22s =  -0.076975

Total multipoles referred to origin at
           x =   0.000000,  y =    0.000000,  z =    0.000000 angstrom
                   Q00  =  -0.000143
|Q1| =   0.172566  Q10  =   0.000010  Q11c =  -0.000040  Q11s =   0.172566
|Q2| =   9.800760  Q20  =  -9.773973  Q21c =   0.000014  Q21s =   0.000583
                   Q22c =  -0.724117  Q22s =   0.000448

CPU time used:      1m30.252s          Total:      1m30.252s

Finished at 10:38:16 on 24 Mar 2026 
