                                     G D M A
                                 by Anthony Stone

               Distributed Multipoles from Gaussian wavefunctions

                             version 2.3.3 (6b8e81e)
              Compiled with gfortran on 29 May 2025 at 12:54:22

Starting at 10:10:54 on 24 Mar 2026 


Using SCF density matrix from file f3-6-31+Gstar.fchk


                         Distributed Multipole Analysis

Standard DMA for products of primitives with exponent greater than 4.00000
Using 80-point Euler-MacLaurin radial quadrature
Using 590-point Lebedev quadrature
Becke smoothing parameter = 3

Positions and radii in angstrom
Multipole moments in atomic units, ea_0^k for rank k

C          x =  0.624212  y = -0.476315  z = -0.362393 angstrom
           Maximum rank =  2   Radius =  0.650 angstrom
                   Q00  =   0.344424
|Q1| =   0.717836  Q10  =   0.284244  Q11c =  -0.516666  Q11s =   0.409328
|Q2| =   0.602058  Q20  =   0.163555  Q21c =  -0.211291  Q21s =  -0.010089
                   Q22c =   0.085376  Q22s =  -0.532625

C          x =  1.486798  y = -2.027374  z =  1.777087 angstrom
           Maximum rank =  2   Radius =  0.650 angstrom
                   Q00  =  -0.038830
|Q1| =   0.175467  Q10  =   0.037860  Q11c =  -0.165697  Q11s =   0.043587
|Q2| =   0.155385  Q20  =   0.023243  Q21c =  -0.099702  Q21s =  -0.098131
                   Q22c =   0.025288  Q22s =  -0.058263

H          x =  2.615955  y = -0.876947  z =  0.333053 angstrom
           Maximum rank =  2   Radius =  0.350 angstrom
                   Q00  =   0.063202
|Q1| =   0.161155  Q10  =   0.019796  Q11c =  -0.158218  Q11s =  -0.023372
|Q2| =   0.105687  Q20  =  -0.031673  Q21c =   0.027302  Q21s =  -0.067014
                   Q22c =  -0.028286  Q22s =   0.064266

H          x =  1.821952  y = -2.288254  z = -0.313883 angstrom
           Maximum rank =  2   Radius =  0.350 angstrom
                   Q00  =   0.056308
|Q1| =   0.164741  Q10  =   0.092087  Q11c =  -0.073153  Q11s =   0.115362
|Q2| =   0.101241  Q20  =   0.048568  Q21c =   0.018040  Q21s =  -0.002340
                   Q22c =  -0.086833  Q22s =  -0.004479

C          x =  0.599059  y =  0.435122  z = -2.988368 angstrom
           Maximum rank =  2   Radius =  0.650 angstrom
                   Q00  =   0.333405
|Q1| =   0.723754  Q10  =   0.064879  Q11c =  -0.210002  Q11s =   0.689573
|Q2| =   0.598054  Q20  =   0.108998  Q21c =  -0.000640  Q21s =  -0.093244
                   Q22c =  -0.486945  Q22s =  -0.316193

H          x =  3.314476  y = -3.213101  z =  1.477447 angstrom
           Maximum rank =  2   Radius =  0.350 angstrom
                   Q00  =   0.034735
|Q1| =   0.146078  Q10  =   0.057154  Q11c =  -0.103070  Q11s =   0.086308
|Q2| =   0.131763  Q20  =   0.029089  Q21c =  -0.036841  Q21s =   0.109169
                   Q22c =  -0.026166  Q22s =  -0.050553

H          x =  0.605190  y = -1.581660  z = -2.203333 angstrom
           Maximum rank =  2   Radius =  0.350 angstrom
                   Q00  =   0.065479
|Q1| =   0.164206  Q10  =   0.064379  Q11c =  -0.001516  Q11s =   0.151052
|Q2| =   0.098065  Q20  =   0.019260  Q21c =  -0.001751  Q21s =  -0.030465
                   Q22c =  -0.039966  Q22s =   0.081959

H          x =  3.586030  y = -1.672861  z =  2.320284 angstrom
           Maximum rank =  2   Radius =  0.350 angstrom
                   Q00  =   0.038890
|Q1| =   0.142803  Q10  =  -0.022768  Q11c =  -0.131070  Q11s =  -0.051913
|Q2| =   0.141760  Q20  =  -0.085551  Q21c =   0.018766  Q21s =   0.013795
                   Q22c =  -0.054135  Q22s =   0.096457

H          x =  2.842195  y = -3.037194  z =  3.179701 angstrom
           Maximum rank =  2   Radius =  0.350 angstrom
                   Q00  =   0.051399
|Q1| =   0.137042  Q10  =  -0.100020  Q11c =  -0.065092  Q11s =   0.067376
|Q2| =   0.136660  Q20  =   0.082267  Q21c =  -0.036232  Q21s =  -0.102013
                   Q22c =  -0.001655  Q22s =   0.013630

H          x =  2.085572  y = -0.694193  z = -1.955186 angstrom
           Maximum rank =  2   Radius =  0.350 angstrom
                   Q00  =   0.062032
|Q1| =   0.167315  Q10  =   0.030592  Q11c =  -0.150279  Q11s =   0.066893
|Q2| =   0.100765  Q20  =   0.007624  Q21c =  -0.000615  Q21s =  -0.079971
                   Q22c =   0.057083  Q22s =   0.021004

C          x =  0.689768  y =  0.946400  z =  0.200459 angstrom
           Maximum rank =  2   Radius =  0.650 angstrom
                   Q00  =   0.744832
|Q1| =   0.653949  Q10  =   0.150969  Q11c =  -0.626820  Q11s =   0.109340
|Q2| =   0.790835  Q20  =  -0.197848  Q21c =   0.106362  Q21s =   0.203038
                   Q22c =  -0.385454  Q22s =   0.620616

C          x =  1.474283  y =  1.691780  z = -2.988368 angstrom
           Maximum rank =  2   Radius =  0.650 angstrom
                   Q00  =   0.726291
|Q1| =   0.684959  Q10  =   0.009256  Q11c =  -0.473439  Q11s =   0.494913
|Q2| =   0.859152  Q20  =  -0.383542  Q21c =  -0.061388  Q21s =  -0.029759
                   Q22c =   0.400947  Q22s =   0.652400

C          x =  0.913234  y = -1.132570  z =  2.878728 angstrom
           Maximum rank =  2   Radius =  0.650 angstrom
                   Q00  =   0.016308
|Q1| =   0.227090  Q10  =  -0.141644  Q11c =  -0.169107  Q11s =   0.053939
|Q2| =   0.757604  Q20  =  -0.033836  Q21c =  -0.415902  Q21s =   0.411775
                   Q22c =  -0.300689  Q22s =   0.373995

C          x =  0.681955  y =  2.855809  z = -2.988368 angstrom
           Maximum rank =  2   Radius =  0.650 angstrom
                   Q00  =   0.743543
|Q1| =   0.649032  Q10  =   0.004186  Q11c =   0.270175  Q11s =  -0.590111
|Q2| =   0.830766  Q20  =  -0.370237  Q21c =  -0.049959  Q21s =  -0.013349
                   Q22c =   0.177026  Q22s =   0.720475

C          x = -0.191722  y = -1.753428  z =  3.498098 angstrom
           Maximum rank =  2   Radius =  0.650 angstrom
                   Q00  =  -0.014473
|Q1| =   0.154024  Q10  =  -0.141325  Q11c =   0.043957  Q11s =   0.042642
|Q2| =   1.010410  Q20  =   0.034332  Q21c =  -0.659724  Q21s =   0.614762
                   Q22c =  -0.232535  Q22s =   0.390524

C          x = -0.565360  y =  1.344747  z =  0.700965 angstrom
           Maximum rank =  2   Radius =  0.650 angstrom
                   Q00  =   0.751515
|Q1| =   0.650328  Q10  =  -0.261538  Q11c =   0.527953  Q11s =  -0.275299
|Q2| =   0.820198  Q20  =  -0.275965  Q21c =   0.183838  Q21s =   0.346222
                   Q22c =  -0.518039  Q22s =   0.417776

C          x = -1.516601  y =  0.245095  z =  0.508557 angstrom
           Maximum rank =  2   Radius =  0.650 angstrom
                   Q00  =   0.750362
|Q1| =   0.647357  Q10  =  -0.300724  Q11c =   0.391401  Q11s =  -0.418858
|Q2| =   0.822848  Q20  =  -0.398578  Q21c =  -0.001417  Q21s =  -0.079096
                   Q22c =   0.388133  Q22s =   0.601090

C          x = -0.434702  y = -3.044833  z =  2.844422 angstrom
           Maximum rank =  2   Radius =  0.650 angstrom
                   Q00  =  -0.012741
|Q1| =   0.149773  Q10  =  -0.117227  Q11c =   0.040145  Q11s =   0.084131
|Q2| =   0.986638  Q20  =  -0.261185  Q21c =  -0.585522  Q21s =   0.391396
                   Q22c =  -0.271411  Q22s =   0.579263

C          x = -0.730184  y =  2.456715  z = -2.963068 angstrom
           Maximum rank =  2   Radius =  0.650 angstrom
                   Q00  =   0.747215
|Q1| =   0.653121  Q10  =  -0.000531  Q11c =   0.077288  Q11s =  -0.648532
|Q2| =   0.833045  Q20  =  -0.377520  Q21c =   0.020797  Q21s =   0.007105
                   Q22c =   0.722555  Q22s =  -0.169919

C          x =  0.524125  y = -3.217287  z =  1.827734 angstrom
           Maximum rank =  2   Radius =  0.650 angstrom
                   Q00  =  -0.054124
|Q1| =   0.127245  Q10  =   0.055967  Q11c =  -0.081921  Q11s =   0.079674
|Q2| =   1.111073  Q20  =  -0.277842  Q21c =  -0.666572  Q21s =   0.590279
                   Q22c =  -0.333945  Q22s =   0.503012

C          x = -0.802905  y =  1.048056  z = -2.942893 angstrom
           Maximum rank =  2   Radius =  0.650 angstrom
                   Q00  =   0.752541
|Q1| =   0.636022  Q10  =   0.060909  Q11c =   0.135510  Q11s =   0.618426
|Q2| =   0.769750  Q20  =  -0.280147  Q21c =  -0.001390  Q21s =  -0.165510
                   Q22c =   0.691991  Q22s =   0.088241

C          x = -0.844854  y = -0.827571  z = -0.110043 angstrom
           Maximum rank =  2   Radius =  0.650 angstrom
                   Q00  =   0.729010
|Q1| =   0.674347  Q10  =   0.290698  Q11c =  -0.221918  Q11s =   0.566560
|Q2| =   0.834555  Q20  =  -0.408732  Q21c =   0.069276  Q21s =  -0.023460
                   Q22c =   0.190204  Q22s =   0.698493

C          x = -1.539252  y = -1.990523  z = -0.431861 angstrom
           Maximum rank =  2   Radius =  0.650 angstrom
                   Q00  =   0.313097
|Q1| =   0.649269  Q10  =   0.309221  Q11c =  -0.234573  Q11s =   0.520488
|Q2| =   0.882828  Q20  =  -0.527820  Q21c =  -0.311944  Q21s =   0.563943
                   Q22c =  -0.141069  Q22s =  -0.256030

C          x = -2.042442  y =  0.415687  z = -2.991926 angstrom
           Maximum rank =  2   Radius =  0.650 angstrom
                   Q00  =   0.365220
|Q1| =   0.589056  Q10  =   0.126137  Q11c =   0.088193  Q11s =   0.568593
|Q2| =   0.759201  Q20  =  -0.528390  Q21c =   0.009379  Q21s =  -0.265036
                   Q22c =  -0.457398  Q22s =   0.132832

C          x =  0.548530  y = -4.391573  z =  1.080492 angstrom
           Maximum rank =  2   Radius =  0.650 angstrom
                   Q00  =  -0.057022
|Q1| =   0.132233  Q10  =   0.100428  Q11c =  -0.050824  Q11s =   0.069403
|Q2| =   1.324183  Q20  =  -0.277925  Q21c =  -0.965226  Q21s =   0.658892
                   Q22c =  -0.269139  Q22s =   0.487834

C          x = -2.901760  y = -2.084785  z = -0.122085 angstrom
           Maximum rank =  2   Radius =  0.650 angstrom
                   Q00  =   0.328197
|Q1| =   0.623540  Q10  =   0.140629  Q11c =   0.323364  Q11s =   0.514257
|Q2| =   0.913991  Q20  =  -0.571035  Q21c =  -0.007043  Q21s =   0.434520
                   Q22c =  -0.211416  Q22s =   0.525113

C          x = -0.404546  y = -5.386891  z =  1.335720 angstrom
           Maximum rank =  2   Radius =  0.650 angstrom
                   Q00  =  -0.044778
|Q1| =   0.089811  Q10  =   0.045617  Q11c =   0.012013  Q11s =   0.076425
|Q2| =   1.299198  Q20  =  -0.257405  Q21c =  -0.876758  Q21s =   0.674680
                   Q22c =  -0.355838  Q22s =   0.520712

C          x = -3.207416  y =  1.191984  z = -3.028877 angstrom
           Maximum rank =  2   Radius =  0.650 angstrom
                   Q00  =   0.344216
|Q1| =   0.606733  Q10  =   0.045773  Q11c =   0.555411  Q11s =   0.239893
|Q2| =   0.869782  Q20  =  -0.663164  Q21c =   0.078075  Q21s =  -0.086674
                   Q22c =   0.298626  Q22s =   0.462545

C          x = -1.367521  y = -5.206820  z =  2.337041 angstrom
           Maximum rank =  2   Radius =  0.650 angstrom
                   Q00  =  -0.041496
|Q1| =   0.086589  Q10  =  -0.005870  Q11c =   0.055058  Q11s =   0.066573
|Q2| =   1.288946  Q20  =  -0.280122  Q21c =  -0.897080  Q21s =   0.515831
                   Q22c =  -0.274414  Q22s =   0.660890

C          x = -3.132892  y =  2.590604  z = -3.028203 angstrom
           Maximum rank =  2   Radius =  0.650 angstrom
                   Q00  =   0.333852
|Q1| =   0.602842  Q10  =   0.026023  Q11c =   0.504152  Q11s =  -0.329504
|Q2| =   0.916970  Q20  =  -0.707839  Q21c =   0.063632  Q21s =  -0.044258
                   Q22c =   0.237113  Q22s =  -0.526846

C          x = -3.564264  y = -1.019792  z =  0.501407 angstrom
           Maximum rank =  2   Radius =  0.650 angstrom
                   Q00  =   0.332525
|Q1| =   0.611589  Q10  =  -0.126760  Q11c =   0.596373  Q11s =   0.048085
|Q2| =   0.914023  Q20  =  -0.559295  Q21c =  -0.389470  Q21s =   0.196490
                   Q22c =   0.556721  Q22s =   0.149644

C          x = -2.875414  y =  0.153739  z =  0.819363 angstrom
           Maximum rank =  2   Radius =  0.650 angstrom
                   Q00  =   0.343697
|Q1| =   0.622546  Q10  =  -0.282446  Q11c =   0.367641  Q11s =  -0.415484
|Q2| =   0.834216  Q20  =  -0.450487  Q21c =  -0.364996  Q21s =   0.537309
                   Q22c =  -0.133105  Q22s =  -0.230951

C          x = -1.892064  y =  3.232712  z = -2.999975 angstrom
           Maximum rank =  2   Radius =  0.650 angstrom
                   Q00  =   0.342658
|Q1| =   0.613105  Q10  =   0.009824  Q11c =   0.055323  Q11s =  -0.610525
|Q2| =   0.864163  Q20  =  -0.743948  Q21c =   0.037201  Q21s =  -0.045976
                   Q22c =  -0.433366  Q22s =   0.044891

C          x = -1.385900  y = -4.036023  z =  3.101027 angstrom
           Maximum rank =  2   Radius =  0.650 angstrom
                   Q00  =  -0.023663
|Q1| =   0.123777  Q10  =  -0.064195  Q11c =   0.081928  Q11s =   0.066989
|Q2| =   1.194444  Q20  =  -0.154521  Q21c =  -0.895972  Q21s =   0.510325
                   Q22c =  -0.242111  Q22s =   0.530098

H          x = -2.130424  y = -3.904802  z =  3.882750 angstrom
           Maximum rank =  2   Radius =  0.350 angstrom
                   Q00  =   0.059149
|Q1| =   0.128880  Q10  =  -0.095945  Q11c =   0.084983  Q11s =   0.013512
|Q2| =   0.150586  Q20  =   0.010971  Q21c =  -0.134851  Q21s =   0.063062
                   Q22c =   0.015522  Q22s =   0.012377

H          x = -1.836065  y =  4.318736  z = -3.014626 angstrom
           Maximum rank =  2   Radius =  0.350 angstrom
                   Q00  =   0.076210
|Q1| =   0.139784  Q10  =   0.012604  Q11c =   0.021037  Q11s =  -0.137615
|Q2| =   0.130377  Q20  =  -0.110202  Q21c =   0.004211  Q21s =   0.002714
                   Q22c =  -0.065418  Q22s =   0.023432

H          x = -3.394435  y =  0.982726  z =  1.294558 angstrom
           Maximum rank =  2   Radius =  0.350 angstrom
                   Q00  =   0.082080
|Q1| =   0.138940  Q10  =  -0.065046  Q11c =   0.088425  Q11s =  -0.085173
|Q2| =   0.108635  Q20  =  -0.052302  Q21c =  -0.038360  Q21s =   0.072497
                   Q22c =  -0.034794  Q22s =  -0.033588

H          x = -4.621963  y = -1.106723  z =  0.738386 angstrom
           Maximum rank =  2   Radius =  0.350 angstrom
                   Q00  =   0.064421
|Q1| =   0.136544  Q10  =  -0.028815  Q11c =   0.132794  Q11s =   0.013403
|Q2| =   0.139035  Q20  =  -0.084876  Q21c =  -0.059141  Q21s =   0.020550
                   Q22c =   0.088433  Q22s =   0.019657

H          x = -4.046080  y =  3.180142  z = -3.056342 angstrom
           Maximum rank =  2   Radius =  0.350 angstrom
                   Q00  =   0.062498
|Q1| =   0.136216  Q10  =   0.012886  Q11c =   0.113873  Q11s =  -0.073632
|Q2| =   0.152783  Q20  =  -0.118841  Q21c =  -0.000377  Q21s =  -0.004376
                   Q22c =   0.040092  Q22s =  -0.087136

H          x = -2.101393  y = -5.986486  z =  2.526046 angstrom
           Maximum rank =  2   Radius =  0.350 angstrom
                   Q00  =   0.045646
|Q1| =   0.126173  Q10  =  -0.025776  Q11c =   0.077439  Q11s =   0.096221
|Q2| =   0.179320  Q20  =  -0.072573  Q21c =  -0.083999  Q21s =   0.014532
                   Q22c =  -0.017182  Q22s =   0.139020

H          x = -3.445354  y = -2.995734  z = -0.359543 angstrom
           Maximum rank =  2   Radius =  0.350 angstrom
                   Q00  =   0.069004
|Q1| =   0.135970  Q10  =   0.036540  Q11c =   0.079399  Q11s =   0.104156
|Q2| =   0.127949  Q20  =  -0.082318  Q21c =   0.007495  Q21s =   0.045292
                   Q22c =  -0.049125  Q22s =   0.071231

H          x = -0.393551  y = -6.306613  z =  0.755826 angstrom
           Maximum rank =  2   Radius =  0.350 angstrom
                   Q00  =   0.045232
|Q1| =   0.126879  Q10  =   0.058484  Q11c =  -0.003748  Q11s =   0.112533
|Q2| =   0.178579  Q20  =  -0.017106  Q21c =  -0.062224  Q21s =   0.134360
                   Q22c =  -0.091123  Q22s =   0.037015

H          x = -4.177602  y =  0.702526  z = -3.053600 angstrom
           Maximum rank =  2   Radius =  0.350 angstrom
                   Q00  =   0.072949
|Q1| =   0.136356  Q10  =   0.029927  Q11c =   0.125568  Q11s =   0.043933
|Q2| =   0.135193  Q20  =  -0.097055  Q21c =  -0.002295  Q21s =  -0.032304
                   Q22c =   0.039462  Q22s =   0.079067

H          x = -1.038633  y = -2.830128  z = -0.906960 angstrom
           Maximum rank =  2   Radius =  0.350 angstrom
                   Q00  =   0.089067
|Q1| =   0.135439  Q10  =   0.079552  Q11c =  -0.033842  Q11s =   0.104259
|Q2| =   0.092597  Q20  =  -0.047164  Q21c =  -0.030533  Q21s =   0.013400
                   Q22c =  -0.032553  Q22s =  -0.064639

H          x =  1.295640  y = -4.547179  z =  0.304179 angstrom
           Maximum rank =  2   Radius =  0.350 angstrom
                   Q00  =   0.059189
|Q1| =   0.132434  Q10  =   0.083925  Q11c =  -0.087862  Q11s =   0.052685
|Q2| =   0.140476  Q20  =   0.014788  Q21c =  -0.133351  Q21s =   0.023692
                   Q22c =   0.014429  Q22s =   0.031027

H          x = -2.118739  y = -0.667819  z = -2.987143 angstrom
           Maximum rank =  2   Radius =  0.350 angstrom
                   Q00  =   0.111341
|Q1| =   0.138600  Q10  =   0.075709  Q11c =   0.020981  Q11s =   0.114184
|Q2| =   0.125883  Q20  =  -0.034191  Q21c =  -0.024019  Q21s =  -0.090914
                   Q22c =  -0.074238  Q22s =   0.017995

C          x = -0.737271  y =  2.604680  z =  1.279172 angstrom
           Maximum rank =  2   Radius =  0.650 angstrom
                   Q00  =   0.343696
|Q1| =   0.624816  Q10  =  -0.252603  Q11c =   0.513556  Q11s =  -0.250691
|Q2| =   0.840943  Q20  =  -0.491799  Q21c =  -0.423733  Q21s =   0.380197
                   Q22c =   0.349494  Q22s =  -0.138104

C          x =  1.275040  y =  4.120304  z = -3.037174 angstrom
           Maximum rank =  2   Radius =  0.650 angstrom
                   Q00  =   0.345467
|Q1| =   0.612855  Q10  =   0.005022  Q11c =   0.268036  Q11s =  -0.551111
|Q2| =   0.856916  Q20  =  -0.734054  Q21c =  -0.042355  Q21s =  -0.049760
                   Q22c =  -0.161217  Q22s =  -0.406458

C          x = -0.835097  y = -1.151643  z =  4.583189 angstrom
           Maximum rank =  2   Radius =  0.650 angstrom
                   Q00  =  -0.024418
|Q1| =   0.127746  Q10  =  -0.103538  Q11c =   0.074663  Q11s =  -0.004915
|Q2| =   1.226984  Q20  =  -0.038942  Q21c =  -0.840244  Q21s =   0.580973
                   Q22c =  -0.154924  Q22s =   0.660631

C          x =  0.359577  y =  3.466750  z =  1.360136 angstrom
           Maximum rank =  2   Radius =  0.650 angstrom
                   Q00  =   0.333955
|Q1| =   0.613884  Q10  =  -0.265957  Q11c =   0.064537  Q11s =  -0.549505
|Q2| =   0.907140  Q20  =  -0.428645  Q21c =  -0.199653  Q21s =   0.643380
                   Q22c =  -0.427979  Q22s =  -0.046912

C          x =  2.668958  y =  4.213234  z = -3.093229 angstrom
           Maximum rank =  2   Radius =  0.650 angstrom
                   Q00  =   0.332088
|Q1| =   0.601758  Q10  =   0.022955  Q11c =  -0.265443  Q11s =  -0.539561
|Q2| =   0.933502  Q20  =  -0.719305  Q21c =  -0.066219  Q21s =  -0.074911
                   Q22c =  -0.361474  Q22s =   0.461915

C          x = -0.359304  y =  0.074343  z =  5.055771 angstrom
           Maximum rank =  2   Radius =  0.650 angstrom
                   Q00  =  -0.035991
|Q1| =   0.094230  Q10  =  -0.080465  Q11c =   0.035195  Q11s =  -0.034145
|Q2| =   1.266673  Q20  =   0.019440  Q21c =  -0.870994  Q21s =   0.696477
                   Q22c =  -0.166973  Q22s =   0.576620

C          x =  1.611173  y =  3.070484  z =  0.871939 angstrom
           Maximum rank =  2   Radius =  0.650 angstrom
                   Q00  =   0.340711
|Q1| =   0.613977  Q10  =  -0.095533  Q11c =  -0.466680  Q11s =  -0.387364
|Q2| =   0.859189  Q20  =  -0.479327  Q21c =  -0.170619  Q21s =   0.240857
                   Q22c =   0.156178  Q22s =   0.630029

C          x =  3.458220  y =  3.055996  z = -3.109205 angstrom
           Maximum rank =  2   Radius =  0.650 angstrom
                   Q00  =   0.330577
|Q1| =   0.606548  Q10  =   0.023598  Q11c =  -0.603908  Q11s =  -0.051369
|Q2| =   0.936710  Q20  =  -0.722192  Q21c =  -0.121549  Q21s =  -0.022195
                   Q22c =   0.575147  Q22s =   0.099009

C          x =  0.750211  y =  0.683053  z =  4.455656 angstrom
           Maximum rank =  2   Radius =  0.650 angstrom
                   Q00  =  -0.023932
|Q1| =   0.118632  Q10  =  -0.107310  Q11c =  -0.024024  Q11s =  -0.044508
|Q2| =   1.146667  Q20  =  -0.001948  Q21c =  -0.690554  Q21s =   0.569226
                   Q22c =  -0.250677  Q22s =   0.671654

C          x =  2.861094  y =  1.789018  z = -3.060546 angstrom
           Maximum rank =  2   Radius =  0.650 angstrom
                   Q00  =   0.317255
|Q1| =   0.640988  Q10  =  -0.007732  Q11c =  -0.414441  Q11s =   0.488922
|Q2| =   0.929384  Q20  =  -0.813093  Q21c =  -0.113138  Q21s =   0.020297
                   Q22c =  -0.112193  Q22s =  -0.420518

C          x =  1.393922  y =  0.078952  z =  3.368522 angstrom
           Maximum rank =  2   Radius =  0.650 angstrom
                   Q00  =   0.013693
|Q1| =   0.216254  Q10  =  -0.139081  Q11c =  -0.162711  Q11s =   0.030777
|Q2| =   0.887669  Q20  =  -0.011583  Q21c =  -0.562369  Q21s =   0.330343
                   Q22c =  -0.253432  Q22s =   0.546084

C          x =  1.780307  y =  1.806932  z =  0.292184 angstrom
           Maximum rank =  2   Radius =  0.650 angstrom
                   Q00  =   0.341914
|Q1| =   0.624887  Q10  =   0.085663  Q11c =  -0.595191  Q11s =   0.169980
|Q2| =   0.784197  Q20  =  -0.288246  Q21c =  -0.585852  Q21s =   0.259347
                   Q22c =   0.348326  Q22s =  -0.008046

H          x =  3.485752  y =  0.897700  z = -3.080647 angstrom
           Maximum rank =  2   Radius =  0.350 angstrom
                   Q00  =   0.074564
|Q1| =   0.142612  Q10  =   0.018369  Q11c =  -0.102431  Q11s =   0.097513
|Q2| =   0.123310  Q20  =  -0.098794  Q21c =  -0.006842  Q21s =  -0.021685
                   Q22c =  -0.040945  Q22s =  -0.057024

H          x =  2.249480  y =  0.567711  z =  2.911396 angstrom
           Maximum rank =  2   Radius =  0.350 angstrom
                   Q00  =   0.099405
|Q1| =   0.135242  Q10  =  -0.019465  Q11c =  -0.132859  Q11s =  -0.016129
|Q2| =   0.133700  Q20  =   0.004823  Q21c =  -0.080554  Q21s =  -0.080292
                   Q22c =  -0.034194  Q22s =   0.061217

H          x =  2.756169  y =  1.519382  z = -0.090285 angstrom
           Maximum rank =  2   Radius =  0.350 angstrom
                   Q00  =   0.102968
|Q1| =   0.137644  Q10  =  -0.006770  Q11c =  -0.131716  Q11s =   0.039382
|Q2| =   0.097843  Q20  =   0.009571  Q21c =  -0.092096  Q21s =  -0.013544
                   Q22c =   0.027491  Q22s =  -0.007800

H          x =  2.456567  y =  3.751040  z =  0.934066 angstrom
           Maximum rank =  2   Radius =  0.350 angstrom
                   Q00  =   0.075429
|Q1| =   0.136341  Q10  =  -0.037961  Q11c =  -0.099517  Q11s =  -0.085113
|Q2| =   0.122452  Q20  =  -0.054324  Q21c =  -0.036002  Q21s =   0.016809
                   Q22c =   0.025663  Q22s =   0.099026

H          x =  4.540813  y =  3.141077  z = -3.164294 angstrom
           Maximum rank =  2   Radius =  0.350 angstrom
                   Q00  =   0.060911
|Q1| =   0.136352  Q10  =   0.013510  Q11c =  -0.134899  Q11s =  -0.014548
|Q2| =   0.157235  Q20  =  -0.122086  Q21c =  -0.010741  Q21s =  -0.006237
                   Q22c =   0.097409  Q22s =   0.013238

H          x =  1.113809  y =  1.635455  z =  4.832706 angstrom
           Maximum rank =  2   Radius =  0.350 angstrom
                   Q00  =   0.059166
|Q1| =   0.128723  Q10  =  -0.077204  Q11c =  -0.046911  Q11s =  -0.091697
|Q2| =   0.151957  Q20  =  -0.031574  Q21c =  -0.029949  Q21s =   0.060002
                   Q22c =  -0.090619  Q22s =   0.096877

H          x =  0.241331  y =  4.451416  z =  1.806107 angstrom
           Maximum rank =  2   Radius =  0.350 angstrom
                   Q00  =   0.065432
|Q1| =   0.136762  Q10  =  -0.060525  Q11c =   0.012310  Q11s =  -0.122021
|Q2| =   0.136761  Q20  =  -0.060075  Q21c =  -0.031971  Q21s =   0.093027
                   Q22c =  -0.072986  Q22s =  -0.009553

H          x =  3.143847  y =  5.190552  z = -3.131938 angstrom
           Maximum rank =  2   Radius =  0.350 angstrom
                   Q00  =   0.061571
|Q1| =   0.135647  Q10  =   0.011728  Q11c =  -0.062156  Q11s =  -0.119996
|Q2| =   0.157316  Q20  =  -0.121312  Q21c =  -0.008067  Q21s =  -0.003410
                   Q22c =  -0.063176  Q22s =   0.077227

H          x = -0.849305  y =  0.555723  z =  5.898643 angstrom
           Maximum rank =  2   Radius =  0.350 angstrom
                   Q00  =   0.046994
|Q1| =   0.127065  Q10  =  -0.106200  Q11c =   0.049522  Q11s =  -0.049140
|Q2| =   0.173541  Q20  =   0.035979  Q21c =  -0.128074  Q21s =   0.110575
                   Q22c =  -0.013599  Q22s =  -0.002717

H          x = -1.705520  y =  2.911102  z =  1.667778 angstrom
           Maximum rank =  2   Radius =  0.350 angstrom
                   Q00  =   0.082021
|Q1| =   0.138965  Q10  =  -0.059483  Q11c =   0.108689  Q11s =  -0.062926
|Q2| =   0.108767  Q20  =  -0.059740  Q21c =  -0.054328  Q21s =   0.036431
                   Q22c =   0.061584  Q22s =  -0.013787

H          x =  0.666615  y =  5.021654  z = -3.033384 angstrom
           Maximum rank =  2   Radius =  0.350 angstrom
                   Q00  =   0.077845
|Q1| =   0.138885  Q10  =   0.012334  Q11c =   0.052719  Q11s =  -0.127897
|Q2| =   0.128232  Q20  =  -0.107246  Q21c =  -0.009592  Q21s =   0.003038
                   Q22c =  -0.010795  Q22s =  -0.068730

H          x = -1.687527  y = -1.629821  z =  5.060167 angstrom
           Maximum rank =  2   Radius =  0.350 angstrom
                   Q00  =   0.057389
|Q1| =   0.129706  Q10  =  -0.080330  Q11c =   0.091563  Q11s =   0.044575
|Q2| =   0.153271  Q20  =  -0.034643  Q21c =  -0.100395  Q21s =   0.015959
                   Q22c =   0.019950  Q22s =   0.107518

C          x =  0.993306  y = -0.604617  z = -1.888437 angstrom
           Maximum rank =  2   Radius =  0.650 angstrom
                   Q00  =   0.052449
|Q1| =   0.180543  Q10  =   0.049181  Q11c =  -0.102900  Q11s =   0.139960
|Q2| =   0.269752  Q20  =   0.145978  Q21c =  -0.141077  Q21s =  -0.127834
                   Q22c =  -0.072041  Q22s =  -0.100111

C          x =  2.896670  y = -2.518916  z =  2.216918 angstrom
           Maximum rank =  2   Radius =  0.650 angstrom
                   Q00  =   0.005680
|Q1| =   0.073779  Q10  =   0.010591  Q11c =  -0.072083  Q11s =   0.011625
|Q2| =   0.162670  Q20  =  -0.089417  Q21c =   0.045696  Q21s =   0.011103
                   Q22c =   0.104011  Q22s =  -0.073731

C          x =  1.664744  y = -1.424178  z =  0.345044 angstrom
           Maximum rank =  2   Radius =  0.650 angstrom
                   Q00  =   0.028191
|Q1| =   0.142228  Q10  =   0.033972  Q11c =  -0.113511  Q11s =   0.078676
|Q2| =   0.267712  Q20  =  -0.002455  Q21c =   0.026245  Q21s =  -0.160308
                   Q22c =  -0.069676  Q22s =  -0.201051

C          x =  0.782795  y = -0.289719  z = -4.353519 angstrom
           Maximum rank =  2   Radius =  0.650 angstrom
                   Q00  =   0.061610
|Q1| =   0.207213  Q10  =   0.078990  Q11c =  -0.053959  Q11s =   0.183811
|Q2| =   0.312926  Q20  =  -0.035007  Q21c =  -0.056198  Q21s =   0.204714
                   Q22c =  -0.190476  Q22s =  -0.123897

H          x =  1.799610  y = -0.690479  z = -4.447073 angstrom
           Maximum rank =  2   Radius =  0.350 angstrom
                   Q00  =   0.043595
|Q1| =   0.151307  Q10  =   0.064271  Q11c =  -0.106095  Q11s =   0.086642
|Q2| =   0.121520  Q20  =  -0.057968  Q21c =  -0.001889  Q21s =   0.013368
                   Q22c =   0.087089  Q22s =  -0.060334

H          x =  0.076361  y = -1.122750  z = -4.446896 angstrom
           Maximum rank =  2   Radius =  0.350 angstrom
                   Q00  =   0.047608
|Q1| =   0.148725  Q10  =   0.068450  Q11c =   0.043203  Q11s =   0.124769
|Q2| =   0.130111  Q20  =  -0.060528  Q21c =  -0.014648  Q21s =   0.004962
                   Q22c =   0.002354  Q22s =   0.114107

H          x =  0.610168  y =  0.401814  z = -5.184491 angstrom
           Maximum rank =  2   Radius =  0.350 angstrom
                   Q00  =   0.113834
|Q1| =   0.165951  Q10  =   0.155134  Q11c =  -0.018275  Q11s =   0.056029
|Q2| =   0.160669  Q20  =  -0.020571  Q21c =   0.023207  Q21s =  -0.092175
                   Q22c =  -0.111615  Q22s =  -0.062438

Ac         x =  2.069924  y =  2.954356  z = -3.046147 angstrom
           Maximum rank =  2   Radius =  0.650 angstrom
                   Q00  =  -0.966430
|Q1| =   0.039001  Q10  =   0.003193  Q11c =  -0.031952  Q11s =  -0.022135
|Q2| =   0.469877  Q20  =   0.466845  Q21c =   0.032237  Q21s =   0.014093
                   Q22c =   0.015370  Q22s =   0.036960

A1         x =  2.112826  y =  2.974593  z = -2.047273 angstrom
           Maximum rank =  2   Radius =  0.650 angstrom
                   Q00  =  -0.693185
|Q1| =   0.203809  Q10  =  -0.143532  Q11c =  -0.136428  Q11s =  -0.048207
|Q2| =   0.538087  Q20  =   0.461905  Q21c =  -0.215758  Q21s =  -0.046901
                   Q22c =   0.090827  Q22s =   0.138493

A-1        x =  2.027022  y =  2.934118  z = -4.045021 angstrom
           Maximum rank =  2   Radius =  0.650 angstrom
                   Q00  =  -0.622777
|Q1| =   0.116931  Q10  =   0.033589  Q11c =  -0.096976  Q11s =  -0.056037
|Q2| =   0.613400  Q20  =   0.569288  Q21c =   0.147307  Q21s =   0.053541
                   Q22c =   0.081360  Q22s =   0.144863

Bc         x =  0.244441  y =  1.697496  z = -2.974212 angstrom
           Maximum rank =  2   Radius =  0.650 angstrom
                   Q00  =  -1.107436
|Q1| =   0.021467  Q10  =   0.000777  Q11c =  -0.007381  Q11s =   0.020143
|Q2| =   0.393284  Q20  =   0.387376  Q21c =   0.009162  Q21s =   0.001034
                   Q22c =   0.056367  Q22s =   0.036751

B1         x =  0.263092  y =  1.700157  z = -1.974389 angstrom
           Maximum rank =  2   Radius =  0.650 angstrom
                   Q00  =  -0.638583
|Q1| =   0.073132  Q10  =   0.015967  Q11c =  -0.070571  Q11s =   0.010632
|Q2| =   0.497412  Q20  =   0.449207  Q21c =  -0.132063  Q21s =   0.014900
                   Q22c =   0.002281  Q22s =   0.167223

B-1        x =  0.225790  y =  1.694835  z = -3.974034 angstrom
           Maximum rank =  2   Radius =  0.650 angstrom
                   Q00  =  -0.693624
|Q1| =   0.169297  Q10  =   0.105366  Q11c =  -0.038118  Q11s =   0.126912
|Q2| =   0.448878  Q20  =   0.301080  Q21c =   0.080353  Q21s =  -0.239858
                   Q22c =   0.185998  Q22s =   0.110715

Cc         x = -1.967983  y =  1.822625  z = -2.992489 angstrom
           Maximum rank =  2   Radius =  0.650 angstrom
                   Q00  =  -0.964026
|Q1| =   0.040509  Q10  =   0.004488  Q11c =   0.039907  Q11s =  -0.005316
|Q2| =   0.468682  Q20  =   0.466603  Q21c =  -0.022319  Q21s =  -0.000596
                   Q22c =   0.037905  Q22s =  -0.003112

C1         x = -1.999067  y =  1.828499  z = -1.992990 angstrom
           Maximum rank =  2   Radius =  0.650 angstrom
                   Q00  =  -0.627203
|Q1| =   0.152545  Q10  =  -0.033765  Q11c =   0.132728  Q11s =  -0.067180
|Q2| =   0.565947  Q20  =   0.511886  Q21c =   0.167580  Q21s =  -0.164208
                   Q22c =   0.054876  Q22s =   0.014491

C-1        x = -1.936900  y =  1.816752  z = -3.991989 angstrom
           Maximum rank =  2   Radius =  0.650 angstrom
                   Q00  =  -0.621601
|Q1| =   0.120097  Q10  =   0.032218  Q11c =   0.115695  Q11s =   0.000301
|Q2| =   0.611067  Q20  =   0.569819  Q21c =  -0.146743  Q21s =  -0.018703
                   Q22c =   0.163754  Q22s =   0.003383

Dc         x =  0.523032  y =  2.206665  z =  0.784142 angstrom
           Maximum rank =  2   Radius =  0.650 angstrom
                   Q00  =  -0.964217
|Q1| =   0.040564  Q10  =  -0.014588  Q11c =  -0.013217  Q11s =  -0.035467
|Q2| =   0.468817  Q20  =   0.329773  Q21c =   0.180396  Q21s =  -0.269287
                   Q22c =  -0.061739  Q22s =  -0.046571

D1         x =  0.753984  y =  1.825675  z =  1.679412 angstrom
           Maximum rank =  2   Radius =  0.650 angstrom
                   Q00  =  -0.726316
|Q1| =   0.252981  Q10  =  -0.221674  Q11c =  -0.121248  Q11s =  -0.012589
|Q2| =   0.432683  Q20  =   0.182904  Q21c =   0.095897  Q21s =  -0.296540
                   Q22c =  -0.222581  Q22s =   0.084177

D-1        x =  0.292080  y =  2.587654  z = -0.111128 angstrom
           Maximum rank =  2   Radius =  0.650 angstrom
                   Q00  =  -0.623965
|Q1| =   0.155037  Q10  =  -0.042636  Q11c =   0.007399  Q11s =  -0.148876
|Q2| =   0.605975  Q20  =   0.551211  Q21c =   0.185397  Q21s =  -0.159746
                   Q22c =   0.001594  Q22s =   0.058980

Ec         x = -0.322567  y =  0.246471  z =  0.187509 angstrom
           Maximum rank =  2   Radius =  0.650 angstrom
                   Q00  =  -1.106863
|Q1| =   0.021347  Q10  =   0.007462  Q11c =  -0.014792  Q11s =   0.013462
|Q2| =   0.393303  Q20  =   0.265957  Q21c =   0.170062  Q21s =  -0.231593
                   Q22c =  -0.037367  Q22s =   0.001070

E1         x = -0.080607  y = -0.120072  z =  1.085897 angstrom
           Maximum rank =  2   Radius =  0.650 angstrom
                   Q00  =  -0.733322
|Q1| =   0.177979  Q10  =  -0.141032  Q11c =  -0.077160  Q11s =   0.076371
|Q2| =   0.296338  Q20  =   0.140600  Q21c =   0.140707  Q21s =  -0.179085
                   Q22c =  -0.075540  Q22s =   0.102331

E-1        x = -0.564527  y =  0.613014  z = -0.710879 angstrom
           Maximum rank =  2   Radius =  0.650 angstrom
                   Q00  =  -0.659494
|Q1| =   0.083072  Q10  =   0.042086  Q11c =   0.014343  Q11s =   0.070172
|Q2| =   0.480561  Q20  =   0.186783  Q21c =   0.123055  Q21s =  -0.422072
                   Q22c =  -0.023296  Q22s =   0.047130

Fc         x = -2.207023  y = -0.920639  z =  0.194223 angstrom
           Maximum rank =  2   Radius =  0.650 angstrom
                   Q00  =  -0.965709
|Q1| =   0.039745  Q10  =  -0.000252  Q11c =   0.034166  Q11s =   0.020304
|Q2| =   0.469419  Q20  =   0.322035  Q21c =   0.174547  Q21s =  -0.290015
                   Q22c =  -0.023541  Q22s =  -0.038964

F1         x = -1.978007  y = -1.300173  z =  1.090608 angstrom
           Maximum rank =  2   Radius =  0.650 angstrom
                   Q00  =  -0.672200
|Q1| =   0.166458  Q10  =  -0.108454  Q11c =   0.065553  Q11s =   0.107929
|Q2| =   0.489646  Q20  =   0.278729  Q21c =   0.304775  Q21s =  -0.256463
                   Q22c =   0.056768  Q22s =   0.013395

F-1        x = -2.436039  y = -0.541105  z = -0.702162 angstrom
           Maximum rank =  2   Radius =  0.650 angstrom
                   Q00  =  -0.709351
|Q1| =   0.225145  Q10  =   0.174899  Q11c =   0.135194  Q11s =   0.042699
|Q2| =   0.535190  Q20  =   0.189538  Q21c =   0.067433  Q21s =  -0.472498
                   Q22c =  -0.117362  Q22s =   0.094491

Total multipoles referred to origin at
           x =   0.000000,  y =    0.000000,  z =    0.000000 angstrom
                   Q00  =  -0.000016
|Q1| =   0.192390  Q10  =  -0.080941  Q11c =   0.139180  Q11s =  -0.105315
|Q2| =  23.735775  Q20  = -17.114003  Q21c =  -9.773428  Q21s =  12.669711
                   Q22c =   0.980752  Q22s =   3.673493

CPU time used:     18m53.599s          Total:     18m53.599s

Finished at 10:29:50 on 24 Mar 2026 
