                                     G D M A
                                 by Anthony Stone

               Distributed Multipoles from Gaussian wavefunctions

                             version 2.3.3 (6b8e81e)
              Compiled with gfortran on 29 May 2025 at 12:54:22

Starting at 10:36:46 on 24 Mar 2026 


Using SCF density matrix from file f2-6-311Gdp.fchk


                         Distributed Multipole Analysis

Standard DMA for products of primitives with exponent greater than 4.00000
Using 80-point Euler-MacLaurin radial quadrature
Using 590-point Lebedev quadrature
Becke smoothing parameter = 3

Positions and radii in angstrom
Multipole moments in atomic units, ea_0^k for rank k

C          x =  0.529223  y = -1.613880  z =  0.989803 angstrom
           Maximum rank =  2   Radius =  0.650 angstrom
                   Q00  =   0.331404
|Q1| =   0.729007  Q10  =   0.262465  Q11c =  -0.461951  Q11s =   0.499164
|Q2| =   0.599335  Q20  =   0.219560  Q21c =  -0.233249  Q21s =   0.046799
                   Q22c =  -0.071213  Q22s =  -0.499330

C          x =  0.683996  y = -0.839306  z = -1.640710 angstrom
           Maximum rank =  2   Radius =  0.650 angstrom
                   Q00  =   0.331329
|Q1| =   0.729087  Q10  =   0.059189  Q11c =  -0.138065  Q11s =   0.713444
|Q2| =   0.599635  Q20  =   0.129026  Q21c =  -0.023557  Q21s =  -0.081110
                   Q22c =  -0.541938  Q22s =  -0.205146

H          x =  0.430565  y = -2.807642  z = -0.783610 angstrom
           Maximum rank =  2   Radius =  0.350 angstrom
                   Q00  =   0.055883
|Q1| =   0.158578  Q10  =   0.047407  Q11c =   0.014481  Q11s =   0.150631
|Q2| =   0.099170  Q20  =   0.018336  Q21c =  -0.012418  Q21s =   0.004157
                   Q22c =  -0.024518  Q22s =   0.093412

H          x =  1.997900  y = -2.102558  z = -0.519290 angstrom
           Maximum rank =  2   Radius =  0.350 angstrom
                   Q00  =   0.055882
|Q1| =   0.158580  Q10  =   0.015561  Q11c =  -0.131866  Q11s =   0.086700
|Q2| =   0.099182  Q20  =  -0.004100  Q21c =  -0.019540  Q21s =  -0.056651
                   Q22c =   0.078903  Q22s =  -0.001848

C          x =  0.794343  y = -0.214291  z =  1.546405 angstrom
           Maximum rank =  2   Radius =  0.650 angstrom
                   Q00  =   0.750913
|Q1| =   0.645111  Q10  =   0.152324  Q11c =  -0.594770  Q11s =   0.198026
|Q2| =   0.786452  Q20  =  -0.180761  Q21c =   0.138581  Q21s =   0.203087
                   Q22c =  -0.175475  Q22s =   0.703272

C          x =  1.682618  y =  0.319483  z = -1.627950 angstrom
           Maximum rank =  2   Radius =  0.650 angstrom
                   Q00  =   0.729290
|Q1| =   0.685877  Q10  =   0.006179  Q11c =  -0.415995  Q11s =   0.545287
|Q2| =   0.867022  Q20  =  -0.387038  Q21c =  -0.038237  Q21s =  -0.009442
                   Q22c =   0.535482  Q22s =   0.560033

C          x =  1.015979  y =  1.555875  z = -1.627950 angstrom
           Maximum rank =  2   Radius =  0.650 angstrom
                   Q00  =   0.746781
|Q1| =   0.647792  Q10  =   0.006827  Q11c =   0.209626  Q11s =  -0.612899
|Q2| =   0.833378  Q20  =  -0.371642  Q21c =  -0.032193  Q21s =   0.009997
                   Q22c =   0.320922  Q22s =   0.672513

C          x = -0.387423  y =  0.345444  z =  2.065935 angstrom
           Maximum rank =  2   Radius =  0.650 angstrom
                   Q00  =   0.750077
|Q1| =   0.652106  Q10  =  -0.263280  Q11c =   0.486030  Q11s =  -0.345978
|Q2| =   0.836230  Q20  =  -0.279135  Q21c =   0.229458  Q21s =   0.349060
                   Q22c =  -0.373348  Q22s =   0.554509

C          x = -1.483410  y = -0.610708  z =  1.878746 angstrom
           Maximum rank =  2   Radius =  0.650 angstrom
                   Q00  =   0.746797
|Q1| =   0.647724  Q10  =  -0.295246  Q11c =   0.327981  Q11s =  -0.474136
|Q2| =   0.833175  Q20  =  -0.402870  Q21c =  -0.060013  Q21s =  -0.083241
                   Q22c =   0.531475  Q22s =   0.488753

C          x = -0.428868  y =  1.305130  z = -1.627950 angstrom
           Maximum rank =  2   Radius =  0.650 angstrom
                   Q00  =   0.750062
|Q1| =   0.652174  Q10  =  -0.001511  Q11c =   0.007535  Q11s =  -0.652129
|Q2| =   0.836402  Q20  =  -0.378728  Q21c =   0.040583  Q21s =   0.000997
                   Q22c =   0.673572  Q22s =  -0.317467

C          x = -0.646321  y = -0.085009  z = -1.625782 angstrom
           Maximum rank =  2   Radius =  0.650 angstrom
                   Q00  =   0.750931
|Q1| =   0.645039  Q10  =   0.062551  Q11c =   0.194164  Q11s =   0.611934
|Q2| =   0.786269  Q20  =  -0.289164  Q21c =  -0.000429  Q21s =  -0.142558
                   Q22c =   0.714971  Q22s =  -0.055654

C          x = -0.972083  y = -1.756205  z =  1.246723 angstrom
           Maximum rank =  2   Radius =  0.650 angstrom
                   Q00  =   0.729295
|Q1| =   0.685827  Q10  =   0.297535  Q11c =  -0.150128  Q11s =   0.599411
|Q2| =   0.867009  Q20  =  -0.410450  Q21c =   0.023769  Q21s =  -0.038365
                   Q22c =   0.384629  Q22s =   0.658225

C          x = -1.798334  y = -2.842914  z =  0.993270 angstrom
           Maximum rank =  2   Radius =  0.650 angstrom
                   Q00  =   0.327541
|Q1| =   0.637641  Q10  =   0.294040  Q11c =  -0.172133  Q11s =   0.538978
|Q2| =   0.907328  Q20  =  -0.535740  Q21c =  -0.308898  Q21s =   0.596431
                   Q22c =  -0.251593  Q22s =  -0.147577

C          x = -1.940031  y = -0.585330  z = -1.695765 angstrom
           Maximum rank =  2   Radius =  0.650 angstrom
                   Q00  =   0.368072
|Q1| =   0.595666  Q10  =   0.112584  Q11c =   0.139874  Q11s =   0.567960
|Q2| =   0.722935  Q20  =  -0.525803  Q21c =  -0.007676  Q21s =  -0.183030
                   Q22c =  -0.399127  Q22s =   0.230878

C          x = -3.146635  y = -2.773856  z =  1.353446 angstrom
           Maximum rank =  2   Radius =  0.650 angstrom
                   Q00  =   0.342065
|Q1| =   0.601819  Q10  =   0.113360  Q11c =   0.366087  Q11s =   0.464022
|Q2| =   0.902303  Q20  =  -0.564633  Q21c =  -0.014447  Q21s =   0.350511
                   Q22c =  -0.115749  Q22s =   0.599062

C          x = -3.015404  y =  0.304289  z = -1.736995 angstrom
           Maximum rank =  2   Radius =  0.650 angstrom
                   Q00  =   0.355117
|Q1| =   0.601719  Q10  =   0.055155  Q11c =   0.570695  Q11s =   0.182570
|Q2| =   0.830633  Q20  =  -0.616307  Q21c =   0.091930  Q21s =  -0.073688
                   Q22c =   0.386116  Q22s =   0.383601

C          x = -2.798054  y =  1.683299  z = -1.717915 angstrom
           Maximum rank =  2   Radius =  0.650 angstrom
                   Q00  =   0.345882
|Q1| =   0.598776  Q10  =   0.028051  Q11c =   0.464115  Q11s =  -0.377285
|Q2| =   0.879548  Q20  =  -0.667029  Q21c =   0.066903  Q21s =  -0.044330
                   Q22c =   0.121318  Q22s =  -0.554544

C          x = -3.657467  y = -1.628065  z =  1.966511 angstrom
           Maximum rank =  2   Radius =  0.650 angstrom
                   Q00  =   0.343979
|Q1| =   0.597801  Q10  =  -0.152225  Q11c =   0.577791  Q11s =  -0.018729
|Q2| =   0.896430  Q20  =  -0.509918  Q21c =  -0.427418  Q21s =   0.213186
                   Q22c =   0.561185  Q22s =   0.022497

C          x = -2.828816  y = -0.540411  z =  2.237106 angstrom
           Maximum rank =  2   Radius =  0.650 angstrom
                   Q00  =   0.356348
|Q1| =   0.608380  Q10  =  -0.276794  Q11c =   0.296389  Q11s =  -0.453503
|Q2| =   0.821124  Q20  =  -0.398516  Q21c =  -0.323396  Q21s =   0.586167
                   Q22c =  -0.186363  Q22s =  -0.180338

C          x = -1.502753  y =  2.193627  z = -1.668120 angstrom
           Maximum rank =  2   Radius =  0.650 angstrom
                   Q00  =   0.353491
|Q1| =   0.609133  Q10  =   0.003495  Q11c =  -0.010543  Q11s =  -0.609032
|Q2| =   0.832310  Q20  =  -0.710873  Q21c =   0.041156  Q21s =  -0.030404
                   Q22c =  -0.412019  Q22s =   0.122562

H          x = -1.336557  y =  3.265394  z = -1.667860 angstrom
           Maximum rank =  2   Radius =  0.350 angstrom
                   Q00  =   0.069380
|Q1| =   0.128526  Q10  =   0.010867  Q11c =   0.006418  Q11s =  -0.127905
|Q2| =   0.140546  Q20  =  -0.113046  Q21c =   0.007289  Q21s =   0.002635
                   Q22c =  -0.075751  Q22s =   0.034284

H          x = -3.229588  y =  0.343974  z =  2.720210 angstrom
           Maximum rank =  2   Radius =  0.350 angstrom
                   Q00  =   0.071042
|Q1| =   0.127893  Q10  =  -0.067030  Q11c =   0.067186  Q11s =  -0.085730
|Q2| =   0.137866  Q20  =  -0.065498  Q21c =  -0.045580  Q21s =   0.096122
                   Q22c =  -0.046093  Q22s =  -0.035714

H          x = -4.705986  y = -1.587592  z =  2.240177 angstrom
           Maximum rank =  2   Radius =  0.350 angstrom
                   Q00  =   0.054135
|Q1| =   0.123999  Q10  =  -0.035551  Q11c =   0.118790  Q11s =   0.000917
|Q2| =   0.167480  Q20  =  -0.093131  Q21c =  -0.075122  Q21s =   0.031773
                   Q22c =   0.112770  Q22s =  -0.002456

H          x = -3.643861  y =  2.361304  z = -1.748881 angstrom
           Maximum rank =  2   Radius =  0.350 angstrom
                   Q00  =   0.055029
|Q1| =   0.124691  Q10  =   0.012116  Q11c =   0.096641  Q11s =  -0.077856
|Q2| =   0.163517  Q20  =  -0.117676  Q21c =   0.005081  Q21s =  -0.006090
                   Q22c =   0.025048  Q22s =  -0.110454

H          x = -3.800250  y = -3.617064  z =  1.159061 angstrom
           Maximum rank =  2   Radius =  0.350 angstrom
                   Q00  =   0.053277
|Q1| =   0.124495  Q10  =   0.016372  Q11c =   0.076052  Q11s =   0.097195
|Q2| =   0.168381  Q20  =  -0.097562  Q21c =   0.005431  Q21s =   0.065605
                   Q22c =  -0.023992  Q22s =   0.118003

H          x = -4.027889  y = -0.080624  z = -1.780115 angstrom
           Maximum rank =  2   Radius =  0.350 angstrom
                   Q00  =   0.065177
|Q1| =   0.124929  Q10  =   0.030471  Q11c =   0.117730  Q11s =   0.028608
|Q2| =   0.145752  Q20  =  -0.096205  Q21c =   0.005495  Q21s =  -0.024935
                   Q22c =   0.071677  Q22s =   0.078731

H          x = -1.412145  y = -3.741181  z =  0.521561 angstrom
           Maximum rank =  2   Radius =  0.350 angstrom
                   Q00  =   0.066881
|Q1| =   0.132595  Q10  =   0.044768  Q11c =  -0.025583  Q11s =   0.122159
|Q2| =   0.134464  Q20  =  -0.056072  Q21c =  -0.060796  Q21s =   0.092586
                   Q22c =  -0.035518  Q22s =  -0.037507

H          x = -2.126358  y = -1.652586  z = -1.707528 angstrom
           Maximum rank =  2   Radius =  0.350 angstrom
                   Q00  =   0.095207
|Q1| =   0.131309  Q10  =   0.065298  Q11c =   0.030442  Q11s =   0.109780
|Q2| =   0.117559  Q20  =  -0.045817  Q21c =  -0.024035  Q21s =  -0.062305
                   Q22c =  -0.074728  Q22s =   0.040951

C          x = -0.373306  y =  1.599838  z =  2.674677 angstrom
           Maximum rank =  2   Radius =  0.650 angstrom
                   Q00  =   0.353487
|Q1| =   0.609147  Q10  =  -0.246799  Q11c =   0.464030  Q11s =  -0.307939
|Q2| =   0.832299  Q20  =  -0.436278  Q21c =  -0.402005  Q21s =   0.452033
                   Q22c =   0.297111  Q22s =  -0.219469

C          x =  1.736501  y =  2.749103  z = -1.651048 angstrom
           Maximum rank =  2   Radius =  0.650 angstrom
                   Q00  =   0.356352
|Q1| =   0.608366  Q10  =   0.004951  Q11c =   0.210191  Q11s =  -0.570880
|Q2| =   0.821179  Q20  =  -0.698070  Q21c =  -0.032029  Q21s =  -0.034966
                   Q22c =  -0.243814  Q22s =  -0.354034

C          x =  0.833955  y =  2.288190  z =  2.771713 angstrom
           Maximum rank =  2   Radius =  0.650 angstrom
                   Q00  =   0.345879
|Q1| =   0.598789  Q10  =  -0.269936  Q11c =  -0.013292  Q11s =  -0.534328
|Q2| =   0.879490  Q20  =  -0.351448  Q21c =  -0.082535  Q21s =   0.687935
                   Q22c =  -0.405026  Q22s =   0.076639

C          x =  3.129017  y =  2.696610  z = -1.683011 angstrom
           Maximum rank =  2   Radius =  0.650 angstrom
                   Q00  =   0.343978
|Q1| =   0.597793  Q10  =   0.013059  Q11c =  -0.318385  Q11s =  -0.505784
|Q2| =   0.896429  Q20  =  -0.682808  Q21c =  -0.049756  Q21s =  -0.041684
                   Q22c =  -0.253053  Q22s =   0.518759

C          x =  2.011523  y =  1.725599  z =  2.275635 angstrom
           Maximum rank =  2   Radius =  0.650 angstrom
                   Q00  =   0.355132
|Q1| =   0.601677  Q10  =  -0.089490  Q11c =  -0.506696  Q11s =  -0.311875
|Q2| =   0.830687  Q20  =  -0.449249  Q21c =  -0.052696  Q21s =   0.281687
                   Q22c =   0.351132  Q22s =   0.531788

C          x =  3.792403  y =  1.468089  z = -1.699979 angstrom
           Maximum rank =  2   Radius =  0.650 angstrom
                   Q00  =   0.342069
|Q1| =   0.601816  Q10  =   0.012998  Q11c =  -0.601554  Q11s =   0.012104
|Q2| =   0.902288  Q20  =  -0.687413  Q21c =  -0.087318  Q21s =   0.000745
                   Q22c =   0.577561  Q22s =  -0.019651

C          x =  3.069491  y =  0.272596  z = -1.675328 angstrom
           Maximum rank =  2   Radius =  0.650 angstrom
                   Q00  =   0.327571
|Q1| =   0.637584  Q10  =  -0.010664  Q11c =  -0.355999  Q11s =   0.528832
|Q2| =   0.907311  Q20  =  -0.793039  Q21c =  -0.090972  Q21s =   0.046873
                   Q22c =  -0.180343  Q22s =  -0.388980

C          x =  1.997102  y =  0.469929  z =  1.665192 angstrom
           Maximum rank =  2   Radius =  0.650 angstrom
                   Q00  =   0.368075
|Q1| =   0.595624  Q10  =   0.100693  Q11c =  -0.537495  Q11s =   0.236067
|Q2| =   0.723223  Q20  =  -0.243626  Q21c =  -0.470312  Q21s =   0.309252
                   Q22c =   0.356260  Q22s =  -0.141233

H          x =  3.596775  y = -0.676176  z = -1.693746 angstrom
           Maximum rank =  2   Radius =  0.350 angstrom
                   Q00  =   0.066880
|Q1| =   0.132597  Q10  =   0.014435  Q11c =  -0.084752  Q11s =   0.100948
|Q2| =   0.134461  Q20  =  -0.106553  Q21c =  -0.010460  Q21s =  -0.011511
                   Q22c =  -0.049800  Q22s =  -0.063280

H          x =  2.919236  y =  0.049366  z =  1.282194 angstrom
           Maximum rank =  2   Radius =  0.350 angstrom
                   Q00  =   0.095200
|Q1| =   0.131309  Q10  =  -0.020068  Q11c =  -0.114724  Q11s =   0.060645
|Q2| =   0.117553  Q20  =   0.001812  Q21c =  -0.101680  Q21s =   0.021007
                   Q22c =   0.051118  Q22s =  -0.020553

H          x =  2.945505  y =  2.269248  z =  2.360882 angstrom
           Maximum rank =  2   Radius =  0.350 angstrom
                   Q00  =   0.065178
|Q1| =   0.124929  Q10  =  -0.039160  Q11c =  -0.101535  Q11s =  -0.061354
|Q2| =   0.145751  Q20  =  -0.068317  Q21c =  -0.018525  Q21s =   0.034438
                   Q22c =   0.065455  Q22s =   0.103744

H          x =  4.875918  y =  1.442025  z = -1.736271 angstrom
           Maximum rank =  2   Radius =  0.350 angstrom
                   Q00  =   0.053277
|Q1| =   0.124495  Q10  =   0.009430  Q11c =  -0.124137  Q11s =   0.000034
|Q2| =   0.168380  Q20  =  -0.121074  Q21c =  -0.010563  Q21s =  -0.002373
                   Q22c =   0.116347  Q22s =  -0.006262

H          x =  0.861328  y =  3.265091  z =  3.241767 angstrom
           Maximum rank =  2   Radius =  0.350 angstrom
                   Q00  =   0.055029
|Q1| =   0.124691  Q10  =  -0.061526  Q11c =  -0.004548  Q11s =  -0.108359
|Q2| =   0.163517  Q20  =  -0.063792  Q21c =  -0.014714  Q21s =   0.121792
                   Q22c =  -0.086208  Q22s =   0.013661

H          x =  3.702433  y =  3.616807  z = -1.701771 angstrom
           Maximum rank =  2   Radius =  0.350 angstrom
                   Q00  =   0.054134
|Q1| =   0.124000  Q10  =   0.008406  Q11c =  -0.068196  Q11s =  -0.103221
|Q2| =   0.167480  Q20  =  -0.119507  Q21c =  -0.006466  Q21s =  -0.001657
                   Q22c =  -0.052592  Q22s =   0.104677

H          x = -1.283895  y =  2.033265  z =  3.073767 angstrom
           Maximum rank =  2   Radius =  0.350 angstrom
                   Q00  =   0.069381
|Q1| =   0.128525  Q10  =  -0.062601  Q11c =   0.090006  Q11s =  -0.067073
|Q2| =   0.140543  Q20  =  -0.074789  Q21c =  -0.064982  Q21s =   0.064642
                   Q22c =   0.062284  Q22s =  -0.043340

H          x =  1.226549  y =  3.706215  z = -1.645522 angstrom
           Maximum rank =  2   Radius =  0.350 angstrom
                   Q00  =   0.071043
|Q1| =   0.127892  Q10  =   0.011848  Q11c =   0.035665  Q11s =  -0.122246
|Q2| =   0.137867  Q20  =  -0.109755  Q21c =  -0.006872  Q21s =   0.002208
                   Q22c =  -0.038470  Q22s =  -0.073683

C          x =  1.286839  y = -2.660404  z =  1.849985 angstrom
           Maximum rank =  2   Radius =  0.650 angstrom
                   Q00  =   0.076250
|Q1| =   0.195343  Q10  =   0.018083  Q11c =  -0.127782  Q11s =   0.146641
|Q2| =   0.320687  Q20  =  -0.134222  Q21c =   0.009116  Q21s =  -0.014616
                   Q22c =  -0.050206  Q22s =  -0.286369

H          x =  0.993216  y = -2.581881  z =  2.898557 angstrom
           Maximum rank =  2   Radius =  0.350 angstrom
                   Q00  =   0.104356
|Q1| =   0.162216  Q10  =  -0.104910  Q11c =  -0.066758  Q11s =   0.104169
|Q2| =   0.165994  Q20  =   0.080410  Q21c =  -0.104570  Q21s =   0.066266
                   Q22c =   0.008841  Q22s =  -0.075392

H          x =  1.066371  y = -3.675951  z =  1.508256 angstrom
           Maximum rank =  2   Radius =  0.350 angstrom
                   Q00  =   0.036730
|Q1| =   0.143937  Q10  =   0.005526  Q11c =  -0.025687  Q11s =   0.141519
|Q2| =   0.136166  Q20  =  -0.053465  Q21c =   0.034804  Q21s =   0.065490
                   Q22c =  -0.089059  Q22s =   0.047443

H          x =  2.367050  y = -2.505351  z =  1.782971 angstrom
           Maximum rank =  2   Radius =  0.350 angstrom
                   Q00  =   0.039591
|Q1| =   0.142667  Q10  =  -0.019256  Q11c =  -0.132522  Q11s =   0.049204
|Q2| =   0.141239  Q20  =  -0.079937  Q21c =  -0.017863  Q21s =  -0.022507
                   Q22c =   0.100693  Q22s =   0.050929

C          x =  0.926879  y = -1.874133  z = -0.497277 angstrom
           Maximum rank =  2   Radius =  0.650 angstrom
                   Q00  =   0.065913
|Q1| =   0.167225  Q10  =   0.038752  Q11c =  -0.072211  Q11s =   0.145767
|Q2| =   0.265592  Q20  =   0.131153  Q21c =  -0.143932  Q21s =  -0.093163
                   Q22c =  -0.122779  Q22s =  -0.094167

C          x =  0.823663  y = -1.607183  z = -2.982345 angstrom
           Maximum rank =  2   Radius =  0.650 angstrom
                   Q00  =   0.076239
|Q1| =   0.195303  Q10  =   0.068537  Q11c =  -0.033615  Q11s =   0.179766
|Q2| =   0.320693  Q20  =  -0.036163  Q21c =  -0.036437  Q21s =   0.213215
                   Q22c =  -0.216824  Q22s =  -0.087951

H          x =  1.794199  y = -2.108275  z = -3.043090 angstrom
           Maximum rank =  2   Radius =  0.350 angstrom
                   Q00  =   0.036731
|Q1| =   0.143937  Q10  =   0.057309  Q11c =  -0.091416  Q11s =   0.095271
|Q2| =   0.136167  Q20  =  -0.064472  Q21c =   0.000008  Q21s =   0.020169
                   Q22c =   0.078434  Q22s =  -0.088466

H          x =  0.042035  y = -2.365975  z = -3.075504 angstrom
           Maximum rank =  2   Radius =  0.350 angstrom
                   Q00  =   0.039590
|Q1| =   0.142668  Q10  =   0.063495  Q11c =   0.050061  Q11s =   0.117543
|Q2| =   0.141232  Q20  =  -0.064935  Q21c =  -0.010774  Q21s =   0.019332
                   Q22c =   0.022769  Q22s =   0.121333

H          x =  0.739682  y = -0.922254  z = -3.828338 angstrom
           Maximum rank =  2   Radius =  0.350 angstrom
                   Q00  =   0.104358
|Q1| =   0.162216  Q10  =   0.149039  Q11c =  -0.015486  Q11s =   0.062141
|Q2| =   0.165993  Q20  =  -0.008103  Q21c =   0.012773  Q21s =  -0.101833
                   Q22c =  -0.124611  Q22s =  -0.037773

Ac         x =  2.404334  y =  1.510292  z = -1.660877 angstrom
           Maximum rank =  2   Radius =  0.650 angstrom
                   Q00  =  -0.963730
|Q1| =   0.038510  Q10  =   0.002302  Q11c =  -0.033892  Q11s =  -0.018140
|Q2| =   0.460632  Q20  =   0.458515  Q21c =   0.019233  Q21s =   0.003215
                   Q22c =   0.022187  Q22s =   0.032756

A1         x =  2.431321  y =  1.516005  z = -0.661258 angstrom
           Maximum rank =  2   Radius =  0.650 angstrom
                   Q00  =  -0.707301
|Q1| =   0.208040  Q10  =  -0.149485  Q11c =  -0.142569  Q11s =  -0.024677
|Q2| =   0.551345  Q20  =   0.465704  Q21c =  -0.237136  Q21s =  -0.000972
                   Q22c =   0.125142  Q22s =   0.123312

A-1        x =  2.377347  y =  1.504579  z = -2.660496 angstrom
           Maximum rank =  2   Radius =  0.650 angstrom
                   Q00  =  -0.630016
|Q1| =   0.110311  Q10  =   0.020692  Q11c =  -0.099082  Q11s =  -0.043854
|Q2| =   0.642711  Q20  =   0.612794  Q21c =   0.110361  Q21s =   0.013997
                   Q22c =   0.104939  Q22s =   0.119054

Bc         x =  0.461480  y =  0.451234  z = -1.630068 angstrom
           Maximum rank =  2   Radius =  0.650 angstrom
                   Q00  =  -1.102604
|Q1| =   0.022688  Q10  =   0.001241  Q11c =  -0.005479  Q11s =   0.021981
|Q2| =   0.387217  Q20  =   0.381193  Q21c =  -0.001399  Q21s =  -0.003095
                   Q22c =   0.063412  Q22s =   0.024424

B1         x =  0.462833  y =  0.447330  z = -0.630076 angstrom
           Maximum rank =  2   Radius =  0.650 angstrom
                   Q00  =  -0.652468
|Q1| =   0.077264  Q10  =   0.002679  Q11c =  -0.074112  Q11s =   0.021681
|Q2| =   0.500811  Q20  =   0.441943  Q21c =  -0.155253  Q21s =   0.023070
                   Q22c =   0.059665  Q22s =   0.165235

B-1        x =  0.460127  y =  0.455138  z = -2.630059 angstrom
           Maximum rank =  2   Radius =  0.650 angstrom
                   Q00  =  -0.694350
|Q1| =   0.168800  Q10  =   0.101655  Q11c =  -0.026867  Q11s =   0.132053
|Q2| =   0.471799  Q20  =   0.317782  Q21c =   0.053008  Q21s =  -0.267617
                   Q22c =   0.203862  Q22s =   0.074969

Cc         x = -1.721905  y =  0.802667  z = -1.678754 angstrom
           Maximum rank =  2   Radius =  0.650 angstrom
                   Q00  =  -0.961065
|Q1| =   0.039928  Q10  =   0.005040  Q11c =   0.038581  Q11s =  -0.008964
|Q2| =   0.459711  Q20  =   0.456982  Q21c =  -0.031162  Q21s =  -0.007430
                   Q22c =   0.036897  Q22s =  -0.010679

C1         x = -1.764640  y =  0.800733  z = -0.679669 angstrom
           Maximum rank =  2   Radius =  0.650 angstrom
                   Q00  =  -0.636458
|Q1| =   0.149598  Q10  =  -0.025842  Q11c =   0.122720  Q11s =  -0.081557
|Q2| =   0.583093  Q20  =   0.534445  Q21c =   0.115336  Q21s =  -0.192288
                   Q22c =   0.063896  Q22s =  -0.002551

C-1        x = -1.679169  y =  0.804601  z = -2.677838 angstrom
           Maximum rank =  2   Radius =  0.650 angstrom
                   Q00  =  -0.628651
|Q1| =   0.112372  Q10  =   0.021792  Q11c =   0.109682  Q11s =  -0.011065
|Q2| =   0.640943  Q20  =   0.607092  Q21c =  -0.126273  Q21s =  -0.019700
                   Q22c =   0.158670  Q22s =  -0.027170

Dc         x =  0.812699  y =  1.035784  z =  2.166592 angstrom
           Maximum rank =  2   Radius =  0.650 angstrom
                   Q00  =  -0.961062
|Q1| =   0.039927  Q10  =  -0.015817  Q11c =  -0.018493  Q11s =  -0.031655
|Q2| =   0.459711  Q20  =   0.310627  Q21c =   0.134866  Q21s =  -0.299257
                   Q22c =  -0.079425  Q22s =  -0.028160

D1         x =  0.983795  y =  0.601465  z =  3.050952 angstrom
           Maximum rank =  2   Radius =  0.650 angstrom
                   Q00  =  -0.628649
|Q1| =   0.112374  Q10  =  -0.045813  Q11c =  -0.064907  Q11s =  -0.079474
|Q2| =   0.640948  Q20  =   0.382719  Q21c =   0.170760  Q21s =  -0.446064
                   Q22c =  -0.178092  Q22s =   0.067014

D-1        x =  0.641603  y =  1.470104  z =  1.282232 angstrom
           Maximum rank =  2   Radius =  0.650 angstrom
                   Q00  =  -0.636461
|Q1| =   0.149599  Q10  =  -0.034308  Q11c =  -0.010576  Q11s =  -0.145227
|Q2| =   0.583072  Q20  =   0.521122  Q21c =   0.148217  Q21s =  -0.209998
                   Q22c =  -0.012958  Q22s =   0.046581

Ec         x = -0.303870  y = -0.769927  z =  1.545522 angstrom
           Maximum rank =  2   Radius =  0.650 angstrom
                   Q00  =  -1.102605
|Q1| =   0.022689  Q10  =   0.008859  Q11c =  -0.013341  Q11s =   0.016072
|Q2| =   0.387218  Q20  =   0.256627  Q21c =   0.139660  Q21s =  -0.251581
                   Q22c =  -0.034699  Q22s =   0.008858

E1         x = -0.106391  y = -1.170445  z =  2.440277 angstrom
           Maximum rank =  2   Radius =  0.650 angstrom
                   Q00  =  -0.694333
|Q1| =   0.168770  Q10  =  -0.032093  Q11c =  -0.102737  Q11s =   0.129994
|Q2| =   0.471834  Q20  =   0.372338  Q21c =   0.051451  Q21s =  -0.128999
                   Q22c =   0.022222  Q22s =   0.253397

E-1        x = -0.501349  y = -0.369409  z =  0.650766 angstrom
           Maximum rank =  2   Radius =  0.650 angstrom
                   Q00  =  -0.652508
|Q1| =   0.077300  Q10  =   0.021217  Q11c =   0.029723  Q11s =   0.068130
|Q2| =   0.500933  Q20  =   0.215835  Q21c =   0.065247  Q21s =  -0.445658
                   Q22c =   0.013768  Q22s =   0.035942

Fc         x = -2.314457  y = -1.692026  z =  1.612633 angstrom
           Maximum rank =  2   Radius =  0.650 angstrom
                   Q00  =  -0.963730
|Q1| =   0.038511  Q10  =  -0.002611  Q11c =   0.034470  Q11s =   0.016973
|Q2| =   0.460630  Q20  =   0.316093  Q21c =   0.161107  Q21s =  -0.290475
                   Q22c =  -0.017662  Q22s =  -0.040272

F1         x = -2.093713  y = -2.078134  z =  2.508285 angstrom
           Maximum rank =  2   Radius =  0.650 angstrom
                   Q00  =  -0.630021
|Q1| =   0.110307  Q10  =  -0.016402  Q11c =   0.091068  Q11s =   0.060043
|Q2| =   0.642709  Q20  =   0.424035  Q21c =   0.296384  Q21s =  -0.376293
                   Q22c =   0.059619  Q22s =   0.016552

F-1        x = -2.535200  y = -1.305918  z =  0.716981 angstrom
           Maximum rank =  2   Radius =  0.650 angstrom
                   Q00  =  -0.707324
|Q1| =   0.208046  Q10  =   0.152021  Q11c =   0.137887  Q11s =   0.034061
|Q2| =   0.551399  Q20  =   0.220895  Q21c =   0.041889  Q21s =  -0.488384
                   Q22c =  -0.073900  Q22s =   0.097530

Total multipoles referred to origin at
           x =   0.000000,  y =    0.000000,  z =    0.000000 angstrom
                   Q00  =   0.000357
|Q1| =   0.198143  Q10  =  -0.045581  Q11c =   0.085274  Q11s =  -0.172949
|Q2| =  17.363074  Q20  = -15.903063  Q21c =  -2.281177  Q21s =   6.580560
                   Q22c =   0.247303  Q22s =  -0.014843

CPU time used:      6m55.232s          Total:      6m55.232s

Finished at 10:43:42 on 24 Mar 2026 
