                                     G D M A
                                 by Anthony Stone

               Distributed Multipoles from Gaussian wavefunctions

                             version 2.3.3 (6b8e81e)
              Compiled with gfortran on 29 May 2025 at 12:54:22

Starting at 11:23:54 on 24 Mar 2026 


Using SCF density matrix from file f4-def2TZVP.fchk


                         Distributed Multipole Analysis

Standard DMA for products of primitives with exponent greater than 4.00000
Using 80-point Euler-MacLaurin radial quadrature
Using 590-point Lebedev quadrature
Becke smoothing parameter = 3

Positions and radii in angstrom
Multipole moments in atomic units, ea_0^k for rank k

C          x = -1.454736  y =  0.332972  z =  0.627661 angstrom
           Maximum rank =  2   Radius =  0.650 angstrom
                   Q00  =  -0.021347
|Q1| =   0.163116  Q10  =   0.080782  Q11c =   0.141697  Q11s =  -0.001777
|Q2| =   0.170654  Q20  =   0.042446  Q21c =   0.009337  Q21s =   0.025310
                   Q22c =   0.155391  Q22s =  -0.049466

C          x =  0.993592  y =  0.244895  z = -4.233668 angstrom
           Maximum rank =  2   Radius =  0.650 angstrom
                   Q00  =   0.335554
|Q1| =   0.726853  Q10  =   0.065207  Q11c =   0.716103  Q11s =   0.106111
|Q2| =   0.606540  Q20  =   0.131589  Q21c =  -0.078472  Q21s =  -0.048380
                   Q22c =   0.558259  Q22s =   0.174425

C          x =  0.178812  y = -0.138815  z = -1.603061 angstrom
           Maximum rank =  2   Radius =  0.650 angstrom
                   Q00  =   0.346206
|Q1| =   0.725229  Q10  =   0.278974  Q11c =   0.614506  Q11s =  -0.265541
|Q2| =   0.607094  Q20  =   0.172300  Q21c =   0.072452  Q21s =  -0.185411
                   Q22c =   0.424598  Q22s =  -0.344915

H          x = -1.881651  y = -0.590438  z = -1.283024 angstrom
           Maximum rank =  2   Radius =  0.350 angstrom
                   Q00  =   0.054200
|Q1| =   0.155859  Q10  =   0.070154  Q11c =   0.123965  Q11s =   0.063268
|Q2| =   0.101707  Q20  =  -0.023311  Q21c =  -0.056992  Q21s =   0.063881
                   Q22c =  -0.010017  Q22s =   0.048700

H          x = -1.567989  y =  1.115127  z = -1.354076 angstrom
           Maximum rank =  2   Radius =  0.350 angstrom
                   Q00  =   0.052086
|Q1| =   0.154901  Q10  =   0.074917  Q11c =   0.091764  Q11s =  -0.099805
|Q2| =   0.104039  Q20  =   0.023589  Q21c =  -0.061061  Q21s =  -0.033277
                   Q22c =  -0.059750  Q22s =  -0.043147

C          x = -3.830489  y =  0.186624  z =  2.064970 angstrom
           Maximum rank =  2   Radius =  0.650 angstrom
                   Q00  =  -0.060890
|Q1| =   0.138551  Q10  =   0.110888  Q11c =   0.065808  Q11s =  -0.050692
|Q2| =   0.167812  Q20  =   0.155128  Q21c =  -0.008049  Q21s =  -0.063411
                   Q22c =   0.003163  Q22s =  -0.000773

H          x = -0.649695  y =  1.087020  z = -3.185868 angstrom
           Maximum rank =  2   Radius =  0.350 angstrom
                   Q00  =   0.055685
|Q1| =   0.159090  Q10  =   0.030604  Q11c =   0.122125  Q11s =  -0.097255
|Q2| =   0.106890  Q20  =   0.000540  Q21c =  -0.075127  Q21s =  -0.023850
                   Q22c =  -0.056164  Q22s =  -0.045364

H          x = -3.354866  y =  1.256074  z =  0.254677 angstrom
           Maximum rank =  2   Radius =  0.350 angstrom
                   Q00  =   0.048484
|Q1| =   0.152082  Q10  =   0.090427  Q11c =   0.072746  Q11s =  -0.098284
|Q2| =   0.101621  Q20  =  -0.045568  Q21c =  -0.052111  Q21s =  -0.069918
                   Q22c =  -0.023540  Q22s =  -0.009604

H          x = -0.814515  y = -0.621806  z = -3.442023 angstrom
           Maximum rank =  2   Radius =  0.350 angstrom
                   Q00  =   0.058606
|Q1| =   0.159007  Q10  =   0.059481  Q11c =   0.133429  Q11s =   0.062786
|Q2| =   0.092989  Q20  =   0.019559  Q21c =  -0.017147  Q21s =  -0.006964
                   Q22c =  -0.034885  Q22s =   0.081883

H          x = -3.394375  y = -0.471797  z =  0.094249 angstrom
           Maximum rank =  2   Radius =  0.350 angstrom
                   Q00  =   0.046674
|Q1| =   0.152051  Q10  =   0.108381  Q11c =   0.079482  Q11s =   0.071103
|Q2| =   0.116196  Q20  =   0.003861  Q21c =  -0.068134  Q21s =   0.073275
                   Q22c =  -0.022786  Q22s =   0.054368

C          x = -0.750552  y = -0.678199  z =  1.528822 angstrom
           Maximum rank =  2   Radius =  0.650 angstrom
                   Q00  =   0.017376
|Q1| =   0.191491  Q10  =  -0.094138  Q11c =   0.160484  Q11s =   0.045295
|Q2| =   0.627731  Q20  =  -0.163419  Q21c =   0.407598  Q21s =  -0.103377
                   Q22c =  -0.435982  Q22s =   0.020890

C          x =  2.145592  y = -0.757575  z = -4.218850 angstrom
           Maximum rank =  2   Radius =  0.650 angstrom
                   Q00  =   0.755783
|Q1| =   0.643022  Q10  =   0.063077  Q11c =   0.509795  Q11s =   0.386792
|Q2| =   0.775756  Q20  =  -0.262246  Q21c =  -0.150873  Q21s =  -0.041054
                   Q22c =  -0.518535  Q22s =  -0.489589

C          x = -3.881547  y = -1.245919  z =  2.592551 angstrom
           Maximum rank =  2   Radius =  0.650 angstrom
                   Q00  =  -0.059652
|Q1| =   0.106746  Q10  =   0.082199  Q11c =   0.063192  Q11s =   0.025390
|Q2| =   1.124865  Q20  =   0.271564  Q21c =   0.468791  Q21s =  -0.010769
                   Q22c =  -0.911010  Q22s =   0.376503

C          x =  0.570623  y = -1.600698  z = -1.389675 angstrom
           Maximum rank =  2   Radius =  0.650 angstrom
                   Q00  =   0.733344
|Q1| =   0.689672  Q10  =   0.289499  Q11c =   0.622917  Q11s =   0.061744
|Q2| =   0.852691  Q20  =  -0.369232  Q21c =  -0.063215  Q21s =   0.082876
                   Q22c =  -0.726048  Q22s =   0.229652

C          x = -3.502480  y = -1.296682  z =  3.940782 angstrom
           Maximum rank =  2   Radius =  0.650 angstrom
                   Q00  =  -0.035632
|Q1| =   0.116394  Q10  =  -0.104488  Q11c =  -0.008926  Q11s =   0.050500
|Q2| =   1.162834  Q20  =   0.295024  Q21c =   0.398385  Q21s =  -0.181218
                   Q22c =  -0.986681  Q22s =   0.316313

C          x =  1.829596  y = -1.699415  z = -0.785380 angstrom
           Maximum rank =  2   Radius =  0.650 angstrom
                   Q00  =   0.754642
|Q1| =   0.649947  Q10  =  -0.290242  Q11c =  -0.562266  Q11s =   0.148488
|Q2| =   0.817239  Q20  =  -0.374593  Q21c =  -0.097392  Q21s =  -0.014446
                   Q22c =  -0.719546  Q22s =   0.010975

C          x =  3.381537  y = -0.091079  z = -4.220847 angstrom
           Maximum rank =  2   Radius =  0.650 angstrom
                   Q00  =   0.753363
|Q1| =   0.657109  Q10  =  -0.008781  Q11c =  -0.621651  Q11s =  -0.212756
|Q2| =   0.831948  Q20  =  -0.348999  Q21c =  -0.022017  Q21s =   0.047690
                   Q22c =  -0.330555  Q22s =  -0.676987

C          x =  0.100643  y = -0.023127  z =  2.434076 angstrom
           Maximum rank =  2   Radius =  0.650 angstrom
                   Q00  =  -0.008051
|Q1| =   0.159227  Q10  =  -0.156216  Q11c =  -0.029692  Q11s =  -0.008247
|Q2| =   0.901819  Q20  =  -0.088808  Q21c =   0.722740  Q21s =  -0.227510
                   Q22c =  -0.479212  Q22s =  -0.040409

C          x =  0.021315  y =  1.418062  z =  2.200244 angstrom
           Maximum rank =  2   Radius =  0.650 angstrom
                   Q00  =  -0.004224
|Q1| =   0.152046  Q10  =  -0.143321  Q11c =  -0.008026  Q11s =  -0.050125
|Q2| =   0.857653  Q20  =  -0.239013  Q21c =   0.631049  Q21s =   0.085100
                   Q22c =  -0.492393  Q22s =   0.174716

C          x =  3.138580  y =  1.351811  z = -4.218850 angstrom
           Maximum rank =  2   Radius =  0.650 angstrom
                   Q00  =   0.749853
|Q1| =   0.652923  Q10  =   0.003010  Q11c =  -0.652907  Q11s =  -0.003520
|Q2| =   0.828144  Q20  =  -0.340317  Q21c =   0.015574  Q21s =  -0.029674
                   Q22c =  -0.680280  Q22s =   0.325735

C          x =  2.344032  y = -0.348523  z = -0.565282 angstrom
           Maximum rank =  2   Radius =  0.650 angstrom
                   Q00  =   0.759003
|Q1| =   0.655309  Q10  =  -0.261094  Q11c =  -0.491722  Q11s =   0.345644
|Q2| =   0.823412  Q20  =  -0.261855  Q21c =   0.206434  Q21s =   0.323632
                   Q22c =  -0.044115  Q22s =   0.678337

C          x = -3.171912  y =  0.058918  z =  4.381280 angstrom
           Maximum rank =  2   Radius =  0.650 angstrom
                   Q00  =  -0.036293
|Q1| =   0.115342  Q10  =  -0.110938  Q11c =  -0.016931  Q11s =   0.026645
|Q2| =   1.164737  Q20  =   0.515189  Q21c =   0.477187  Q21s =   0.152478
                   Q22c =  -0.862341  Q22s =   0.310811

C          x =  1.399162  y =  0.579684  z = -1.033030 angstrom
           Maximum rank =  2   Radius =  0.650 angstrom
                   Q00  =   0.750692
|Q1| =   0.646777  Q10  =   0.144861  Q11c =   0.388299  Q11s =  -0.496548
|Q2| =   0.768064  Q20  =  -0.210616  Q21c =   0.107708  Q21s =   0.221742
                   Q22c =  -0.283334  Q22s =   0.636014

C          x = -3.345463  y =  0.939940  z =  3.301714 angstrom
           Maximum rank =  2   Radius =  0.650 angstrom
                   Q00  =  -0.055199
|Q1| =   0.088224  Q10  =   0.035210  Q11c =   0.029486  Q11s =  -0.075328
|Q2| =   1.135292  Q20  =   0.348143  Q21c =   0.429233  Q21s =   0.082545
                   Q22c =  -0.946169  Q22s =   0.285298

C          x =  1.754157  y =  1.569450  z = -4.218850 angstrom
           Maximum rank =  2   Radius =  0.650 angstrom
                   Q00  =   0.733013
|Q1| =   0.687404  Q10  =   0.007139  Q11c =   0.653816  Q11s =  -0.212127
|Q2| =   0.854934  Q20  =  -0.355152  Q21c =  -0.004921  Q21s =  -0.042120
                   Q22c =  -0.769700  Q22s =   0.102671

C          x = -0.879483  y =  1.647792  z =  1.153477 angstrom
           Maximum rank =  2   Radius =  0.650 angstrom
                   Q00  =  -0.047226
|Q1| =   0.127104  Q10  =   0.054134  Q11c =   0.087535  Q11s =  -0.074583
|Q2| =   0.942324  Q20  =  -0.257382  Q21c =   0.684347  Q21s =  -0.067727
                   Q22c =  -0.588127  Q22s =   0.054021

C          x = -1.147549  y =  2.941135  z =  0.736408 angstrom
           Maximum rank =  2   Radius =  0.650 angstrom
                   Q00  =  -0.067046
|Q1| =   0.158511  Q10  =   0.083437  Q11c =   0.096174  Q11s =  -0.094418
|Q2| =   1.261429  Q20  =  -0.229690  Q21c =   1.060718  Q21s =  -0.103841
                   Q22c =  -0.633636  Q22s =   0.032347

C          x =  1.252288  y =  2.859458  z = -4.276119 angstrom
           Maximum rank =  2   Radius =  0.650 angstrom
                   Q00  =   0.328337
|Q1| =   0.646040  Q10  =  -0.006645  Q11c =   0.624090  Q11s =  -0.166840
|Q2| =   0.878064  Q20  =  -0.759162  Q21c =   0.073876  Q21s =  -0.081318
                   Q22c =   0.389097  Q22s =  -0.176646

C          x = -3.181052  y =  2.303050  z =  3.489901 angstrom
           Maximum rank =  2   Radius =  0.650 angstrom
                   Q00  =  -0.037415
|Q1| =   0.117278  Q10  =   0.025073  Q11c =   0.035181  Q11s =  -0.109031
|Q2| =   1.151446  Q20  =   0.465112  Q21c =   0.409113  Q21s =  -0.056018
                   Q22c =  -0.958562  Q22s =   0.141942

C          x =  1.667723  y =  1.936335  z = -0.947430 angstrom
           Maximum rank =  2   Radius =  0.650 angstrom
                   Q00  =   0.359484
|Q1| =   0.615935  Q10  =   0.105237  Q11c =   0.406776  Q11s =  -0.450372
|Q2| =   0.659919  Q20  =  -0.278880  Q21c =   0.349401  Q21s =  -0.348554
                   Q22c =  -0.103399  Q22s =  -0.321648

C          x = -0.509979  y =  4.008000  z =  1.367389 angstrom
           Maximum rank =  2   Radius =  0.650 angstrom
                   Q00  =  -0.044805
|Q1| =   0.111223  Q10  =   0.016084  Q11c =   0.021780  Q11s =  -0.107878
|Q2| =   1.258690  Q20  =  -0.241597  Q21c =   1.021255  Q21s =  -0.097188
                   Q22c =  -0.687190  Q22s =   0.035955

C          x =  2.138069  y =  3.935328  z = -4.308476 angstrom
           Maximum rank =  2   Radius =  0.650 angstrom
                   Q00  =   0.341970
|Q1| =   0.611999  Q10  =   0.018118  Q11c =   0.213932  Q11s =  -0.573104
|Q2| =   0.894736  Q20  =  -0.674988  Q21c =   0.032240  Q21s =  -0.103677
                   Q22c =  -0.439151  Q22s =  -0.374568

C          x =  2.871351  y =  2.362021  z = -0.392525 angstrom
           Maximum rank =  2   Radius =  0.650 angstrom
                   Q00  =   0.352779
|Q1| =   0.625680  Q10  =  -0.096709  Q11c =  -0.139998  Q11s =  -0.602099
|Q2| =   0.791318  Q20  =  -0.453349  Q21c =   0.235756  Q21s =  -0.040788
                   Q22c =  -0.560535  Q22s =   0.221842

C          x = -2.807500  y =  2.779474  z =  4.744559 angstrom
           Maximum rank =  2   Radius =  0.650 angstrom
                   Q00  =  -0.034260
|Q1| =   0.088932  Q10  =  -0.037122  Q11c =  -0.005388  Q11s =  -0.080634
|Q2| =   1.191789  Q20  =   0.431235  Q21c =   0.424079  Q21s =   0.015788
                   Q22c =  -1.013122  Q22s =   0.167000

C          x =  3.804250  y =  1.438463  z =  0.073663 angstrom
           Maximum rank =  2   Radius =  0.650 angstrom
                   Q00  =   0.346382
|Q1| =   0.615535  Q10  =  -0.250356  Q11c =  -0.528525  Q11s =  -0.192006
|Q2| =   0.855347  Q20  =  -0.403348  Q21c =   0.605704  Q21s =   0.123508
                   Q22c =   0.300439  Q22s =   0.310699

C          x = -2.610657  y =  1.900562  z =  5.807554 angstrom
           Maximum rank =  2   Radius =  0.650 angstrom
                   Q00  =  -0.032070
|Q1| =   0.081565  Q10  =  -0.073273  Q11c =  -0.018721  Q11s =  -0.030552
|Q2| =   1.233770  Q20  =   0.590612  Q21c =   0.499209  Q21s =   0.047085
                   Q22c =  -0.937142  Q22s =   0.209054

C          x =  0.387897  y =  3.777057  z =  2.407467 angstrom
           Maximum rank =  2   Radius =  0.650 angstrom
                   Q00  =  -0.035978
|Q1| =   0.106227  Q10  =  -0.046323  Q11c =  -0.029572  Q11s =  -0.090906
|Q2| =   1.235255  Q20  =  -0.205304  Q21c =   1.032853  Q21s =   0.016084
                   Q22c =  -0.627939  Q22s =   0.149512

C          x =  3.514279  y =  3.717967  z = -4.290176 angstrom
           Maximum rank =  2   Radius =  0.650 angstrom
                   Q00  =   0.343632
|Q1| =   0.605075  Q10  =   0.017840  Q11c =  -0.376434  Q11s =  -0.473387
|Q2| =   0.893250  Q20  =  -0.673097  Q21c =  -0.029704  Q21s =  -0.070392
                   Q22c =  -0.127394  Q22s =   0.568128

C          x =  0.659184  y =  2.480654  z =  2.830691 angstrom
           Maximum rank =  2   Radius =  0.650 angstrom
                   Q00  =  -0.011851
|Q1| =   0.143888  Q10  =  -0.115501  Q11c =  -0.051469  Q11s =  -0.068661
|Q2| =   1.055326  Q20  =  -0.145611  Q21c =   0.909862  Q21s =  -0.013598
                   Q22c =  -0.511594  Q22s =   0.052427

C          x =  4.023770  y =  2.424693  z = -4.249571 angstrom
           Maximum rank =  2   Radius =  0.650 angstrom
                   Q00  =   0.357505
|Q1| =   0.615390  Q10  =   0.005222  Q11c =  -0.615316  Q11s =   0.007944
|Q2| =   0.812193  Q20  =  -0.685383  Q21c =  -0.024509  Q21s =  -0.045105
                   Q22c =   0.412757  Q22s =  -0.130012

C          x = -2.797694  y =  0.534201  z =  5.634413 angstrom
           Maximum rank =  2   Radius =  0.650 angstrom
                   Q00  =  -0.021294
|Q1| =   0.111317  Q10  =  -0.107923  Q11c =  -0.026473  Q11s =   0.006582
|Q2| =   1.221767  Q20  =   0.547319  Q21c =   0.458636  Q21s =  -0.085446
                   Q22c =  -0.962871  Q22s =   0.219973

C          x =  3.546797  y =  0.075694  z = -0.010244 angstrom
           Maximum rank =  2   Radius =  0.650 angstrom
                   Q00  =   0.352387
|Q1| =   0.626782  Q10  =  -0.240072  Q11c =  -0.465939  Q11s =   0.343689
|Q2| =   0.805945  Q20  =  -0.482390  Q21c =   0.492211  Q21s =  -0.180643
                   Q22c =  -0.071253  Q22s =  -0.369954

H          x =  4.273922  y = -0.641865  z =  0.349493 angstrom
           Maximum rank =  2   Radius =  0.350 angstrom
                   Q00  =   0.073467
|Q1| =   0.130760  Q10  =  -0.054487  Q11c =  -0.101096  Q11s =   0.062523
|Q2| =   0.122077  Q20  =  -0.068308  Q21c =   0.062472  Q21s =  -0.033541
                   Q22c =  -0.020189  Q22s =  -0.069293

H          x = -2.662467  y = -0.145320  z =  6.467020 angstrom
           Maximum rank =  2   Radius =  0.350 angstrom
                   Q00  =   0.047122
|Q1| =   0.119302  Q10  =  -0.105002  Q11c =  -0.009908  Q11s =   0.055762
|Q2| =   0.170736  Q20  =   0.068543  Q21c =   0.052698  Q21s =  -0.095187
                   Q22c =  -0.112316  Q22s =  -0.000472

H          x =  1.356810  y =  2.307101  z =  3.640531 angstrom
           Maximum rank =  2   Radius =  0.350 angstrom
                   Q00  =   0.059842
|Q1| =   0.119894  Q10  =  -0.094613  Q11c =  -0.073440  Q11s =  -0.005438
|Q2| =   0.129138  Q20  =   0.024438  Q21c =   0.120718  Q21s =  -0.029741
                   Q22c =   0.008092  Q22s =  -0.023589

H          x =  5.094448  y =  2.261187  z = -4.244599 angstrom
           Maximum rank =  2   Radius =  0.350 angstrom
                   Q00  =   0.070583
|Q1| =   0.130211  Q10  =   0.012403  Q11c =  -0.129407  Q11s =  -0.007409
|Q2| =   0.137769  Q20  =  -0.111925  Q21c =   0.005393  Q21s =  -0.005350
                   Q22c =   0.072137  Q22s =  -0.034520

H          x =  0.877534  y =  4.614291  z =  2.889238 angstrom
           Maximum rank =  2   Radius =  0.350 angstrom
                   Q00  =   0.042695
|Q1| =   0.117825  Q10  =  -0.052924  Q11c =  -0.047408  Q11s =  -0.093990
|Q2| =   0.163728  Q20  =  -0.034189  Q21c =   0.089892  Q21s =   0.075148
                   Q22c =  -0.068393  Q22s =   0.085043

H          x =  4.191215  y =  4.562855  z = -4.314616 angstrom
           Maximum rank =  2   Radius =  0.350 angstrom
                   Q00  =   0.053887
|Q1| =   0.126169  Q10  =   0.010399  Q11c =  -0.076425  Q11s =  -0.099849
|Q2| =   0.166166  Q20  =  -0.121088  Q21c =  -0.000048  Q21s =  -0.006387
                   Q22c =  -0.024048  Q22s =   0.111039

H          x = -2.319031  y =  2.286224  z =  6.776588 angstrom
           Maximum rank =  2   Radius =  0.350 angstrom
                   Q00  =   0.036855
|Q1| =   0.116826  Q10  =  -0.106588  Q11c =  -0.022683  Q11s =  -0.042104
|Q2| =   0.188289  Q20  =   0.127499  Q21c =   0.089145  Q21s =   0.072345
                   Q22c =  -0.066792  Q22s =   0.039429

H          x =  4.736121  y =  1.785835  z =  0.502599 angstrom
           Maximum rank =  2   Radius =  0.350 angstrom
                   Q00  =   0.058008
|Q1| =   0.127691  Q10  =  -0.053813  Q11c =  -0.108948  Q11s =  -0.039236
|Q2| =   0.145309  Q20  =  -0.062636  Q21c =   0.098379  Q21s =   0.024122
                   Q22c =   0.058414  Q22s =   0.059320

H          x = -0.713027  y =  5.022495  z =  1.047088 angstrom
           Maximum rank =  2   Radius =  0.350 angstrom
                   Q00  =   0.041872
|Q1| =   0.118898  Q10  =   0.026668  Q11c =   0.024370  Q11s =  -0.113277
|Q2| =   0.162154  Q20  =  -0.049985  Q21c =   0.056253  Q21s =  -0.067307
                   Q22c =  -0.122027  Q22s =  -0.034788

H          x =  1.754344  y =  4.947079  z = -4.351568 angstrom
           Maximum rank =  2   Radius =  0.350 angstrom
                   Q00  =   0.053602
|Q1| =   0.126833  Q10  =   0.013536  Q11c =   0.040862  Q11s =  -0.119305
|Q2| =   0.163918  Q20  =  -0.119696  Q21c =  -0.003026  Q21s =  -0.010587
                   Q22c =  -0.082173  Q22s =  -0.075288

H          x =  3.081916  y =  3.421364  z = -0.323940 angstrom
           Maximum rank =  2   Radius =  0.350 angstrom
                   Q00  =   0.073963
|Q1| =   0.125353  Q10  =  -0.027061  Q11c =  -0.038182  Q11s =  -0.116289
|Q2| =   0.112681  Q20  =  -0.051343  Q21c =   0.009377  Q21s =  -0.004624
                   Q22c =  -0.095560  Q22s =   0.028631

H          x = -2.665255  y =  3.842448  z =  4.892396 angstrom
           Maximum rank =  2   Radius =  0.350 angstrom
                   Q00  =   0.043693
|Q1| =   0.117525  Q10  =  -0.032870  Q11c =   0.003887  Q11s =  -0.112768
|Q2| =   0.171180  Q20  =  -0.030409  Q21c =   0.013866  Q21s =   0.018476
                   Q22c =  -0.158778  Q22s =   0.051319

H          x = -1.843591  y =  3.137315  z = -0.071842 angstrom
           Maximum rank =  2   Radius =  0.350 angstrom
                   Q00  =   0.057269
|Q1| =   0.125343  Q10  =   0.080479  Q11c =   0.081092  Q11s =  -0.051556
|Q2| =   0.117370  Q20  =   0.034843  Q21c =   0.111117  Q21s =  -0.009395
                   Q22c =   0.011203  Q22s =  -0.000914

H          x =  0.184157  y =  3.044333  z = -4.295206 angstrom
           Maximum rank =  2   Radius =  0.350 angstrom
                   Q00  =   0.067622
|Q1| =   0.134262  Q10  =   0.019963  Q11c =   0.123682  Q11s =  -0.048276
|Q2| =   0.128839  Q20  =  -0.100056  Q21c =  -0.016251  Q21s =  -0.012040
                   Q22c =   0.077576  Q22s =  -0.012700

H          x =  0.958209  y =  2.669429  z = -1.303279 angstrom
           Maximum rank =  2   Radius =  0.350 angstrom
                   Q00  =   0.103968
|Q1| =   0.117470  Q10  =   0.015883  Q11c =   0.075062  Q11s =  -0.088953
|Q2| =   0.076203  Q20  =   0.011684  Q21c =  -0.009505  Q21s =  -0.047894
                   Q22c =   0.003759  Q22s =  -0.057201

H          x = -3.326911  y =  3.000576  z =  2.675843 angstrom
           Maximum rank =  2   Radius =  0.350 angstrom
                   Q00  =   0.066230
|Q1| =   0.118991  Q10  =   0.053893  Q11c =   0.057856  Q11s =  -0.088922
|Q2| =   0.140912  Q20  =   0.075377  Q21c =  -0.011345  Q21s =  -0.098553
                   Q22c =  -0.059855  Q22s =   0.027395

C          x =  4.574726  y = -0.804922  z = -4.275645 angstrom
           Maximum rank =  2   Radius =  0.650 angstrom
                   Q00  =   0.354563
|Q1| =   0.615503  Q10  =   0.002034  Q11c =  -0.577130  Q11s =  -0.213918
|Q2| =   0.825007  Q20  =  -0.699665  Q21c =  -0.045341  Q21s =   0.035941
                   Q22c =   0.239855  Q22s =   0.360872

C          x =  0.841959  y = -0.742984  z =  3.365165 angstrom
           Maximum rank =  2   Radius =  0.650 angstrom
                   Q00  =  -0.018738
|Q1| =   0.143786  Q10  =  -0.118473  Q11c =  -0.080137  Q11s =   0.014719
|Q2| =   1.171922  Q20  =  -0.117027  Q21c =   1.006323  Q21s =  -0.109684
                   Q22c =  -0.563211  Q22s =   0.133354

C          x = -3.518800  y = -2.501806  z =  4.635756 angstrom
           Maximum rank =  2   Radius =  0.650 angstrom
                   Q00  =  -0.019743
|Q1| =   0.110171  Q10  =  -0.086933  Q11c =  -0.010001  Q11s =   0.066934
|Q2| =   1.200636  Q20  =   0.514560  Q21c =   0.503623  Q21s =  -0.122001
                   Q22c =  -0.886573  Q22s =   0.349602

C          x =  2.383921  y = -2.943307  z = -0.504489 angstrom
           Maximum rank =  2   Radius =  0.650 angstrom
                   Q00  =   0.357849
|Q1| =   0.627025  Q10  =  -0.279754  Q11c =  -0.544650  Q11s =   0.135108
|Q2| =   0.786473  Q20  =  -0.430556  Q21c =   0.593425  Q21s =  -0.057239
                   Q22c =   0.276760  Q22s =  -0.033717

C          x =  4.526334  y = -2.192389  z = -4.342732 angstrom
           Maximum rank =  2   Radius =  0.650 angstrom
                   Q00  =   0.345116
|Q1| =   0.605033  Q10  =   0.035100  Q11c =  -0.515635  Q11s =   0.314569
|Q2| =   0.879500  Q20  =  -0.659014  Q21c =  -0.077645  Q21s =   0.061524
                   Q22c =   0.258450  Q22s =  -0.512455

C          x =  0.726806  y = -2.127392  z =  3.390001 angstrom
           Maximum rank =  2   Radius =  0.650 angstrom
                   Q00  =  -0.026616
|Q1| =   0.110265  Q10  =  -0.082973  Q11c =  -0.051120  Q11s =   0.051581
|Q2| =   1.199223  Q20  =  -0.110321  Q21c =   1.035611  Q21s =  -0.173194
                   Q22c =  -0.566043  Q22s =   0.055441

C          x = -3.926617  y = -3.655465  z =  3.975045 angstrom
           Maximum rank =  2   Radius =  0.650 angstrom
                   Q00  =  -0.034792
|Q1| =   0.081334  Q10  =  -0.032788  Q11c =   0.000181  Q11s =   0.074433
|Q2| =   1.245707  Q20  =   0.422360  Q21c =   0.508106  Q21s =  -0.217650
                   Q22c =  -0.957607  Q22s =   0.388384

C          x =  1.669900  y = -4.089866  z = -0.834564 angstrom
           Maximum rank =  2   Radius =  0.650 angstrom
                   Q00  =   0.341953
|Q1| =   0.617742  Q10  =  -0.121368  Q11c =  -0.234214  Q11s =   0.558587
|Q2| =   0.891154  Q20  =  -0.552584  Q21c =   0.327074  Q21s =  -0.210707
                   Q22c =  -0.431902  Q22s =  -0.388449

C          x =  3.300864  y = -2.854827  z = -4.367075 angstrom
           Maximum rank =  2   Radius =  0.650 angstrom
                   Q00  =   0.354695
|Q1| =   0.610571  Q10  =   0.064155  Q11c =  -0.020098  Q11s =   0.606858
|Q2| =   0.829384  Q20  =  -0.609476  Q21c =  -0.107685  Q21s =   0.085446
                   Q22c =  -0.542132  Q22s =   0.060105

C          x = -0.119085  y = -2.780442  z =  2.496366 angstrom
           Maximum rank =  2   Radius =  0.650 angstrom
                   Q00  =  -0.012967
|Q1| =   0.147514  Q10  =  -0.107335  Q11c =   0.021769  Q11s =   0.098821
|Q2| =   0.971169  Q20  =  -0.053280  Q21c =   0.776094  Q21s =  -0.056379
                   Q22c =  -0.573427  Q22s =   0.077534

C          x = -4.321044  y = -3.603337  z =  2.639662 angstrom
           Maximum rank =  2   Radius =  0.650 angstrom
                   Q00  =  -0.038610
|Q1| =   0.087622  Q10  =   0.032984  Q11c =   0.016425  Q11s =   0.079498
|Q2| =   1.249316  Q20  =   0.391469  Q21c =   0.579130  Q21s =  -0.044248
                   Q22c =  -0.923779  Q22s =   0.465644

C          x =  0.417780  y = -3.993848  z = -1.438100 angstrom
           Maximum rank =  2   Radius =  0.650 angstrom
                   Q00  =   0.336086
|Q1| =   0.624746  Q10  =   0.143285  Q11c =   0.313953  Q11s =   0.520779
|Q2| =   0.896850  Q20  =  -0.538919  Q21c =   0.377672  Q21s =   0.216790
                   Q22c =  -0.321236  Q22s =   0.470191

C          x = -4.302745  y = -2.395434  z =  1.944111 angstrom
           Maximum rank =  2   Radius =  0.650 angstrom
                   Q00  =  -0.052418
|Q1| =   0.127159  Q10  =   0.110754  Q11c =   0.031153  Q11s =   0.054152
|Q2| =   1.274571  Q20  =   0.448947  Q21c =   0.657215  Q21s =  -0.081405
                   Q22c =  -0.894771  Q22s =   0.428724

C          x = -0.136174  y = -2.745786  z = -1.717935 angstrom
           Maximum rank =  2   Radius =  0.650 angstrom
                   Q00  =   0.312889
|Q1| =   0.667472  Q10  =   0.283755  Q11c =   0.603737  Q11s =   0.022443
|Q2| =   0.902100  Q20  =  -0.506083  Q21c =   0.707589  Q21s =  -0.018556
                   Q22c =   0.237986  Q22s =  -0.000691

C          x =  2.106603  y = -2.139781  z = -4.311068 angstrom
           Maximum rank =  2   Radius =  0.650 angstrom
                   Q00  =   0.377310
|Q1| =   0.593021  Q10  =   0.135892  Q11c =   0.481034  Q11s =   0.319083
|Q2| =   0.715418  Q20  =  -0.481794  Q21c =  -0.211599  Q21s =  -0.088969
                   Q22c =   0.181140  Q22s =   0.440677

C          x = -0.860207  y = -2.059014  z =  1.564632 angstrom
           Maximum rank =  2   Radius =  0.650 angstrom
                   Q00  =   0.018104
|Q1| =   0.193373  Q10  =  -0.084105  Q11c =   0.159197  Q11s =   0.070538
|Q2| =   0.662014  Q20  =  -0.076928  Q21c =   0.513082  Q21s =   0.055076
                   Q22c =  -0.407502  Q22s =  -0.000651

H          x = -4.616589  y = -2.369972  z =  0.906662 angstrom
           Maximum rank =  2   Radius =  0.350 angstrom
                   Q00  =   0.050955
|Q1| =   0.123533  Q10  =   0.106990  Q11c =   0.058768  Q11s =   0.018970
|Q2| =   0.145760  Q20  =   0.120714  Q21c =   0.059256  Q21s =  -0.025273
                   Q22c =  -0.044233  Q22s =   0.023822

H          x = -1.111952  y = -2.687726  z = -2.187739 angstrom
           Maximum rank =  2   Radius =  0.350 angstrom
                   Q00  =   0.070598
|Q1| =   0.134936  Q10  =   0.059445  Q11c =   0.119135  Q11s =   0.021932
|Q2| =   0.108492  Q20  =  -0.049001  Q21c =   0.077188  Q21s =  -0.013949
                   Q22c =   0.052052  Q22s =  -0.022524

H          x = -1.510583  y = -2.585306  z =  0.880897 angstrom
           Maximum rank =  2   Radius =  0.350 angstrom
                   Q00  =   0.095889
|Q1| =   0.109348  Q10  =   0.041401  Q11c =   0.081397  Q11s =   0.060145
|Q2| =   0.083007  Q20  =   0.025169  Q21c =   0.003995  Q21s =   0.067637
                   Q22c =   0.030767  Q22s =   0.026820

H          x =  1.164683  y = -2.671748  z = -4.328586 angstrom
           Maximum rank =  2   Radius =  0.350 angstrom
                   Q00  =   0.099049
|Q1| =   0.134899  Q10  =   0.074645  Q11c =   0.091281  Q11s =   0.065526
|Q2| =   0.121809  Q20  =  -0.040915  Q21c =  -0.060638  Q21s =  -0.050025
                   Q22c =   0.035224  Q22s =   0.075784

H          x =  3.274918  y = -3.935505  z = -4.425940 angstrom
           Maximum rank =  2   Radius =  0.350 angstrom
                   Q00  =   0.064196
|Q1| =   0.127962  Q10  =   0.032885  Q11c =  -0.012606  Q11s =   0.123020
|Q2| =   0.145531  Q20  =  -0.100027  Q21c =  -0.025850  Q21s =  -0.000094
                   Q22c =  -0.101171  Q22s =   0.016429

H          x = -0.202849  y = -3.859067  z =  2.524671 angstrom
           Maximum rank =  2   Radius =  0.350 angstrom
                   Q00  =   0.061401
|Q1| =   0.117884  Q10  =  -0.029339  Q11c =   0.003423  Q11s =   0.114123
|Q2| =   0.119972  Q20  =  -0.047872  Q21c =   0.008027  Q21s =   0.008234
                   Q22c =  -0.107309  Q22s =   0.021308

H          x = -4.647239  y = -4.507038  z =  2.140001 angstrom
           Maximum rank =  2   Radius =  0.350 angstrom
                   Q00  =   0.037721
|Q1| =   0.117151  Q10  =   0.046207  Q11c =   0.045424  Q11s =   0.097601
|Q2| =   0.183143  Q20  =   0.008144  Q21c =   0.059572  Q21s =   0.086058
                   Q22c =  -0.125480  Q22s =   0.082311

H          x = -0.128357  y = -4.894410  z = -1.690580 angstrom
           Maximum rank =  2   Radius =  0.350 angstrom
                   Q00  =   0.055828
|Q1| =   0.127849  Q10  =   0.029780  Q11c =   0.060485  Q11s =   0.108628
|Q2| =   0.150421  Q20  =  -0.085232  Q21c =   0.052179  Q21s =   0.040752
                   Q22c =  -0.051412  Q22s =   0.091299

H          x =  5.446128  y = -2.762431  z = -4.385588 angstrom
           Maximum rank =  2   Radius =  0.350 angstrom
                   Q00  =   0.054436
|Q1| =   0.126797  Q10  =   0.013807  Q11c =  -0.107441  Q11s =   0.065904
|Q2| =   0.163592  Q20  =  -0.120530  Q21c =  -0.009037  Q21s =   0.004512
                   Q22c =   0.048289  Q22s =  -0.098999

H          x =  1.296586  y = -2.703124  z =  4.108972 angstrom
           Maximum rank =  2   Radius =  0.350 angstrom
                   Q00  =   0.043557
|Q1| =   0.118835  Q10  =  -0.082721  Q11c =  -0.060179  Q11s =   0.060477
|Q2| =   0.158620  Q20  =   0.012865  Q21c =   0.120258  Q21s =  -0.080750
                   Q22c =  -0.027680  Q22s =  -0.056974

H          x = -3.944623  y = -4.600644  z =  4.503241 angstrom
           Maximum rank =  2   Radius =  0.350 angstrom
                   Q00  =   0.037108
|Q1| =   0.116327  Q10  =  -0.057465  Q11c =   0.011078  Q11s =   0.100534
|Q2| =   0.188525  Q20  =   0.008086  Q21c =   0.032864  Q21s =  -0.109712
                   Q22c =  -0.147617  Q22s =   0.023846

H          x =  2.089265  y = -5.065334  z = -0.621482 angstrom
           Maximum rank =  2   Radius =  0.350 angstrom
                   Q00  =   0.057154
|Q1| =   0.126819  Q10  =  -0.023946  Q11c =  -0.045025  Q11s =   0.116114
|Q2| =   0.150739  Q20  =  -0.086411  Q21c =   0.043281  Q21s =  -0.041326
                   Q22c =  -0.076678  Q22s =  -0.076124

H          x =  5.528282  y = -0.291114  z = -4.275876 angstrom
           Maximum rank =  2   Radius =  0.350 angstrom
                   Q00  =   0.068913
|Q1| =   0.130675  Q10  =   0.011091  Q11c =  -0.124948  Q11s =  -0.036620
|Q2| =   0.141098  Q20  =  -0.115720  Q21c =   0.000653  Q21s =   0.009209
                   Q22c =   0.033385  Q22s =   0.072922

H          x =  1.497411  y = -0.235677  z =  4.062327 angstrom
           Maximum rank =  2   Radius =  0.350 angstrom
                   Q00  =   0.055974
|Q1| =   0.120852  Q10  =  -0.089888  Q11c =  -0.073483  Q11s =  -0.033549
|Q2| =   0.137432  Q20  =  -0.001137  Q21c =   0.109351  Q21s =   0.049811
                   Q22c =  -0.022803  Q22s =   0.062670

H          x = -3.221821  y = -2.546457  z =  5.676390 angstrom
           Maximum rank =  2   Radius =  0.350 angstrom
                   Q00  =   0.048764
|Q1| =   0.118909  Q10  =  -0.115448  Q11c =  -0.016557  Q11s =   0.023177
|Q2| =   0.167005  Q20  =   0.125931  Q21c =   0.091351  Q21s =  -0.004962
                   Q22c =  -0.055362  Q22s =   0.024439

H          x =  3.357321  y = -3.023874  z = -0.036893 angstrom
           Maximum rank =  2   Radius =  0.350 angstrom
                   Q00  =   0.076791
|Q1| =   0.129436  Q10  =  -0.058272  Q11c =  -0.109343  Q11s =   0.037445
|Q2| =   0.115806  Q20  =  -0.051509  Q21c =   0.086839  Q21s =  -0.003086
                   Q22c =   0.056566  Q22s =   0.002739

C          x =  0.245525  y =  0.123433  z = -5.586802 angstrom
           Maximum rank =  2   Radius =  0.650 angstrom
                   Q00  =   0.079472
|Q1| =   0.201252  Q10  =   0.070262  Q11c =   0.186358  Q11s =   0.028919
|Q2| =   0.316997  Q20  =  -0.037678  Q21c =   0.211952  Q21s =   0.035514
                   Q22c =   0.220380  Q22s =   0.065693

H          x =  0.932955  y =  0.273002  z = -6.419645 angstrom
           Maximum rank =  2   Radius =  0.350 angstrom
                   Q00  =   0.107042
|Q1| =   0.165195  Q10  =   0.151808  Q11c =   0.064837  Q11s =   0.006316
|Q2| =   0.167986  Q20  =  -0.016491  Q21c =  -0.100722  Q21s =  -0.021183
                   Q22c =   0.122187  Q22s =   0.049236

H          x = -0.546957  y =  0.871407  z = -5.659800 angstrom
           Maximum rank =  2   Radius =  0.350 angstrom
                   Q00  =   0.037540
|Q1| =   0.145863  Q10  =   0.062870  Q11c =   0.119926  Q11s =  -0.054232
|Q2| =   0.133314  Q20  =  -0.062041  Q21c =   0.011255  Q21s =   0.007337
                   Q22c =  -0.007684  Q22s =  -0.116979

H          x = -0.207391  y = -0.864417  z = -5.688687 angstrom
           Maximum rank =  2   Radius =  0.350 angstrom
                   Q00  =   0.040589
|Q1| =   0.144663  Q10  =   0.068256  Q11c =   0.094104  Q11s =   0.086097
|Q2| =   0.138400  Q20  =  -0.064600  Q21c =   0.014967  Q21s =  -0.005846
                   Q22c =  -0.093936  Q22s =   0.076806

C          x = -3.024142  y =  0.331622  z =  0.735322 angstrom
           Maximum rank =  2   Radius =  0.650 angstrom
                   Q00  =   0.002121
|Q1| =   0.031281  Q10  =   0.020232  Q11c =   0.023547  Q11s =  -0.003836
|Q2| =   0.266150  Q20  =  -0.056972  Q21c =  -0.201574  Q21s =  -0.041507
                   Q22c =   0.144685  Q22s =   0.065584

C          x = -0.101669  y =  0.143897  z = -3.124912 angstrom
           Maximum rank =  2   Radius =  0.650 angstrom
                   Q00  =   0.069349
|Q1| =   0.177195  Q10  =   0.049522  Q11c =   0.167593  Q11s =  -0.029295
|Q2| =   0.274266  Q20  =   0.141525  Q21c =  -0.046904  Q21s =  -0.181624
                   Q22c =   0.141400  Q22s =  -0.003359

C          x = -1.201708  y =  0.182800  z = -0.918662 angstrom
           Maximum rank =  2   Radius =  0.650 angstrom
                   Q00  =   0.040660
|Q1| =   0.131173  Q10  =   0.030061  Q11c =   0.121635  Q11s =  -0.038826
|Q2| =   0.283893  Q20  =   0.048069  Q21c =  -0.149783  Q21s =   0.084899
                   Q22c =   0.133987  Q22s =  -0.175184

C          x = -5.277026  y =  0.642062  z =  1.740291 angstrom
           Maximum rank =  2   Radius =  0.650 angstrom
                   Q00  =   0.021906
|Q1| =   0.063792  Q10  =   0.044786  Q11c =   0.038415  Q11s =  -0.024246
|Q2| =   0.163151  Q20  =  -0.060149  Q21c =   0.105306  Q21s =  -0.015621
                   Q22c =   0.073880  Q22s =  -0.078795

H          x = -5.681473  y =  0.076246  z =  0.898214 angstrom
           Maximum rank =  2   Radius =  0.350 angstrom
                   Q00  =   0.027616
|Q1| =   0.139883  Q10  =   0.096250  Q11c =   0.097422  Q11s =   0.028498
|Q2| =   0.146045  Q20  =   0.043973  Q21c =   0.065812  Q21s =   0.116992
                   Q22c =  -0.020925  Q22s =   0.030648

H          x = -5.297450  y =  1.701947  z =  1.480313 angstrom
           Maximum rank =  2   Radius =  0.350 angstrom
                   Q00  =   0.029387
|Q1| =   0.138236  Q10  =   0.046536  Q11c =   0.065878  Q11s =  -0.112266
|Q2| =   0.149601  Q20  =  -0.081363  Q21c =   0.006806  Q21s =  -0.052058
                   Q22c =  -0.112239  Q22s =   0.020163

H          x = -5.929694  y =  0.487195  z =  2.599711 angstrom
           Maximum rank =  2   Radius =  0.350 angstrom
                   Q00  =   0.044139
|Q1| =   0.132757  Q10  =  -0.049412  Q11c =   0.122734  Q11s =  -0.010921
|Q2| =   0.147420  Q20  =   0.083731  Q21c =  -0.101343  Q21s =  -0.051269
                   Q22c =   0.041049  Q22s =   0.011740

Ac         x =  3.339274  y = -1.473429  z = -4.289368 angstrom
           Maximum rank =  2   Radius =  0.650 angstrom
                   Q00  =  -0.968284
|Q1| =   0.039491  Q10  =   0.005538  Q11c =  -0.021438  Q11s =   0.032700
|Q2| =   0.455755  Q20  =   0.452100  Q21c =   0.006621  Q21s =  -0.042508
                   Q22c =  -0.022259  Q22s =  -0.031163

A1         x =  3.356369  y = -1.528296  z = -3.291021 angstrom
           Maximum rank =  2   Radius =  0.650 angstrom
                   Q00  =  -0.637266
|Q1| =   0.150114  Q10  =  -0.029660  Q11c =  -0.119312  Q11s =   0.086134
|Q2| =   0.570275  Q20  =   0.515138  Q21c =  -0.234202  Q21s =   0.038403
                   Q22c =  -0.055591  Q22s =  -0.020768

A-1        x =  3.322180  y = -1.418561  z = -5.287715 angstrom
           Maximum rank =  2   Radius =  0.650 angstrom
                   Q00  =  -0.629613
|Q1| =   0.118101  Q10  =   0.028253  Q11c =  -0.049281  Q11s =   0.103542
|Q2| =   0.621801  Q20  =   0.576397  Q21c =   0.038342  Q21s =  -0.158721
                   Q22c =  -0.110723  Q22s =  -0.124421

Bc         x =  2.282691  y =  0.463500  z = -4.222212 angstrom
           Maximum rank =  2   Radius =  0.650 angstrom
                   Q00  =  -1.109267
|Q1| =   0.021591  Q10  =   0.000847  Q11c =   0.021478  Q11s =   0.002042
|Q2| =   0.384541  Q20  =   0.378487  Q21c =  -0.002478  Q21s =  -0.002621
                   Q22c =  -0.064675  Q22s =  -0.020592

B1         x =  2.278360  y =  0.462391  z = -3.222222 angstrom
           Maximum rank =  2   Radius =  0.650 angstrom
                   Q00  =  -0.635481
|Q1| =   0.073857  Q10  =   0.029533  Q11c =   0.034878  Q11s =  -0.058019
|Q2| =   0.506458  Q20  =   0.455469  Q21c =   0.059402  Q21s =  -0.118309
                   Q22c =  -0.141696  Q22s =   0.106977

B-1        x =  2.287022  y =  0.464609  z = -5.222202 angstrom
           Maximum rank =  2   Radius =  0.650 angstrom
                   Q00  =  -0.696828
|Q1| =   0.170474  Q10  =   0.099973  Q11c =   0.136859  Q11s =   0.018342
|Q2| =   0.462788  Q20  =   0.305255  Q21c =  -0.265603  Q21s =  -0.037953
                   Q22c =  -0.209622  Q22s =  -0.071169

Cc         x =  2.636856  y =  2.643117  z = -4.260339 angstrom
           Maximum rank =  2   Radius =  0.650 angstrom
                   Q00  =  -0.970549
|Q1| =   0.038210  Q10  =   0.002710  Q11c =  -0.006370  Q11s =  -0.037578
|Q2| =   0.456781  Q20  =   0.454415  Q21c =  -0.003393  Q21s =   0.024481
                   Q22c =  -0.037585  Q22s =   0.011522

C1         x =  2.633688  y =  2.677618  z = -3.260940 angstrom
           Maximum rank =  2   Radius =  0.650 angstrom
                   Q00  =  -0.700542
|Q1| =   0.200319  Q10  =  -0.135278  Q11c =   0.015069  Q11s =  -0.146971
|Q2| =   0.560472  Q20  =   0.479049  Q21c =   0.045301  Q21s =  -0.238511
                   Q22c =  -0.159925  Q22s =   0.011184

C-1        x =  2.640023  y =  2.608615  z = -5.259739 angstrom
           Maximum rank =  2   Radius =  0.650 angstrom
                   Q00  =  -0.631277
|Q1| =   0.115211  Q10  =   0.026223  Q11c =  -0.009500  Q11s =  -0.111784
|Q2| =   0.624377  Q20  =   0.586457  Q21c =  -0.019049  Q21s =   0.138613
                   Q22c =  -0.159807  Q22s =   0.028271

Dc         x =  1.122607  y = -2.845486  z = -1.111690 angstrom
           Maximum rank =  2   Radius =  0.650 angstrom
                   Q00  =  -0.970419
|Q1| =   0.038425  Q10  =   0.000039  Q11c =   0.002123  Q11s =   0.038366
|Q2| =   0.456612  Q20  =   0.320171  Q21c =  -0.323019  Q21s =   0.007824
                   Q22c =   0.039731  Q22s =   0.002114

D1         x =  0.689546  y = -2.835582  z = -0.210380 angstrom
           Maximum rank =  2   Radius =  0.650 angstrom
                   Q00  =  -0.738338
|Q1| =   0.250725  Q10  =  -0.182990  Q11c =   0.123355  Q11s =   0.119001
|Q2| =   0.451152  Q20  =   0.262168  Q21c =  -0.288929  Q21s =   0.188084
                   Q22c =  -0.115732  Q22s =  -0.050558

D-1        x =  1.555669  y = -2.855389  z = -2.013000 angstrom
           Maximum rank =  2   Radius =  0.650 angstrom
                   Q00  =  -0.719658
|Q1| =   0.225440  Q10  =   0.174819  Q11c =  -0.011090  Q11s =   0.141911
|Q2| =   0.566948  Q20  =   0.191977  Q21c =  -0.472998  Q21s =  -0.185782
                   Q22c =   0.004479  Q22s =   0.162212

Ec         x =  1.264444  y = -0.641553  z = -1.075285 angstrom
           Maximum rank =  2   Radius =  0.650 angstrom
                   Q00  =  -1.108950
|Q1| =   0.021583  Q10  =   0.006965  Q11c =   0.019185  Q11s =  -0.007017
|Q2| =   0.384592  Q20  =   0.264600  Q21c =  -0.274430  Q21s =   0.027180
                   Q22c =   0.016821  Q22s =   0.039551

E1         x =  0.833391  y = -0.625065  z = -0.173109 angstrom
           Maximum rank =  2   Radius =  0.650 angstrom
                   Q00  =  -0.732362
|Q1| =   0.168277  Q10  =  -0.127457  Q11c =   0.109726  Q11s =  -0.005665
|Q2| =   0.303551  Q20  =   0.169540  Q21c =  -0.210774  Q21s =   0.079373
                   Q22c =  -0.074314  Q22s =   0.084564

E-1        x =  1.695497  y = -0.658041  z = -1.977461 angstrom
           Maximum rank =  2   Radius =  0.650 angstrom
                   Q00  =  -0.660229
|Q1| =   0.084735  Q10  =   0.032141  Q11c =   0.064053  Q11s =   0.045212
|Q2| =   0.497203  Q20  =   0.201409  Q21c =  -0.438506  Q21s =  -0.095985
                   Q22c =  -0.035817  Q22s =   0.062144

Fc         x =  2.605552  y =  1.007279  z = -0.479141 angstrom
           Maximum rank =  2   Radius =  0.650 angstrom
                   Q00  =  -0.967553
|Q1| =   0.039960  Q10  =  -0.013633  Q11c =  -0.025774  Q11s =  -0.027324
|Q2| =   0.455642  Q20  =   0.331228  Q21c =  -0.303379  Q21s =   0.033072
                   Q22c =   0.064349  Q22s =   0.024977

F1         x =  2.179953  y =  1.032690  z =  0.425414 angstrom
           Maximum rank =  2   Radius =  0.650 angstrom
                   Q00  =  -0.686227
|Q1| =   0.176243  Q10  =  -0.147901  Q11c =  -0.015189  Q11s =  -0.094637
|Q2| =   0.491623  Q20  =   0.233806  Q21c =  -0.393889  Q21s =  -0.020295
                   Q22c =   0.087519  Q22s =   0.154297

F-1        x =  3.031150  y =  0.981868  z = -1.383696 angstrom
           Maximum rank =  2   Radius =  0.650 angstrom
                   Q00  =  -0.634396
|Q1| =   0.155278  Q10  =  -0.043652  Q11c =  -0.136704  Q11s =  -0.059311
|Q2| =   0.615846  Q20  =   0.566023  Q21c =  -0.212478  Q21s =   0.077338
                   Q22c =  -0.072398  Q22s =   0.050150

Total multipoles referred to origin at
           x =   0.000000,  y =    0.000000,  z =    0.000000 angstrom
                   Q00  =   0.000083
|Q1| =   0.217701  Q10  =  -0.133038  Q11c =  -0.170179  Q11s =   0.027088
|Q2| =  27.331136  Q20  = -13.028922  Q21c =  21.559088  Q21s =  -0.899552
                   Q22c = -10.473030  Q22s =   1.396540

CPU time used:     77m51.447s          Total:     77m51.447s

Finished at 12:41:54 on 24 Mar 2026 
