                                     G D M A
                                 by Anthony Stone

               Distributed Multipoles from Gaussian wavefunctions

                             version 2.3.3 (6b8e81e)
              Compiled with gfortran on 29 May 2025 at 12:54:22

Starting at 10:21:01 on 21 Aug 2026 


Using SCF density matrix from file f1.fchk


                         Distributed Multipole Analysis

Standard DMA for products of primitives with exponent greater than 4.00000
Using 80-point Euler-MacLaurin radial quadrature
Using 590-point Lebedev quadrature
Becke smoothing parameter = 3

Positions and radii in angstrom
Multipole moments in atomic units, ea_0^k for rank k

C          x =  0.000044  y =  1.412900  z = -0.000025 angstrom
           Maximum rank =  2   Radius =  0.650 angstrom
                   Q00  =   0.303600
|Q1| =   0.738776  Q10  =   0.000021  Q11c =  -0.000027  Q11s =  -0.738776
|Q2| =   0.574209  Q20  =   0.077951  Q21c =   0.000007  Q21s =   0.000041
                   Q22c =  -0.568893  Q22s =  -0.000010

C          x = -1.180692  y =  0.446243  z =  0.000031 angstrom
           Maximum rank =  2   Radius =  0.650 angstrom
                   Q00  =   0.720688
|Q1| =   0.683063  Q10  =   0.000003  Q11c =   0.310819  Q11s =  -0.608249
|Q2| =   0.870378  Q20  =  -0.416110  Q21c =  -0.000007  Q21s =  -0.000007
                   Q22c =   0.689193  Q22s =   0.330791

C          x = -0.734036  y = -0.890027  z =  0.000025 angstrom
           Maximum rank =  2   Radius =  0.650 angstrom
                   Q00  =   0.732981
|Q1| =   0.652043  Q10  =  -0.000004  Q11c =  -0.102807  Q11s =   0.643887
|Q2| =   0.853147  Q20  =  -0.420070  Q21c =  -0.000017  Q21s =  -0.000004
                   Q22c =   0.526428  Q22s =   0.523713

C          x =  0.733989  y = -0.890073  z =  0.000018 angstrom
           Maximum rank =  2   Radius =  0.650 angstrom
                   Q00  =   0.732944
|Q1| =   0.652059  Q10  =  -0.000002  Q11c =   0.102807  Q11s =   0.643903
|Q2| =   0.853140  Q20  =  -0.420074  Q21c =   0.000016  Q21s =  -0.000005
                   Q22c =   0.526398  Q22s =  -0.523727

C          x =  1.180684  y =  0.446183  z =  0.000027 angstrom
           Maximum rank =  2   Radius =  0.650 angstrom
                   Q00  =   0.720729
|Q1| =   0.683043  Q10  =   0.000007  Q11c =  -0.310824  Q11s =  -0.608224
|Q2| =   0.870379  Q20  =  -0.416095  Q21c =   0.000005  Q21s =  -0.000005
                   Q22c =   0.689178  Q22s =  -0.330846

C          x =  2.539410  y =  0.732295  z =  0.000045 angstrom
           Maximum rank =  2   Radius =  0.650 angstrom
                   Q00  =   0.328849
|Q1| =   0.603063  Q10  =  -0.000001  Q11c =  -0.245771  Q11s =  -0.550710
|Q2| =   0.875243  Q20  =  -0.736906  Q21c =   0.000008  Q21s =   0.000022
                   Q22c =  -0.336765  Q22s =   0.331074

C          x =  3.457391  y = -0.324515  z =  0.000047 angstrom
           Maximum rank =  2   Radius =  0.650 angstrom
                   Q00  =   0.334537
|Q1| =   0.582622  Q10  =  -0.000006  Q11c =  -0.571812  Q11s =  -0.111709
|Q2| =   0.898896  Q20  =  -0.660459  Q21c =   0.000021  Q21s =   0.000006
                   Q22c =   0.564616  Q22s =   0.230256

C          x =  3.013590  y = -1.650801  z =  0.000036 angstrom
           Maximum rank =  2   Radius =  0.650 angstrom
                   Q00  =   0.333803
|Q1| =   0.580386  Q10  =  -0.000001  Q11c =  -0.386942  Q11s =   0.432579
|Q2| =   0.898866  Q20  =  -0.660753  Q21c =   0.000009  Q21s =  -0.000001
                   Q22c =  -0.065734  Q22s =  -0.605842

C          x =  1.648082  y = -1.943841  z =  0.000020 angstrom
           Maximum rank =  2   Radius =  0.650 angstrom
                   Q00  =   0.341120
|Q1| =   0.586737  Q10  =   0.000004  Q11c =   0.107820  Q11s =   0.576745
|Q2| =   0.849754  Q20  =  -0.709102  Q21c =   0.000009  Q21s =   0.000008
                   Q22c =  -0.380970  Q22s =   0.272246

H          x =  1.307174  y = -2.975736  z =  0.000015 angstrom
           Maximum rank =  2   Radius =  0.350 angstrom
                   Q00  =   0.070548
|Q1| =   0.133781  Q10  =   0.000001  Q11c =   0.019140  Q11s =   0.132405
|Q2| =   0.139372  Q20  =  -0.114992  Q21c =   0.000001  Q21s =   0.000001
                   Q22c =  -0.060031  Q22s =   0.050969

H          x =  3.737939  y = -2.460531  z =  0.000041 angstrom
           Maximum rank =  2   Radius =  0.350 angstrom
                   Q00  =   0.058934
|Q1| =   0.129089  Q11c =  -0.087564  Q11s =   0.094850
|Q2| =   0.157643  Q20  =  -0.114128  Q21c =   0.000002  Q22c =  -0.012255
                   Q22s =  -0.108056

H          x =  4.522965  y = -0.112922  z =  0.000062 angstrom
           Maximum rank =  2   Radius =  0.350 angstrom
                   Q00  =   0.058663
|Q1| =   0.129251  Q10  =  -0.000002  Q11c =  -0.127165  Q11s =  -0.023125
|Q2| =   0.157686  Q20  =  -0.114268  Q21c =   0.000004  Q21s =   0.000001
                   Q22c =   0.100334  Q22s =   0.041723

H          x =  2.891369  y =  1.760993  z =  0.000053 angstrom
           Maximum rank =  2   Radius =  0.350 angstrom
                   Q00  =   0.068544
|Q1| =   0.137157  Q10  =  -0.000002  Q11c =  -0.063040  Q11s =  -0.121811
|Q2| =   0.134893  Q20  =  -0.109772  Q21c =   0.000001  Q21s =   0.000002
                   Q22c =  -0.060844  Q22s =   0.049442

C          x = -1.648096  y = -1.943824  z =  0.000024 angstrom
           Maximum rank =  2   Radius =  0.650 angstrom
                   Q00  =   0.341117
|Q1| =   0.586725  Q10  =   0.000005  Q11c =  -0.107803  Q11s =   0.576737
|Q2| =   0.849764  Q20  =  -0.709111  Q21c =  -0.000007  Q21s =   0.000009
                   Q22c =  -0.380920  Q22s =  -0.272324

C          x = -3.013606  y = -1.650804  z =  0.000035 angstrom
           Maximum rank =  2   Radius =  0.650 angstrom
                   Q00  =   0.333788
|Q1| =   0.580367  Q10  =  -0.000001  Q11c =   0.386921  Q11s =   0.432571
|Q2| =   0.898877  Q20  =  -0.660763  Q21c =  -0.000003  Q21s =   0.000005
                   Q22c =  -0.065706  Q22s =   0.605850

C          x = -3.457383  y = -0.324511  z =  0.000050 angstrom
           Maximum rank =  2   Radius =  0.650 angstrom
                   Q00  =   0.334554
|Q1| =   0.582646  Q10  =  -0.000005  Q11c =   0.571837  Q11s =  -0.111706
|Q2| =   0.898881  Q20  =  -0.660447  Q21c =  -0.000020  Q21s =   0.000006
                   Q22c =   0.564604  Q22s =  -0.230259

C          x = -2.539422  y =  0.732315  z =  0.000047 angstrom
           Maximum rank =  2   Radius =  0.650 angstrom
                   Q00  =   0.328855
|Q1| =   0.603066  Q11c =   0.245769  Q11s =  -0.550715
|Q2| =   0.875218  Q20  =  -0.736880  Q21c =  -0.000010  Q21s =   0.000029
                   Q22c =  -0.336719  Q22s =  -0.331111

H          x = -2.891459  y =  1.760991  z =  0.000060 angstrom
           Maximum rank =  2   Radius =  0.350 angstrom
                   Q00  =   0.068545
|Q1| =   0.137155  Q10  =  -0.000002  Q11c =   0.063039  Q11s =  -0.121810
|Q2| =   0.134894  Q20  =  -0.109769  Q21c =  -0.000002  Q21s =   0.000003
                   Q22c =  -0.060837  Q22s =  -0.049457

H          x = -4.522956  y = -0.112903  z =  0.000064 angstrom
           Maximum rank =  2   Radius =  0.350 angstrom
                   Q00  =   0.058662
|Q1| =   0.129253  Q10  =  -0.000002  Q11c =   0.127167  Q11s =  -0.023124
|Q2| =   0.157684  Q20  =  -0.114268  Q21c =  -0.000004  Q21s =   0.000001
                   Q22c =   0.100331  Q22s =  -0.041725

H          x = -3.737984  y = -2.460507  z =  0.000033 angstrom
           Maximum rank =  2   Radius =  0.350 angstrom
                   Q00  =   0.058935
|Q1| =   0.129087  Q11c =   0.087562  Q11s =   0.094849
|Q2| =   0.157644  Q20  =  -0.114127  Q21s =   0.000001  Q22c =  -0.012247
                   Q22s =   0.108058

H          x = -1.307099  y = -2.975688  z =  0.000018 angstrom
           Maximum rank =  2   Radius =  0.350 angstrom
                   Q00  =   0.070550
|Q1| =   0.133782  Q10  =   0.000001  Q11c =  -0.019139  Q11s =   0.132406
|Q2| =   0.139371  Q20  =  -0.114992  Q21c =  -0.000001  Q21s =   0.000001
                   Q22c =  -0.060018  Q22s =  -0.050981

C          x =  0.000027  y =  2.295882  z =  1.263827 angstrom
           Maximum rank =  2   Radius =  0.650 angstrom
                   Q00  =   0.051811
|Q1| =   0.165907  Q10  =  -0.057902  Q11c =   0.000004  Q11s =  -0.155475
|Q2| =   0.299141  Q20  =  -0.065331  Q21c =   0.000017  Q21s =   0.174091
                   Q22c =  -0.234329  Q22s =  -0.000006

H          x = -0.000190  y =  1.680876  z =  2.168851 angstrom
           Maximum rank =  2   Radius =  0.350 angstrom
                   Q00  =   0.093516
|Q1| =   0.153550  Q10  =  -0.142554  Q11c =   0.000020  Q11s =  -0.057060
|Q2| =   0.151780  Q20  =   0.022321  Q21c =  -0.000037  Q21s =  -0.100390
                   Q22c =  -0.111627  Q22s =   0.000036

H          x =  0.886880  y =  2.939221  z =  1.284717 angstrom
           Maximum rank =  2   Radius =  0.350 angstrom
                   Q00  =   0.037468
|Q1| =   0.140958  Q10  =  -0.042048  Q11c =  -0.076991  Q11s =  -0.110334
|Q2| =   0.141640  Q20  =  -0.076141  Q21c =  -0.003718  Q21s =   0.028276
                   Q22c =   0.040548  Q22s =   0.108659

H          x = -0.886616  y =  2.939517  z =  1.284477 angstrom
           Maximum rank =  2   Radius =  0.350 angstrom
                   Q00  =   0.037464
|Q1| =   0.140958  Q10  =  -0.042027  Q11c =   0.076975  Q11s =  -0.110353
|Q2| =   0.141635  Q20  =  -0.076125  Q21c =   0.003763  Q21s =   0.028234
                   Q22c =   0.040460  Q22s =  -0.108706

C          x =  0.000013  y =  2.295603  z = -1.264100 angstrom
           Maximum rank =  2   Radius =  0.650 angstrom
                   Q00  =   0.051831
|Q1| =   0.165948  Q10  =   0.057921  Q11c =   0.000001  Q11s =  -0.155512
|Q2| =   0.299188  Q20  =  -0.065337  Q21c =  -0.000018  Q21s =  -0.174150
                   Q22c =  -0.234342  Q22s =  -0.000007

H          x = -0.886634  y =  2.939224  z = -1.284891 angstrom
           Maximum rank =  2   Radius =  0.350 angstrom
                   Q00  =   0.037465
|Q1| =   0.140959  Q10  =   0.042048  Q11c =   0.076974  Q11s =  -0.110347
|Q2| =   0.141631  Q20  =  -0.076116  Q21c =  -0.003736  Q21s =  -0.028251
                   Q22c =   0.040468  Q22s =  -0.108701

H          x =  0.886866  y =  2.938936  z = -1.285158 angstrom
           Maximum rank =  2   Radius =  0.350 angstrom
                   Q00  =   0.037470
|Q1| =   0.140958  Q10  =   0.042072  Q11c =  -0.076988  Q11s =  -0.110327
|Q2| =   0.141637  Q20  =  -0.076132  Q21c =   0.003686  Q21s =  -0.028296
                   Q22c =   0.040554  Q22s =   0.108656

H          x = -0.000219  y =  1.680378  z = -2.168977 angstrom
           Maximum rank =  2   Radius =  0.350 angstrom
                   Q00  =   0.093541
|Q1| =   0.153563  Q10  =   0.142571  Q11c =   0.000021  Q11s =  -0.057054
|Q2| =   0.151783  Q20  =   0.022261  Q21c =   0.000040  Q21s =   0.100375
                   Q22c =  -0.111658  Q22s =   0.000038

Ac         x = -2.095538  y = -0.605101  z =  0.000035 angstrom
           Maximum rank =  2   Radius =  0.650 angstrom
                   Q00  =  -0.967756
|Q1| =   0.037472  Q11c =   0.035619  Q11s =   0.011638
|Q2| =   0.467467  Q20  =   0.465739  Q21c =   0.000007  Q21s =  -0.000005
                   Q22c =   0.032390  Q22s =   0.023746

A1         x = -2.095530  y = -0.605107  z =  1.000035 angstrom
           Maximum rank =  2   Radius =  0.650 angstrom
                   Q00  =  -0.614881
|Q1| =   0.104465  Q10  =   0.012063  Q11c =   0.099821  Q11s =   0.028340
|Q2| =   0.660685  Q20  =   0.642281  Q21c =   0.064083  Q21s =   0.004191
                   Q22c =   0.120356  Q22s =   0.073281

A-1        x = -2.095547  y = -0.605095  z = -0.999965 angstrom
           Maximum rank =  2   Radius =  0.650 angstrom
                   Q00  =  -0.614883
|Q1| =   0.104462  Q10  =  -0.012061  Q11c =   0.099820  Q11s =   0.028335
|Q2| =   0.660679  Q20  =   0.642277  Q21c =  -0.064059  Q21s =  -0.004189
                   Q22c =   0.120362  Q22s =   0.073275

Bc         x = -0.000002  y =  0.105045  z =  0.000015 angstrom
           Maximum rank =  2   Radius =  0.650 angstrom
                   Q00  =  -1.111644
|Q1| =   0.024057  Q10  =  -0.000001  Q11c =   0.000001  Q11s =  -0.024057
|Q2| =   0.392186  Q20  =   0.386155  Q21c =   0.000002  Q21s =   0.000007
                   Q22c =   0.068515  Q22s =   0.000009

B1         x =  0.000000  y =  0.105059  z =  1.000015 angstrom
           Maximum rank =  2   Radius =  0.650 angstrom
                   Q00  =  -0.667460
|Q1| =   0.139983  Q10  =  -0.063426  Q11c =   0.000010  Q11s =  -0.124790
|Q2| =   0.512671  Q20  =   0.368420  Q21c =   0.000021  Q21s =  -0.280868
                   Q22c =   0.219572  Q22s =   0.000018

B-1        x = -0.000005  y =  0.105031  z = -0.999985 angstrom
           Maximum rank =  2   Radius =  0.650 angstrom
                   Q00  =  -0.667502
|Q1| =   0.140028  Q10  =   0.063483  Q11c =   0.000010  Q11s =  -0.124811
|Q2| =   0.512611  Q20  =   0.368333  Q21c =  -0.000019  Q21s =   0.280898
                   Q22c =   0.219539  Q22s =   0.000022

Cc         x =  2.095524  y = -0.605125  z =  0.000032 angstrom
           Maximum rank =  2   Radius =  0.650 angstrom
                   Q00  =  -0.967754
|Q1| =   0.037472  Q11c =  -0.035619  Q11s =   0.011638
|Q2| =   0.467468  Q20  =   0.465739  Q21c =  -0.000008  Q21s =  -0.000004
                   Q22c =   0.032379  Q22s =  -0.023758

C1         x =  2.095514  y = -0.605130  z =  1.000032 angstrom
           Maximum rank =  2   Radius =  0.650 angstrom
                   Q00  =  -0.614879
|Q1| =   0.104468  Q10  =   0.012066  Q11c =  -0.099823  Q11s =   0.028343
|Q2| =   0.660688  Q20  =   0.642283  Q21c =  -0.064090  Q21s =   0.004202
                   Q22c =   0.120352  Q22s =  -0.073288

C-1        x =  2.095534  y = -0.605120  z = -0.999968 angstrom
           Maximum rank =  2   Radius =  0.650 angstrom
                   Q00  =  -0.614881
|Q1| =   0.104464  Q10  =  -0.012063  Q11c =  -0.099820  Q11s =   0.028339
|Q2| =   0.660683  Q20  =   0.642281  Q21c =   0.064062  Q21s =  -0.004201
                   Q22c =   0.120356  Q22s =  -0.073282

Total multipoles referred to origin at
           x =   0.000000,  y =    0.000000,  z =    0.000000 angstrom
                   Q00  =  -0.000129
|Q1| =   0.164947  Q10  =  -0.000020  Q11c =   0.000005  Q11s =   0.164947
|Q2| =   8.963663  Q20  =  -8.943879  Q21c =   0.000025  Q21s =   0.000016
                   Q22c =  -0.595217  Q22s =  -0.000131

CPU time used:      0m59.812s          Total:      0m59.812s

Finished at 10:22:01 on 21 Aug 2026 
