                                     G D M A
                                 by Anthony Stone

               Distributed Multipoles from Gaussian wavefunctions

                             version 2.3.3 (6b8e81e)
              Compiled with gfortran on 29 May 2025 at 12:54:22

Starting at 10:10:54 on 24 Mar 2026 


Using SCF density matrix from file f4-6-31+Gstar.fchk


                         Distributed Multipole Analysis

Standard DMA for products of primitives with exponent greater than 4.00000
Using 80-point Euler-MacLaurin radial quadrature
Using 590-point Lebedev quadrature
Becke smoothing parameter = 3

Positions and radii in angstrom
Multipole moments in atomic units, ea_0^k for rank k

C          x = -0.174197  y =  0.132585  z = -1.611087 angstrom
           Maximum rank =  2   Radius =  0.650 angstrom
                   Q00  =   0.347694
|Q1| =   0.721528  Q10  =   0.273780  Q11c =  -0.611353  Q11s =   0.268132
|Q2| =   0.597288  Q20  =   0.166674  Q21c =  -0.073867  Q21s =   0.200528
                   Q22c =   0.409282  Q22s =  -0.340285

C          x =  3.837200  y = -0.205341  z =  2.069489 angstrom
           Maximum rank =  2   Radius =  0.650 angstrom
                   Q00  =  -0.059057
|Q1| =   0.140099  Q10  =   0.111388  Q11c =  -0.065359  Q11s =   0.054301
|Q2| =   0.173228  Q20  =   0.159560  Q21c =   0.008017  Q21s =   0.066698
                   Q22c =  -0.004886  Q22s =   0.003462

C          x =  1.461835  y = -0.345050  z =  0.622436 angstrom
           Maximum rank =  2   Radius =  0.650 angstrom
                   Q00  =  -0.019486
|Q1| =   0.163749  Q10  =   0.081483  Q11c =  -0.142018  Q11s =   0.002243
|Q2| =   0.167319  Q20  =   0.043370  Q21c =  -0.014560  Q21s =  -0.020794
                   Q22c =   0.150743  Q22s =  -0.052411

H          x =  1.568586  y = -1.141602  z = -1.361400 angstrom
           Maximum rank =  2   Radius =  0.350 angstrom
                   Q00  =   0.057416
|Q1| =   0.162261  Q10  =   0.076469  Q11c =  -0.094698  Q11s =   0.107301
|Q2| =   0.102113  Q20  =   0.027524  Q21c =   0.065267  Q21s =   0.028543
                   Q22c =  -0.058055  Q22s =  -0.034994

H          x =  1.897998  y =  0.569488  z = -1.300205 angstrom
           Maximum rank =  2   Radius =  0.350 angstrom
                   Q00  =   0.059299
|Q1| =   0.163136  Q10  =   0.074116  Q11c =  -0.128874  Q11s =  -0.067168
|Q2| =   0.098777  Q20  =  -0.021369  Q21c =   0.061443  Q21s =  -0.059972
                   Q22c =  -0.009009  Q22s =   0.042979

C          x = -1.014074  y = -0.260767  z = -4.237045 angstrom
           Maximum rank =  2   Radius =  0.650 angstrom
                   Q00  =   0.545969
|Q1| =   0.928177  Q10  =   0.070655  Q11c =  -0.888074  Q11s =  -0.260470
|Q2| =   0.682739  Q20  =   0.246742  Q21c =   0.085653  Q21s =   0.044086
                   Q22c =   0.529355  Q22s =   0.340227

H          x =  3.419994  y =  0.434333  z =  0.081859 angstrom
           Maximum rank =  2   Radius =  0.350 angstrom
                   Q00  =   0.051602
|Q1| =   0.159484  Q10  =   0.113821  Q11c =  -0.083695  Q11s =  -0.073993
|Q2| =   0.113685  Q20  =   0.004788  Q21c =   0.072123  Q21s =  -0.067093
                   Q22c =  -0.019533  Q22s =   0.053071

H          x =  0.810098  y =  0.610157  z = -3.465920 angstrom
           Maximum rank =  2   Radius =  0.350 angstrom
                   Q00  =   0.064456
|Q1| =   0.167027  Q10  =   0.061929  Q11c =  -0.139316  Q11s =  -0.068219
|Q2| =   0.089917  Q20  =   0.023561  Q21c =   0.021427  Q21s =   0.010239
                   Q22c =  -0.036930  Q22s =   0.074848

H          x =  3.359314  y = -1.298357  z =  0.264575 angstrom
           Maximum rank =  2   Radius =  0.350 angstrom
                   Q00  =   0.053567
|Q1| =   0.159553  Q10  =   0.092845  Q11c =  -0.074366  Q11s =   0.106333
|Q2| =   0.097991  Q20  =  -0.046403  Q21c =   0.056853  Q21s =   0.061258
                   Q22c =  -0.021258  Q22s =  -0.003520

H          x =  0.644315  y = -1.105166  z = -3.202328 angstrom
           Maximum rank =  2   Radius =  0.350 angstrom
                   Q00  =   0.062861
|Q1| =   0.168047  Q10  =   0.030180  Q11c =  -0.128802  Q11s =   0.103629
|Q2| =   0.104184  Q20  =   0.004037  Q21c =   0.078506  Q21s =   0.024913
                   Q22c =  -0.052910  Q22s =  -0.035422

C          x = -1.401895  y = -0.574945  z = -1.032222 angstrom
           Maximum rank =  2   Radius =  0.650 angstrom
                   Q00  =   0.753167
|Q1| =   0.631985  Q10  =   0.120137  Q11c =  -0.377459  Q11s =   0.492439
|Q2| =   0.750602  Q20  =  -0.178862  Q21c =  -0.134546  Q21s =  -0.186683
                   Q22c =  -0.280440  Q22s =   0.632307

C          x =  3.335086  y = -0.933959  z =  3.318967 angstrom
           Maximum rank =  2   Radius =  0.650 angstrom
                   Q00  =  -0.055705
|Q1| =   0.089037  Q10  =   0.033985  Q11c =  -0.025154  Q11s =   0.078357
|Q2| =   1.160579  Q20  =   0.363690  Q21c =  -0.448658  Q21s =  -0.078559
                   Q22c =  -0.949059  Q22s =   0.326334

C          x = -1.772182  y = -1.591513  z = -4.217187 angstrom
           Maximum rank =  2   Radius =  0.650 angstrom
                   Q00  =   1.185958
|Q1| =   0.760772  Q10  =   0.003143  Q11c =  -0.716659  Q11s =   0.255272
|Q2| =   0.985284  Q20  =  -0.061973  Q21c =   0.015318  Q21s =   0.027493
                   Q22c =  -0.931971  Q22s =   0.312065

C          x =  0.872050  y = -1.655963  z =  1.155078 angstrom
           Maximum rank =  2   Radius =  0.650 angstrom
                   Q00  =  -0.047260
|Q1| =   0.129109  Q10  =   0.053163  Q11c =  -0.088003  Q11s =   0.078091
|Q2| =   0.961395  Q20  =  -0.259664  Q21c =  -0.703375  Q21s =   0.068051
                   Q22c =  -0.593974  Q22s =   0.068427

C          x = -3.163672  y = -1.377352  z = -4.217187 angstrom
           Maximum rank =  2   Radius =  0.650 angstrom
                   Q00  =   0.706859
|Q1| =   0.732419  Q10  =   0.004247  Q11c =   0.711951  Q11s =  -0.171887
|Q2| =   0.673413  Q20  =  -0.411458  Q21c =  -0.028403  Q21s =   0.033668
                   Q22c =  -0.511452  Q22s =   0.143747

C          x = -0.031464  y = -1.412325  z =  2.204773 angstrom
           Maximum rank =  2   Radius =  0.650 angstrom
                   Q00  =  -0.002435
|Q1| =   0.155346  Q10  =  -0.146562  Q11c =   0.006618  Q11s =   0.051071
|Q2| =   0.873191  Q20  =  -0.245494  Q21c =  -0.646378  Q21s =  -0.077779
                   Q22c =  -0.495999  Q22s =   0.179795

C          x =  3.182750  y = -0.031652  z =  4.392517 angstrom
           Maximum rank =  2   Radius =  0.650 angstrom
                   Q00  =  -0.036499
|Q1| =   0.117054  Q10  =  -0.112786  Q11c =   0.015468  Q11s =  -0.027232
|Q2| =   1.201813  Q20  =   0.533880  Q21c =  -0.490955  Q21s =  -0.140726
                   Q22c =  -0.882720  Q22s =   0.345384

C          x = -2.340626  y =  0.367478  z = -0.561488 angstrom
           Maximum rank =  2   Radius =  0.650 angstrom
                   Q00  =   0.753812
|Q1| =   0.651908  Q10  =  -0.262203  Q11c =   0.486572  Q11s =  -0.345659
|Q2| =   0.824780  Q20  =  -0.279895  Q21c =  -0.230742  Q21s =  -0.321593
                   Q22c =  -0.035625  Q22s =   0.666324

C          x = -1.813136  y =  1.716927  z = -0.788559 angstrom
           Maximum rank =  2   Radius =  0.650 angstrom
                   Q00  =   0.748871
|Q1| =   0.646271  Q10  =  -0.290660  Q11c =   0.555290  Q11s =  -0.157596
|Q2| =   0.818696  Q20  =  -0.394792  Q21c =   0.075967  Q21s =   0.008265
                   Q22c =  -0.712720  Q22s =   0.024357

C          x =  3.536884  y =  1.315653  z =  3.930761 angstrom
           Maximum rank =  2   Radius =  0.650 angstrom
                   Q00  =  -0.035731
|Q1| =   0.117928  Q10  =  -0.104588  Q11c =   0.007078  Q11s =  -0.054021
|Q2| =   1.199675  Q20  =   0.308707  Q21c =  -0.410985  Q21s =   0.178681
                   Q22c =  -1.006540  Q22s =   0.360502

C          x = -0.096587  y =  0.034952  z =  2.432734 angstrom
           Maximum rank =  2   Radius =  0.650 angstrom
                   Q00  =  -0.007084
|Q1| =   0.162332  Q10  =  -0.159624  Q11c =   0.028938  Q11s =   0.005853
|Q2| =   0.923759  Q20  =  -0.099153  Q21c =  -0.738417  Q21s =   0.232543
                   Q22c =  -0.493253  Q22s =  -0.029424

C          x = -3.411078  y =  0.069248  z = -4.217187 angstrom
           Maximum rank =  2   Radius =  0.650 angstrom
                   Q00  =   0.552233
|Q1| =   0.536275  Q10  =  -0.007387  Q11c =   0.427987  Q11s =   0.323054
|Q2| =   0.864330  Q20  =  -0.533489  Q21c =   0.017079  Q21s =  -0.053520
                   Q22c =  -0.398411  Q22s =  -0.548242

C          x =  0.765487  y =  0.680099  z =  1.520824 angstrom
           Maximum rank =  2   Radius =  0.650 angstrom
                   Q00  =   0.017374
|Q1| =   0.194061  Q10  =  -0.094790  Q11c =  -0.162937  Q11s =  -0.046108
|Q2| =   0.642914  Q20  =  -0.168152  Q21c =  -0.421940  Q21s =   0.109387
                   Q22c =  -0.440939  Q22s =   0.025251

C          x = -2.171065  y =  0.741722  z = -4.212738 angstrom
           Maximum rank =  2   Radius =  0.650 angstrom
                   Q00  =   0.658401
|Q1| =   0.512708  Q10  =   0.064201  Q11c =  -0.420391  Q11s =  -0.286390
|Q2| =   0.844048  Q20  =  -0.343125  Q21c =   0.152857  Q21s =   0.048526
                   Q22c =  -0.426864  Q22s =  -0.621893

C          x =  3.910475  y =  1.238455  z =  2.575556 angstrom
           Maximum rank =  2   Radius =  0.650 angstrom
                   Q00  =  -0.059821
|Q1| =   0.107668  Q10  =   0.083937  Q11c =  -0.062128  Q11s =  -0.026211
|Q2| =   1.148094  Q20  =   0.282323  Q21c =  -0.480264  Q21s =   0.017767
                   Q22c =  -0.920643  Q22s =   0.399827

C          x = -0.552220  y =  1.603263  z = -1.400710 angstrom
           Maximum rank =  2   Radius =  0.650 angstrom
                   Q00  =   0.728088
|Q1| =   0.685451  Q10  =   0.289734  Q11c =  -0.618247  Q11s =  -0.060555
|Q2| =   0.852467  Q20  =  -0.384907  Q21c =   0.039282  Q21s =  -0.085024
                   Q22c =  -0.716212  Q22s =   0.238357

C          x =  0.167423  y =  2.745408  z = -1.738972 angstrom
           Maximum rank =  2   Radius =  0.650 angstrom
                   Q00  =   0.301858
|Q1| =   0.664671  Q10  =   0.285381  Q11c =  -0.600039  Q11s =  -0.017278
|Q2| =   0.942471  Q20  =  -0.530108  Q21c =  -0.744169  Q21s =   0.026030
                   Q22c =   0.229380  Q22s =  -0.012566

C          x =  4.351198  y =  2.376208  z =  1.905498 angstrom
           Maximum rank =  2   Radius =  0.650 angstrom
                   Q00  =  -0.060634
|Q1| =   0.129567  Q10  =   0.113489  Q11c =  -0.033934  Q11s =  -0.052500
|Q2| =   1.322030  Q20  =   0.481333  Q21c =  -0.676779  Q21s =   0.096506
                   Q22c =  -0.913051  Q22s =   0.463765

C          x = -2.134938  y =  2.130893  z = -4.300006 angstrom
           Maximum rank =  2   Radius =  0.650 angstrom
                   Q00  =   0.365277
|Q1| =   0.586224  Q10  =   0.138768  Q11c =  -0.473710  Q11s =  -0.316229
|Q2| =   0.751540  Q20  =  -0.524457  Q21c =   0.226147  Q21s =   0.094582
                   Q22c =   0.187855  Q22s =   0.440885

C          x =  0.890154  y =  2.066174  z =  1.550505 angstrom
           Maximum rank =  2   Radius =  0.650 angstrom
                   Q00  =   0.012031
|Q1| =   0.197240  Q10  =  -0.083281  Q11c =  -0.163684  Q11s =  -0.071940
|Q2| =   0.688312  Q20  =  -0.079771  Q21c =  -0.540842  Q21s =  -0.061226
                   Q22c =  -0.413504  Q22s =   0.012869

C          x = -0.376030  y =  4.006597  z = -1.460983 angstrom
           Maximum rank =  2   Radius =  0.650 angstrom
                   Q00  =   0.324607
|Q1| =   0.622419  Q10  =   0.146249  Q11c =  -0.316791  Q11s =  -0.515423
|Q2| =   0.931636  Q20  =  -0.564115  Q21c =  -0.415412  Q21s =  -0.222594
                   Q22c =  -0.321010  Q22s =   0.473875

C          x =  4.394731  y =  3.599861  z =  2.586908 angstrom
           Maximum rank =  2   Radius =  0.650 angstrom
                   Q00  =  -0.046906
|Q1| =   0.089772  Q10  =   0.034564  Q11c =  -0.018308  Q11s =  -0.080804
|Q2| =   1.301308  Q20  =   0.412898  Q21c =  -0.599286  Q21s =   0.043950
                   Q22c =  -0.950349  Q22s =   0.508607

C          x =  0.152246  y =  2.803138  z =  2.483297 angstrom
           Maximum rank =  2   Radius =  0.650 angstrom
                   Q00  =  -0.019650
|Q1| =   0.150281  Q10  =  -0.108586  Q11c =  -0.023585  Q11s =  -0.101180
|Q2| =   1.001274  Q20  =  -0.063823  Q21c =  -0.794067  Q21s =   0.061132
                   Q22c =  -0.596560  Q22s =   0.091175

C          x = -3.337055  y =  2.846962  z = -4.354559 angstrom
           Maximum rank =  2   Radius =  0.650 angstrom
                   Q00  =   0.343377
|Q1| =   0.606692  Q10  =   0.062627  Q11c =   0.022754  Q11s =  -0.603022
|Q2| =   0.867753  Q20  =  -0.657731  Q21c =   0.111697  Q21s =  -0.077609
                   Q22c =  -0.546019  Q22s =   0.061232

C          x = -0.705160  y =  2.159309  z =  3.384021 angstrom
           Maximum rank =  2   Radius =  0.650 angstrom
                   Q00  =  -0.034547
|Q1| =   0.113966  Q10  =  -0.085020  Q11c =   0.052743  Q11s =  -0.054571
|Q2| =   1.233236  Q20  =  -0.114701  Q21c =  -1.063936  Q21s =   0.188880
                   Q22c =  -0.580042  Q22s =   0.060245

C          x = -4.567259  y =  2.177711  z = -4.334064 angstrom
           Maximum rank =  2   Radius =  0.650 angstrom
                   Q00  =   0.332926
|Q1| =   0.602024  Q10  =   0.034095  Q11c =   0.514305  Q11s =  -0.311063
|Q2| =   0.918394  Q20  =  -0.707104  Q21c =   0.079146  Q21s =  -0.062392
                   Q22c =   0.263775  Q22s =  -0.513534

C          x = -1.630973  y =  4.117031  z = -0.848778 angstrom
           Maximum rank =  2   Radius =  0.650 angstrom
                   Q00  =   0.330769
|Q1| =   0.616224  Q10  =  -0.119577  Q11c =   0.228026  Q11s =  -0.559854
|Q2| =   0.926171  Q20  =  -0.582422  Q21c =  -0.354691  Q21s =   0.210544
                   Q22c =  -0.449879  Q22s =  -0.382168

C          x =  4.005901  y =  3.677970  z =  3.930366 angstrom
           Maximum rank =  2   Radius =  0.650 angstrom
                   Q00  =  -0.042803
|Q1| =   0.083759  Q10  =  -0.032841  Q11c =  -0.002047  Q11s =  -0.077025
|Q2| =   1.293628  Q20  =   0.433852  Q21c =  -0.521234  Q21s =   0.233918
                   Q22c =  -0.988512  Q22s =   0.426248

C          x = -2.357559  y =  2.972279  z = -0.508805 angstrom
           Maximum rank =  2   Radius =  0.650 angstrom
                   Q00  =   0.346587
|Q1| =   0.625319  Q10  =  -0.280865  Q11c =   0.540337  Q11s =  -0.142036
|Q2| =   0.824072  Q20  =  -0.456286  Q21c =  -0.626406  Q21s =   0.061462
                   Q22c =   0.270580  Q22s =  -0.039006

C          x =  3.578654  y =  2.534893  z =  4.612442 angstrom
           Maximum rank =  2   Radius =  0.650 angstrom
                   Q00  =  -0.027954
|Q1| =   0.113377  Q10  =  -0.088999  Q11c =   0.007788  Q11s =  -0.069806
|Q2| =   1.250611  Q20  =   0.541862  Q21c =  -0.527919  Q21s =   0.133936
                   Q22c =  -0.907308  Q22s =   0.388030

C          x = -4.611941  y =  0.782557  z = -4.270616 angstrom
           Maximum rank =  2   Radius =  0.650 angstrom
                   Q00  =   0.337201
|Q1| =   0.607936  Q10  =   0.003317  Q11c =   0.566393  Q11s =   0.220849
|Q2| =   0.870642  Q20  =  -0.742230  Q21c =   0.048923  Q21s =  -0.038394
                   Q22c =   0.240739  Q22s =   0.381169

C          x = -0.834751  y =  0.768676  z =  3.364743 angstrom
           Maximum rank =  2   Radius =  0.650 angstrom
                   Q00  =  -0.026613
|Q1| =   0.147218  Q10  =  -0.120943  Q11c =   0.082427  Q11s =  -0.015870
|Q2| =   1.204930  Q20  =  -0.120467  Q21c =  -1.035674  Q21s =   0.112553
                   Q22c =  -0.573840  Q22s =   0.150872

H          x = -1.497982  y =  0.268152  z =  4.066319 angstrom
           Maximum rank =  2   Radius =  0.350 angstrom
                   Q00  =   0.063586
|Q1| =   0.130077  Q10  =  -0.096453  Q11c =   0.079646  Q11s =   0.035683
|Q2| =   0.124528  Q20  =  -0.004891  Q21c =  -0.098317  Q21s =  -0.043017
                   Q22c =  -0.025355  Q22s =   0.057651

H          x = -5.567742  y =  0.263695  z = -4.272631 angstrom
           Maximum rank =  2   Radius =  0.350 angstrom
                   Q00  =   0.075094
|Q1| =   0.139149  Q10  =   0.011681  Q11c =   0.132355  Q11s =   0.041331
|Q2| =   0.131367  Q20  =  -0.110527  Q21c =  -0.002241  Q21s =  -0.009381
                   Q22c =   0.023465  Q22s =   0.066313

H          x = -3.332117  y =  3.063428  z = -0.035384 angstrom
           Maximum rank =  2   Radius =  0.350 angstrom
                   Q00  =   0.084039
|Q1| =   0.138456  Q10  =  -0.062356  Q11c =   0.116877  Q11s =  -0.040269
|Q2| =   0.103539  Q20  =  -0.047917  Q21c =  -0.078070  Q21s =   0.001075
                   Q22c =   0.047787  Q22s =   0.006683

H          x =  3.286591  y =  2.599083  z =  5.657988 angstrom
           Maximum rank =  2   Radius =  0.350 angstrom
                   Q00  =   0.056515
|Q1| =   0.127901  Q10  =  -0.123823  Q11c =   0.017586  Q11s =  -0.026779
|Q2| =   0.156673  Q20  =   0.113646  Q21c =  -0.087707  Q21s =   0.003447
                   Q22c =  -0.056896  Q22s =   0.026258

H          x = -2.042794  y =  5.100780  z = -0.636548 angstrom
           Maximum rank =  2   Radius =  0.350 angstrom
                   Q00  =   0.064847
|Q1| =   0.136877  Q10  =  -0.025079  Q11c =   0.047492  Q11s =  -0.125900
|Q2| =   0.137020  Q20  =  -0.081668  Q21c =  -0.044126  Q21s =   0.036912
                   Q22c =  -0.067979  Q22s =  -0.064607

H          x =  4.043382  y =  4.633365  z =  4.448031 angstrom
           Maximum rank =  2   Radius =  0.350 angstrom
                   Q00  =   0.045207
|Q1| =   0.126104  Q10  =  -0.060696  Q11c =  -0.014460  Q11s =  -0.109586
|Q2| =   0.179053  Q20  =   0.011481  Q21c =  -0.036388  Q21s =   0.096073
                   Q22c =  -0.143659  Q22s =   0.027137

H          x = -5.492707  y =  2.747012  z = -4.375631 angstrom
           Maximum rank =  2   Radius =  0.350 angstrom
                   Q00  =   0.062216
|Q1| =   0.136290  Q10  =   0.014816  Q11c =   0.115628  Q11s =  -0.070608
|Q2| =   0.152912  Q20  =  -0.118864  Q21c =   0.005617  Q21s =  -0.001642
                   Q22c =   0.042855  Q22s =  -0.085923

H          x = -1.272064  y =  2.745600  z =  4.103382 angstrom
           Maximum rank =  2   Radius =  0.350 angstrom
                   Q00  =   0.051619
|Q1| =   0.128504  Q10  =  -0.088893  Q11c =   0.064342  Q11s =  -0.066868
|Q2| =   0.144353  Q20  =   0.008590  Q21c =  -0.111857  Q21s =   0.070747
                   Q22c =  -0.030070  Q22s =  -0.048400

H          x =  0.180277  y =  4.904198  z = -1.720846 angstrom
           Maximum rank =  2   Radius =  0.350 angstrom
                   Q00  =   0.063625
|Q1| =   0.137854  Q10  =   0.033286  Q11c =  -0.065840  Q11s =  -0.116451
|Q2| =   0.136842  Q20  =  -0.080825  Q21c =  -0.052091  Q21s =  -0.034571
                   Q22c =  -0.042838  Q22s =   0.080308

H          x =  4.735594  y =  4.493844  z =  2.070283 angstrom
           Maximum rank =  2   Radius =  0.350 angstrom
                   Q00  =   0.045986
|Q1| =   0.126785  Q10  =   0.051410  Q11c =  -0.050925  Q11s =  -0.104106
|Q2| =   0.172936  Q20  =   0.018557  Q21c =  -0.058932  Q21s =  -0.077251
                   Q22c =  -0.119548  Q22s =   0.076355

H          x =  0.247999  y =  3.885345  z =  2.506346 angstrom
           Maximum rank =  2   Radius =  0.350 angstrom
                   Q00  =   0.069352
|Q1| =   0.127056  Q10  =  -0.029456  Q11c =  -0.005167  Q11s =  -0.123486
|Q2| =   0.103773  Q20  =  -0.040026  Q21c =  -0.007997  Q21s =  -0.012371
                   Q22c =  -0.091891  Q22s =   0.022487

H          x = -3.313189  y =  3.932303  z = -4.408941 angstrom
           Maximum rank =  2   Radius =  0.350 angstrom
                   Q00  =   0.072234
|Q1| =   0.137149  Q10  =   0.033593  Q11c =   0.013708  Q11s =  -0.132263
|Q2| =   0.134229  Q20  =  -0.096842  Q21c =   0.026638  Q21s =   0.008296
                   Q22c =  -0.086748  Q22s =   0.018315

H          x =  1.144410  y =  2.674637  z = -2.214923 angstrom
           Maximum rank =  2   Radius =  0.350 angstrom
                   Q00  =   0.078028
|Q1| =   0.143747  Q10  =   0.064199  Q11c =  -0.126886  Q11s =  -0.021014
|Q2| =   0.096290  Q20  =  -0.044753  Q21c =  -0.066548  Q21s =   0.017328
                   Q22c =   0.042801  Q22s =  -0.026610

H          x =  4.661671  y =  2.328732  z =  0.863205 angstrom
           Maximum rank =  2   Radius =  0.350 angstrom
                   Q00  =   0.058712
|Q1| =   0.132174  Q10  =   0.115380  Q11c =  -0.062298  Q11s =  -0.016629
|Q2| =   0.135167  Q20  =   0.110874  Q21c =  -0.048001  Q21s =   0.030802
                   Q22c =  -0.046847  Q22s =   0.023017

H          x =  1.549104  y =  2.583618  z =  0.861581 angstrom
           Maximum rank =  2   Radius =  0.350 angstrom
                   Q00  =   0.103194
|Q1| =   0.116272  Q10  =   0.047122  Q11c =  -0.085864  Q11s =  -0.062658
|Q2| =   0.075974  Q20  =   0.023649  Q21c =   0.000780  Q21s =  -0.061447
                   Q22c =   0.030853  Q22s =   0.022012

H          x = -1.189965  y =  2.666160  z = -4.312380 angstrom
           Maximum rank =  2   Radius =  0.350 angstrom
                   Q00  =   0.108494
|Q1| =   0.140864  Q10  =   0.075479  Q11c =  -0.096573  Q11s =  -0.069421
|Q2| =   0.118707  Q20  =  -0.034925  Q21c =   0.065902  Q21s =   0.057129
                   Q22c =   0.031173  Q22s =   0.065520

C          x =  2.803151  y = -0.484077  z =  5.659384 angstrom
           Maximum rank =  2   Radius =  0.650 angstrom
                   Q00  =  -0.029524
|Q1| =   0.114434  Q10  =  -0.111351  Q11c =   0.024862  Q11s =  -0.008821
|Q2| =   1.267446  Q20  =   0.566318  Q21c =  -0.471837  Q21s =   0.106242
                   Q22c =  -0.993170  Q22s =   0.255735

C          x = -3.550654  y = -0.044638  z =  0.002311 angstrom
           Maximum rank =  2   Radius =  0.650 angstrom
                   Q00  =   0.340772
|Q1| =   0.624940  Q10  =  -0.240716  Q11c =   0.460994  Q11s =  -0.346541
|Q2| =   0.843512  Q20  =  -0.512013  Q21c =  -0.517418  Q21s =   0.184878
                   Q22c =  -0.089170  Q22s =  -0.373501

C          x = -4.050190  y = -2.457155  z = -4.250206 angstrom
           Maximum rank =  2   Radius =  0.650 angstrom
                   Q00  =   0.241725
|Q1| =   0.511605  Q10  =   0.008942  Q11c =   0.508039  Q11s =   0.059635
|Q2| =   0.946827  Q20  =  -0.862108  Q21c =   0.029397  Q21s =   0.059182
                   Q22c =   0.384396  Q22s =  -0.033524

C          x = -0.682599  y = -2.470316  z =  2.842930 angstrom
           Maximum rank =  2   Radius =  0.650 angstrom
                   Q00  =  -0.019074
|Q1| =   0.147906  Q10  =  -0.119635  Q11c =   0.052989  Q11s =   0.068963
|Q2| =   1.087618  Q20  =  -0.146109  Q21c =  -0.942986  Q21s =   0.022695
                   Q22c =  -0.518516  Q22s =   0.054490

C          x =  2.589026  y = -1.851265  z =  5.852837 angstrom
           Maximum rank =  2   Radius =  0.650 angstrom
                   Q00  =  -0.040149
|Q1| =   0.084601  Q10  =  -0.076715  Q11c =   0.018443  Q11s =   0.030529
|Q2| =   1.281052  Q20  =   0.620598  Q21c =  -0.516354  Q21s =  -0.041051
                   Q22c =  -0.961563  Q22s =   0.251080

C          x = -3.822228  y = -1.411832  z =  0.092050 angstrom
           Maximum rank =  2   Radius =  0.650 angstrom
                   Q00  =   0.334661
|Q1| =   0.614452  Q10  =  -0.252410  Q11c =   0.528396  Q11s =   0.186114
|Q2| =   0.891858  Q20  =  -0.432487  Q21c =  -0.642068  Q21s =  -0.118920
                   Q22c =   0.298837  Q22s =   0.304417

C          x = -3.534491  y = -3.755885  z = -4.292033 angstrom
           Maximum rank =  2   Radius =  0.650 angstrom
                   Q00  =   0.172252
|Q1| =   0.427175  Q10  =   0.013271  Q11c =   0.262145  Q11s =   0.337020
|Q2| =   1.068852  Q20  =  -0.951273  Q21c =   0.030553  Q21s =   0.097164
                   Q22c =  -0.110110  Q22s =   0.463708

C          x = -0.421257  y = -3.778156  z =  2.424337 angstrom
           Maximum rank =  2   Radius =  0.650 angstrom
                   Q00  =  -0.043981
|Q1| =   0.109038  Q10  =  -0.048381  Q11c =   0.030707  Q11s =   0.092767
|Q2| =   1.273612  Q20  =  -0.214250  Q21c =  -1.064983  Q21s =  -0.016805
                   Q22c =  -0.644085  Q22s =   0.163919

C          x =  2.763392  y = -2.752369  z =  4.794853 angstrom
           Maximum rank =  2   Radius =  0.650 angstrom
                   Q00  =  -0.041936
|Q1| =   0.091521  Q10  =  -0.040113  Q11c =   0.004801  Q11s =   0.082122
|Q2| =   1.241202  Q20  =   0.444311  Q21c =  -0.436159  Q21s =  -0.009054
                   Q22c =  -1.050508  Q22s =   0.222003

C          x = -2.894960  y = -2.350273  z = -0.377488 angstrom
           Maximum rank =  2   Radius =  0.650 angstrom
                   Q00  =   0.340710
|Q1| =   0.626881  Q10  =  -0.094932  Q11c =   0.148122  Q11s =   0.601687
|Q2| =   0.828860  Q20  =  -0.489073  Q21c =  -0.276760  Q21s =   0.023466
                   Q22c =  -0.565547  Q22s =   0.225446

C          x = -2.150360  y = -3.970435  z = -4.309826 angstrom
           Maximum rank =  2   Radius =  0.650 angstrom
                   Q00  =   0.229317
|Q1| =   0.502484  Q10  =   0.014895  Q11c =  -0.119193  Q11s =   0.487915
|Q2| =   1.012593  Q20  =  -0.864934  Q21c =  -0.032922  Q21s =   0.124272
                   Q22c =  -0.437575  Q22s =  -0.263124

C          x =  0.480228  y = -4.023705  z =  1.380831 angstrom
           Maximum rank =  2   Radius =  0.650 angstrom
                   Q00  =  -0.053155
|Q1| =   0.113039  Q10  =   0.015324  Q11c =  -0.021360  Q11s =   0.109940
|Q2| =   1.298688  Q20  =  -0.253663  Q21c =  -1.051589  Q21s =   0.105757
                   Q22c =  -0.709698  Q22s =   0.039364

C          x = -1.263615  y = -2.885966  z = -4.275897 angstrom
           Maximum rank =  2   Radius =  0.650 angstrom
                   Q00  =   0.409458
|Q1| =   0.733205  Q10  =  -0.003421  Q11c =  -0.679434  Q11s =   0.275585
|Q2| =   0.823587  Q20  =  -0.672447  Q21c =  -0.077847  Q21s =   0.070460
                   Q22c =   0.367856  Q22s =  -0.282430

C          x =  1.130647  y = -2.959599  z =  0.742201 angstrom
           Maximum rank =  2   Radius =  0.650 angstrom
                   Q00  =  -0.074603
|Q1| =   0.160879  Q10  =   0.083563  Q11c =  -0.096919  Q11s =   0.097499
|Q2| =   1.293975  Q20  =  -0.232576  Q21c =  -1.094965  Q21s =   0.109391
                   Q22c =  -0.638657  Q22s =   0.038509

C          x =  3.142785  y = -2.297357  z =  3.526058 angstrom
           Maximum rank =  2   Radius =  0.650 angstrom
                   Q00  =  -0.045503
|Q1| =   0.121750  Q10  =   0.024975  Q11c =  -0.035514  Q11s =   0.113746
|Q2| =   1.201465  Q20  =   0.492821  Q21c =  -0.419007  Q21s =   0.076805
                   Q22c =  -0.992545  Q22s =   0.184484

C          x = -1.683589  y = -1.935097  z = -0.941344 angstrom
           Maximum rank =  2   Radius =  0.650 angstrom
                   Q00  =   0.358435
|Q1| =   0.607992  Q10  =   0.074004  Q11c =  -0.398048  Q11s =   0.453581
|Q2| =   0.671874  Q20  =  -0.230965  Q21c =  -0.385856  Q21s =   0.362011
                   Q22c =  -0.119106  Q22s =  -0.322407

H          x = -0.190356  y = -3.066897  z = -4.296001 angstrom
           Maximum rank =  2   Radius =  0.350 angstrom
                   Q00  =   0.079124
|Q1| =   0.145904  Q10  =   0.020498  Q11c =  -0.133885  Q11s =   0.054244
|Q2| =   0.114669  Q20  =  -0.090166  Q21c =   0.019772  Q21s =   0.009071
                   Q22c =   0.067109  Q22s =  -0.006501

H          x =  1.828736  y = -3.165347  z = -0.067971 angstrom
           Maximum rank =  2   Radius =  0.350 angstrom
                   Q00  =   0.064876
|Q1| =   0.134085  Q10  =   0.086165  Q11c =  -0.086651  Q11s =   0.055192
|Q2| =   0.104983  Q20  =   0.033097  Q21c =  -0.098929  Q21s =   0.005042
                   Q22c =   0.009457  Q22s =   0.004913

H          x = -0.978720  y = -2.677683  z = -1.299539 angstrom
           Maximum rank =  2   Radius =  0.350 angstrom
                   Q00  =   0.114102
|Q1| =   0.125233  Q10  =   0.013464  Q11c =  -0.079909  Q11s =   0.095481
|Q2| =   0.072428  Q20  =   0.022681  Q21c =   0.013844  Q21s =   0.044677
                   Q22c =   0.002984  Q22s =  -0.050347

H          x =  3.269196  y = -3.009479  z =  2.715788 angstrom
           Maximum rank =  2   Radius =  0.350 angstrom
                   Q00  =   0.074509
|Q1| =   0.125410  Q10  =   0.058380  Q11c =  -0.055914  Q11s =   0.095881
|Q2| =   0.134359  Q20  =   0.073231  Q21c =   0.017264  Q21s =   0.089727
                   Q22c =  -0.054299  Q22s =   0.037312

H          x =  2.599011  y = -3.814520  z =  4.957051 angstrom
           Maximum rank =  2   Radius =  0.350 angstrom
                   Q00  =   0.052043
|Q1| =   0.126940  Q10  =  -0.036908  Q11c =  -0.001112  Q11s =   0.121451
|Q2| =   0.160104  Q20  =  -0.020518  Q21c =  -0.015896  Q21s =  -0.012121
                   Q22c =  -0.145756  Q22s =   0.059732

H          x = -3.115153  y = -3.411937  z = -0.304990 angstrom
           Maximum rank =  2   Radius =  0.350 angstrom
                   Q00  =   0.080571
|Q1| =   0.135481  Q10  =  -0.025527  Q11c =   0.042435  Q11s =   0.126107
|Q2| =   0.097363  Q20  =  -0.046628  Q21c =  -0.010375  Q21s =   0.002537
                   Q22c =  -0.082027  Q22s =   0.021516

H          x = -1.761419  y = -4.984888  z = -4.353472 angstrom
           Maximum rank =  2   Radius =  0.350 angstrom
                   Q00  =   0.058782
|Q1| =   0.134701  Q10  =   0.015176  Q11c =  -0.040719  Q11s =   0.127499
|Q2| =   0.155540  Q20  =  -0.120789  Q21c =   0.004215  Q21s =   0.006392
                   Q22c =  -0.071408  Q22s =  -0.066670

H          x =  0.675595  y = -5.045393  z =  1.063534 angstrom
           Maximum rank =  2   Radius =  0.350 angstrom
                   Q00  =   0.049888
|Q1| =   0.128891  Q10  =   0.028034  Q11c =  -0.025494  Q11s =   0.123195
|Q2| =   0.148804  Q20  =  -0.042999  Q21c =  -0.057495  Q21s =   0.061206
                   Q22c =  -0.112038  Q22s =  -0.026252

H          x =  2.292858  y = -2.218918  z =  6.832328 angstrom
           Maximum rank =  2   Radius =  0.350 angstrom
                   Q00  =   0.044984
|Q1| =   0.126518  Q10  =  -0.116083  Q11c =   0.024725  Q11s =   0.043822
|Q2| =   0.178813  Q20  =   0.119770  Q21c =  -0.088542  Q21s =  -0.057954
                   Q22c =  -0.068905  Q22s =   0.041025

H          x = -4.759581  y = -1.749801  z =  0.527646 angstrom
           Maximum rank =  2   Radius =  0.350 angstrom
                   Q00  =   0.065688
|Q1| =   0.137342  Q10  =  -0.057810  Q11c =   0.117485  Q11s =   0.041450
|Q2| =   0.131510  Q20  =  -0.060123  Q21c =  -0.091604  Q21s =  -0.019949
                   Q22c =   0.049503  Q22s =   0.049397

H          x = -4.212371  y = -4.605572  z = -4.317954 angstrom
           Maximum rank =  2   Radius =  0.350 angstrom
                   Q00  =   0.056504
|Q1| =   0.132652  Q10  =   0.012033  Q11c =   0.079923  Q11s =   0.105186
|Q2| =   0.161083  Q20  =  -0.125714  Q21c =  -0.001995  Q21s =   0.004161
                   Q22c =  -0.021092  Q22s =   0.098376

H          x = -0.921357  y = -4.611371  z =  2.912249 angstrom
           Maximum rank =  2   Radius =  0.350 angstrom
                   Q00  =   0.050597
|Q1| =   0.127903  Q10  =  -0.057943  Q11c =   0.052274  Q11s =   0.101337
|Q2| =   0.150072  Q20  =  -0.030837  Q21c =  -0.089226  Q21s =  -0.063102
                   Q22c =  -0.061460  Q22s =   0.076487

H          x =  2.684494  y =  0.212147  z =  6.486408 angstrom
           Maximum rank =  2   Radius =  0.350 angstrom
                   Q00  =   0.054874
|Q1| =   0.128420  Q10  =  -0.112016  Q11c =   0.009347  Q11s =  -0.062103
|Q2| =   0.160362  Q20  =   0.057722  Q21c =  -0.049327  Q21s =   0.085254
                   Q22c =  -0.112486  Q22s =   0.005441

H          x = -4.272008  y =  0.684458  z =  0.363806 angstrom
           Maximum rank =  2   Radius =  0.350 angstrom
                   Q00  =   0.080639
|Q1| =   0.139912  Q10  =  -0.057802  Q11c =   0.107034  Q11s =  -0.069124
|Q2| =   0.109991  Q20  =  -0.064355  Q21c =  -0.054866  Q21s =   0.028685
                   Q22c =  -0.025488  Q22s =  -0.058937

H          x = -5.125587  y = -2.295625  z = -4.245842 angstrom
           Maximum rank =  2   Radius =  0.350 angstrom
                   Q00  =   0.074049
|Q1| =   0.137172  Q10  =   0.013067  Q11c =   0.136251  Q11s =   0.009006
|Q2| =   0.131380  Q20  =  -0.109878  Q21c =  -0.007242  Q21s =   0.004678
                   Q22c =   0.062451  Q22s =  -0.034829

H          x = -1.381879  y = -2.285148  z =  3.654669 angstrom
           Maximum rank =  2   Radius =  0.350 angstrom
                   Q00  =   0.067526
|Q1| =   0.128967  Q10  =  -0.101531  Q11c =   0.079431  Q11s =   0.003830
|Q2| =   0.116024  Q20  =   0.018390  Q21c =  -0.107600  Q21s =   0.031031
                   Q22c =   0.002407  Q22s =  -0.024021

C          x =  5.283888  y = -0.689259  z =  1.760081 angstrom
           Maximum rank =  2   Radius =  0.650 angstrom
                   Q00  =   0.002963
|Q1| =   0.069135  Q10  =   0.044538  Q11c =  -0.045356  Q11s =   0.027183
|Q2| =   0.158505  Q20  =  -0.060966  Q21c =  -0.099649  Q21s =   0.015531
                   Q22c =   0.069612  Q22s =  -0.079937

H          x =  5.937624  y = -0.527599  z =  2.623212 angstrom
           Maximum rank =  2   Radius =  0.350 angstrom
                   Q00  =   0.050776
|Q1| =   0.136674  Q10  =  -0.055310  Q11c =  -0.124544  Q11s =   0.010455
|Q2| =   0.137612  Q20  =   0.078705  Q21c =   0.092786  Q21s =   0.051641
                   Q22c =   0.036712  Q22s =   0.010904

H          x =  5.702755  y = -0.142731  z =  0.906200 angstrom
           Maximum rank =  2   Radius =  0.350 angstrom
                   Q00  =   0.033590
|Q1| =   0.145598  Q10  =   0.101467  Q11c =  -0.100218  Q11s =  -0.029316
|Q2| =   0.135552  Q20  =   0.042302  Q21c =  -0.062102  Q21s =  -0.107930
                   Q22c =  -0.018184  Q22s =   0.027358

H          x =  5.290875  y = -1.758681  z =  1.518986 angstrom
           Maximum rank =  2   Radius =  0.350 angstrom
                   Q00  =   0.035658
|Q1| =   0.143285  Q10  =   0.044790  Q11c =  -0.064041  Q11s =   0.120096
|Q2| =   0.140260  Q20  =  -0.078043  Q21c =  -0.005729  Q21s =   0.042931
                   Q22c =  -0.105174  Q22s =   0.025394

C          x =  0.096620  y = -0.156937  z = -3.138191 angstrom
           Maximum rank =  2   Radius =  0.650 angstrom
                   Q00  =   0.077716
|Q1| =   0.215822  Q10  =   0.043915  Q11c =  -0.211135  Q11s =   0.008533
|Q2| =   0.287210  Q20  =   0.112529  Q21c =   0.050042  Q21s =   0.183536
                   Q22c =   0.171817  Q22s =   0.064156

C          x =  3.035585  y = -0.360067  z =  0.733301 angstrom
           Maximum rank =  2   Radius =  0.650 angstrom
                   Q00  =  -0.009524
|Q1| =   0.035761  Q10  =   0.024079  Q11c =  -0.025909  Q11s =   0.005267
|Q2| =   0.267020  Q20  =  -0.059857  Q21c =   0.201283  Q21s =   0.040867
                   Q22c =   0.144505  Q22s =   0.068195

C          x =  1.209895  y = -0.199665  z = -0.928950 angstrom
           Maximum rank =  2   Radius =  0.650 angstrom
                   Q00  =   0.028582
|Q1| =   0.134053  Q10  =   0.030805  Q11c =  -0.124341  Q11s =   0.039502
|Q2| =   0.286026  Q20  =   0.048964  Q21c =   0.157136  Q21s =  -0.088055
                   Q22c =   0.127589  Q22s =  -0.175183

C          x = -0.278476  y = -0.137193  z = -5.603228 angstrom
           Maximum rank =  2   Radius =  0.650 angstrom
                   Q00  =   0.103028
|Q1| =   0.280497  Q10  =   0.093092  Q11c =  -0.256208  Q11s =  -0.066105
|Q2| =   0.390059  Q20  =  -0.083161  Q21c =  -0.230852  Q21s =  -0.041886
                   Q22c =   0.255876  Q22s =   0.157197

H          x =  0.520195  y = -0.884742  z = -5.684161 angstrom
           Maximum rank =  2   Radius =  0.350 angstrom
                   Q00  =   0.046763
|Q1| =   0.154041  Q10  =   0.064194  Q11c =  -0.127594  Q11s =   0.057686
|Q2| =   0.119819  Q20  =  -0.056736  Q21c =  -0.009845  Q21s =  -0.007005
                   Q22c =  -0.007275  Q22s =  -0.104588

H          x =  0.170584  y =  0.856931  z = -5.712331 angstrom
           Maximum rank =  2   Radius =  0.350 angstrom
                   Q00  =   0.047941
|Q1| =   0.150547  Q10  =   0.069865  Q11c =  -0.095224  Q11s =  -0.093358
|Q2| =   0.129158  Q20  =  -0.059932  Q21c =  -0.012825  Q21s =   0.007103
                   Q22c =  -0.089833  Q22s =   0.069318

H          x = -0.976346  y = -0.291597  z = -6.432467 angstrom
           Maximum rank =  2   Radius =  0.350 angstrom
                   Q00  =   0.128484
|Q1| =   0.178157  Q10  =   0.164588  Q11c =  -0.065597  Q11s =  -0.018645
|Q2| =   0.152997  Q20  =  -0.023921  Q21c =   0.084686  Q21s =   0.017099
                   Q22c =   0.107953  Q22s =   0.060975

Ac         x = -3.372222  y =  1.458181  z = -4.281527 angstrom
           Maximum rank =  2   Radius =  0.650 angstrom
                   Q00  =  -0.969684
|Q1| =   0.031207  Q10  =   0.005152  Q11c =   0.018577  Q11s =  -0.024540
|Q2| =   0.473520  Q20  =   0.470748  Q21c =  -0.007775  Q21s =   0.041495
                   Q22c =  -0.015152  Q22s =  -0.024597

A1         x = -3.390145  y =  1.509611  z = -3.283011 angstrom
           Maximum rank =  2   Radius =  0.650 angstrom
                   Q00  =  -0.634999
|Q1| =   0.140984  Q10  =  -0.035346  Q11c =   0.115346  Q11s =  -0.072955
|Q2| =   0.572295  Q20  =   0.522366  Q21c =   0.228452  Q21s =  -0.037326
                   Q22c =  -0.030509  Q22s =  -0.011884

A-1        x = -3.354298  y =  1.406751  z = -5.280042 angstrom
           Maximum rank =  2   Radius =  0.650 angstrom
                   Q00  =  -0.631441
|Q1| =   0.102524  Q10  =   0.039353  Q11c =   0.042388  Q11s =  -0.084651
|Q2| =   0.611752  Q20  =   0.576003  Q21c =  -0.035648  Q21s =   0.147064
                   Q22c =  -0.087015  Q22s =  -0.109505

Bc         x = -2.030247  y = -0.621977  z = -4.221037 angstrom
           Maximum rank =  2   Radius =  0.650 angstrom
                   Q00  =  -1.139643
|Q1| =   0.033517  Q10  =  -0.000154  Q11c =  -0.001521  Q11s =  -0.033482
|Q2| =   0.377551  Q20  =   0.367499  Q21c =   0.003649  Q21s =   0.000253
                   Q22c =  -0.080576  Q22s =   0.031358

B1         x = -2.021026  y = -0.623719  z = -3.221081 angstrom
           Maximum rank =  2   Radius =  0.650 angstrom
                   Q00  =  -0.657181
|Q1| =   0.116011  Q10  =   0.001826  Q11c =  -0.107610  Q11s =   0.043306
|Q2| =   0.499428  Q20  =   0.410930  Q21c =  -0.101566  Q21s =   0.128123
                   Q22c =  -0.192740  Q22s =   0.129173

B-1        x = -2.039469  y = -0.620236  z = -5.220993 angstrom
           Maximum rank =  2   Radius =  0.650 angstrom
                   Q00  =  -0.736568
|Q1| =   0.243177  Q10  =   0.131534  Q11c =  -0.192517  Q11s =  -0.069071
|Q2| =   0.410416  Q20  =   0.260939  Q21c =   0.234192  Q21s =   0.102116
                   Q22c =  -0.187260  Q22s =  -0.003534

Cc         x = -2.480003  y = -2.456483  z = -4.254059 angstrom
           Maximum rank =  2   Radius =  0.650 angstrom
                   Q00  =  -1.003435
|Q1| =   0.040727  Q10  =   0.002709  Q11c =   0.007216  Q11s =   0.039991
|Q2| =   0.446216  Q20  =   0.443814  Q21c =   0.001751  Q21s =  -0.026971
                   Q22c =  -0.032194  Q22s =   0.019266

C1         x = -2.478543  y = -2.493780  z = -3.254755 angstrom
           Maximum rank =  2   Radius =  0.650 angstrom
                   Q00  =  -0.698158
|Q1| =   0.204472  Q10  =  -0.132936  Q11c =  -0.048413  Q11s =   0.147625
|Q2| =   0.566478  Q20  =   0.453593  Q21c =  -0.065985  Q21s =   0.274300
                   Q22c =  -0.181591  Q22s =   0.050804

C-1        x = -2.481462  y = -2.419187  z = -5.253362 angstrom
           Maximum rank =  2   Radius =  0.650 angstrom
                   Q00  =  -0.619895
|Q1| =   0.109884  Q10  =   0.021521  Q11c =  -0.017968  Q11s =   0.106247
|Q2| =   0.594722  Q20  =   0.529892  Q21c =   0.016912  Q21s =  -0.168872
                   Q22c =  -0.197495  Q22s =   0.071420

Dc         x = -1.093749  y =  2.860250  z = -1.124468 angstrom
           Maximum rank =  2   Radius =  0.650 angstrom
                   Q00  =  -0.966234
|Q1| =   0.039373  Q10  =   0.000324  Q11c =  -0.002595  Q11s =  -0.039287
|Q2| =   0.469422  Q20  =   0.326779  Q21c =   0.334104  Q21s =  -0.008533
                   Q22c =   0.043208  Q22s =   0.002684

D1         x = -0.656647  y =  2.850200  z = -0.225112 angstrom
           Maximum rank =  2   Radius =  0.650 angstrom
                   Q00  =  -0.730339
|Q1| =   0.253213  Q10  =  -0.185665  Q11c =  -0.124646  Q11s =  -0.118781
|Q2| =   0.450075  Q20  =   0.257360  Q21c =   0.295477  Q21s =  -0.185971
                   Q22c =  -0.109896  Q22s =  -0.048628

D-1        x = -1.530850  y =  2.870299  z = -2.023824 angstrom
           Maximum rank =  2   Radius =  0.650 angstrom
                   Q00  =  -0.712808
|Q1| =   0.228409  Q10  =   0.179858  Q11c =   0.016629  Q11s =  -0.139805
|Q2| =   0.553176  Q20  =   0.189248  Q21c =   0.461883  Q21s =   0.175258
                   Q22c =   0.002841  Q22s =   0.161646

Ec         x = -1.256414  y =  0.649062  z = -1.078813 angstrom
           Maximum rank =  2   Radius =  0.650 angstrom
                   Q00  =  -1.106431
|Q1| =   0.020900  Q10  =   0.006543  Q11c =  -0.018734  Q11s =   0.006559
|Q2| =   0.393176  Q20  =   0.269518  Q21c =   0.281507  Q21s =  -0.027550
                   Q22c =   0.019921  Q22s =   0.039310

E1         x = -0.821760  y =  0.631515  z = -0.178386 angstrom
           Maximum rank =  2   Radius =  0.650 angstrom
                   Q00  =  -0.727906
|Q1| =   0.169252  Q10  =  -0.131784  Q11c =  -0.106138  Q11s =   0.003721
|Q2| =   0.306014  Q20  =   0.163767  Q21c =   0.221478  Q21s =  -0.084495
                   Q22c =  -0.064588  Q22s =   0.080382

E-1        x = -1.691068  y =  0.666609  z = -1.979239 angstrom
           Maximum rank =  2   Radius =  0.650 angstrom
                   Q00  =  -0.654139
|Q1| =   0.079742  Q10  =   0.034279  Q11c =  -0.047041  Q11s =  -0.054506
|Q2| =   0.466829  Q20  =   0.195210  Q21c =   0.403890  Q21s =   0.113402
                   Q22c =  -0.047699  Q22s =   0.039502

Fc         x = -2.615658  y = -0.991551  z = -0.469697 angstrom
           Maximum rank =  2   Radius =  0.650 angstrom
                   Q00  =  -0.963026
|Q1| =   0.041178  Q10  =  -0.014546  Q11c =   0.027113  Q11s =   0.027367
|Q2| =   0.468109  Q20  =   0.338929  Q21c =   0.312828  Q21s =  -0.034177
                   Q22c =   0.068088  Q22s =   0.024243

F1         x = -2.186701  y = -1.018200  z =  0.433235 angstrom
           Maximum rank =  2   Radius =  0.650 angstrom
                   Q00  =  -0.679124
|Q1| =   0.181761  Q10  =  -0.154766  Q11c =   0.013228  Q11s =   0.094390
|Q2| =   0.486260  Q20  =   0.226407  Q21c =   0.389889  Q21s =   0.016988
                   Q22c =   0.095126  Q22s =   0.154393

F-1        x = -3.044614  y = -0.964901  z = -1.372628 angstrom
           Maximum rank =  2   Radius =  0.650 angstrom
                   Q00  =  -0.625859
|Q1| =   0.160275  Q10  =  -0.036642  Q11c =   0.146473  Q11s =   0.053770
|Q2| =   0.586539  Q20  =   0.547907  Q21c =   0.188376  Q21s =  -0.059563
                   Q22c =  -0.058693  Q22s =   0.036713

Total multipoles referred to origin at
           x =   0.000000,  y =    0.000000,  z =    0.000000 angstrom
                   Q00  =   0.000090
|Q1| =   0.200973  Q10  =  -0.122885  Q11c =   0.156652  Q11s =  -0.027375
|Q2| =  29.055326  Q20  = -13.855506  Q21c = -22.804354  Q21s =   1.121002
                   Q22c = -11.308997  Q22s =   1.745945

CPU time used:     31m 9.510s          Total:     31m 9.510s

Finished at 10:42:07 on 24 Mar 2026 
