                                     G D M A
                                 by Anthony Stone

               Distributed Multipoles from Gaussian wavefunctions

                             version 2.3.3 (6b8e81e)
              Compiled with gfortran on 29 May 2025 at 12:54:22

Starting at 11:05:22 on 25 Mar 2026 


Using SCF density matrix from file f3-def2TZVP.fchk


                         Distributed Multipole Analysis

Standard DMA for products of primitives with exponent greater than 4.00000
Using 80-point Euler-MacLaurin radial quadrature
Using 590-point Lebedev quadrature
Becke smoothing parameter = 3

Positions and radii in angstrom
Multipole moments in atomic units, ea_0^k for rank k

C          x = -0.637796  y =  0.476429  z = -0.342905 angstrom
           Maximum rank =  2   Radius =  0.650 angstrom
                   Q00  =   0.345633
|Q1| =   0.720310  Q10  =   0.267854  Q11c =   0.528512  Q11s =  -0.409604
|Q2| =   0.610356  Q20  =   0.169359  Q21c =   0.201743  Q21s =   0.025258
                   Q22c =   0.100884  Q22s =  -0.540681

C          x = -0.649190  y = -0.379352  z = -2.982826 angstrom
           Maximum rank =  2   Radius =  0.650 angstrom
                   Q00  =   0.334731
|Q1| =   0.726088  Q10  =   0.050084  Q11c =   0.228354  Q11s =  -0.687422
|Q2| =   0.607067  Q20  =   0.131555  Q21c =   0.010444  Q21s =   0.102067
                   Q22c =  -0.475414  Q22s =  -0.338643

H          x = -0.672271  y =  1.611665  z = -2.155879 angstrom
           Maximum rank =  2   Radius =  0.350 angstrom
                   Q00  =   0.060508
|Q1| =   0.157200  Q10  =   0.059260  Q11c =   0.007740  Q11s =  -0.145397
|Q2| =   0.101321  Q20  =   0.016834  Q21c =   0.003791  Q21s =   0.023270
                   Q22c =  -0.048193  Q22s =   0.084286

H          x = -2.126761  y =  0.699018  z = -1.898132 angstrom
           Maximum rank =  2   Radius =  0.350 angstrom
                   Q00  =   0.057586
|Q1| =   0.159525  Q10  =   0.026477  Q11c =   0.143788  Q11s =  -0.063813
|Q2| =   0.103426  Q20  =   0.005817  Q21c =  -0.001266  Q21s =   0.076695
                   Q22c =   0.066104  Q22s =   0.020242

C          x = -1.483607  y =  1.972560  z =  1.835916 angstrom
           Maximum rank =  2   Radius =  0.650 angstrom
                   Q00  =  -0.040122
|Q1| =   0.175647  Q10  =   0.033485  Q11c =   0.166416  Q11s =  -0.045125
|Q2| =   0.156043  Q20  =   0.021533  Q21c =   0.088885  Q21s =   0.102167
                   Q22c =   0.035014  Q22s =  -0.065735

H          x = -1.907718  y =  0.739621  z = -4.383866 angstrom
           Maximum rank =  2   Radius =  0.350 angstrom
                   Q00  =   0.037608
|Q1| =   0.145725  Q10  =   0.060397  Q11c =   0.103078  Q11s =  -0.083443
|Q2| =   0.132177  Q20  =  -0.062977  Q21c =  -0.002101  Q21s =  -0.013030
                   Q22c =   0.096522  Q22s =  -0.063357

H          x = -2.614422  y =  0.843705  z =  0.388320 angstrom
           Maximum rank =  2   Radius =  0.350 angstrom
                   Q00  =   0.058152
|Q1| =   0.154238  Q10  =   0.017741  Q11c =   0.151817  Q11s =   0.020644
|Q2| =   0.109000  Q20  =  -0.034484  Q21c =  -0.026470  Q21s =   0.067222
                   Q22c =  -0.022871  Q22s =   0.070350

H          x = -0.203762  y =  1.213851  z = -4.415144 angstrom
           Maximum rank =  2   Radius =  0.350 angstrom
                   Q00  =   0.041274
|Q1| =   0.143976  Q10  =   0.066751  Q11c =  -0.034024  Q11s =  -0.122946
|Q2| =   0.139125  Q20  =  -0.064951  Q21c =   0.013638  Q21s =  -0.008498
                   Q22c =  -0.006477  Q22s =   0.121807

H          x = -0.714421  y = -0.303067  z = -5.167954 angstrom
           Maximum rank =  2   Radius =  0.350 angstrom
                   Q00  =   0.107168
|Q1| =   0.165252  Q10  =   0.150693  Q11c =   0.024477  Q11s =  -0.063250
|Q2| =   0.167941  Q20  =  -0.013302  Q21c =  -0.026675  Q21s =   0.101907
                   Q22c =  -0.111263  Q22s =  -0.067462

H          x = -1.846277  y =  2.269160  z = -0.238479 angstrom
           Maximum rank =  2   Radius =  0.350 angstrom
                   Q00  =   0.051751
|Q1| =   0.156927  Q10  =   0.083227  Q11c =   0.073963  Q11s =  -0.110584
|Q2| =   0.104377  Q20  =   0.050272  Q21c =  -0.013710  Q21s =  -0.006757
                   Q22c =  -0.089642  Q22s =  -0.009898

C          x =  0.828203  y =  0.838212  z = -0.114428 angstrom
           Maximum rank =  2   Radius =  0.650 angstrom
                   Q00  =   0.734761
|Q1| =   0.677661  Q10  =   0.278465  Q11c =   0.239352  Q11s =  -0.569554
|Q2| =   0.833265  Q20  =  -0.389610  Q21c =  -0.087643  Q21s =   0.033615
                   Q22c =   0.174300  Q22s =   0.709467

C          x = -0.523338  y =  3.158350  z =  1.899252 angstrom
           Maximum rank =  2   Radius =  0.650 angstrom
                   Q00  =  -0.053667
|Q1| =   0.126826  Q10  =   0.050017  Q11c =   0.085049  Q11s =  -0.079685
|Q2| =   1.086375  Q20  =  -0.314073  Q21c =   0.657105  Q21s =  -0.569285
                   Q22c =  -0.336315  Q22s =   0.461071

C          x =  0.763323  y = -0.959028  z = -2.982826 angstrom
           Maximum rank =  2   Radius =  0.650 angstrom
                   Q00  =   0.757566
|Q1| =   0.640819  Q10  =   0.055785  Q11c =  -0.115803  Q11s =  -0.627795
|Q2| =   0.772906  Q20  =  -0.255636  Q21c =  -0.029249  Q21s =   0.156148
                   Q22c =   0.700776  Q22s =   0.125340

C          x =  0.448934  y =  2.962467  z =  2.889686 angstrom
           Maximum rank =  2   Radius =  0.650 angstrom
                   Q00  =  -0.012580
|Q1| =   0.148136  Q10  =  -0.117982  Q11c =  -0.041542  Q11s =  -0.079366
|Q2| =   0.953134  Q20  =  -0.287652  Q21c =   0.567246  Q21s =  -0.367578
                   Q22c =  -0.256368  Q22s =   0.550559

C          x =  0.722471  y = -2.362320  z = -3.014085 angstrom
           Maximum rank =  2   Radius =  0.650 angstrom
                   Q00  =   0.752817
|Q1| =   0.656984  Q10  =   0.008066  Q11c =  -0.088450  Q11s =   0.650953
|Q2| =   0.831482  Q20  =  -0.348916  Q21c =  -0.055621  Q21s =  -0.006353
                   Q22c =   0.739793  Q22s =  -0.138536

C          x =  1.519942  y = -0.232511  z =  0.470233 angstrom
           Maximum rank =  2   Radius =  0.650 angstrom
                   Q00  =   0.755852
|Q1| =   0.651056  Q10  =  -0.287714  Q11c =  -0.400830  Q11s =   0.424770
|Q2| =   0.821527  Q20  =  -0.377284  Q21c =  -0.021959  Q21s =   0.089846
                   Q22c =   0.380823  Q22s =   0.615615

C          x =  0.587280  y = -1.342180  z =  0.662801 angstrom
           Maximum rank =  2   Radius =  0.650 angstrom
                   Q00  =   0.756920
|Q1| =   0.654080  Q10  =  -0.245941  Q11c =  -0.541515  Q11s =   0.272204
|Q2| =   0.819354  Q20  =  -0.258568  Q21c =  -0.183663  Q21s =  -0.328582
                   Q22c =  -0.546460  Q22s =   0.405176

C          x = -0.676119  y = -2.792534  z = -3.011812 angstrom
           Maximum rank =  2   Radius =  0.650 angstrom
                   Q00  =   0.749469
|Q1| =   0.653028  Q10  =   0.017353  Q11c =  -0.289382  Q11s =   0.585152
|Q2| =   0.829002  Q20  =  -0.343232  Q21c =   0.040360  Q21s =   0.001113
                   Q22c =   0.145671  Q22s =   0.739314

C          x =  0.215552  y =  1.661966  z =  3.518465 angstrom
           Maximum rank =  2   Radius =  0.650 angstrom
                   Q00  =  -0.014645
|Q1| =   0.151619  Q10  =  -0.138139  Q11c =  -0.048331  Q11s =  -0.039621
|Q2| =   0.981535  Q20  =   0.000033  Q21c =   0.652729  Q21s =  -0.602961
                   Q22c =  -0.226840  Q22s =   0.349767

C          x = -1.491776  y = -1.653014  z = -2.982826 angstrom
           Maximum rank =  2   Radius =  0.650 angstrom
                   Q00  =   0.732233
|Q1| =   0.688380  Q10  =  -0.006141  Q11c =   0.483608  Q11s =  -0.489849
|Q2| =   0.857948  Q20  =  -0.359102  Q21c =   0.043050  Q21s =   0.018870
                   Q22c =   0.377919  Q22s =   0.679770

C          x = -0.897742  y =  1.059673  z =  2.910438 angstrom
           Maximum rank =  2   Radius =  0.650 angstrom
                   Q00  =   0.015555
|Q1| =   0.226373  Q10  =  -0.143355  Q11c =   0.167370  Q11s =  -0.051783
|Q2| =   0.739349  Q20  =  -0.055580  Q21c =   0.404063  Q21s =  -0.406769
                   Q22c =  -0.292201  Q22s =   0.359776

C          x = -0.676336  y = -0.951895  z =  0.196211 angstrom
           Maximum rank =  2   Radius =  0.650 angstrom
                   Q00  =   0.750337
|Q1| =   0.657503  Q10  =   0.139737  Q11c =   0.633084  Q11s =  -0.109492
|Q2| =   0.792493  Q20  =  -0.183838  Q21c =  -0.106151  Q21s =  -0.193343
                   Q22c =  -0.411057  Q22s =   0.613703

C          x = -1.750086  y = -1.822056  z =  0.296138 angstrom
           Maximum rank =  2   Radius =  0.650 angstrom
                   Q00  =   0.353115
|Q1| =   0.627033  Q10  =   0.073133  Q11c =   0.600126  Q11s =  -0.166346
|Q2| =   0.749167  Q20  =  -0.288455  Q21c =   0.550776  Q21s =  -0.225172
                   Q22c =   0.351590  Q22s =  -0.019314

C          x = -1.371914  y = -0.153381  z =  3.383915 angstrom
           Maximum rank =  2   Radius =  0.650 angstrom
                   Q00  =   0.020605
|Q1| =   0.210687  Q10  =  -0.138556  Q11c =   0.156107  Q11s =  -0.028671
|Q2| =   0.839358  Q20  =  -0.041035  Q21c =   0.537407  Q21s =  -0.328046
                   Q22c =  -0.239240  Q22s =   0.499182

C          x = -2.870527  y = -1.782094  z = -3.025710 angstrom
           Maximum rank =  2   Radius =  0.650 angstrom
                   Q00  =   0.328743
|Q1| =   0.643437  Q10  =  -0.021766  Q11c =   0.426793  Q11s =  -0.481025
|Q2| =   0.886429  Q20  =  -0.769725  Q21c =   0.079329  Q21s =   0.001976
                   Q22c =  -0.087564  Q22s =  -0.423456

C          x = -1.555980  y = -3.086350  z =  0.848261 angstrom
           Maximum rank =  2   Radius =  0.650 angstrom
                   Q00  =   0.351794
|Q1| =   0.616756  Q10  =  -0.097214  Q11c =   0.462559  Q11s =   0.396202
|Q2| =   0.824199  Q20  =  -0.459583  Q21c =   0.143816  Q21s =  -0.221695
                   Q22c =   0.138751  Q22s =   0.615632

C          x = -3.435303  y = -3.055834  z = -3.073918 angstrom
           Maximum rank =  2   Radius =  0.650 angstrom
                   Q00  =   0.341973
|Q1| =   0.609616  Q10  =   0.011440  Q11c =   0.606025  Q11s =   0.065075
|Q2| =   0.899160  Q20  =  -0.678857  Q21c =   0.081363  Q21s =   0.024841
                   Q22c =   0.569578  Q22s =   0.126436

C          x = -0.713641  y = -0.777714  z =  4.441211 angstrom
           Maximum rank =  2   Radius =  0.650 angstrom
                   Q00  =  -0.015737
|Q1| =   0.116532  Q10  =  -0.105125  Q11c =   0.022174  Q11s =   0.045130
|Q2| =   1.091178  Q20  =  -0.029442  Q21c =   0.671484  Q21s =  -0.552030
                   Q22c =  -0.224527  Q22s =   0.619486

C          x = -2.623493  y = -4.188339  z = -3.086291 angstrom
           Maximum rank =  2   Radius =  0.650 angstrom
                   Q00  =   0.343400
|Q1| =   0.604224  Q10  =   0.023214  Q11c =   0.254253  Q11s =   0.547634
|Q2| =   0.896094  Q20  =  -0.674156  Q21c =   0.048486  Q21s =   0.079828
                   Q22c =  -0.378469  Q22s =   0.443322

C          x =  0.404035  y = -0.188552  z =  5.028492 angstrom
           Maximum rank =  2   Radius =  0.650 angstrom
                   Q00  =  -0.027826
|Q1| =   0.091251  Q10  =  -0.076205  Q11c =  -0.036037  Q11s =   0.034941
|Q2| =   1.219983  Q20  =  -0.031801  Q21c =   0.847912  Q21s =  -0.678811
                   Q22c =  -0.154526  Q22s =   0.532663

C          x = -0.297196  y = -3.474488  z =  1.302278 angstrom
           Maximum rank =  2   Radius =  0.650 angstrom
                   Q00  =   0.345353
|Q1| =   0.615192  Q10  =  -0.255682  Q11c =  -0.076205  Q11s =   0.554330
|Q2| =   0.871881  Q20  =  -0.422062  Q21c =   0.183466  Q21s =  -0.594149
                   Q22c =  -0.434937  Q22s =  -0.078723

C          x =  0.782674  y = -2.603636  z =  1.214778 angstrom
           Maximum rank =  2   Radius =  0.650 angstrom
                   Q00  =   0.354919
|Q1| =   0.626662  Q10  =  -0.237532  Q11c =  -0.523815  Q11s =   0.248799
|Q2| =   0.805289  Q20  =  -0.488114  Q21c =   0.388120  Q21s =  -0.342121
                   Q22c =   0.346684  Q22s =  -0.149534

C          x =  0.873150  y =  1.038609  z =  4.574418 angstrom
           Maximum rank =  2   Radius =  0.650 angstrom
                   Q00  =  -0.016198
|Q1| =   0.124504  Q10  =  -0.098597  Q11c =  -0.075609  Q11s =   0.007944
|Q2| =   1.183454  Q20  =  -0.075768  Q21c =   0.821797  Q21s =  -0.573151
                   Q22c =  -0.149042  Q22s =   0.607253

C          x = -1.238565  y = -4.064168  z = -3.059513 angstrom
           Maximum rank =  2   Radius =  0.650 angstrom
                   Q00  =   0.357164
|Q1| =   0.614862  Q10  =   0.016835  Q11c =  -0.282710  Q11s =   0.545753
|Q2| =   0.815184  Q20  =  -0.686962  Q21c =   0.010309  Q21s =   0.071696
                   Q22c =  -0.141282  Q22s =  -0.409146

H          x = -0.612305  y = -4.947699  z = -3.077390 angstrom
           Maximum rank =  2   Radius =  0.350 angstrom
                   Q00  =   0.070475
|Q1| =   0.130021  Q10  =   0.014670  Q11c =  -0.051064  Q11s =   0.118670
|Q2| =   0.138619  Q20  =  -0.112818  Q21c =   0.004372  Q21s =   0.002755
                   Q22c =  -0.015381  Q22s =  -0.078892

H          x =  1.732465  y =  1.502151  z =  5.043457 angstrom
           Maximum rank =  2   Radius =  0.350 angstrom
                   Q00  =   0.049745
|Q1| =   0.120568  Q10  =  -0.074593  Q11c =  -0.086053  Q11s =  -0.039592
|Q2| =   0.163619  Q20  =  -0.037207  Q21c =   0.110670  Q21s =  -0.011184
                   Q22c =   0.028553  Q22s =   0.110447

H          x =  1.757406  y = -2.904597  z =  1.578331 angstrom
           Maximum rank =  2   Radius =  0.350 angstrom
                   Q00  =   0.074628
|Q1| =   0.129875  Q10  =  -0.052765  Q11c =  -0.102740  Q11s =   0.059395
|Q2| =   0.121223  Q20  =  -0.066388  Q21c =   0.059441  Q21s =  -0.039284
                   Q22c =   0.068590  Q22s =  -0.022506

H          x = -0.160827  y = -4.460888  z =  1.728097 angstrom
           Maximum rank =  2   Radius =  0.350 angstrom
                   Q00  =   0.057604
|Q1| =   0.126996  Q10  =  -0.054157  Q11c =  -0.014036  Q11s =   0.114009
|Q2| =   0.150131  Q20  =  -0.064693  Q21c =   0.031285  Q21s =  -0.098637
                   Q22c =  -0.085807  Q22s =  -0.016826

H          x =  0.905185  y = -0.686951  z =  5.849003 angstrom
           Maximum rank =  2   Radius =  0.350 angstrom
                   Q00  =   0.038897
|Q1| =   0.117432  Q10  =  -0.096402  Q11c =  -0.047529  Q11s =   0.047307
|Q2| =   0.183142  Q20  =   0.038449  Q21c =   0.132900  Q21s =  -0.118384
                   Q22c =  -0.012333  Q22s =  -0.015282

H          x = -3.075248  y = -5.171800  z = -3.123996 angstrom
           Maximum rank =  2   Radius =  0.350 angstrom
                   Q00  =   0.053589
|Q1| =   0.126012  Q10  =   0.010700  Q11c =   0.055336  Q11s =   0.112705
|Q2| =   0.168009  Q20  =  -0.122803  Q21c =   0.007056  Q21s =   0.007570
                   Q22c =  -0.075218  Q22s =   0.085916

H          x = -2.388751  y = -3.774770  z =  0.916829 angstrom
           Maximum rank =  2   Radius =  0.350 angstrom
                   Q00  =   0.067609
|Q1| =   0.127038  Q10  =  -0.037166  Q11c =   0.090807  Q11s =   0.080693
|Q2| =   0.134467  Q20  =  -0.061837  Q21c =   0.027973  Q21s =  -0.019951
                   Q22c =   0.026079  Q22s =   0.111341

H          x = -4.512122  y = -3.166082  z = -3.106620 angstrom
           Maximum rank =  2   Radius =  0.350 angstrom
                   Q00  =   0.052799
|Q1| =   0.126742  Q10  =   0.009772  Q11c =   0.125338  Q11s =   0.016073
|Q2| =   0.168213  Q20  =  -0.124209  Q21c =   0.007615  Q21s =   0.007209
                   Q22c =   0.110785  Q22s =   0.022013

H          x = -1.072723  y = -1.731654  z =  4.805926 angstrom
           Maximum rank =  2   Radius =  0.350 angstrom
                   Q00  =   0.050892
|Q1| =   0.119655  Q10  =  -0.071993  Q11c =   0.043104  Q11s =   0.085302
|Q2| =   0.161843  Q20  =  -0.035511  Q21c =   0.022045  Q21s =  -0.069602
                   Q22c =  -0.096149  Q22s =   0.101769

H          x = -2.733860  y = -1.540509  z = -0.057208 angstrom
           Maximum rank =  2   Radius =  0.350 angstrom
                   Q00  =   0.095345
|Q1| =   0.130944  Q10  =  -0.013461  Q11c =   0.125128  Q11s =  -0.036170
|Q2| =   0.102516  Q20  =   0.001050  Q21c =   0.092896  Q21s =   0.011462
                   Q22c =   0.039854  Q22s =  -0.012614

H          x = -3.514721  y = -0.910023  z = -3.021953 angstrom
           Maximum rank =  2   Radius =  0.350 angstrom
                   Q00  =   0.067081
|Q1| =   0.133898  Q10  =   0.014159  Q11c =   0.099313  Q11s =  -0.088685
|Q2| =   0.133607  Q20  =  -0.104855  Q21c =   0.005004  Q21s =   0.022994
                   Q22c =  -0.036820  Q22s =  -0.070334

H          x = -2.236064  y = -0.627819  z =  2.937996 angstrom
           Maximum rank =  2   Radius =  0.350 angstrom
                   Q00  =   0.089697
|Q1| =   0.130029  Q10  =  -0.023758  Q11c =   0.127096  Q11s =   0.013774
|Q2| =   0.136806  Q20  =   0.000361  Q21c =   0.085019  Q21s =   0.079105
                   Q22c =  -0.021365  Q22s =   0.069091

C          x =  2.877791  y = -0.131598  z =  0.753385 angstrom
           Maximum rank =  2   Radius =  0.650 angstrom
                   Q00  =   0.355053
|Q1| =   0.624287  Q10  =  -0.269625  Q11c =  -0.377311  Q11s =   0.417940
|Q2| =   0.796873  Q20  =  -0.447459  Q21c =   0.339904  Q21s =  -0.487965
                   Q22c =  -0.129155  Q22s =  -0.253893

C          x =  1.403019  y =  3.941581  z =  3.148002 angstrom
           Maximum rank =  2   Radius =  0.650 angstrom
                   Q00  =  -0.015035
|Q1| =   0.120935  Q10  =  -0.062719  Q11c =  -0.080470  Q11s =  -0.064933
|Q2| =   1.140487  Q20  =  -0.193545  Q21c =   0.860090  Q21s =  -0.482909
                   Q22c =  -0.232580  Q22s =   0.486005

C          x =  1.895952  y = -3.106570  z = -3.085366 angstrom
           Maximum rank =  2   Radius =  0.650 angstrom
                   Q00  =   0.354383
|Q1| =   0.615104  Q10  =   0.016290  Q11c =  -0.067776  Q11s =   0.611141
|Q2| =   0.824106  Q20  =  -0.696348  Q21c =  -0.053428  Q21s =   0.059203
                   Q22c =  -0.432809  Q22s =   0.023813

C          x =  3.543911  y =  1.048430  z =  0.443556 angstrom
           Maximum rank =  2   Radius =  0.650 angstrom
                   Q00  =   0.343966
|Q1| =   0.612966  Q10  =  -0.116496  Q11c =  -0.599481  Q11s =  -0.052711
|Q2| =   0.878501  Q20  =  -0.543784  Q21c =   0.349025  Q21s =  -0.164427
                   Q22c =   0.553144  Q22s =   0.145739

C          x =  1.373154  y =  5.122468  z =  2.413985 angstrom
           Maximum rank =  2   Radius =  0.650 angstrom
                   Q00  =  -0.033416
|Q1| =   0.084503  Q10  =  -0.006079  Q11c =  -0.053892  Q11s =  -0.064803
|Q2| =   1.241303  Q20  =  -0.314012  Q21c =   0.875303  Q21s =  -0.493378
                   Q22c =  -0.261587  Q22s =   0.603512

C          x =  3.113959  y = -2.438746  z = -3.136785 angstrom
           Maximum rank =  2   Radius =  0.650 angstrom
                   Q00  =   0.345406
|Q1| =   0.604808  Q10  =   0.041531  Q11c =  -0.512537  Q11s =   0.318392
|Q2| =   0.879134  Q20  =  -0.656461  Q21c =  -0.099908  Q21s =   0.060708
                   Q22c =   0.258708  Q22s =  -0.511212

C          x =  2.861628  y =  2.110625  z = -0.145960 angstrom
           Maximum rank =  2   Radius =  0.650 angstrom
                   Q00  =   0.339264
|Q1| =   0.626316  Q10  =   0.137527  Q11c =  -0.316000  Q11s =  -0.522975
|Q2| =   0.878548  Q20  =  -0.550344  Q21c =  -0.012023  Q21s =  -0.404531
                   Q22c =  -0.226472  Q22s =   0.503874

C          x =  0.397195  y =  5.325248  z =  1.440260 angstrom
           Maximum rank =  2   Radius =  0.650 angstrom
                   Q00  =  -0.036503
|Q1| =   0.088160  Q10  =   0.043714  Q11c =  -0.010744  Q11s =  -0.075801
|Q2| =   1.248524  Q20  =  -0.305701  Q21c =   0.852577  Q21s =  -0.635420
                   Q22c =  -0.337420  Q22s =   0.469957

C          x =  3.155904  y = -1.046131  z = -3.128063 angstrom
           Maximum rank =  2   Radius =  0.650 angstrom
                   Q00  =   0.355136
|Q1| =   0.609884  Q10  =   0.056655  Q11c =  -0.550799  Q11s =  -0.255674
|Q2| =   0.831695  Q20  =  -0.610739  Q21c =  -0.111126  Q21s =   0.075038
                   Q22c =   0.276167  Q22s =   0.473780

C          x = -0.558109  y =  4.343191  z =  1.182042 angstrom
           Maximum rank =  2   Radius =  0.650 angstrom
                   Q00  =  -0.048799
|Q1| =   0.130013  Q10  =   0.096960  Q11c =   0.050438  Q11s =  -0.070416
|Q2| =   1.276899  Q20  =  -0.331071  Q21c =   0.927534  Q21s =  -0.631905
                   Q22c =  -0.261859  Q22s =   0.438940

C          x =  1.980798  y = -0.301138  z = -3.056668 angstrom
           Maximum rank =  2   Radius =  0.650 angstrom
                   Q00  =   0.375741
|Q1| =   0.592342  Q10  =   0.119559  Q11c =  -0.070939  Q11s =  -0.575797
|Q2| =   0.721728  Q20  =  -0.480854  Q21c =  -0.019592  Q21s =   0.258897
                   Q22c =  -0.456419  Q22s =   0.118072

C          x =  1.501499  y =  2.007604  z = -0.429526 angstrom
           Maximum rank =  2   Radius =  0.650 angstrom
                   Q00  =   0.324251
|Q1| =   0.651490  Q10  =   0.296278  Q11c =   0.248544  Q11s =  -0.524294
|Q2| =   0.842788  Q20  =  -0.520580  Q21c =   0.281862  Q21s =  -0.514160
                   Q22c =  -0.141829  Q22s =  -0.274530

H          x = -1.314575  y =  4.517299  z =  0.425104 angstrom
           Maximum rank =  2   Radius =  0.350 angstrom
                   Q00  =   0.051526
|Q1| =   0.123788  Q10  =   0.075626  Q11c =   0.082982  Q11s =  -0.052136
|Q2| =   0.150576  Q20  =   0.011023  Q21c =   0.144067  Q21s =  -0.030872
                   Q22c =   0.020340  Q22s =   0.020724

H          x =  2.033255  y =  0.779534  z = -3.047297 angstrom
           Maximum rank =  2   Radius =  0.350 angstrom
                   Q00  =   0.101881
|Q1| =   0.133006  Q10  =   0.074366  Q11c =  -0.016435  Q11s =  -0.109042
|Q2| =   0.127990  Q20  =  -0.039075  Q21c =   0.019475  Q21s =   0.085128
                   Q22c =  -0.082946  Q22s =   0.018665

H          x =  0.986770  y =  2.845718  z = -0.881794 angstrom
           Maximum rank =  2   Radius =  0.350 angstrom
                   Q00  =   0.081546
|Q1| =   0.127885  Q10  =   0.074653  Q11c =   0.032717  Q11s =  -0.098545
|Q2| =   0.100671  Q20  =  -0.049648  Q21c =   0.031303  Q21s =  -0.020706
                   Q22c =  -0.035359  Q22s =  -0.070788

H          x =  3.389570  y =  3.026827  z = -0.378305 angstrom
           Maximum rank =  2   Radius =  0.350 angstrom
                   Q00  =   0.061135
|Q1| =   0.126387  Q10  =   0.033940  Q11c =  -0.072327  Q11s =  -0.097932
|Q2| =   0.141769  Q20  =  -0.086915  Q21c =  -0.012981  Q21s =  -0.049820
                   Q22c =  -0.055462  Q22s =   0.082568

H          x =  0.378133  y =  6.254005  z =  0.883657 angstrom
           Maximum rank =  2   Radius =  0.350 angstrom
                   Q00  =   0.037005
|Q1| =   0.117217  Q10  =   0.051878  Q11c =   0.004371  Q11s =  -0.105021
|Q2| =   0.188152  Q20  =  -0.027264  Q21c =   0.058891  Q21s =  -0.139921
                   Q22c =  -0.103816  Q22s =   0.028880

H          x =  4.110033  y = -0.536633  z = -3.172852 angstrom
           Maximum rank =  2   Radius =  0.350 angstrom
                   Q00  =   0.064805
|Q1| =   0.127202  Q10  =   0.031589  Q11c =  -0.115236  Q11s =  -0.043625
|Q2| =   0.146360  Q20  =  -0.099921  Q21c =  -0.008675  Q21s =   0.027561
                   Q22c =   0.046600  Q22s =   0.091817

H          x =  4.600950  y =  1.143145  z =  0.659427 angstrom
           Maximum rank =  2   Radius =  0.350 angstrom
                   Q00  =   0.056620
|Q1| =   0.126759  Q10  =  -0.024777  Q11c =  -0.123603  Q11s =  -0.013275
|Q2| =   0.152302  Q20  =  -0.091506  Q21c =   0.058652  Q21s =  -0.016603
                   Q22c =   0.102847  Q22s =   0.023008

H          x =  2.109170  y =  5.893612  z =  2.604547 angstrom
           Maximum rank =  2   Radius =  0.350 angstrom
                   Q00  =   0.037571
|Q1| =   0.116484  Q10  =  -0.024420  Q11c =  -0.072127  Q11s =  -0.088147
|Q2| =   0.188481  Q20  =  -0.081528  Q21c =   0.082932  Q21s =  -0.004750
                   Q22c =  -0.017587  Q22s =   0.147203

H          x =  4.036327  y = -3.003552  z = -3.191800 angstrom
           Maximum rank =  2   Radius =  0.350 angstrom
                   Q00  =   0.054508
|Q1| =   0.126648  Q10  =   0.015085  Q11c =  -0.107020  Q11s =   0.066022
|Q2| =   0.163785  Q20  =  -0.120442  Q21c =  -0.010318  Q21s =   0.009414
                   Q22c =   0.050885  Q22s =  -0.097646

H          x =  3.413432  y = -0.959149  z =  1.201823 angstrom
           Maximum rank =  2   Radius =  0.350 angstrom
                   Q00  =   0.074770
|Q1| =   0.129897  Q10  =  -0.058219  Q11c =  -0.085283  Q11s =   0.078807
|Q2| =   0.120759  Q20  =  -0.058836  Q21c =   0.043943  Q21s =  -0.076127
                   Q22c =  -0.034786  Q22s =  -0.046742

H          x =  2.159036  y =  3.792685  z =  3.909195 angstrom
           Maximum rank =  2   Radius =  0.350 angstrom
                   Q00  =   0.051548
|Q1| =   0.120018  Q10  =  -0.088631  Q11c =  -0.080118  Q11s =  -0.011395
|Q2| =   0.160554  Q20  =   0.008736  Q21c =   0.146058  Q21s =  -0.061395
                   Q22c =   0.023197  Q22s =   0.007797

H          x =  1.865364  y = -4.189073  z = -3.108699 angstrom
           Maximum rank =  2   Radius =  0.350 angstrom
                   Q00  =   0.068821
|Q1| =   0.130687  Q10  =   0.013955  Q11c =  -0.023133  Q11s =   0.127864
|Q2| =   0.141055  Q20  =  -0.115656  Q21c =  -0.007663  Q21s =   0.001370
                   Q22c =  -0.078651  Q22s =   0.016543

C          x = -1.672205  y =  1.397455  z =  0.398248 angstrom
           Maximum rank =  2   Radius =  0.650 angstrom
                   Q00  =   0.040713
|Q1| =   0.140840  Q10  =   0.030795  Q11c =   0.113126  Q11s =  -0.078038
|Q2| =   0.266005  Q20  =   0.003187  Q21c =  -0.029802  Q21s =   0.160260
                   Q22c =  -0.059137  Q22s =  -0.201692

C          x = -0.883615  y =  0.364976  z = -4.323169 angstrom
           Maximum rank =  2   Radius =  0.650 angstrom
                   Q00  =   0.080323
|Q1| =   0.201908  Q10  =   0.067356  Q11c =   0.058796  Q11s =  -0.181033
|Q2| =   0.316756  Q20  =  -0.043866  Q21c =   0.062485  Q21s =  -0.199072
                   Q22c =  -0.187984  Q22s =  -0.139778

C          x = -1.036608  y =  0.626151  z = -1.854998 angstrom
           Maximum rank =  2   Radius =  0.650 angstrom
                   Q00  =   0.065598
|Q1| =   0.180890  Q10  =   0.043295  Q11c =   0.106582  Q11s =  -0.139596
|Q2| =   0.266830  Q20  =   0.142057  Q21c =   0.142895  Q21s =   0.122342
                   Q22c =  -0.064266  Q22s =  -0.107246

C          x = -2.885453  y =  2.450300  z =  2.296464 angstrom
           Maximum rank =  2   Radius =  0.650 angstrom
                   Q00  =   0.024698
|Q1| =   0.068119  Q10  =   0.012684  Q11c =   0.066321  Q11s =  -0.008991
|Q2| =   0.167017  Q20  =  -0.090902  Q21c =  -0.049684  Q21s =  -0.009872
                   Q22c =   0.107468  Q22s =  -0.074272

H          x = -3.308714  y =  3.156570  z =  1.578923 angstrom
           Maximum rank =  2   Radius =  0.350 angstrom
                   Q00  =   0.028743
|Q1| =   0.140400  Q10  =   0.049566  Q11c =   0.102014  Q11s =  -0.082756
|Q2| =   0.142526  Q20  =   0.025673  Q21c =   0.041365  Q21s =  -0.116795
                   Q22c =  -0.029675  Q22s =  -0.058497

H          x = -3.569176  y =  1.604318  z =  2.386395 angstrom
           Maximum rank =  2   Radius =  0.350 angstrom
                   Q00  =   0.032579
|Q1| =   0.138013  Q10  =  -0.021810  Q11c =   0.127696  Q11s =   0.047598
|Q2| =   0.150656  Q20  =  -0.091215  Q21c =  -0.019559  Q21s =  -0.011028
                   Q22c =  -0.054140  Q22s =   0.104603

H          x = -2.823019  y =  2.945393  z =  3.265770 angstrom
           Maximum rank =  2   Radius =  0.350 angstrom
                   Q00  =   0.044772
|Q1| =   0.133194  Q10  =  -0.097097  Q11c =   0.066102  Q11s =  -0.062797
|Q2| =   0.146635  Q20  =   0.092796  Q21c =   0.038239  Q21s =   0.105978
                   Q22c =  -0.000871  Q22s =   0.014016

Ac         x = -2.055963  y = -2.922663  z = -3.040010 angstrom
           Maximum rank =  2   Radius =  0.650 angstrom
                   Q00  =  -0.970664
|Q1| =   0.038102  Q10  =   0.002642  Q11c =   0.030720  Q11s =   0.022385
|Q2| =   0.456904  Q20  =   0.454436  Q21c =  -0.013584  Q21s =  -0.022787
                   Q22c =   0.012668  Q22s =   0.037223

A1         x = -2.076471  y = -2.953271  z = -2.040689 angstrom
           Maximum rank =  2   Radius =  0.650 angstrom
                   Q00  =  -0.703574
|Q1| =   0.204351  Q10  =  -0.144667  Q11c =   0.134975  Q11s =   0.051112
|Q2| =   0.545569  Q20  =   0.456826  Q21c =   0.243384  Q21s =   0.037295
                   Q22c =   0.091748  Q22s =   0.141105

A-1        x = -2.035455  y = -2.892054  z = -4.039332 angstrom
           Maximum rank =  2   Radius =  0.650 angstrom
                   Q00  =  -0.631036
|Q1| =   0.114310  Q10  =   0.026002  Q11c =   0.095161  Q11s =   0.057750
|Q2| =   0.623772  Q20  =   0.587297  Q21c =  -0.117290  Q21s =  -0.065614
                   Q22c =   0.070209  Q22s =   0.145539

Bc         x = -0.266258  y = -1.629249  z = -2.994874 angstrom
           Maximum rank =  2   Radius =  0.650 angstrom
                   Q00  =  -1.109441
|Q1| =   0.021637  Q10  =   0.000370  Q11c =   0.007809  Q11s =  -0.020175
|Q2| =   0.384431  Q20  =   0.378236  Q21c =   0.005685  Q21s =  -0.010382
                   Q22c =   0.055015  Q22s =   0.039469

B1         x = -0.261350  y = -1.643750  z = -1.994991 angstrom
           Maximum rank =  2   Radius =  0.650 angstrom
                   Q00  =  -0.642554
|Q1| =   0.074403  Q10  =   0.017696  Q11c =   0.071481  Q11s =  -0.010630
|Q2| =   0.498951  Q20  =   0.442392  Q21c =   0.152606  Q21s =  -0.025523
                   Q22c =   0.002972  Q22s =   0.171154

B-1        x = -0.271166  y = -1.614748  z = -3.994757 angstrom
           Maximum rank =  2   Radius =  0.650 angstrom
                   Q00  =  -0.697998
|Q1| =   0.170951  Q10  =   0.098632  Q11c =   0.045208  Q11s =  -0.132107
|Q2| =   0.460709  Q20  =   0.313297  Q21c =  -0.079855  Q21s =   0.238943
                   Q22c =   0.185054  Q22s =   0.127993

Cc         x =  1.938734  y = -1.702322  z = -3.067298 angstrom
           Maximum rank =  2   Radius =  0.650 angstrom
                   Q00  =  -0.968354
|Q1| =   0.039557  Q10  =   0.005515  Q11c =  -0.038946  Q11s =   0.004185
|Q2| =   0.455830  Q20  =   0.452421  Q21c =   0.039775  Q21s =  -0.005524
                   Q22c =   0.038464  Q22s =  -0.001881

C1         x =  1.994199  y = -1.715562  z = -2.068925 angstrom
           Maximum rank =  2   Radius =  0.650 angstrom
                   Q00  =  -0.636412
|Q1| =   0.150969  Q10  =  -0.026223  Q11c =  -0.133514  Q11s =   0.065406
|Q2| =   0.573020  Q20  =   0.527042  Q21c =  -0.147949  Q21s =   0.158471
                   Q22c =   0.053338  Q22s =   0.027048

C-1        x =  1.883268  y = -1.689081  z = -4.065671 angstrom
           Maximum rank =  2   Radius =  0.650 angstrom
                   Q00  =  -0.629651
|Q1| =   0.117201  Q10  =   0.028180  Q11c =  -0.113727  Q11s =  -0.002849
|Q2| =   0.621321  Q20  =   0.577993  Q21c =   0.156746  Q21s =   0.010201
                   Q22c =   0.164823  Q22s =   0.011183

Dc         x = -0.484940  y = -2.213433  z =  0.753411 angstrom
           Maximum rank =  2   Radius =  0.650 angstrom
                   Q00  =  -0.968416
|Q1| =   0.039619  Q10  =  -0.014102  Q11c =   0.012191  Q11s =   0.034960
|Q2| =   0.455963  Q20  =   0.333923  Q21c =  -0.166613  Q21s =   0.252370
                   Q22c =  -0.059001  Q22s =  -0.038290

D1         x = -0.701881  y = -1.849547  z =  1.659238 angstrom
           Maximum rank =  2   Radius =  0.650 angstrom
                   Q00  =  -0.734859
|Q1| =   0.252000  Q10  =  -0.221031  Q11c =   0.119482  Q11s =   0.019315
|Q2| =   0.437478  Q20  =   0.194214  Q21c =  -0.077626  Q21s =   0.296981
                   Q22c =  -0.226040  Q22s =   0.091383

D-1        x = -0.268000  y = -2.577320  z = -0.152416 angstrom
           Maximum rank =  2   Radius =  0.650 angstrom
                   Q00  =  -0.633724
|Q1| =   0.154134  Q10  =  -0.041489  Q11c =  -0.010964  Q11s =   0.148040
|Q2| =   0.608587  Q20  =   0.563938  Q21c =  -0.164241  Q21s =   0.142778
                   Q22c =  -0.000431  Q22s =   0.070648

Ec         x =  0.324258  y = -0.242389  z =  0.174382 angstrom
           Maximum rank =  2   Radius =  0.650 angstrom
                   Q00  =  -1.109041
|Q1| =   0.021512  Q10  =   0.006983  Q11c =   0.015225  Q11s =  -0.013498
|Q2| =   0.384460  Q20  =   0.271449  Q21c =  -0.159233  Q21s =   0.217602
                   Q22c =  -0.036554  Q22s =   0.009113

E1         x =  0.096461  y =  0.106800  z =  1.083324 angstrom
           Maximum rank =  2   Radius =  0.650 angstrom
                   Q00  =  -0.737353
|Q1| =   0.176214  Q10  =  -0.138321  Q11c =   0.078639  Q11s =  -0.075728
|Q2| =   0.296544  Q20  =   0.155977  Q21c =  -0.127607  Q21s =   0.167275
                   Q22c =  -0.076994  Q22s =   0.115831

E-1        x =  0.552055  y = -0.591578  z = -0.734560 angstrom
           Maximum rank =  2   Radius =  0.650 angstrom
                   Q00  =  -0.662135
|Q1| =   0.083203  Q10  =   0.036631  Q11c =  -0.009190  Q11s =  -0.074138
|Q2| =   0.485816  Q20  =   0.202062  Q21c =  -0.125770  Q21s =   0.418552
                   Q22c =  -0.018425  Q22s =   0.062012

Fc         x =  2.188828  y =  0.940127  z =  0.162877 angstrom
           Maximum rank =  2   Radius =  0.650 angstrom
                   Q00  =  -0.969888
|Q1| =   0.038827  Q10  =   0.000140  Q11c =  -0.033211  Q11s =  -0.020113
|Q2| =   0.456531  Q20  =   0.326636  Q21c =  -0.161854  Q21s =   0.272470
                   Q22c =  -0.020474  Q22s =  -0.029558

F1         x =  1.973812  y =  1.302473  z =  1.069780 angstrom
           Maximum rank =  2   Radius =  0.650 angstrom
                   Q00  =  -0.681133
|Q1| =   0.164362  Q10  =  -0.105850  Q11c =  -0.067820  Q11s =  -0.105883
|Q2| =   0.493660  Q20  =   0.298233  Q21c =  -0.304368  Q21s =   0.242561
                   Q22c =   0.052208  Q22s =   0.023584

F-1        x =  2.403844  y =  0.577780  z = -0.744027 angstrom
           Maximum rank =  2   Radius =  0.650 angstrom
                   Q00  =  -0.716826
|Q1| =   0.223057  Q10  =   0.173284  Q11c =  -0.130035  Q11s =  -0.053085
|Q2| =   0.546425  Q20  =   0.201158  Q21c =  -0.061172  Q21s =   0.479478
                   Q22c =  -0.120129  Q22s =   0.100216

Total multipoles referred to origin at
           x =   0.000000,  y =    0.000000,  z =    0.000000 angstrom
                   Q00  =   0.000126
|Q1| =   0.205117  Q10  =  -0.081354  Q11c =  -0.150985  Q11s =   0.112508
|Q2| =  22.317548  Q20  = -16.672227  Q21c =   8.703640  Q21s = -11.606063
                   Q22c =   0.965990  Q22s =   2.953406

CPU time used:     43m53.383s          Total:     43m53.383s

Finished at 11:49:19 on 25 Mar 2026 
