                                     G D M A
                                 by Anthony Stone

               Distributed Multipoles from Gaussian wavefunctions

                             version 2.3.3 (6b8e81e)
              Compiled with gfortran on 29 May 2025 at 12:54:22

Starting at 10:10:54 on 24 Mar 2026 


Using SCF density matrix from file f2-6-31+Gstar.fchk


                         Distributed Multipole Analysis

Standard DMA for products of primitives with exponent greater than 4.00000
Using 80-point Euler-MacLaurin radial quadrature
Using 590-point Lebedev quadrature
Becke smoothing parameter = 3

Positions and radii in angstrom
Multipole moments in atomic units, ea_0^k for rank k

C          x = -0.687352  y =  0.789505  z = -1.661634 angstrom
           Maximum rank =  2   Radius =  0.650 angstrom
                   Q00  =   0.329879
|Q1| =   0.726547  Q10  =   0.057730  Q11c =   0.157983  Q11s =  -0.706809
|Q2| =   0.593574  Q20  =   0.111577  Q21c =   0.010506  Q21s =   0.081049
                   Q22c =  -0.525843  Q22s =  -0.238098

C          x = -0.594254  y =  1.601641  z =  0.969218 angstrom
           Maximum rank =  2   Radius =  0.650 angstrom
                   Q00  =   0.329982
|Q1| =   0.726391  Q10  =   0.283511  Q11c =   0.474117  Q11s =  -0.471676
|Q2| =   0.592990  Q20  =   0.218725  Q21c =   0.241288  Q21s =  -0.053393
                   Q22c =  -0.033263  Q22s =  -0.491548

H          x = -2.059798  y =  2.018114  z = -0.568499 angstrom
           Maximum rank =  2   Radius =  0.350 angstrom
                   Q00  =   0.060784
|Q1| =   0.167359  Q10  =   0.019049  Q11c =   0.142845  Q11s =  -0.085097
|Q2| =   0.096444  Q20  =   0.004901  Q21c =   0.016602  Q21s =   0.060271
                   Q22c =   0.071914  Q22s =   0.014063

H          x = -0.510293  y =  2.775994  z = -0.820092 angstrom
           Maximum rank =  2   Radius =  0.350 angstrom
                   Q00  =   0.060777
|Q1| =   0.167362  Q10  =   0.051585  Q11c =  -0.012109  Q11s =  -0.158752
|Q2| =   0.096431  Q20  =   0.025989  Q21c =   0.010918  Q21s =   0.006778
                   Q22c =  -0.020073  Q22s =   0.089752

C          x =  0.666360  y =  0.076091  z = -1.630850 angstrom
           Maximum rank =  2   Radius =  0.650 angstrom
                   Q00  =   0.746456
|Q1| =   0.645632  Q10  =   0.052628  Q11c =  -0.180549  Q11s =  -0.617635
|Q2| =   0.782356  Q20  =  -0.292757  Q21c =   0.008358  Q21s =   0.137131
                   Q22c =   0.712226  Q22s =  -0.015264

C          x =  0.895984  y =  1.808975  z =  1.253214 angstrom
           Maximum rank =  2   Radius =  0.650 angstrom
                   Q00  =   0.726170
|Q1| =   0.685301  Q10  =   0.316677  Q11c =   0.161617  Q11s =  -0.585861
|Q2| =   0.860917  Q20  =  -0.410917  Q21c =  -0.012667  Q21s =   0.044217
                   Q22c =   0.328509  Q22s =   0.679921

C          x =  1.438889  y =  0.698542  z =  1.927967 angstrom
           Maximum rank =  2   Radius =  0.650 angstrom
                   Q00  =   0.743017
|Q1| =   0.649376  Q10  =  -0.311236  Q11c =  -0.342944  Q11s =   0.455205
|Q2| =   0.832941  Q20  =  -0.401182  Q21c =   0.074982  Q21s =   0.087951
                   Q22c =   0.485769  Q22s =   0.532460

C          x =  0.492310  y = -1.323664  z = -1.643066 angstrom
           Maximum rank =  2   Radius =  0.650 angstrom
                   Q00  =   0.746577
|Q1| =   0.653207  Q10  =  -0.001288  Q11c =  -0.029745  Q11s =   0.652528
|Q2| =   0.834768  Q20  =  -0.380166  Q21c =  -0.025230  Q21s =  -0.002501
                   Q22c =   0.690747  Q22s =  -0.273015

C          x = -0.945528  y = -1.619176  z = -1.661634 angstrom
           Maximum rank =  2   Radius =  0.650 angstrom
                   Q00  =   0.742975
|Q1| =   0.649496  Q10  =   0.003052  Q11c =  -0.227117  Q11s =   0.608484
|Q2| =   0.833252  Q20  =  -0.373866  Q21c =   0.044844  Q21s =   0.006750
                   Q22c =   0.280220  Q22s =   0.688442

C          x =  0.376483  y = -0.297493  z =  2.113049 angstrom
           Maximum rank =  2   Radius =  0.650 angstrom
                   Q00  =   0.746585
|Q1| =   0.653145  Q10  =  -0.281160  Q11c =  -0.493087  Q11s =   0.323130
|Q2| =   0.834608  Q20  =  -0.272586  Q21c =  -0.222543  Q21s =  -0.365964
                   Q22c =  -0.400827  Q22s =   0.527400

C          x = -0.816212  y =  0.203397  z =  1.550623 angstrom
           Maximum rank =  2   Radius =  0.650 angstrom
                   Q00  =   0.746445
|Q1| =   0.645659  Q10  =   0.173783  Q11c =   0.599700  Q11s =  -0.164425
|Q2| =   0.782351  Q20  =  -0.182598  Q21c =  -0.143845  Q21s =  -0.209022
                   Q22c =  -0.221441  Q22s =   0.682138

C          x = -1.650966  y = -0.400384  z = -1.661634 angstrom
           Maximum rank =  2   Radius =  0.650 angstrom
                   Q00  =   0.726202
|Q1| =   0.685251  Q10  =   0.006235  Q11c =   0.435794  Q11s =  -0.528785
|Q2| =   0.860768  Q20  =  -0.385378  Q21c =   0.056143  Q21s =   0.019662
                   Q22c =   0.493497  Q22s =   0.587645

C          x = -3.041428  y = -0.396116  z = -1.727245 angstrom
           Maximum rank =  2   Radius =  0.650 angstrom
                   Q00  =   0.318202
|Q1| =   0.638740  Q10  =  -0.007763  Q11c =   0.375907  Q11s =  -0.516355
|Q2| =   0.930777  Q20  =  -0.814917  Q21c =   0.100068  Q21s =  -0.029801
                   Q22c =  -0.171642  Q22s =  -0.402359

C          x = -1.996499  y = -0.527261  z =  1.659543 angstrom
           Maximum rank =  2   Radius =  0.650 angstrom
                   Q00  =   0.355839
|Q1| =   0.598387  Q10  =   0.122143  Q11c =   0.548059  Q11s =  -0.206833
|Q2| =   0.755066  Q20  =  -0.227444  Q21c =   0.523085  Q21s =  -0.320792
                   Q22c =   0.363466  Q22s =  -0.098799

C          x = -3.729403  y = -1.616382  z = -1.770526 angstrom
           Maximum rank =  2   Radius =  0.650 angstrom
                   Q00  =   0.331058
|Q1| =   0.605880  Q10  =   0.020892  Q11c =   0.605481  Q11s =   0.006880
|Q2| =   0.937219  Q20  =  -0.722987  Q21c =   0.113351  Q21s =   0.010078
                   Q22c =   0.585254  Q22s =   0.014055

C          x = -1.976710  y = -1.771035  z =  2.303147 angstrom
           Maximum rank =  2   Radius =  0.650 angstrom
                   Q00  =   0.343504
|Q1| =   0.605039  Q10  =  -0.086309  Q11c =   0.499214  Q11s =   0.330770
|Q2| =   0.866813  Q20  =  -0.461928  Q21c =   0.092580  Q21s =  -0.292695
                   Q22c =   0.319656  Q22s =   0.584437

C          x = -0.786628  y = -2.274959  z =  2.843076 angstrom
           Maximum rank =  2   Radius =  0.650 angstrom
                   Q00  =   0.334566
|Q1| =   0.602342  Q10  =  -0.284460  Q11c =  -0.001090  Q11s =   0.530940
|Q2| =   0.915753  Q20  =  -0.339508  Q21c =   0.123896  Q21s =  -0.737391
                   Q22c =  -0.399296  Q22s =   0.069322

C          x = -3.026615  y = -2.828013  z = -1.753999 angstrom
           Maximum rank =  2   Radius =  0.650 angstrom
                   Q00  =   0.332705
|Q1| =   0.601472  Q10  =   0.020741  Q11c =   0.304086  Q11s =   0.518527
|Q2| =   0.932167  Q20  =  -0.718615  Q21c =   0.065896  Q21s =   0.062264
                   Q22c =  -0.290417  Q22s =   0.509869

C          x = -1.629359  y = -2.837227  z = -1.703503 angstrom
           Maximum rank =  2   Radius =  0.650 angstrom
                   Q00  =   0.345729
|Q1| =   0.611431  Q10  =   0.006063  Q11c =  -0.227003  Q11s =   0.567698
|Q2| =   0.854184  Q20  =  -0.730471  Q21c =   0.044020  Q21s =   0.037944
                   Q22c =  -0.219759  Q22s =  -0.379962

C          x =  0.397901  y = -1.538546  z =  2.755686 angstrom
           Maximum rank =  2   Radius =  0.650 angstrom
                   Q00  =   0.343266
|Q1| =   0.612045  Q10  =  -0.267133  Q11c =  -0.470484  Q11s =   0.286153
|Q2| =   0.863113  Q20  =  -0.421271  Q21c =   0.460441  Q21s =  -0.467097
                   Q22c =   0.328582  Q22s =  -0.171298

H          x =  1.317318  y = -1.925605  z =  3.188816 angstrom
           Maximum rank =  2   Radius =  0.350 angstrom
                   Q00  =   0.076477
|Q1| =   0.139245  Q10  =  -0.071123  Q11c =  -0.099155  Q11s =   0.067075
|Q2| =   0.130565  Q20  =  -0.071594  Q21c =   0.063649  Q21s =  -0.059830
                   Q22c =   0.061379  Q22s =  -0.022879

H          x = -1.088477  y = -3.780633  z = -1.698792 angstrom
           Maximum rank =  2   Radius =  0.350 angstrom
                   Q00  =   0.077931
|Q1| =   0.138512  Q10  =   0.012038  Q11c =  -0.043352  Q11s =   0.131001
|Q2| =   0.128318  Q20  =  -0.107278  Q21c =   0.008694  Q21s =  -0.004495
                   Q22c =  -0.021238  Q22s =  -0.066408

H          x = -3.571757  y = -3.768125  z = -1.787529 angstrom
           Maximum rank =  2   Radius =  0.350 angstrom
                   Q00  =   0.061832
|Q1| =   0.135407  Q10  =   0.011159  Q11c =   0.070671  Q11s =   0.114962
|Q2| =   0.157208  Q20  =  -0.121192  Q21c =   0.007408  Q21s =   0.001578
                   Q22c =  -0.051280  Q22s =   0.085674

H          x = -0.786025  y = -3.242475  z =  3.339158 angstrom
           Maximum rank =  2   Radius =  0.350 angstrom
                   Q00  =   0.062865
|Q1| =   0.135777  Q10  =  -0.069854  Q11c =   0.002052  Q11s =   0.116411
|Q2| =   0.152853  Q20  =  -0.063271  Q21c =   0.024365  Q21s =  -0.116417
                   Q22c =  -0.071296  Q22s =   0.011442

H          x = -4.815527  y = -1.622532  z = -1.820845 angstrom
           Maximum rank =  2   Radius =  0.350 angstrom
                   Q00  =   0.060985
|Q1| =   0.136172  Q10  =   0.012548  Q11c =   0.135528  Q11s =   0.004200
|Q2| =   0.158041  Q20  =  -0.122644  Q21c =   0.010489  Q21s =   0.003868
                   Q22c =   0.099047  Q22s =  -0.000273

H          x = -2.893029  y = -2.350607  z =  2.380292 angstrom
           Maximum rank =  2   Radius =  0.350 angstrom
                   Q00  =   0.072302
|Q1| =   0.135940  Q10  =  -0.039805  Q11c =   0.109343  Q11s =   0.070279
|Q2| =   0.135355  Q20  =  -0.063495  Q21c =   0.033239  Q21s =  -0.033559
                   Q22c =   0.050356  Q22s =   0.097583

H          x = -3.599098  y =  0.538562  z = -1.745846 angstrom
           Maximum rank =  2   Radius =  0.350 angstrom
                   Q00  =   0.074093
|Q1| =   0.143051  Q10  =   0.016159  Q11c =   0.094431  Q11s =  -0.106233
|Q2| =   0.122491  Q20  =  -0.100185  Q21c =   0.008172  Q21s =   0.015940
                   Q22c =  -0.045374  Q22s =  -0.050867

H          x = -2.927275  y = -0.152168  z =  1.243277 angstrom
           Maximum rank =  2   Radius =  0.350 angstrom
                   Q00  =   0.101298
|Q1| =   0.139403  Q10  =  -0.011822  Q11c =   0.126342  Q11s =  -0.057716
|Q2| =   0.112328  Q20  =   0.014013  Q21c =   0.103521  Q21s =  -0.015924
                   Q22c =   0.037842  Q22s =  -0.004361

C          x =  1.595578  y = -2.181138  z = -1.677433 angstrom
           Maximum rank =  2   Radius =  0.650 angstrom
                   Q00  =   0.343279
|Q1| =   0.612009  Q10  =   0.007098  Q11c =  -0.010855  Q11s =   0.611871
|Q2| =   0.863162  Q20  =  -0.742437  Q21c =  -0.035342  Q21s =   0.037465
                   Q22c =  -0.424031  Q22s =   0.106685

C          x =  2.779130  y =  0.691847  z =  2.323844 angstrom
           Maximum rank =  2   Radius =  0.650 angstrom
                   Q00  =   0.345739
|Q1| =   0.611440  Q10  =  -0.296603  Q11c =  -0.310533  Q11s =   0.435264
|Q2| =   0.854052  Q20  =  -0.382239  Q21c =   0.373619  Q21s =  -0.620433
                   Q22c =  -0.173670  Q22s =  -0.169139

C          x =  2.879325  y = -1.629812  z = -1.710491 angstrom
           Maximum rank =  2   Radius =  0.650 angstrom
                   Q00  =   0.334564
|Q1| =   0.602337  Q10  =   0.024900  Q11c =  -0.478838  Q11s =   0.364560
|Q2| =   0.915800  Q20  =  -0.706288  Q21c =  -0.059186  Q21s =   0.043643
                   Q22c =   0.158819  Q22s =  -0.556071

C          x =  3.572567  y =  1.809364  z =  2.047118 angstrom
           Maximum rank =  2   Radius =  0.650 angstrom
                   Q00  =   0.332699
|Q1| =   0.601501  Q10  =  -0.168116  Q11c =  -0.577466  Q11s =  -0.008521
|Q2| =   0.932179  Q20  =  -0.506360  Q21c =   0.489440  Q21s =  -0.220397
                   Q22c =   0.562426  Q22s =   0.090053

C          x =  3.054593  y = -0.240223  z = -1.718693 angstrom
           Maximum rank =  2   Radius =  0.650 angstrom
                   Q00  =   0.343550
|Q1| =   0.605033  Q10  =   0.048858  Q11c =  -0.568221  Q11s =  -0.201996
|Q2| =   0.866637  Q20  =  -0.654467  Q21c =  -0.068466  Q21s =   0.083390
                   Q22c =   0.370374  Q22s =   0.417030

C          x =  3.030002  y =  2.921418  z =  1.390464 angstrom
           Maximum rank =  2   Radius =  0.650 angstrom
                   Q00  =   0.331044
|Q1| =   0.605931  Q10  =   0.116234  Q11c =  -0.352577  Q11s =  -0.478886
|Q2| =   0.937246  Q20  =  -0.573065  Q21c =   0.048454  Q21s =  -0.384379
                   Q22c =  -0.157908  Q22s =   0.612371

C          x =  1.685923  y =  2.925298  z =  0.993377 angstrom
           Maximum rank =  2   Radius =  0.650 angstrom
                   Q00  =   0.318082
|Q1| =   0.638970  Q10  =   0.310458  Q11c =   0.183627  Q11s =  -0.527427
|Q2| =   0.930628  Q20  =  -0.502443  Q21c =   0.369697  Q21s =  -0.635293
                   Q22c =  -0.226123  Q22s =  -0.149045

C          x =  1.948028  y =  0.617639  z = -1.684229 angstrom
           Maximum rank =  2   Radius =  0.650 angstrom
                   Q00  =   0.355990
|Q1| =   0.598235  Q10  =   0.104473  Q11c =  -0.129022  Q11s =  -0.574738
|Q2| =   0.754788  Q20  =  -0.558140  Q21c =   0.008643  Q21s =   0.198737
                   Q22c =  -0.424600  Q22s =   0.195775

H          x =  1.275110  y =  3.797792  z =  0.488447 angstrom
           Maximum rank =  2   Radius =  0.350 angstrom
                   Q00  =   0.074101
|Q1| =   0.143051  Q10  =   0.052095  Q11c =   0.031828  Q11s =  -0.129370
|Q2| =   0.122477  Q20  =  -0.044798  Q21c =   0.065904  Q21s =  -0.085956
                   Q22c =  -0.018476  Q22s =  -0.030340

H          x =  2.101423  y =  1.693174  z = -1.687812 angstrom
           Maximum rank =  2   Radius =  0.350 angstrom
                   Q00  =   0.101391
|Q1| =   0.139421  Q10  =   0.063491  Q11c =  -0.030940  Q11s =  -0.120207
|Q2| =   0.112447  Q20  =  -0.039977  Q21c =   0.026194  Q21s =   0.072660
                   Q22c =  -0.065913  Q22s =   0.027131

H          x =  4.057560  y =  0.177714  z = -1.748402 angstrom
           Maximum rank =  2   Radius =  0.350 angstrom
                   Q00  =   0.072331
|Q1| =   0.135951  Q10  =   0.029983  Q11c =  -0.127511  Q11s =  -0.036396
|Q2| =   0.135315  Q20  =  -0.096253  Q21c =   0.004276  Q21s =   0.029712
                   Q22c =   0.053368  Q22s =   0.072775

H          x =  3.654657  y =  3.788670  z =  1.190675 angstrom
           Maximum rank =  2   Radius =  0.350 angstrom
                   Q00  =   0.060992
|Q1| =   0.136174  Q10  =   0.017964  Q11c =  -0.079211  Q11s =  -0.109298
|Q2| =   0.158018  Q20  =  -0.092309  Q21c =   0.004485  Q21s =  -0.072005
                   Q22c =  -0.024788  Q22s =   0.103099

H          x =  3.747675  y = -2.283623  z = -1.736631 angstrom
           Maximum rank =  2   Radius =  0.350 angstrom
                   Q00  =   0.062866
|Q1| =   0.135781  Q10  =   0.012555  Q11c =  -0.108018  Q11s =   0.081308
|Q2| =   0.152840  Q20  =  -0.118648  Q21c =   0.000542  Q21s =   0.003595
                   Q22c =   0.027106  Q22s =  -0.092383

H          x =  4.616812  y =  1.818263  z =  2.349750 angstrom
           Maximum rank =  2   Radius =  0.350 angstrom
                   Q00  =   0.061842
|Q1| =   0.135407  Q10  =  -0.042310  Q11c =  -0.128425  Q11s =  -0.007215
|Q2| =   0.157178  Q20  =  -0.089533  Q21c =   0.076185  Q21s =  -0.037509
                   Q22c =   0.096932  Q22s =   0.009054

H          x =  1.462015  y = -3.260410  z = -1.686087 angstrom
           Maximum rank =  2   Radius =  0.350 angstrom
                   Q00  =   0.076471
|Q1| =   0.139250  Q10  =   0.011636  Q11c =  -0.010927  Q11s =   0.138332
|Q2| =   0.130562  Q20  =  -0.110228  Q21c =  -0.004783  Q21s =  -0.003829
                   Q22c =  -0.061800  Q22s =   0.032242

H          x =  3.203406  y = -0.165653  z =  2.840826 angstrom
           Maximum rank =  2   Radius =  0.350 angstrom
                   Q00  =   0.077942
|Q1| =   0.138515  Q10  =  -0.075738  Q11c =  -0.074497  Q11s =   0.088885
|Q2| =   0.128284  Q20  =  -0.062801  Q21c =   0.044336  Q21s =  -0.091979
                   Q22c =  -0.039031  Q22s =  -0.023742

C          x = -0.833656  y =  1.549978  z = -3.009753 angstrom
           Maximum rank =  2   Radius =  0.650 angstrom
                   Q00  =   0.058834
|Q1| =   0.199742  Q10  =   0.074409  Q11c =   0.038963  Q11s =  -0.181223
|Q2| =   0.312729  Q20  =  -0.039445  Q21c =   0.039609  Q21s =  -0.205876
                   Q22c =  -0.207291  Q22s =  -0.096540

H          x = -0.721364  y =  0.864200  z = -3.855764 angstrom
           Maximum rank =  2   Radius =  0.350 angstrom
                   Q00  =   0.110551
|Q1| =   0.164341  Q10  =   0.153354  Q11c =   0.015077  Q11s =  -0.057123
|Q2| =   0.160353  Q20  =  -0.015099  Q21c =  -0.015884  Q21s =   0.096554
                   Q22c =  -0.118065  Q22s =  -0.044395

H          x = -1.819625  y =  2.025151  z = -3.082674 angstrom
           Maximum rank =  2   Radius =  0.350 angstrom
                   Q00  =   0.042752
|Q1| =   0.151077  Q10  =   0.059785  Q11c =   0.099954  Q11s =  -0.096225
|Q2| =   0.124901  Q20  =  -0.059295  Q21c =  -0.001185  Q21s =  -0.017237
                   Q22c =   0.080286  Q22s =  -0.073075

H          x = -0.070616  y =  2.332237  z = -3.097737 angstrom
           Maximum rank =  2   Radius =  0.350 angstrom
                   Q00  =   0.045682
|Q1| =   0.149346  Q10  =   0.065098  Q11c =  -0.052268  Q11s =  -0.123833
|Q2| =   0.131368  Q20  =  -0.060656  Q21c =   0.015259  Q21s =  -0.010925
                   Q22c =   0.019933  Q22s =   0.113264

C          x = -0.979290  y =  1.826792  z = -0.529111 angstrom
           Maximum rank =  2   Radius =  0.650 angstrom
                   Q00  =   0.053334
|Q1| =   0.162303  Q10  =   0.040201  Q11c =   0.074385  Q11s =  -0.138539
|Q2| =   0.260415  Q20  =   0.136856  Q21c =   0.134729  Q21s =   0.103894
                   Q22c =  -0.110605  Q22s =  -0.088924

C          x = -1.408639  y =  2.634798  z =  1.797704 angstrom
           Maximum rank =  2   Radius =  0.650 angstrom
                   Q00  =   0.058788
|Q1| =   0.199706  Q10  =   0.020106  Q11c =   0.135858  Q11s =  -0.144985
|Q2| =   0.312912  Q20  =  -0.132732  Q21c =   0.003394  Q21s =  -0.001208
                   Q22c =  -0.026123  Q22s =  -0.282136

H          x = -1.223557  y =  3.654190  z =  1.437382 angstrom
           Maximum rank =  2   Radius =  0.350 angstrom
                   Q00  =   0.042750
|Q1| =   0.151073  Q10  =   0.010853  Q11c =   0.030648  Q11s =  -0.147533
|Q2| =   0.124911  Q20  =  -0.046219  Q21c =  -0.032553  Q21s =  -0.065345
                   Q22c =  -0.079649  Q22s =   0.042341

H          x = -2.483496  y =  2.434488  z =  1.717358 angstrom
           Maximum rank =  2   Radius =  0.350 angstrom
                   Q00  =   0.045678
|Q1| =   0.149344  Q10  =  -0.016657  Q11c =   0.141903  Q11s =  -0.043469
|Q2| =   0.131372  Q20  =  -0.072996  Q21c =   0.021517  Q21s =   0.021999
                   Q22c =   0.084822  Q22s =   0.061550

H          x = -1.129258  y =  2.590165  z =  2.855339 angstrom
           Maximum rank =  2   Radius =  0.350 angstrom
                   Q00  =   0.110526
|Q1| =   0.164328  Q10  =  -0.107026  Q11c =   0.070574  Q11s =  -0.102802
|Q2| =   0.160352  Q20  =   0.077973  Q21c =   0.104785  Q21s =  -0.061920
                   Q22c =   0.014344  Q22s =  -0.067922

Ac         x = -2.337216  y = -1.616216  z = -1.713089 angstrom
           Maximum rank =  2   Radius =  0.650 angstrom
                   Q00  =  -0.966399
|Q1| =   0.038929  Q10  =   0.002864  Q11c =   0.033476  Q11s =   0.019663
|Q2| =   0.469924  Q20  =   0.467153  Q21c =  -0.030019  Q21s =  -0.009805
                   Q22c =   0.020534  Q22s =   0.034321

A1         x = -2.377170  y = -1.630600  z = -0.713992 angstrom
           Maximum rank =  2   Radius =  0.650 angstrom
                   Q00  =  -0.690824
|Q1| =   0.199608  Q10  =  -0.138722  Q11c =   0.139978  Q11s =   0.031712
|Q2| =   0.546872  Q20  =   0.470978  Q21c =   0.223925  Q21s =   0.010158
                   Q22c =   0.108062  Q22s =   0.123798

A-1        x = -2.297261  y = -1.601831  z = -2.712187 angstrom
           Maximum rank =  2   Radius =  0.650 angstrom
                   Q00  =  -0.622477
|Q1| =   0.116948  Q10  =   0.032420  Q11c =   0.101012  Q11s =   0.049217
|Q2| =   0.614555  Q20  =   0.571410  Q21c =  -0.148363  Q21s =  -0.041718
                   Q22c =   0.100245  Q22s =   0.131784

Bc         x = -0.425035  y = -0.495525  z = -1.651763 angstrom
           Maximum rank =  2   Radius =  0.650 angstrom
                   Q00  =  -1.107867
|Q1| =   0.021839  Q10  =   0.000756  Q11c =   0.005845  Q11s =  -0.021029
|Q2| =   0.393530  Q20  =   0.387588  Q21c =  -0.005820  Q21s =   0.000269
                   Q22c =   0.061776  Q22s =   0.028124

B1         x = -0.438100  y = -0.496105  z = -0.651848 angstrom
           Maximum rank =  2   Radius =  0.650 angstrom
                   Q00  =  -0.644883
|Q1| =   0.072686  Q10  =   0.006303  Q11c =   0.070289  Q11s =  -0.017405
|Q2| =   0.497951  Q20  =   0.446287  Q21c =   0.143148  Q21s =  -0.016833
                   Q22c =   0.048543  Q22s =   0.160163

B-1        x = -0.411970  y = -0.494945  z = -2.651677 angstrom
           Maximum rank =  2   Radius =  0.650 angstrom
                   Q00  =  -0.688792
|Q1| =   0.165020  Q10  =   0.100206  Q11c =   0.028788  Q11s =  -0.127912
|Q2| =   0.456518  Q20  =   0.307680  Q21c =  -0.061443  Q21s =   0.248885
                   Q22c =   0.201849  Q22s =   0.085321

Cc         x =  1.772698  y = -0.780184  z = -1.677460 angstrom
           Maximum rank =  2   Radius =  0.650 angstrom
                   Q00  =  -0.964218
|Q1| =   0.040190  Q10  =   0.004266  Q11c =  -0.039185  Q11s =   0.007846
|Q2| =   0.469016  Q20  =   0.466844  Q21c =   0.023639  Q21s =   0.002910
                   Q22c =   0.037318  Q22s =  -0.008488

C1         x =  1.804820  y = -0.783089  z = -0.677980 angstrom
           Maximum rank =  2   Radius =  0.650 angstrom
                   Q00  =  -0.622831
|Q1| =   0.146666  Q10  =  -0.019855  Q11c =  -0.124415  Q11s =   0.075083
|Q2| =   0.591009  Q20  =   0.540655  Q21c =  -0.137871  Q21s =   0.182796
                   Q22c =   0.067080  Q22s =   0.007820

C-1        x =  1.740577  y = -0.777279  z = -2.676939 angstrom
           Maximum rank =  2   Radius =  0.650 angstrom
                   Q00  =  -0.621617
|Q1| =   0.119769  Q10  =   0.031765  Q11c =  -0.115201  Q11s =   0.008028
|Q2| =   0.613363  Q20  =   0.571531  Q21c =   0.150114  Q21s =   0.012720
                   Q22c =   0.162524  Q22s =  -0.021354

Dc         x = -0.800277  y = -1.034316  z =  2.204187 angstrom
           Maximum rank =  2   Radius =  0.650 angstrom
                   Q00  =  -0.964219
|Q1| =   0.040191  Q10  =  -0.015941  Q11c =   0.017610  Q11s =   0.032420
|Q2| =   0.469017  Q20  =   0.296902  Q21c =  -0.163224  Q21s =   0.310256
                   Q22c =  -0.081970  Q22s =  -0.046970

D1         x = -1.009772  y = -0.585279  z =  3.072793 angstrom
           Maximum rank =  2   Radius =  0.650 angstrom
                   Q00  =  -0.621616
|Q1| =   0.119770  Q10  =  -0.057399  Q11c =   0.067857  Q11s =   0.080284
|Q2| =   0.613375  Q20  =   0.316547  Q21c =  -0.181148  Q21s =   0.446421
                   Q22c =  -0.204450  Q22s =   0.046060

D-1        x = -0.590782  y = -1.483353  z =  1.335580 angstrom
           Maximum rank =  2   Radius =  0.650 angstrom
                   Q00  =  -0.622808
|Q1| =   0.146577  Q10  =  -0.042530  Q11c =   0.009264  Q11s =   0.139965
|Q2| =   0.591187  Q20  =   0.510436  Q21c =  -0.185902  Q21s =   0.230022
                   Q22c =  -0.009540  Q22s =   0.037370

Ec         x =  0.260178  y =  0.803012  z =  1.562814 angstrom
           Maximum rank =  2   Radius =  0.650 angstrom
                   Q00  =  -1.107870
|Q1| =   0.021842  Q10  =   0.009543  Q11c =   0.013215  Q11s =  -0.014539
|Q2| =   0.393532  Q20  =   0.244687  Q21c =  -0.162911  Q21s =   0.258811
                   Q22c =  -0.038109  Q22s =  -0.004542

E1         x =  0.026115  y =  1.215819  z =  2.443044 angstrom
           Maximum rank =  2   Radius =  0.650 angstrom
                   Q00  =  -0.688736
|Q1| =   0.164931  Q10  =  -0.027319  Q11c =   0.105913  Q11s =  -0.123444
|Q2| =   0.456604  Q20  =   0.346206  Q21c =  -0.080663  Q21s =   0.146284
                   Q22c =  -0.000378  Q22s =   0.246421

E-1        x =  0.494241  y =  0.390204  z =  0.682584 angstrom
           Maximum rank =  2   Radius =  0.650 angstrom
                   Q00  =  -0.644962
|Q1| =   0.072724  Q10  =   0.017849  Q11c =  -0.025789  Q11s =  -0.065614
|Q2| =   0.498006  Q20  =   0.200295  Q21c =  -0.094410  Q21s =   0.445462
                   Q22c =  -0.001897  Q22s =   0.023224

Fc         x =  2.233748  y =  1.809240  z =  1.655997 angstrom
           Maximum rank =  2   Radius =  0.650 angstrom
                   Q00  =  -0.966397
|Q1| =   0.038930  Q10  =  -0.003217  Q11c =  -0.034181  Q11s =  -0.018353
|Q2| =   0.469924  Q20  =   0.302222  Q21c =  -0.190179  Q21s =   0.299993
                   Q22c =  -0.017034  Q22s =  -0.055103

F1         x =  1.973627  y =  2.207095  z =  2.535797 angstrom
           Maximum rank =  2   Radius =  0.650 angstrom
                   Q00  =  -0.622488
|Q1| =   0.116941  Q10  =  -0.026327  Q11c =  -0.089847  Q11s =  -0.070069
|Q2| =   0.614544  Q20  =   0.365938  Q21c =  -0.341455  Q21s =   0.347969
                   Q22c =   0.077874  Q22s =   0.003926

F-1        x =  2.493870  y =  1.411384  z =  0.776197 angstrom
           Maximum rank =  2   Radius =  0.650 angstrom
                   Q00  =  -0.691119
|Q1| =   0.199978  Q10  =   0.140497  Q11c =  -0.137627  Q11s =  -0.036200
|Q2| =   0.547023  Q20  =   0.205296  Q21c =  -0.071251  Q21s =   0.488261
                   Q22c =  -0.091341  Q22s =   0.072593

Total multipoles referred to origin at
           x =   0.000000,  y =    0.000000,  z =    0.000000 angstrom
                   Q00  =   0.000156
|Q1| =   0.232609  Q10  =  -0.057178  Q11c =  -0.106197  Q11s =   0.198896
|Q2| =  17.698250  Q20  = -15.975961  Q21c =   3.041943  Q21s =  -6.979001
                   Q22c =   0.074390  Q22s =  -0.176924

CPU time used:      7m25.115s          Total:      7m25.115s

Finished at 10:18:20 on 24 Mar 2026 
