                                     G D M A
                                 by Anthony Stone

               Distributed Multipoles from Gaussian wavefunctions

                             version 2.3.3 (6b8e81e)
              Compiled with gfortran on 29 May 2025 at 12:54:22

Starting at 10:21:07 on 21 Aug 2026 


Using SCF density matrix from file f2.fchk


                         Distributed Multipole Analysis

Standard DMA for products of primitives with exponent greater than 4.00000
Using 80-point Euler-MacLaurin radial quadrature
Using 590-point Lebedev quadrature
Becke smoothing parameter = 3

Positions and radii in angstrom
Multipole moments in atomic units, ea_0^k for rank k

C          x =  0.560542  y = -1.178235  z =  1.504658 angstrom
           Maximum rank =  2   Radius =  0.650 angstrom
                   Q00  =   0.328867
|Q1| =   0.738466  Q10  =  -0.054918  Q11c =  -0.062584  Q11s =   0.733757
|Q2| =   0.576727  Q20  =   0.135815  Q21c =   0.054854  Q21s =   0.045436
                   Q22c =  -0.550135  Q22s =  -0.080296

C          x =  0.270168  y = -1.601575  z = -1.152579 angstrom
           Maximum rank =  2   Radius =  0.650 angstrom
                   Q00  =   0.328825
|Q1| =   0.738518  Q10  =  -0.119246  Q11c =  -0.348016  Q11s =   0.640371
|Q2| =   0.576894  Q20  =   0.160504  Q21c =   0.139732  Q21s =  -0.049194
                   Q22c =  -0.293140  Q22s =  -0.446283

H          x =  1.657849  y = -2.517759  z =  0.234707 angstrom
           Maximum rank =  2   Radius =  0.350 angstrom
                   Q00  =   0.060893
|Q1| =   0.160612  Q10  =  -0.002329  Q11c =  -0.120210  Q11s =   0.106492
|Q2| =   0.081900  Q20  =  -0.009764  Q21c =   0.015942  Q21s =   0.032924
                   Q22c =   0.063947  Q22s =  -0.034423

H          x = -0.012789  y = -2.987915  z =  0.462703 angstrom
           Maximum rank =  2   Radius =  0.350 angstrom
                   Q00  =   0.060885
|Q1| =   0.160624  Q10  =  -0.030386  Q11c =   0.043074  Q11s =   0.151728
|Q2| =   0.081901  Q20  =   0.000194  Q21c =   0.014028  Q21s =  -0.016469
                   Q22c =  -0.003498  Q22s =   0.078915

C          x = -0.679028  y = -0.288783  z =  1.560269 angstrom
           Maximum rank =  2   Radius =  0.650 angstrom
                   Q00  =   0.748447
|Q1| =   0.654361  Q10  =  -0.089826  Q11c =   0.257573  Q11s =   0.594791
|Q2| =   0.787593  Q20  =  -0.270243  Q21c =   0.004656  Q21s =   0.132157
                   Q22c =   0.697184  Q22s =  -0.209089

C          x = -1.229747  y = -1.364324  z = -1.314200 angstrom
           Maximum rank =  2   Radius =  0.650 angstrom
                   Q00  =   0.726228
|Q1| =   0.688594  Q10  =  -0.152411  Q11c =  -0.020078  Q11s =   0.671214
|Q2| =   0.858031  Q20  =  -0.388004  Q21c =  -0.006951  Q21s =   0.027274
                   Q22c =   0.643962  Q22s =   0.412542

C          x = -1.489888  y = -0.022136  z = -1.649877 angstrom
           Maximum rank =  2   Radius =  0.650 angstrom
                   Q00  =   0.752751
|Q1| =   0.635667  Q10  =   0.194608  Q11c =   0.219069  Q11s =  -0.564100
|Q2| =   0.788200  Q20  =  -0.352012  Q21c =   0.020066  Q21s =   0.127507
                   Q22c =   0.673088  Q22s =   0.166251

C          x = -0.315227  y =  1.071577  z =  1.534328 angstrom
           Maximum rank =  2   Radius =  0.650 angstrom
                   Q00  =   0.746320
|Q1| =   0.651642  Q10  =  -0.011769  Q11c =  -0.054178  Q11s =  -0.649279
|Q2| =   0.816584  Q20  =  -0.362817  Q21c =  -0.074641  Q21s =  -0.002893
                   Q22c =   0.582351  Q22s =  -0.436418

C          x =  1.148149  y =  1.165760  z =  1.504658 angstrom
           Maximum rank =  2   Radius =  0.650 angstrom
                   Q00  =   0.752765
|Q1| =   0.635721  Q10  =  -0.044602  Q11c =   0.134677  Q11s =  -0.619688
|Q2| =   0.788367  Q20  =  -0.306985  Q21c =   0.025708  Q21s =  -0.089308
                   Q22c =   0.438542  Q22s =   0.571250

C          x = -0.210016  y =  0.686124  z = -1.757113 angstrom
           Maximum rank =  2   Radius =  0.650 angstrom
                   Q00  =   0.746357
|Q1| =   0.651511  Q10  =   0.156663  Q11c =   0.395595  Q11s =  -0.493384
|Q2| =   0.816300  Q20  =  -0.336696  Q21c =  -0.194018  Q21s =  -0.167558
                   Q22c =  -0.135496  Q22s =   0.684765

C          x =  0.832303  y = -0.224155  z = -1.495255 angstrom
           Maximum rank =  2   Radius =  0.650 angstrom
                   Q00  =   0.748426
|Q1| =   0.654408  Q10  =  -0.031489  Q11c =  -0.543780  Q11s =   0.362714
|Q2| =   0.787683  Q20  =  -0.219864  Q21c =  -0.056650  Q21s =  -0.132615
                   Q22c =   0.113164  Q22s =   0.733827

C          x =  1.678747  y = -0.138189  z =  1.504658 angstrom
           Maximum rank =  2   Radius =  0.650 angstrom
                   Q00  =   0.726210
|Q1| =   0.688596  Q10  =  -0.007303  Q11c =  -0.356547  Q11s =   0.589054
|Q2| =   0.858107  Q20  =  -0.381593  Q21c =   0.000169  Q21s =  -0.003662
                   Q22c =   0.637865  Q22s =   0.428777

C          x =  3.051594  y = -0.339658  z =  1.522900 angstrom
           Maximum rank =  2   Radius =  0.650 angstrom
                   Q00  =   0.316680
|Q1| =   0.628737  Q10  =   0.011131  Q11c =  -0.296503  Q11s =   0.554322
|Q2| =   0.896985  Q20  =  -0.773143  Q21c =   0.066821  Q21s =  -0.076333
                   Q22c =  -0.273559  Q22s =  -0.348862

C          x =  2.156794  y =  0.179813  z = -1.596744 angstrom
           Maximum rank =  2   Radius =  0.650 angstrom
                   Q00  =   0.372731
|Q1| =   0.593413  Q10  =   0.037786  Q11c =  -0.455837  Q11s =   0.378052
|Q2| =   0.657332  Q20  =  -0.370431  Q21c =   0.276269  Q21s =  -0.219621
                   Q22c =   0.174640  Q22s =  -0.373911

C          x =  3.902112  y =  0.772057  z =  1.512935 angstrom
           Maximum rank =  2   Radius =  0.650 angstrom
                   Q00  =   0.331323
|Q1| =   0.595725  Q10  =   0.000715  Q11c =  -0.590727  Q11s =   0.077003
|Q2| =   0.895795  Q20  =  -0.665854  Q21c =   0.057196  Q21s =  -0.017344
                   Q22c =   0.576819  Q22s =  -0.150980

C          x =  2.439763  y =  1.510750  z = -1.914954 angstrom
           Maximum rank =  2   Radius =  0.650 angstrom
                   Q00  =   0.354229
|Q1| =   0.591835  Q10  =   0.104015  Q11c =  -0.545811  Q11s =  -0.203815
|Q2| =   0.780587  Q20  =  -0.458020  Q21c =   0.018132  Q21s =  -0.196039
                   Q22c =   0.511522  Q22s =   0.314833

C          x =  1.403517  y =  2.422864  z = -2.141543 angstrom
           Maximum rank =  2   Radius =  0.650 angstrom
                   Q00  =   0.336595
|Q1| =   0.600607  Q10  =   0.145946  Q11c =  -0.123855  Q11s =  -0.569287
|Q2| =   0.869133  Q20  =  -0.549144  Q21c =  -0.047395  Q21s =  -0.425194
                   Q22c =  -0.462583  Q22s =   0.238356

C          x =  3.375195  y =  2.066830  z =  1.488123 angstrom
           Maximum rank =  2   Radius =  0.650 angstrom
                   Q00  =   0.333031
|Q1| =   0.598124  Q10  =   0.006544  Q11c =  -0.375590  Q11s =  -0.465448
|Q2| =   0.893185  Q20  =  -0.671652  Q21c =   0.047766  Q21s =   0.017846
                   Q22c =  -0.134046  Q22s =   0.571047

C          x =  1.993731  y =  2.273215  z =  1.487587 angstrom
           Maximum rank =  2   Radius =  0.650 angstrom
                   Q00  =   0.350211
|Q1| =   0.602190  Q10  =  -0.020160  Q11c =   0.129796  Q11s =  -0.587690
|Q2| =   0.764065  Q20  =  -0.621806  Q21c =   0.064063  Q21s =   0.017201
                   Q22c =  -0.309807  Q22s =  -0.311083

C          x =  0.070644  y =  2.015548  z = -2.071926 angstrom
           Maximum rank =  2   Radius =  0.650 angstrom
                   Q00  =   0.339772
|Q1| =   0.608926  Q10  =   0.120487  Q11c =   0.384495  Q11s =  -0.456549
|Q2| =   0.824656  Q20  =  -0.614451  Q21c =   0.153518  Q21s =  -0.325459
                   Q22c =   0.083992  Q22s =  -0.407383

H          x = -0.732934  y =  2.722336  z = -2.260252 angstrom
           Maximum rank =  2   Radius =  0.350 angstrom
                   Q00  =   0.078023
|Q1| =   0.137268  Q10  =   0.042729  Q11c =   0.079510  Q11s =  -0.103417
|Q2| =   0.115236  Q20  =  -0.081752  Q21c =   0.014090  Q21s =  -0.034749
                   Q22c =   0.020002  Q22s =  -0.069209

H          x =  1.588182  y =  3.280906  z =  1.469808 angstrom
           Maximum rank =  2   Radius =  0.350 angstrom
                   Q00  =   0.081496
|Q1| =   0.137434  Q10  =  -0.018085  Q11c =   0.024322  Q11s =  -0.134050
|Q2| =   0.108112  Q20  =  -0.080149  Q21c =   0.006359  Q21s =  -0.005517
                   Q22c =  -0.047178  Q22s =  -0.054475

H          x =  4.046810  y =  2.920792  z =  1.473879 angstrom
           Maximum rank =  2   Radius =  0.350 angstrom
                   Q00  =   0.062901
|Q1| =   0.132110  Q10  =  -0.008742  Q11c =  -0.085139  Q11s =  -0.100638
|Q2| =   0.140726  Q20  =  -0.096243  Q21c =   0.002742  Q21s =  -0.006029
                   Q22c =  -0.024916  Q22s =   0.099380

H          x =  1.639410  y =  3.456543  z = -2.379232 angstrom
           Maximum rank =  2   Radius =  0.350 angstrom
                   Q00  =   0.064369
|Q1| =   0.133032  Q10  =   0.042216  Q11c =  -0.028250  Q11s =  -0.122952
|Q2| =   0.135698  Q20  =  -0.082013  Q21c =  -0.003429  Q21s =  -0.056087
                   Q22c =  -0.082137  Q22s =   0.042236

H          x =  4.978976  y =  0.627964  z =  1.523891 angstrom
           Maximum rank =  2   Radius =  0.350 angstrom
                   Q00  =   0.060843
|Q1| =   0.131946  Q10  =  -0.008563  Q11c =  -0.130820  Q11s =   0.014923
|Q2| =   0.144833  Q20  =  -0.100769  Q21c =   0.003409  Q21s =  -0.000839
                   Q22c =   0.100258  Q22s =  -0.027539

H          x =  3.472366  y =  1.841548  z = -1.970825 angstrom
           Maximum rank =  2   Radius =  0.350 angstrom
                   Q00  =   0.076054
|Q1| =   0.134031  Q10  =   0.041491  Q11c =  -0.119576  Q11s =  -0.044096
|Q2| =   0.118546  Q20  =  -0.059607  Q21c =   0.009862  Q21s =  -0.020841
                   Q22c =   0.083994  Q22s =   0.053979

H          x =  3.467300  y = -1.344602  z =  1.533989 angstrom
           Maximum rank =  2   Radius =  0.350 angstrom
                   Q00  =   0.073138
|Q1| =   0.140394  Q10  =  -0.013851  Q11c =  -0.075094  Q11s =   0.117812
|Q2| =   0.115956  Q20  =  -0.090123  Q21c =   0.007072  Q21s =   0.005146
                   Q22c =  -0.053667  Q22s =  -0.048651

H          x =  2.966835  y = -0.515743  z = -1.401923 angstrom
           Maximum rank =  2   Radius =  0.350 angstrom
                   Q00  =   0.096422
|Q1| =   0.141727  Q10  =   0.030455  Q11c =  -0.107093  Q11s =   0.087693
|Q2| =   0.088723  Q20  =  -0.026834  Q21c =   0.054257  Q21s =  -0.025084
                   Q22c =   0.022809  Q22s =  -0.055303

C          x = -1.290937  y =  2.067986  z =  1.554606 angstrom
           Maximum rank =  2   Radius =  0.650 angstrom
                   Q00  =   0.339838
|Q1| =   0.608811  Q10  =   0.013922  Q11c =  -0.067151  Q11s =  -0.604937
|Q2| =   0.824573  Q20  =  -0.697116  Q21c =  -0.048050  Q21s =   0.018950
                   Q22c =  -0.381123  Q22s =   0.214539

C          x = -2.798791  y =  0.420885  z = -1.829496 angstrom
           Maximum rank =  2   Radius =  0.650 angstrom
                   Q00  =   0.350174
|Q1| =   0.602216  Q10  =   0.163330  Q11c =   0.207507  Q11s =  -0.541229
|Q2| =   0.764204  Q20  =  -0.547779  Q21c =   0.140840  Q21s =  -0.322126
                   Q22c =  -0.380119  Q22s =  -0.125915

C          x = -2.633437  y =  1.692920  z =  1.620440 angstrom
           Maximum rank =  2   Radius =  0.650 angstrom
                   Q00  =   0.336605
|Q1| =   0.600626  Q10  =  -0.019781  Q11c =   0.421671  Q11s =  -0.427263
|Q2| =   0.869056  Q20  =  -0.647665  Q21c =  -0.071386  Q21s =   0.050073
                   Q22c =   0.001693  Q22s =  -0.572872

C          x = -3.845427  y = -0.493191  z = -1.687903 angstrom
           Maximum rank =  2   Radius =  0.650 angstrom
                   Q00  =   0.333036
|Q1| =   0.598122  Q10  =   0.074746  Q11c =   0.567002  Q11s =  -0.175132
|Q2| =   0.893142  Q20  =  -0.622424  Q21c =   0.238663  Q21s =  -0.165378
                   Q22c =   0.478806  Q22s =  -0.311009

C          x = -2.993539  y =  0.342434  z =  1.680583 angstrom
           Maximum rank =  2   Radius =  0.650 angstrom
                   Q00  =   0.354225
|Q1| =   0.591809  Q10  =  -0.091776  Q11c =   0.574891  Q11s =   0.106373
|Q2| =   0.780618  Q20  =  -0.526089  Q21c =  -0.076287  Q21s =   0.108689
                   Q22c =   0.465037  Q22s =   0.314171

C          x = -3.585469  y = -1.831637  z = -1.378592 angstrom
           Maximum rank =  2   Radius =  0.650 angstrom
                   Q00  =   0.331328
|Q1| =   0.595725  Q10  =  -0.058900  Q11c =   0.453703  Q11s =   0.381539
|Q2| =   0.895776  Q20  =  -0.641635  Q21c =  -0.013381  Q21s =  -0.156576
                   Q22c =   0.103221  Q22s =   0.596129

C          x = -2.270607  y = -2.273807  z = -1.191414 angstrom
           Maximum rank =  2   Radius =  0.650 angstrom
                   Q00  =   0.316575
|Q1| =   0.628916  Q10  =  -0.158659  Q11c =  -0.050523  Q11s =   0.606474
|Q2| =   0.897145  Q20  =  -0.723304  Q21c =   0.099654  Q21s =  -0.311354
                   Q22c =  -0.408153  Q22s =  -0.090768

C          x = -2.014860  y = -0.654743  z =  1.657115 angstrom
           Maximum rank =  2   Radius =  0.650 angstrom
                   Q00  =   0.372715
|Q1| =   0.593311  Q10  =  -0.154500  Q11c =   0.180453  Q11s =   0.543676
|Q2| =   0.657524  Q20  =  -0.452496  Q21c =   0.067071  Q21s =   0.117644
                   Q22c =  -0.333420  Q22s =   0.313174

H          x = -2.075044  y = -3.314461  z = -0.943139 angstrom
           Maximum rank =  2   Radius =  0.350 angstrom
                   Q00  =   0.073142
|Q1| =   0.140394  Q10  =  -0.018732  Q11c =  -0.001682  Q11s =   0.139128
|Q2| =   0.115949  Q20  =  -0.077640  Q21c =   0.021005  Q21s =  -0.051652
                   Q22c =  -0.060867  Q22s =  -0.024544

H          x = -2.304554  y = -1.700370  z =  1.682926 angstrom
           Maximum rank =  2   Radius =  0.350 angstrom
                   Q00  =   0.096405
|Q1| =   0.141721  Q10  =  -0.056983  Q11c =   0.044472  Q11s =   0.121901
|Q2| =   0.088710  Q20  =  -0.039929  Q21c =   0.021993  Q21s =   0.029121
                   Q22c =  -0.052909  Q22s =   0.046305

H          x = -4.041981  y =  0.064672  z =  1.729916 angstrom
           Maximum rank =  2   Radius =  0.350 angstrom
                   Q00  =   0.076042
|Q1| =   0.134030  Q10  =  -0.038377  Q11c =   0.126935  Q11s =   0.019463
|Q2| =   0.118557  Q20  =  -0.068625  Q21c =  -0.002578  Q21s =   0.019457
                   Q22c =   0.078168  Q22s =   0.053395

H          x = -4.409692  y = -2.532994  z = -1.282307 angstrom
           Maximum rank =  2   Radius =  0.350 angstrom
                   Q00  =   0.060843
|Q1| =   0.131947  Q10  =  -0.004085  Q11c =   0.101030  Q11s =   0.084772
|Q2| =   0.144829  Q20  =  -0.096219  Q21c =  -0.008493  Q21s =  -0.026587
                   Q22c =   0.017676  Q22s =   0.103082

H          x = -3.406411  y =  2.456496  z =  1.630517 angstrom
           Maximum rank =  2   Radius =  0.350 angstrom
                   Q00  =   0.064369
|Q1| =   0.133031  Q10  =  -0.014755  Q11c =   0.093057  Q11s =  -0.093914
|Q2| =   0.135702  Q20  =  -0.093946  Q21c =  -0.000499  Q21s =   0.003150
                   Q22c =   0.001563  Q22s =  -0.097861

H          x = -4.871228  y = -0.161913  z = -1.823966 angstrom
           Maximum rank =  2   Radius =  0.350 angstrom
                   Q00  =   0.062898
|Q1| =   0.132109  Q10  =   0.025744  Q11c =   0.125194  Q11s =  -0.033414
|Q2| =   0.140733  Q20  =  -0.092281  Q21c =   0.030228  Q21s =  -0.017193
                   Q22c =   0.081515  Q22s =  -0.058617

H          x = -1.012291  y =  3.117715  z =  1.520308 angstrom
           Maximum rank =  2   Radius =  0.350 angstrom
                   Q00  =   0.078022
|Q1| =   0.137270  Q10  =  -0.012327  Q11c =  -0.007818  Q11s =  -0.136491
|Q2| =   0.115228  Q20  =  -0.088683  Q21c =  -0.011126  Q21s =  -0.008321
                   Q22c =  -0.058264  Q22s =   0.042720

H          x = -3.004822  y =  1.459792  z = -2.071255 angstrom
           Maximum rank =  2   Radius =  0.350 angstrom
                   Q00  =   0.081486
|Q1| =   0.137431  Q10  =   0.049975  Q11c =   0.050845  Q11s =  -0.117493
|Q2| =   0.108136  Q20  =  -0.072701  Q21c =   0.011751  Q21s =  -0.040458
                   Q22c =  -0.065418  Q22s =  -0.018800

C          x =  0.653211  y = -2.054593  z =  2.773348 angstrom
           Maximum rank =  2   Radius =  0.650 angstrom
                   Q00  =   0.052095
|Q1| =   0.180041  Q10  =  -0.064839  Q11c =  -0.014868  Q11s =   0.167301
|Q2| =   0.298274  Q20  =  -0.045972  Q21c =   0.016620  Q21s =  -0.190114
                   Q22c =  -0.220633  Q22s =  -0.041895

H          x =  0.666039  y = -1.429302  z =  3.670869 angstrom
           Maximum rank =  2   Radius =  0.350 angstrom
                   Q00  =   0.097702
|Q1| =   0.155512  Q10  =  -0.143536  Q11c =  -0.011185  Q11s =   0.058792
|Q2| =   0.151278  Q20  =   0.017245  Q21c =   0.002181  Q21s =   0.101054
                   Q22c =  -0.111007  Q22s =  -0.006965

H          x =  1.567040  y = -2.659791  z =  2.762347 angstrom
           Maximum rank =  2   Radius =  0.350 angstrom
                   Q00  =   0.040395
|Q1| =   0.143061  Q10  =  -0.046032  Q11c =  -0.085021  Q11s =   0.105447
|Q2| =   0.132154  Q20  =  -0.066164  Q21c =  -0.008993  Q21s =  -0.016385
                   Q22c =   0.047422  Q22s =  -0.102414

H          x = -0.204175  y = -2.733731  z =  2.837656 angstrom
           Maximum rank =  2   Radius =  0.350 angstrom
                   Q00  =   0.042786
|Q1| =   0.141907  Q10  =  -0.054742  Q11c =   0.065348  Q11s =   0.113448
|Q2| =   0.135584  Q20  =  -0.067229  Q21c =   0.006920  Q21s =  -0.025215
                   Q22c =   0.037085  Q22s =   0.108648

C          x =  0.634347  y = -2.122863  z =  0.268922 angstrom
           Maximum rank =  2   Radius =  0.650 angstrom
                   Q00  =   0.064726
|Q1| =   0.199639  Q10  =  -0.024073  Q11c =  -0.056822  Q11s =   0.189862
|Q2| =   0.238277  Q20  =   0.073025  Q21c =   0.129516  Q21s =   0.031585
                   Q22c =  -0.161707  Q22s =  -0.086730

C          x =  0.753183  y = -2.651834  z = -2.177153 angstrom
           Maximum rank =  2   Radius =  0.650 angstrom
                   Q00  =   0.052109
|Q1| =   0.179989  Q10  =   0.023642  Q11c =  -0.082517  Q11s =   0.158202
|Q2| =   0.298181  Q20  =  -0.106797  Q21c =  -0.044679  Q21s =   0.089599
                   Q22c =  -0.152007  Q22s =  -0.210656

H          x =  0.313604  y = -3.633284  z = -1.965027 angstrom
           Maximum rank =  2   Radius =  0.350 angstrom
                   Q00  =   0.040398
|Q1| =   0.143059  Q10  =   0.014690  Q11c =   0.011113  Q11s =   0.141869
|Q2| =   0.132145  Q20  =  -0.064916  Q21c =  -0.032582  Q21s =  -0.029422
                   Q22c =  -0.070997  Q22s =   0.079248

H          x =  1.843661  y = -2.752614  z = -2.142794 angstrom
           Maximum rank =  2   Radius =  0.350 angstrom
                   Q00  =   0.042792
|Q1| =   0.141900  Q10  =   0.031629  Q11c =  -0.119879  Q11s =   0.069024
|Q2| =   0.135586  Q20  =  -0.076477  Q21c =   0.010656  Q21s =   0.021100
                   Q22c =   0.108926  Q22s =  -0.010539

H          x =  0.465681  y = -2.358546  z = -3.191068 angstrom
           Maximum rank =  2   Radius =  0.350 angstrom
                   Q00  =   0.097698
|Q1| =   0.155510  Q10  =   0.125120  Q11c =  -0.032228  Q11s =   0.086543
|Q2| =   0.151275  Q20  =   0.059264  Q21c =   0.070348  Q21s =  -0.084051
                   Q22c =  -0.035214  Q22s =  -0.078221

Ac         x =  1.115501  y =  1.098490  z = -1.829588 angstrom
           Maximum rank =  2   Radius =  0.650 angstrom
                   Q00  =  -0.962997
|Q1| =   0.040676  Q10  =   0.012463  Q11c =  -0.023860  Q11s =  -0.030494
|Q2| =   0.465318  Q20  =   0.426587  Q21c =  -0.017294  Q21s =   0.180031
                   Q22c =  -0.023706  Q22s =   0.035663

A1         x =  1.101260  y =  1.336638  z = -0.858464 angstrom
           Maximum rank =  2   Radius =  0.650 angstrom
                   Q00  =  -0.653293
|Q1| =   0.182444  Q10  =  -0.005566  Q11c =  -0.007048  Q11s =  -0.182223
|Q2| =   0.584489  Q20  =   0.556334  Q21c =   0.050214  Q21s =  -0.053194
                   Q22c =   0.123601  Q22s =   0.107196

A-1        x =  1.129741  y =  0.860343  z = -2.800713 angstrom
           Maximum rank =  2   Radius =  0.650 angstrom
                   Q00  =  -0.612124
|Q1| =   0.106678  Q10  =   0.005758  Q11c =  -0.072413  Q11s =  -0.078124
|Q2| =   0.656610  Q20  =   0.568841  Q21c =   0.004397  Q21s =   0.290891
                   Q22c =  -0.040517  Q22s =   0.145868

Bc         x = -0.365436  y = -0.505213  z = -1.473804 angstrom
           Maximum rank =  2   Radius =  0.650 angstrom
                   Q00  =  -1.107271
|Q1| =   0.023316  Q10  =  -0.000874  Q11c =  -0.009292  Q11s =   0.021367
|Q2| =   0.392127  Q20  =   0.347509  Q21c =  -0.040856  Q21s =   0.169738
                   Q22c =   0.016488  Q22s =   0.047416

B1         x = -0.415599  y = -0.262647  z = -0.504967 angstrom
           Maximum rank =  2   Radius =  0.650 angstrom
                   Q00  =  -0.644315
|Q1| =   0.103993  Q10  =   0.010095  Q11c =   0.058596  Q11s =   0.085318
|Q2| =   0.513134  Q20  =   0.338763  Q21c =   0.082725  Q21s =   0.345574
                   Q22c =   0.148347  Q22s =   0.016568

B-1        x = -0.315272  y = -0.747779  z = -2.442641 angstrom
           Maximum rank =  2   Radius =  0.650 angstrom
                   Q00  =  -0.668843
|Q1| =   0.145639  Q10  =   0.032639  Q11c =  -0.065470  Q11s =   0.125933
|Q2| =   0.513870  Q20  =   0.436335  Q21c =   0.059803  Q21s =  -0.034251
                   Q22c =   0.146381  Q22s =   0.217940

Cc         x = -2.536654  y = -0.927368  z = -1.508580 angstrom
           Maximum rank =  2   Radius =  0.650 angstrom
                   Q00  =  -0.965617
|Q1| =   0.040117  Q10  =   0.003091  Q11c =   0.038803  Q11s =   0.009706
|Q2| =   0.466665  Q20  =   0.425870  Q21c =  -0.049100  Q21s =   0.183525
                   Q22c =   0.017293  Q22s =   0.004524

C1         x = -2.601456  y = -0.708257  z = -0.535034 angstrom
           Maximum rank =  2   Radius =  0.650 angstrom
                   Q00  =  -0.728462
|Q1| =   0.244336  Q10  =  -0.166593  Q11c =   0.162975  Q11s =   0.073391
|Q2| =   0.609504  Q20  =   0.372932  Q21c =   0.166119  Q21s =   0.427748
                   Q22c =  -0.005128  Q22s =   0.147739

C-1        x = -2.471852  y = -1.146479  z = -2.482126 angstrom
           Maximum rank =  2   Radius =  0.650 angstrom
                   Q00  =  -0.613638
|Q1| =   0.107397  Q10  =  -0.010601  Q11c =   0.104076  Q11s =   0.024287
|Q2| =   0.658449  Q20  =   0.587870  Q21c =  -0.133002  Q21s =   0.238561
                   Q22c =   0.109055  Q22s =   0.038334

Dc         x =  2.524920  y =  0.966669  z =  1.503476 angstrom
           Maximum rank =  2   Radius =  0.650 angstrom
                   Q00  =  -0.965620
|Q1| =   0.040117  Q10  =  -0.002567  Q11c =  -0.037570  Q11s =  -0.013830
|Q2| =   0.466662  Q20  =   0.464865  Q21c =   0.001678  Q21s =   0.008226
                   Q22c =   0.029221  Q22s =   0.027375

D1         x =  2.522258  y =  0.977778  z =  2.503411 angstrom
           Maximum rank =  2   Radius =  0.650 angstrom
                   Q00  =  -0.613633
|Q1| =   0.107402  Q10  =   0.011859  Q11c =  -0.101121  Q11s =  -0.034191
|Q2| =   0.658450  Q20  =   0.639107  Q21c =  -0.069107  Q21s =   0.007413
                   Q22c =   0.111504  Q22s =   0.088514

D-1        x =  2.527582  y =  0.955559  z =  0.503541 angstrom
           Maximum rank =  2   Radius =  0.650 angstrom
                   Q00  =  -0.728600
|Q1| =   0.244476  Q10  =   0.156277  Q11c =  -0.187758  Q11s =   0.009635
|Q2| =   0.609503  Q20  =   0.482845  Q21c =   0.334678  Q21s =  -0.059597
                   Q22c =   0.147818  Q22s =   0.030722

Ec         x =  0.478636  y =  0.126426  z =  1.521713 angstrom
           Maximum rank =  2   Radius =  0.650 angstrom
                   Q00  =  -1.107276
|Q1| =   0.023317  Q10  =  -0.004685  Q11c =  -0.003819  Q11s =   0.022520
|Q2| =   0.392123  Q20  =   0.385841  Q21c =   0.017332  Q21s =  -0.000293
                   Q22c =   0.066827  Q22s =   0.011023

E1         x =  0.501381  y =  0.125152  z =  2.521454 angstrom
           Maximum rank =  2   Radius =  0.650 angstrom
                   Q00  =  -0.668843
|Q1| =   0.145672  Q10  =  -0.065042  Q11c =  -0.010996  Q11s =   0.129880
|Q2| =   0.514022  Q20  =   0.366832  Q21c =  -0.011600  Q21s =   0.284801
                   Q22c =   0.216781  Q22s =   0.037591

E-1        x =  0.455891  y =  0.127700  z =  0.521973 angstrom
           Maximum rank =  2   Radius =  0.650 angstrom
                   Q00  =  -0.644339
|Q1| =   0.104106  Q10  =  -0.025334  Q11c =  -0.094654  Q11s =   0.035169
|Q2| =   0.513212  Q20  =   0.426773  Q21c =   0.180576  Q21s =  -0.055859
                   Q22c =   0.094352  Q22s =   0.191367

Fc         x = -1.654504  y =  0.705232  z =  1.601223 angstrom
           Maximum rank =  2   Radius =  0.650 angstrom
                   Q00  =  -0.962998
|Q1| =   0.040676  Q10  =  -0.006746  Q11c =   0.037348  Q11s =  -0.014635
|Q2| =   0.465319  Q20  =   0.461356  Q21c =   0.038363  Q21s =   0.026523
                   Q22c =   0.034804  Q22s =  -0.016893

F1         x = -1.604019  y =  0.727413  z =  2.599701 angstrom
           Maximum rank =  2   Radius =  0.650 angstrom
                   Q00  =  -0.612118
|Q1| =   0.106693  Q10  =   0.007335  Q11c =   0.103368  Q11s =  -0.025389
|Q2| =   0.656602  Q20  =   0.629292  Q21c =   0.116379  Q21s =   0.028436
                   Q22c =   0.133178  Q22s =  -0.055029

F-1        x = -1.704989  y =  0.683051  z =  0.602744 angstrom
           Maximum rank =  2   Radius =  0.650 angstrom
                   Q00  =  -0.653231
|Q1| =   0.182400  Q10  =   0.046572  Q11c =   0.104025  Q11s =  -0.142406
|Q2| =   0.584679  Q20  =   0.474362  Q21c =  -0.055624  Q21s =   0.316790
                   Q22c =   0.103374  Q22s =   0.051903

Total multipoles referred to origin at
           x =   0.000000,  y =    0.000000,  z =    0.000000 angstrom
                   Q00  =  -0.000022
|Q1| =   0.200538  Q10  =   0.024370  Q11c =   0.056562  Q11s =  -0.190846
|Q2| =  17.293298  Q20  = -16.796912  Q21c =  -0.455481  Q21s =  -3.991040
                   Q22c =  -0.619854  Q22s =  -0.633888

CPU time used:      4m37.408s          Total:      4m37.408s

Finished at 10:25:45 on 21 Aug 2026 
