                                     G D M A
                                 by Anthony Stone

               Distributed Multipoles from Gaussian wavefunctions

                             version 2.3.3 (6b8e81e)
              Compiled with gfortran on 29 May 2025 at 12:54:22

Starting at 11:18:57 on 24 Mar 2026 


Using SCF density matrix from file f2-def2TZVP.fchk


                         Distributed Multipole Analysis

Standard DMA for products of primitives with exponent greater than 4.00000
Using 80-point Euler-MacLaurin radial quadrature
Using 590-point Lebedev quadrature
Becke smoothing parameter = 3

Positions and radii in angstrom
Multipole moments in atomic units, ea_0^k for rank k

C          x = -0.981130  y =  1.393024  z = -0.974243 angstrom
           Maximum rank =  2   Radius =  0.650 angstrom
                   Q00  =   0.538343
|Q1| =   0.930122  Q10  =  -0.380998  Q11c =   0.263494  Q11s =  -0.806559
|Q2| =   0.708827  Q20  =   0.350566  Q21c =   0.078396  Q21s =   0.150296
                   Q22c =  -0.453360  Q22s =  -0.381144

C          x = -0.261566  y =  1.024349  z =  1.653691 angstrom
           Maximum rank =  2   Radius =  0.650 angstrom
                   Q00  =   0.334063
|Q1| =   0.728736  Q10  =  -0.065484  Q11c =   0.487197  Q11s =  -0.537965
|Q2| =   0.606969  Q20  =   0.146098  Q21c =   0.083690  Q21s =  -0.030414
                   Q22c =  -0.044219  Q22s =  -0.580675

H          x = -1.990582  y =  1.996162  z =  0.807058 angstrom
           Maximum rank =  2   Radius =  0.350 angstrom
                   Q00  =   0.056637
|Q1| =   0.160655  Q10  =  -0.049478  Q11c =   0.130995  Q11s =  -0.078754
|Q2| =   0.099292  Q20  =   0.022569  Q21c =   0.005326  Q21s =   0.006956
                   Q22c =   0.095978  Q22s =   0.007815

H          x = -0.494022  y =  2.837291  z =  0.551383 angstrom
           Maximum rank =  2   Radius =  0.350 angstrom
                   Q00  =   0.057378
|Q1| =   0.160963  Q10  =  -0.019808  Q11c =  -0.008145  Q11s =  -0.159531
|Q2| =   0.098499  Q20  =   0.001373  Q21c =   0.056753  Q21s =  -0.019809
                   Q22c =  -0.020478  Q22s =   0.075283

C          x =  0.297818  y =  0.795035  z = -1.554721 angstrom
           Maximum rank =  2   Radius =  0.650 angstrom
                   Q00  =   0.983642
|Q1| =   0.715399  Q10  =  -0.119532  Q11c =  -0.428747  Q11s =  -0.560074
|Q2| =   0.882270  Q20  =  -0.091549  Q21c =  -0.275541  Q21s =  -0.177177
                   Q22c =   0.810355  Q22s =  -0.077646

C          x =  1.261767  y =  1.128017  z =  1.641705 angstrom
           Maximum rank =  2   Radius =  0.650 angstrom
                   Q00  =   0.732907
|Q1| =   0.688167  Q10  =  -0.007032  Q11c =   0.186610  Q11s =  -0.662346
|Q2| =   0.858030  Q20  =  -0.357756  Q21c =   0.036440  Q21s =   0.021979
                   Q22c =   0.391752  Q22s =   0.673012

C          x =  1.850396  y = -0.144163  z =  1.641705 angstrom
           Maximum rank =  2   Radius =  0.650 angstrom
                   Q00  =   0.749245
|Q1| =   0.653616  Q10  =  -0.003516  Q11c =  -0.366130  Q11s =   0.541433
|Q2| =   0.830347  Q20  =  -0.344959  Q21c =   0.014764  Q21s =   0.026937
                   Q22c =   0.561706  Q22s =   0.504007

C          x =  0.049305  y = -0.475557  z = -2.098162 angstrom
           Maximum rank =  2   Radius =  0.650 angstrom
                   Q00  =   0.650346
|Q1| =   0.650916  Q10  =   0.240363  Q11c =   0.144241  Q11s =   0.587463
|Q2| =   0.757129  Q20  =  -0.305484  Q21c =  -0.410461  Q21s =   0.098125
                   Q22c =   0.534222  Q22s =  -0.128155

C          x = -1.365110  y = -0.799815  z = -1.906963 angstrom
           Maximum rank =  2   Radius =  0.650 angstrom
                   Q00  =   0.554511
|Q1| =   0.538753  Q10  =   0.254749  Q11c =  -0.309430  Q11s =   0.360016
|Q2| =   0.845456  Q20  =  -0.480653  Q21c =   0.010682  Q21s =   0.073720
                   Q22c =   0.392331  Q22s =   0.569470

C          x =  0.785459  y = -1.148248  z =  1.641705 angstrom
           Maximum rank =  2   Radius =  0.650 angstrom
                   Q00  =   0.752254
|Q1| =   0.657340  Q10  =   0.004696  Q11c =  -0.522504  Q11s =   0.398827
|Q2| =   0.833303  Q20  =  -0.352235  Q21c =  -0.022864  Q21s =  -0.035694
                   Q22c =  -0.499319  Q22s =   0.564985

C          x = -0.454694  y = -0.489836  z =  1.640420 angstrom
           Maximum rank =  2   Radius =  0.650 angstrom
                   Q00  =   0.751942
|Q1| =   0.650388  Q10  =  -0.056701  Q11c =   0.613033  Q11s =  -0.209713
|Q2| =   0.785259  Q20  =  -0.274419  Q21c =   0.101530  Q21s =  -0.094738
                   Q22c =  -0.265944  Q22s =   0.671800

C          x = -1.981813  y =  0.272682  z = -1.247908 angstrom
           Maximum rank =  2   Radius =  0.650 angstrom
                   Q00  =   0.638692
|Q1| =   0.563320  Q10  =  -0.259383  Q11c =   0.295458  Q11s =  -0.403428
|Q2| =   0.940198  Q20  =  -0.453062  Q21c =   0.079747  Q21s =  -0.002960
                   Q22c =   0.438642  Q22s =   0.692772

C          x = -3.342222  y =  0.241390  z = -0.988023 angstrom
           Maximum rank =  2   Radius =  0.650 angstrom
                   Q00  =   0.327457
|Q1| =   0.638382  Q10  =  -0.305334  Q11c =   0.333428  Q11s =  -0.450698
|Q2| =   0.888884  Q20  =  -0.489209  Q21c =  -0.301241  Q21s =   0.618025
                   Q22c =  -0.070462  Q22s =  -0.270413

C          x = -1.627705  y = -1.224128  z =  1.713982 angstrom
           Maximum rank =  2   Radius =  0.650 angstrom
                   Q00  =   0.366131
|Q1| =   0.601433  Q10  =  -0.104388  Q11c =   0.546183  Q11s =  -0.229150
|Q2| =   0.720980  Q20  =  -0.523472  Q21c =   0.147496  Q21s =  -0.092221
                   Q22c =   0.328666  Q22s =  -0.327885

C          x = -4.083609  y = -0.876213  z = -1.368858 angstrom
           Maximum rank =  2   Radius =  0.650 angstrom
                   Q00  =   0.342017
|Q1| =   0.608562  Q10  =  -0.117431  Q11c =   0.596652  Q11s =   0.023739
|Q2| =   0.899960  Q20  =  -0.548362  Q21c =  -0.278756  Q21s =   0.219737
                   Q22c =   0.614325  Q22s =   0.076436

C          x = -1.560962  y = -2.615146  z =  1.756911 angstrom
           Maximum rank =  2   Radius =  0.650 angstrom
                   Q00  =   0.354246
|Q1| =   0.607938  Q10  =  -0.056568  Q11c =   0.494531  Q11s =   0.349038
|Q2| =   0.829846  Q20  =  -0.607170  Q21c =   0.004289  Q21s =  -0.113933
                   Q22c =   0.263133  Q22s =   0.487597

C          x = -0.329659  y = -3.266849  z =  1.736958 angstrom
           Maximum rank =  2   Radius =  0.650 angstrom
                   Q00  =   0.345897
|Q1| =   0.604267  Q10  =  -0.028746  Q11c =  -0.023593  Q11s =   0.603122
|Q2| =   0.878900  Q20  =  -0.659122  Q21c =  -0.004877  Q21s =  -0.081434
                   Q22c =  -0.574250  Q22s =  -0.040082

C          x = -3.466138  y = -1.948847  z = -2.008973 angstrom
           Maximum rank =  2   Radius =  0.650 angstrom
                   Q00  =   0.343381
|Q1| =   0.603053  Q10  =   0.163362  Q11c =   0.329204  Q11s =   0.478132
|Q2| =   0.895339  Q20  =  -0.486497  Q21c =   0.094791  Q21s =   0.486683
                   Q22c =  -0.141704  Q22s =   0.546834

C          x = -2.103579  y = -1.916398  z = -2.285797 angstrom
           Maximum rank =  2   Radius =  0.650 angstrom
                   Q00  =   0.351562
|Q1| =   0.607941  Q10  =   0.290209  Q11c =  -0.198033  Q11s =   0.496139
|Q2| =   0.817600  Q20  =  -0.357546  Q21c =  -0.294125  Q21s =   0.618211
                   Q22c =  -0.106569  Q22s =  -0.246128

C          x =  0.852580  y = -2.537454  z =  1.684621 angstrom
           Maximum rank =  2   Radius =  0.650 angstrom
                   Q00  =   0.354850
|Q1| =   0.614179  Q10  =  -0.002614  Q11c =  -0.497303  Q11s =   0.360414
|Q2| =   0.823716  Q20  =  -0.697940  Q21c =  -0.002208  Q21s =  -0.050022
                   Q22c =   0.240499  Q22s =  -0.361995

H          x =  1.808578  y = -3.046712  z =  1.685114 angstrom
           Maximum rank =  2   Radius =  0.350 angstrom
                   Q00  =   0.068937
|Q1| =   0.130275  Q10  =  -0.010631  Q11c =  -0.099573  Q11s =   0.083329
|Q2| =   0.141742  Q20  =  -0.116382  Q21c =  -0.007252  Q21s =  -0.003753
                   Q22c =   0.054284  Q22s =  -0.059435

H          x = -1.630574  y = -2.749779  z = -2.790661 angstrom
           Maximum rank =  2   Radius =  0.350 angstrom
                   Q00  =   0.069330
|Q1| =   0.129027  Q10  =   0.070273  Q11c =  -0.029902  Q11s =   0.103998
|Q2| =   0.139928  Q20  =  -0.064923  Q21c =  -0.054486  Q21s =   0.097139
                   Q22c =  -0.015223  Q22s =  -0.052235

H          x = -4.053813  y = -2.811083  z = -2.298527 angstrom
           Maximum rank =  2   Radius =  0.350 angstrom
                   Q00  =   0.053676
|Q1| =   0.125713  Q10  =   0.038235  Q11c =   0.071854  Q11s =   0.095807
|Q2| =   0.168076  Q20  =  -0.092524  Q21c =   0.017887  Q21s =   0.084632
                   Q22c =  -0.033360  Q22s =   0.105326

H          x = -0.294225  y = -4.348696  z =  1.770026 angstrom
           Maximum rank =  2   Radius =  0.350 angstrom
                   Q00  =   0.054722
|Q1| =   0.126307  Q10  =  -0.012353  Q11c =  -0.004510  Q11s =   0.125620
|Q2| =   0.164114  Q20  =  -0.120953  Q21c =   0.001692  Q21s =  -0.007272
                   Q22c =  -0.110482  Q22s =  -0.006449

H          x = -5.147417  y = -0.909770  z = -1.169090 angstrom
           Maximum rank =  2   Radius =  0.350 angstrom
                   Q00  =   0.052824
|Q1| =   0.126498  Q10  =  -0.016944  Q11c =   0.125291  Q11s =   0.004108
|Q2| =   0.168870  Q20  =  -0.097188  Q21c =  -0.058421  Q21s =   0.038948
                   Q22c =   0.117922  Q22s =   0.015358

H          x = -2.474783  y = -3.193791  z =  1.802668 angstrom
           Maximum rank =  2   Radius =  0.350 angstrom
                   Q00  =   0.064036
|Q1| =   0.126761  Q10  =  -0.030588  Q11c =   0.095529  Q11s =   0.077505
|Q2| =   0.146707  Q20  =  -0.100028  Q21c =   0.017083  Q21s =  -0.018297
                   Q22c =   0.054241  Q22s =   0.089154

H          x = -3.836709  y =  1.070268  z = -0.494176 angstrom
           Maximum rank =  2   Radius =  0.350 angstrom
                   Q00  =   0.066632
|Q1| =   0.134181  Q10  =  -0.047636  Q11c =   0.085187  Q11s =  -0.092080
|Q2| =   0.133355  Q20  =  -0.051870  Q21c =  -0.039468  Q21s =   0.106970
                   Q22c =  -0.023822  Q22s =  -0.039054

H          x = -2.592899  y = -0.734857  z =  1.728866 angstrom
           Maximum rank =  2   Radius =  0.350 angstrom
                   Q00  =   0.092262
|Q1| =   0.132985  Q10  =  -0.063306  Q11c =   0.109654  Q11s =  -0.040661
|Q2| =   0.115966  Q20  =  -0.047844  Q21c =   0.064827  Q21s =  -0.018584
                   Q22c =   0.055215  Q22s =  -0.059687

C          x =  1.062639  y = -1.188130  z = -2.731904 angstrom
           Maximum rank =  2   Radius =  0.650 angstrom
                   Q00  =   0.351714
|Q1| =   0.612480  Q10  =   0.258050  Q11c =   0.033912  Q11s =   0.554429
|Q2| =   0.827150  Q20  =  -0.400513  Q21c =  -0.113860  Q21s =   0.604287
                   Q22c =  -0.304596  Q22s =   0.229916

C          x =  3.234431  y = -0.283379  z =  1.667643 angstrom
           Maximum rank =  2   Radius =  0.650 angstrom
                   Q00  =   0.357656
|Q1| =   0.613613  Q10  =  -0.005674  Q11c =  -0.334300  Q11s =   0.514521
|Q2| =   0.810825  Q20  =  -0.682662  Q21c =   0.046062  Q21s =   0.006990
                   Q22c =  -0.279159  Q22s =  -0.333632

C          x =  2.326699  y = -0.617902  z = -2.829088 angstrom
           Maximum rank =  2   Radius =  0.650 angstrom
                   Q00  =   0.345928
|Q1| =   0.604460  Q10  =   0.283418  Q11c =  -0.440779  Q11s =   0.301264
|Q2| =   0.878342  Q20  =  -0.318062  Q21c =  -0.522448  Q21s =   0.479542
                   Q22c =   0.202494  Q22s =  -0.355536

C          x =  4.026142  y =  0.859509  z =  1.703048 angstrom
           Maximum rank =  2   Radius =  0.650 angstrom
                   Q00  =   0.344092
|Q1| =   0.604092  Q10  =  -0.014936  Q11c =  -0.601880  Q11s =   0.049443
|Q2| =   0.894155  Q20  =  -0.673591  Q21c =   0.067275  Q21s =   0.014767
                   Q22c =   0.575547  Q22s =  -0.098947

C          x =  2.570406  y =  0.651521  z = -2.309099 angstrom
           Maximum rank =  2   Radius =  0.650 angstrom
                   Q00  =   0.355205
|Q1| =   0.609241  Q10  =   0.090821  Q11c =  -0.556380  Q11s =  -0.231013
|Q2| =   0.827017  Q20  =  -0.434613  Q21c =  -0.189517  Q21s =   0.201153
                   Q22c =   0.408203  Q22s =   0.502055

C          x =  3.441948  y =  2.124416  z =  1.719996 angstrom
           Maximum rank =  2   Radius =  0.650 angstrom
                   Q00  =   0.342516
|Q1| =   0.609376  Q10  =  -0.015001  Q11c =  -0.355579  Q11s =  -0.494649
|Q2| =   0.899125  Q20  =  -0.678010  Q21c =   0.056805  Q21s =   0.074073
                   Q22c =  -0.182026  Q22s =   0.553969

C          x =  2.054930  y =  2.262733  z =  1.692088 angstrom
           Maximum rank =  2   Radius =  0.650 angstrom
                   Q00  =   0.329812
|Q1| =   0.642093  Q10  =   0.008073  Q11c =   0.207340  Q11s =  -0.607642
|Q2| =   0.885767  Q20  =  -0.767338  Q21c =   0.021647  Q21s =   0.095625
                   Q22c =  -0.317883  Q22s =  -0.291742

C          x =  1.555454  y =  1.364688  z = -1.674668 angstrom
           Maximum rank =  2   Radius =  0.650 angstrom
                   Q00  =   0.374561
|Q1| =   0.606620  Q10  =  -0.116542  Q11c =  -0.151135  Q11s =  -0.575816
|Q2| =   0.704587  Q20  =  -0.229999  Q21c =   0.030634  Q21s =   0.562218
                   Q22c =  -0.216382  Q22s =   0.282302

H          x =  1.614184  y =  3.253125  z =  1.709630 angstrom
           Maximum rank =  2   Radius =  0.350 angstrom
                   Q00  =   0.066860
|Q1| =   0.134426  Q10  =  -0.015308  Q11c =   0.029334  Q11s =  -0.130290
|Q2| =   0.132967  Q20  =  -0.106380  Q21c =   0.016203  Q21s =   0.000089
                   Q22c =  -0.042911  Q22s =  -0.065266

H          x =  1.763182  y =  2.348894  z = -1.275427 angstrom
           Maximum rank =  2   Radius =  0.350 angstrom
                   Q00  =   0.094067
|Q1| =   0.133746  Q10  =   0.014903  Q11c =  -0.023693  Q11s =  -0.130784
|Q2| =   0.114170  Q20  =   0.003988  Q21c =   0.042148  Q21s =   0.094677
                   Q22c =  -0.028751  Q22s =   0.038106

H          x =  3.557693  y =  1.087246  z = -2.395116 angstrom
           Maximum rank =  2   Radius =  0.350 angstrom
                   Q00  =   0.064382
|Q1| =   0.126928  Q10  =   0.039156  Q11c =  -0.110828  Q11s =  -0.047903
|Q2| =   0.146128  Q20  =  -0.069175  Q21c =  -0.017055  Q21s =   0.038326
                   Q22c =   0.078776  Q22s =   0.092751

H          x =  4.069882  y =  3.005849  z =  1.758639 angstrom
           Maximum rank =  2   Radius =  0.350 angstrom
                   Q00  =   0.052986
|Q1| =   0.126579  Q10  =  -0.010352  Q11c =  -0.075582  Q11s =  -0.101007
|Q2| =   0.168573  Q20  =  -0.124269  Q21c =   0.008758  Q21s =   0.006643
                   Q22c =  -0.037433  Q22s =   0.107014

H          x =  3.126124  y = -1.160085  z = -3.318680 angstrom
           Maximum rank =  2   Radius =  0.350 angstrom
                   Q00  =   0.054767
|Q1| =   0.126334  Q10  =   0.064647  Q11c =  -0.090603  Q11s =   0.059769
|Q2| =   0.163950  Q20  =  -0.062011  Q21c =  -0.092208  Q21s =   0.087189
                   Q22c =   0.040300  Q22s =  -0.072842

H          x =  5.104833  y =  0.766594  z =  1.724190 angstrom
           Maximum rank =  2   Radius =  0.350 angstrom
                   Q00  =   0.053900
|Q1| =   0.125820  Q10  =  -0.009091  Q11c =  -0.125255  Q11s =   0.007688
|Q2| =   0.167701  Q20  =  -0.122459  Q21c =   0.005078  Q21s =   0.004395
                   Q22c =   0.112513  Q22s =  -0.020575

H          x =  0.872484  y = -2.168638  z = -3.151097 angstrom
           Maximum rank =  2   Radius =  0.350 angstrom
                   Q00  =   0.067972
|Q1| =   0.129816  Q10  =   0.065459  Q11c =   0.000178  Q11s =   0.112104
|Q2| =   0.142600  Q20  =  -0.074473  Q21c =  -0.014668  Q21s =   0.094756
                   Q22c =  -0.056335  Q22s =   0.049203

H          x =  3.694024  y = -1.264141  z =  1.662584 angstrom
           Maximum rank =  2   Radius =  0.350 angstrom
                   Q00  =   0.070532
|Q1| =   0.129806  Q10  =  -0.011857  Q11c =  -0.077800  Q11s =   0.103229
|Q2| =   0.138586  Q20  =  -0.112619  Q21c =   0.001370  Q21s =   0.007455
                   Q22c =  -0.059579  Q22s =  -0.054001

C          x = -1.384849  y =  2.637864  z = -1.803402 angstrom
           Maximum rank =  2   Radius =  0.650 angstrom
                   Q00  =   0.117933
|Q1| =   0.264799  Q10  =  -0.049000  Q11c =   0.076876  Q11s =  -0.248611
|Q2| =   0.390693  Q20  =  -0.156882  Q21c =  -0.043920  Q21s =   0.052253
                   Q22c =  -0.284334  Q22s =  -0.206213

H          x = -1.503836  y =  2.377785  z = -2.855471 angstrom
           Maximum rank =  2   Radius =  0.350 angstrom
                   Q00  =   0.116839
|Q1| =   0.175000  Q10  =   0.104739  Q11c =   0.058978  Q11s =  -0.127186
|Q2| =   0.160496  Q20  =   0.078012  Q21c =   0.002711  Q21s =   0.121589
                   Q22c =  -0.065154  Q22s =  -0.025235

H          x = -2.330015  y =  3.051398  z = -1.444989 angstrom
           Maximum rank =  2   Radius =  0.350 angstrom
                   Q00  =   0.037631
|Q1| =   0.146558  Q10  =  -0.007785  Q11c =   0.100477  Q11s =  -0.106411
|Q2| =   0.135127  Q20  =  -0.048811  Q21c =  -0.077488  Q21s =   0.011038
                   Q22c =   0.073354  Q22s =  -0.066104

H          x = -0.622634  y =  3.415382  z = -1.726264 angstrom
           Maximum rank =  2   Radius =  0.350 angstrom
                   Q00  =   0.041834
|Q1| =   0.146722  Q10  =   0.016746  Q11c =  -0.037856  Q11s =  -0.140762
|Q2| =   0.138610  Q20  =  -0.077356  Q21c =   0.030564  Q21s =   0.005269
                   Q22c =   0.020454  Q22s =   0.108851

C          x = -0.947189  y =  1.842606  z =  0.517863 angstrom
           Maximum rank =  2   Radius =  0.650 angstrom
                   Q00  =   0.086077
|Q1| =   0.199221  Q10  =  -0.065102  Q11c =   0.080738  Q11s =  -0.170094
|Q2| =   0.285028  Q20  =   0.136722  Q21c =   0.136825  Q21s =   0.093665
                   Q22c =  -0.088043  Q22s =  -0.165234

C          x = -0.791229  y =  1.594964  z =  2.993069 angstrom
           Maximum rank =  2   Radius =  0.650 angstrom
                   Q00  =   0.078239
|Q1| =   0.195411  Q10  =  -0.068027  Q11c =   0.124166  Q11s =  -0.134688
|Q2| =   0.316561  Q20  =  -0.039078  Q21c =  -0.145931  Q21s =   0.153269
                   Q22c =  -0.023434  Q22s =  -0.230971

H          x = -0.611672  y =  2.670583  z =  3.053194 angstrom
           Maximum rank =  2   Radius =  0.350 angstrom
                   Q00  =   0.036917
|Q1| =   0.145717  Q10  =  -0.059243  Q11c =   0.022505  Q11s =  -0.131214
|Q2| =   0.134989  Q20  =  -0.063421  Q21c =  -0.015658  Q21s =   0.007733
                   Q22c =  -0.105424  Q22s =   0.052734

H          x = -1.865237  y =  1.423904  z =  3.086370 angstrom
           Maximum rank =  2   Radius =  0.350 angstrom
                   Q00  =   0.039471
|Q1| =   0.144571  Q10  =  -0.065286  Q11c =   0.125224  Q11s =  -0.030946
|Q2| =   0.140448  Q20  =  -0.064747  Q21c =  -0.005036  Q21s =   0.018937
                   Q22c =   0.108522  Q22s =   0.058072

H          x = -0.293671  y =  1.118675  z =  3.838193 angstrom
           Maximum rank =  2   Radius =  0.350 angstrom
                   Q00  =   0.104087
|Q1| =   0.163745  Q10  =  -0.150328  Q11c =   0.041079  Q11s =  -0.050263
|Q2| =   0.167926  Q20  =  -0.011325  Q21c =   0.075568  Q21s =  -0.073087
                   Q22c =  -0.000939  Q22s =  -0.130452

Ac         x =  2.644934  y =  0.991188  z =  1.677697 angstrom
           Maximum rank =  2   Radius =  0.650 angstrom
                   Q00  =  -0.970653
|Q1| =   0.038169  Q10  =  -0.002407  Q11c =  -0.034725  Q11s =  -0.015661
|Q2| =   0.456920  Q20  =   0.454715  Q21c =  -0.015676  Q21s =  -0.014507
                   Q22c =   0.025229  Q22s =   0.030289

A1         x =  2.668095  y =  1.010530  z =  0.678152 angstrom
           Maximum rank =  2   Radius =  0.650 angstrom
                   Q00  =  -0.699527
|Q1| =   0.199304  Q10  =   0.135343  Q11c =  -0.107336  Q11s =  -0.099415
|Q2| =   0.561857  Q20  =   0.476224  Q21c =   0.154517  Q21s =   0.194264
                   Q22c =   0.080336  Q22s =   0.144315

A-1        x =  2.621774  y =  0.971847  z =  2.677241 angstrom
           Maximum rank =  2   Radius =  0.650 angstrom
                   Q00  =  -0.630733
|Q1| =   0.114440  Q10  =  -0.025090  Q11c =  -0.097926  Q11s =  -0.053642
|Q2| =   0.624742  Q20  =   0.588386  Q21c =  -0.101636  Q21s =  -0.089121
                   Q22c =   0.086793  Q22s =   0.135274

Bc         x =  0.636272  y =  0.074024  z =  1.643844 angstrom
           Maximum rank =  2   Radius =  0.650 angstrom
                   Q00  =  -1.109624
|Q1| =   0.021387  Q10  =  -0.001215  Q11c =   0.013545  Q11s =  -0.016506
|Q2| =   0.384601  Q20  =   0.378549  Q21c =   0.003818  Q21s =  -0.001305
                   Q22c =   0.005689  Q22s =   0.067598

B1         x =  0.633883  y =  0.077135  z =  0.643852 angstrom
           Maximum rank =  2   Radius =  0.650 angstrom
                   Q00  =  -0.631576
|Q1| =   0.076848  Q10  =  -0.034560  Q11c =  -0.045993  Q11s =  -0.050949
|Q2| =   0.503302  Q20  =   0.454740  Q21c =   0.105217  Q21s =   0.092270
                   Q22c =   0.146707  Q22s =   0.073603

B-1        x =  0.638661  y =  0.070912  z =  2.643837 angstrom
           Maximum rank =  2   Radius =  0.650 angstrom
                   Q00  =  -0.693454
|Q1| =   0.167066  Q10  =  -0.096627  Q11c =   0.090610  Q11s =  -0.101803
|Q2| =   0.468171  Q20  =   0.310658  Q21c =   0.180822  Q21s =  -0.200628
                   Q22c =   0.015052  Q22s =   0.222488

Cc         x = -0.389164  y = -1.880276  z =  1.695766 angstrom
           Maximum rank =  2   Radius =  0.650 angstrom
                   Q00  =  -0.968642
|Q1| =   0.039297  Q10  =  -0.004693  Q11c =   0.015792  Q11s =   0.035677
|Q2| =   0.456057  Q20  =   0.453185  Q21c =   0.025367  Q21s =   0.022066
                   Q22c =  -0.020671  Q22s =   0.032456

C1         x = -0.417971  y = -1.915043  z =  0.696786 angstrom
           Maximum rank =  2   Radius =  0.650 angstrom
                   Q00  =  -0.637671
|Q1| =   0.140295  Q10  =   0.028205  Q11c =   0.011115  Q11s =   0.136980
|Q2| =   0.572673  Q20  =   0.525569  Q21c =   0.084816  Q21s =  -0.195863
                   Q22c =  -0.003712  Q22s =   0.078496

C-1        x = -0.360356  y = -1.845509  z =  2.694746 angstrom
           Maximum rank =  2   Radius =  0.650 angstrom
                   Q00  =  -0.629510
|Q1| =   0.116904  Q10  =  -0.026345  Q11c =   0.058378  Q11s =   0.097799
|Q2| =   0.623202  Q20  =   0.581992  Q21c =   0.102504  Q21s =   0.111976
                   Q22c =  -0.072324  Q22s =   0.146249

Dc         x =  1.310387  y =  0.088276  z = -2.199606 angstrom
           Maximum rank =  2   Radius =  0.650 angstrom
                   Q00  =  -0.966573
|Q1| =   0.042792  Q10  =   0.018207  Q11c =  -0.037996  Q11s =   0.007477
|Q2| =   0.454344  Q20  =   0.294276  Q21c =   0.160752  Q21s =  -0.290603
                   Q22c =  -0.007193  Q22s =  -0.097402

D1         x =  1.051312  y =  0.501269  z = -3.072714 angstrom
           Maximum rank =  2   Radius =  0.650 angstrom
                   Q00  =  -0.625091
|Q1| =   0.124328  Q10  =   0.056038  Q11c =  -0.110819  Q11s =   0.006017
|Q2| =   0.621147  Q20  =   0.324042  Q21c =   0.260099  Q21s =  -0.398549
                   Q22c =   0.107166  Q22s =  -0.206987

D-1        x =  1.569461  y = -0.324718  z = -1.326499 angstrom
           Maximum rank =  2   Radius =  0.650 angstrom
                   Q00  =  -0.631439
|Q1| =   0.150741  Q10  =   0.045770  Q11c =  -0.121038  Q11s =   0.077316
|Q2| =   0.592413  Q20  =   0.520685  Q21c =   0.089257  Q21s =  -0.263340
                   Q22c =   0.050133  Q22s =  -0.003483

Ec         x = -0.653955  y =  0.496296  z = -1.468758 angstrom
           Maximum rank =  2   Radius =  0.650 angstrom
                   Q00  =  -1.147463
|Q1| =   0.031461  Q10  =  -0.003679  Q11c =   0.030245  Q11s =   0.007842
|Q2| =   0.372179  Q20  =   0.238803  Q21c =   0.097168  Q21s =  -0.256396
                   Q22c =   0.025351  Q22s =  -0.075279

E1         x = -0.868749  y =  0.910473  z = -2.353246 angstrom
           Maximum rank =  2   Radius =  0.650 angstrom
                   Q00  =  -0.751399
|Q1| =   0.232054  Q10  =   0.026431  Q11c =   0.068281  Q11s =  -0.220200
|Q2| =   0.422139  Q20  =   0.365513  Q21c =   0.025852  Q21s =  -0.103096
                   Q22c =   0.176908  Q22s =   0.044815

E-1        x = -0.439161  y =  0.082118  z = -0.584269 angstrom
           Maximum rank =  2   Radius =  0.650 angstrom
                   Q00  =  -0.675006
|Q1| =   0.106844  Q10  =  -0.028444  Q11c =   0.087634  Q11s =  -0.054102
|Q2| =   0.531184  Q20  =   0.238456  Q21c =   0.341422  Q21s =  -0.322219
                   Q22c =   0.048230  Q22s =  -0.050743

Fc         x = -2.723744  y = -0.837867  z = -1.634419 angstrom
           Maximum rank =  2   Radius =  0.650 angstrom
                   Q00  =  -0.976562
|Q1| =   0.028447  Q10  =   0.003184  Q11c =   0.024531  Q11s =   0.014048
|Q2| =   0.461845  Q20  =   0.305903  Q21c =   0.140937  Q21s =  -0.309996
                   Q22c =  -0.045862  Q22s =  -0.040744

F1         x = -2.910012  y = -0.411314  z = -2.519494 angstrom
           Maximum rank =  2   Radius =  0.650 angstrom
                   Q00  =  -0.640317
|Q1| =   0.095412  Q10  =   0.025587  Q11c =   0.087448  Q11s =   0.028313
|Q2| =   0.627010  Q20  =   0.399701  Q21c =   0.126605  Q21s =  -0.463204
                   Q22c =  -0.032522  Q22s =   0.041668

F-1        x = -2.537476  y = -1.264419  z = -0.749345 angstrom
           Maximum rank =  2   Radius =  0.650 angstrom
                   Q00  =  -0.708494
|Q1| =   0.188307  Q10  =  -0.140829  Q11c =   0.093918  Q11s =   0.082499
|Q2| =   0.563265  Q20  =   0.226279  Q21c =   0.372528  Q21s =  -0.336934
                   Q22c =   0.084218  Q22s =  -0.081674

Total multipoles referred to origin at
           x =   0.000000,  y =    0.000000,  z =    0.000000 angstrom
                   Q00  =   0.000166
|Q1| =   0.234788  Q10  =   0.056882  Q11c =  -0.103981  Q11s =   0.202677
|Q2| =  16.605874  Q20  = -15.021643  Q21c =  -4.021939  Q21s =   5.813586
                   Q22c =  -0.351084  Q22s =  -0.090927

CPU time used:     21m28.041s          Total:     21m28.041s

Finished at 11:40:27 on 24 Mar 2026 
